pandoc 

  to: html
  output-file: example.html
  standalone: true
  embed-resources: true
  section-divs: true
  html-math-method: mathjax
  wrap: none
  default-image-extension: png
  toc: true
  toc-depth: 2
  

metadata

  document-css: false
  link-citations: true
  date-format: long
  lang: en
  title: Building interactive Git exercises
  subtitle: 'An author''s guide to the git-sandbox extension: what each panel means, and how to write your own exercises'
  toc-title: In this guide
  

[WARNING] 
Could not fetch resource https://fonts.googleapis.com: HttpExceptionRequest Request {
    host                 = "fonts.googleapis.com"

    port                 = 443
    secure               = True

    requestHeaders       = [("User-Agent","pandoc/3.10")]
    path                 = "/"
    queryString          = ""
    method               = "GET"
    proxy                = Nothing
    rawBody              = False
    redirectCount        = 10
    responseTimeout      = ResponseTimeoutDefault
    requestVersion       = HTTP/1.1
    proxySecureMode      = ProxySecureWithConnect
  }
   (StatusCodeException (Response {responseStatus = Status {statusCode = 404, statusMessage = "Not Found"}, responseVersion = HTTP/1.1, responseHeaders = [("Content-Type","text/html; charset=utf-8"),("Cache-Control","no-cache, no-store, max-age=0, must-revalidate"),("Pragma","no-cache"),("Expires","Mon, 01 Jan 1990 00:00:00 GMT"),("Date","Wed, 26 Aug 2026 18:43:25 GMT"),("Content-Encoding","gzip"),("Server","ESF"),("X-XSS-Protection","0"),("X-Content-Type-Options","nosniff"),("Alt-Svc","h3=\":443\"; ma=2592000,h3-29=\":443\"; ma=2592000"),("Transfer-Encoding","chunked")], responseBody = (), responseCookieJar = CJ {expose = []}, responseClose' = ResponseClose, responseOriginalRequest = Request {
    host                 = "fonts.googleapis.com"
    port                 = 443
    secure               = True
    requestHeaders       = [("User-Agent","pandoc/3.10")]
    path                 = "/"
    queryString          = ""
    method               = "GET"
    proxy                = Nothing
    rawBody              = False
    redirectCount        = 10
    responseTimeout      = ResponseTimeoutDefault
    requestVersion       = HTTP/1.1
    proxySecureMode      = ProxySecureWithConnect
  }
  , responseEarlyHints = []}) "<html lang=\"en\" dir=ltr><meta charset=utf-8><meta name=viewport content=\"initial-scale=1, minimum-scale=1, width=device-width\"><title>Error 404 (Not Found)!!1</title><style>*{margin:0;padding:0}html,code{font:15px/22px arial,sans-serif}html{background:#fff;color:#222;padding:15px}body{color:#222;text-align:unset;margin:7% auto 0;max-width:390px;min-height:180px;padding:30px 0 15px;}* > body{background:url(//www.google.com/images/errors/robot.png) 100% 5px no-repeat;padding-right:205px}p{margin:11px 0 22px;overflow:hidden}pre{white-space:pre-wrap;}ins{color:#777;text-decoration:none}a img{border:0}@media screen and (max-width:772px){body{background:none;margin-top:0;max-width:none;padding-right:0}}#logo{background:url(//www.google.com/images/branding/googlelogo/1x/googlelogo_color_150x54dp.png) no-repeat;margin-left:-5px}@media only screen and (min-resolution:192dpi){#logo{background:url(//www.google.com/images/branding/googlelogo/2x/googlelogo_color_150x54dp.png) no-repeat 0% 0%/100% 100%;-moz-border-image:url(//www.google.com/images/branding/googlelogo/2x/googlelogo_color_150x54dp.png) 0}}@media only screen and (-webkit-min-device-pixel-ratio:2){#logo{background:url(//www.google.com/images/branding/googlelogo/2x/googlelogo_color_150x54dp.png) no-repeat;-webkit-background-size:100% 100%}}#logo{display:inline-block;height:54px;width:150px}</style><main id=\"af-error-container\" role=\"main\"><a href=//www.google.com><span id=logo aria-label=Google role=img></span></a><p><b>404.</b> <ins>That\226\128\153s an error.</ins><p>The requested URL was not found on this server. <ins>That\226\128\153s all we know.</ins></main>")

[WARNING] 
Could not fetch resource https://fonts.gstatic.com: HttpExceptionRequest Request {
    host                 = "fonts.gstatic.com"
    port                 = 443
    secure               = True
    requestHeaders       = [("User-Agent","pandoc/3.10")]
    path                 = "/"
    queryString          = ""
    method               = "GET"
    proxy                = Nothing
    rawBody              = False
    redirectCount        = 10
    responseTimeout      = ResponseTimeoutDefault
    requestVersion       = HTTP/1.1
    proxySecureMode      = ProxySecureWithConnect
  }
   (StatusCodeException (Response {responseStatus = Status {statusCode = 404, statusMessage = "Not Found"}, responseVersion = HTTP/1.1, responseHeaders = [("Cross-Origin-Resource-Policy","cross-origin"),("Content-Type","text/html; charset=UTF-8"),("X-Content-Type-Options","nosniff"),("Date","Wed, 26 Aug 2026 18:43:25 GMT"),("Server","sffe"),("Content-Length","1561"),("X-XSS-Protection","0"),("Alt-Svc","h3=\":443\"; ma=2592000,h3-29=\":443\"; ma=2592000")], responseBody = (), responseCookieJar = CJ {expose = []}, responseClose' = ResponseClose, responseOriginalRequest = Request {
  
  host                 = "fonts.gstatic.com"
    port                 = 443
    secure               = True
    requestHeaders       = [("User-Agent","pandoc/3.10")]
    path                 = "/"
    queryString          = ""
    method               = "GET"
    proxy                = Nothing
    rawBody              = False
    redirectCount        = 10
    responseTimeout      = ResponseTimeoutDefault
    requestVersion       = HTTP/1.1
    proxySecureMode      = ProxySecureWithConnect
  }
  , responseEarlyHints = []}) "<!DOCTYPE html>\n<html lang=en>\n  <meta charset=utf-8>\n  <meta name=viewport content=\"initial-scale=1, minimum-scale=1, width=device-width\">\n  <title>Error 404 (Not Found)!!1</title>\n  <style>\n    *{margin:0;padding:0}html,code{font:15px/22px arial,sans-serif}html{background:#fff;color:#222;padding:15px}body{margin:7% auto 0;max-width:390px;min-height:180px;padding:30px 0 15px}* > body{background:url(//www.google.com/images/errors/robot.png) 100% 5px no-repeat;padding-right:205px}p{margin:11px 0 22px;overflow:hidden}ins{color:#777;text-decoration:none}a img{border:0}@media screen and (max-width:772px){body{background:none;margin-top:0;max-width:none;padding-right:0}}#logo{background:url(//www.google.com/images/branding/googlelogo/1x/googlelogo_color_150x54dp.png) no-repeat;margin-left:-5px}@media only screen and (min-resolution:192dpi){#logo{background:url(//www.google.com/images/branding/googlelogo/2x/googlelogo_color_150x54dp.png) no-repeat 0% 0%/100% 100%;-moz-border-image:url(//www.google.com/images/branding/googlelogo/2x/googlelogo_color_150x54dp.png) 0}}@media on")

Output created: example.html


