[typst]: Compiling template-controls.typ to template-controls.pdf...
warning: unknown font family: helvetica neue
     ┌─ examples/template-controls.typ:1186:11
     │
1186 │   
set text(..(size: base-font-size) + th.body-text-args)
     │            ^^^^^^^^^^^^^^^^^^^^^^^^^^^^^^^^^^^^^^^^^^^^

warning: unknown font family: helvetica
     ┌─ examples/template-controls.typ:1186:11
     │
1186 │   set text(..(size: base-font-size) + th.body-text-args)
     │            ^^^^^^^^^^^^^^^^^^^^^^^^^^^^^^^^^^^^^^^^^^^^

warning: unknown font family: arial
     ┌─ examples/template-controls.typ:1186:11
     │
1186 │   set text(..(size: base-font-size) + th.body-text-args)
     │            ^^^^^^^^^^^^^^^^^^^^^^^^^^^^^^^^^^^^^^^^^^^^

warning: unknown font family: menlo
     ┌─ examples/template-controls.typ:1234:4
     │  
1234 │ ╭     ..th.code-text-ar
gs
1235 │ │       + (if code-font-size != auto { (size: code-font-size) } else { (:)
 })
1236 │ │       + (if code-ligatures != "" { (ligatur
es: code-ligatures == "true") } else { (:) }),
     │ ╰──────────────────────────────────────────────────────────────────────────────────────
──^

warning: unknown font family: helvetica neue
     ┌─ examples/template-controls.typ:1242:40
     │
1242 │   show table.cell.where(y: 0): set text(..th.table-header-text-args)
     │                 
                        ^^^^^^^^^^^^^^^^^^^^^^^^^^^

warning: unknown font family: helvetica
     ┌─ examples/template-controls.typ:1242:40

     │
1242 │   show table.cell.where(y: 0): set text(..th.table-header-te
xt-args)
     │                                         ^^^^^^^^^^^^^^^^^^^^^^^^^^^


warning: unknown font family: arial
     ┌─ examples/template-controls.typ:1242:40
     │
1242 │   show table.cell.where(y: 0): set text(..th.table-he
ader-text-args)
     │                                         ^^^^^^^^^
^^^^^^^^^^^^^^^^^^

warning: unknown font family: helvetica neue

     ┌─ examples/template-controls.typ:1319:17
     │
1319 │         set
 text(..th.title-text-args)
    
 │                  ^^^^^^^^^
^^^^^^^^^^^

warning: unknown font family: helvetica

     ┌─ examples/template-controls.typ:1319:17
     │
1319 │       
  set text(..th.title-text-args)

     │                  ^^^^^^^^^^^^^^^^^^^^


warning: unknown font family: arial
     ┌─ examples/template-controls.typ:1319:17
     │

1319 │         set text(..th.t
itle-text-args)
     │                  ^^^^^^^^^^^^^^^^^^^^

warning: unknown font family: helvetica neue
     ┌─ examples/template-controls.typ:1212:23
     │
1212 │       let inner = text(..(size: 1.6 * base-font-size) + th.heading-text-args, it.body)
     │                        ^^^^^^^^^^^^^^^^^^^^^^^^^^^^^^^^^^^^^^^^^^^^^^^^^^^
^^

warning: unknown font family: helvetica
     ┌─ examples/template-controls.typ:1212:23
     │
1212 │       let inner = text(..(size
: 1.6 * base-font-size) + th.heading-
text-args, it.body)
     │     
                   ^^^^^^^^^^
^^^^^^^^^^^^^^^^^^^^^^^^^^
^^^^^^^^^^^^^^^^^


warning: unknown font family: arial
     ┌─ examples/template-controls.typ:1212:23
     │

1212 │       let inner = text(..(size: 1.6 * base-f
ont-size) + th.heading-text-args, it.body)
   
  │                        
^^^^^^^^^^^^^^^^^^^^^^^^^^^^^^^^^^^^^^^^^^^^^^^^^^^^^


warning: unknown font family: helvetica neue
     ┌─ examples/template-controls.typ:1220:23
     │
1220 │       
let inner = text(..(size: 1.25 * base-font-si
ze) + th.subheading-text-args, it.body)
     │      
                  ^^^^^^^^^^^^^^^^^^^^^^^^^^^^^^^^^^^^^
^^^^^^^^^^^^^^^^^^^^

warning: unknown font family: helvetica
     ┌─ examples/template-controls.typ:1220:23
     │
1220 │       le
t inner = text(..(size: 1.25 * ba
se-font-size) + th.subhea
ding-text-args, it.body)

     │                        ^^^
^^^^^^^^^^^^^^^^^^^^^^^^^^^^
^^^^^^^^^^^^^^^^^^^^^^^^^
^

warning: unknown font family: arial
     ┌─ examples/template-controls.typ:1220:23
 
    │
1220 │       let inner = text(..(size: 1.25 * base-fo
nt-size) + th.subheading-text-args, it.body)
     │           
             ^^^^^^^^^^^^^^^^^^^^^^^^^^^^^^^^^^^^^^^^^^^^^^^^^^^^^^^^^


warning: unknown font family: helvetica neue
    ┌─ examples/template-controls.typ:770:13

    │
770 │         text(..(size: 0.9 * base) + th.sta
ts-label-text-args, upper(label))
    │              ^^^^^^^^^^^^^^^^
^^^^^^^^^^^^^^^^^^^^^^^^^^^^^^^

warning: unknown font family: helvetica
    ┌─ examples/template-controls.typ:770:13
    │
770 │         text(..(size: 0.9
 * base) + th.stats-label-text-args, upper(lab
el))
    │              ^^^^^^
^^^^^^^^^^^^^^^^^^^^^^^^^^^
^^^^^^^^^^^^^^

warning: unknown font family: arial
   
 ┌─ examples/template-controls.typ:770:13
    │
770 │         text(..(size: 0.9
 * base) + th.stats-label-tex
t-args, upper(label))
    
│              ^^^^^^^^^^
^^^^^^^^^^^^^^^^^^^^^^^^^^
^^^^^^^^^^^


warning: unknown font family: helvetica neue
    ┌─ examples/template-controls.typ:790:15
    │
790 │           text(..th.stat-label-text-a
rgs, cell)
    │                ^^^^^^^^^^^^^^^^^^^^^^^^^


warning: unknown font family: helvetica
    ┌─ examples/template-controls.typ:790:15
    │
790 │           text(..th.stat
-label-text-args, cell)
    │                ^^^^^^^^^^^^^^^^^^^^^^^^^


warning: unknown font family: arial
    ┌─ examples/template-controls.typ:790:15
    │
790 
│           text(..th.stat-l
abel-text-args, cell)
    │
                ^^^^^^^^^
^^^^^^^^^^^^^^^^


warning: unknown font family: helvetica neue
    ┌─ examples/template-controls.typ:737:15
    
│
737 │           text(..(si
ze: 0.9 * base) + overlay(
"label-text"), upper(labe
l))
    │                
^^^^^^^^^^^^^^^^^^^^^^^^^^^
^^^^^^^^^^^^^^^^^


warning: unknown font family: helvetica
    ┌─ examples/template-controls.typ:737:15
    │
737 │
           text(..(size: 0
.9 * base) + overlay("lab
el-text"), upper(label))

    │                ^^^
^^^^^^^^^^^^^^^^^^^^^^^^^^^^^^^^^^^^^^^^^

warning: unknown font family: arial
    ┌─ examples/template-controls.typ:737:15
    │
737 │        
   text(..(size: 0.9 * base) + overlay("label-text"
), upper(label))
    │       
         ^^^^^^^^^^^^^^^^^^^
^^^^^^^^^^^^^^^^^^^^^^^^^

warning: unknown font family: helvetica neue
    ┌─ examples/template-controls.typ:740:13
    │
740 │         text(..(size: scale * base) + overlay("text"), body)
    │              ^^^^^^^^^^^^^^^^^^^^^^^^^^^^^^^^^^^^^^^^

warning: unknown font family: helvetica
    ┌─ examples/template-controls.typ:740:13
    │
740 │  
       text(..(size: scale * base) + overlay("text"), body)
    │              
^^^^^^^^^^^^^^^^^^^^^^^^^^^^^^^^^^^^
^^^^

warning: unknown font family: arial
    ┌─ examples/template-controls.typ:740:13

    │
740 │         text(..(si
ze: scale * base) + overlay("
text"), body)
    │       
       ^^^^^^^^^^^^^^^^^^
^^^^^^^^^^^^^^^^^^^^^^


warning: unknown font family: helvetica neue
    ┌─ examples/template-controls.typ:787:
17
    │
787 │             te
xt(..(size: 2.0 * base) + 
th.stat-value-text-args, i
t.body)
    │            
      ^^^^^^^^^^^^^^^^^^^
^^^^^^^^^^^^^^^^^^^^^^^^
^^^

warning: unknown font family: helvetica
    ┌─ 
examples/template-controls.typ:787:17
    │
787 │          
   text(..(size: 2.0 * bas
e) + th.stat-value-text-args, it.body)
    
│                  ^^^^^^^^^
^^^^^^^^^^^^^^^^^^^^^^^^^
^^^^^^^^^^^^


warning: unknown font family: arial
    ┌─ examples/template-controls.typ:787:17
    │
787 │  
           text(..(size: 2.0 * base) + th.stat-value-text-args, it.
body)
    │                  ^^^^^^^^^^^^^^^^^^^^^^^^^^^^^^^^^^^^^^^^^^^
^^^


DONE



Starting python3 kernel...
[IPKernelApp] WARNING | Kernel is running over TCP without encryption. All communication (including code and outputs) is sent in plain text and is susceptible to eavesdropping. Use IPC transport or launch with kernel manager-provisioned CurveZMQ keys to enable transport encryption.

Done


Executing 'python.quarto_ipynb'

  Cell 1/4: ''...
Done

  Cell 2/4: ''...
Done

  Cell 3/4: ''...
Done

  Cell 4/4: ''...
Done



[typst]: Compiling python.typ to python.pdf...
warning: unknown font family: helvetica neue
     ┌─ examples/python.typ:1004:17
     │
1004 │        
 set text(..(size: 0.9 * base-font-size) + th.footer-text-args)
     │                  ^^^^^^^^^^^^^^^^^^^^^^^^^^^^^^^^^^^^^^^^^^^^^^^^^^^^

warning: unknown font family: helvetica
     ┌─ examples/python.typ:1004:17
     │
1004 │         set text(..(size: 0.9 * base-font-size) + th.footer-text-args)
     │                  ^^^^^^^^^^^^^^^^^^^^^^^^^^^^^^^^^^^^^^^
^^^^^^^^^^^^^

warning: unknown font family: arial
     ┌─ examples/python.typ:1004:17
     │
1004 │  
       set text(..(size: 0.9 * base-font-
size) + th.footer-text-args)
     │  
                ^^^^^^^^^^^^^^^^^
^^^^^^^^^^^^^^^^^^^^^^^^^^^^^^^^^
^^

warning: unknown font family: helvetica neue
     ┌─ examples/python.typ:1186:11
 
    │
1186 │   set text(..(size: base-fo
nt-size) + th.body-text-args)
   
  │            ^^^^^^^^^^^^^^^^^^
^^^^^^^^^^^^^^^^^^^^^^^^^^


warning: unknown font family: helvetica
     ┌─ examples/python.typ:1186:11
     │
1186 │
   set text(..(size: base-font-size
) + th.body-text-args)
     │    
        ^^^^^^^^^^^^^^^^^^^^^^^^^
^^^^^^^^^^^^^^^^^^^

warning
: unknown font family: arial
     ┌─ examples/python.typ:1186:11
     │
1186 │   set te
xt(..(size: base-font-size) + th.
body-text-args)
     │          
  ^^^^^^^^^^^^^^^^^^^^^^^^^^^^^
^^^^^^^^^^^^^^^


warning: unknown font family: helvetica neue
     ┌─ examples/python.typ:1242:40
     │
1242 │   show 
table.cell.where(y: 0): set text(..th.table-header-te
xt-args)
     │                                         ^^^^^^^^^^^^^^^^^^^^
^^^^^^^

warning: unknown font family: helvetica
     ┌─ examples/python.typ:
1242:40
     │
1242 │   show table.cell.where
(y: 0): set text(..th.table-header
-text-args)
     │              
                           ^^^^^
^^^^^^^^^^^^^^^^^^^^^^


warning: unknown font family: arial
     ┌─ examples/python.typ:1242:40
     │
1242 │   sh
ow table.cell.where(y: 0): set text(
..th.table-header-text-args)
    
 │                                         ^^^^^^^^^^^^^^^^
^^^^^^^^^^^

warning: unknown font family: helvetica neue
 
    ┌─ examples/python.typ:1319:17
     │
1319 │         set
 text(..th.title-text-args)
     │ 
                 ^^^^^^^^^^^^^^^^^^^^


warning: unknown font family: helvetica
     ┌─ examples/python.typ:1319:17
     │
1319 │      
   set text(..th.title-text-args)
     │                 
 ^^^^^^^^^^^^^^^^^^^^


warning: unknown font family: arial
     ┌─ examples/python.typ:1319:17
     │
1319 │         set t
ext(..th.title-text-args)
     │  
         
       ^^^^^^^^^^^^^^^^^^^^


warning: unknown font family: helvetica neue
     ┌─ examples/python.typ:1212:23
     │
1212 │      
 let inner = text(..(size: 1.6 * ba
se-font-size) + th.heading-text-a
rgs, it.body)
     │          
              ^^^^^^^^^^^^^^^^^^^
^^^^^^^^^^^^^^^^^^^^^^^^^^^^^^^
^^^

warning: unknown font family: helvetica
     ┌─ examples/python.typ:1212:
23
     │
1212 │       let inner = text(..(size: 1.6 * base-font-size) + th.heading-text-args, it.body)
     │                        ^^^^^^^^^^^^^^^^^^^^^^^^^^^^^^^^^^^^^^^^^^^^^^^^^^^^^

warning: unknown font family: arial
     ┌─ examples/python.typ:1212:23
     │
1212 │       let inner = text(..(size: 1.6 * base-font-size) + th.heading-text
-args, it.body)
     │                        ^^^^^^^^^^^^^^^^^^^^^^^^^^^^^^^^^
^^^^^^^^^^^^^^^^^^^^

warning
: unknown font family: helvetica neue
     ┌─ examples/python.typ:1259:13
     │
1259 │     set t
ext(..(size: 0.75 * base-font-size) + th.caption
-text-args)
     │              ^^^^^^^^^^^^^^^^^^^^^^^^^^^^^^^^
^^^^^^^^^^^^^^^^^^^^^^

warning: unknown font family: helvetica
     
┌─ examples/python.typ:1259:13
     │
1259 │     set text(..(siz
e: 0.75 * base-font-size) + th.caption-text
-args)
     │              ^^^^^
^^^^^^^^^^^^^^^^^^^^^^^^^^^^^^^^^
^^^^^^^^^^^^^^^^

warning
: unknown font family: arial
     ┌─ examples/python.typ:1259:13
     │
1259 │     set 
text(..(size: 0.75 * base-font-size
) + th.caption-text-args)
     │
              ^^^^^^^^^^^^^^^^^
^^^^^^^^^^^^^^^^^^^^^^^^^^^^^^^
^^^^^^


DONE


[typst]: Compiling qr-codes.typ to qr-codes.pdf...
warning: unknown font family: helvetica neue
     ┌─ examples/qr-codes.typ:1004:17
     │
1004 │     
    set text(..(size: 0.9 * base-font-size) + th.footer-text-args)
     │                  ^^^^^^^^^^^^^^^^^^^^^^^^^^^^^^^^^^^^^^^^^^^^^^^^^^^^

warning: unknown font family: helvetica
     ┌─ examples/qr-codes.typ:1004:17
     │
1004 │         set text(..(size: 0.9 * base-font-size) + th.footer-text-args)
     │                  ^^^^^^^^^^^^^^^^^^^^^^^^^^^^^^^^^^^^^^^^^^^^^^^^^^^^

warning: unknown font family: arial
     
┌─ examples/qr-codes.typ:1004:17
     │
1004 │         set text(..(size: 0.9 * base-font-size) + th.footer-text-args
)
     │                  ^^^^^^^^^^^^^^^^^^^^^
^^^^^^^^^^^^^^^^^^^^^^^^^^^^^^^


warning: unknown font family: helvetica neue
     ┌─ examples/qr-codes.typ:1186:11
     │
1186 │
   set text(..(size: base-font-size) + th.bo
dy-text-args)
     │            ^^^^^^^^^^^^^^
^^^^^^^^^^^^^^^^^^^^^^^^^^^^^^


warning: unknown font family: helvetica
     ┌─ examples/qr-codes.typ:1186:11
     │
1186 │   set text(..(size: b
ase-font-size) + th.body-text-args)
    
 │            ^^^^^^^^^^^^^^^^^^^^^
^^^^^^^^^^^^^^^^^^^^^^^


warning: unknown font family: arial
     ┌─ examples/qr-codes.typ:1186:11
     │
1186 │   s
et text(..(size: base-font-size) + th.
body-text-args)
     │          
  ^^^^^^^^^^^^^^^^^^^^^^^^^^^^^^^^^^^^^^^^^^
^^

warning: unknown font family: helvetica neue
     ┌─ examples/qr-codes.typ:1242:40

     │
1242 │   show table.cell.where(y: 0): set tex
t(..th.table-header-text-args)
     │        
                                 
^^^^^^^^^^^^^^^^^^^^^^^^^^^


warning: unknown font family: helvetica
     ┌─ examples/qr-codes.typ:1242:40
     │

1242 │   show table.cell.where(y: 0): set t
ext(..th.table-header-text-args)
  
   │                            
             ^^^^^^^^^^^^^^^^^^^^^^^^^^^


warning: unknown font family: arial
     ┌─ examples/qr-codes.typ:1242:40
  
   │
1242 │   show table.cell.where(
y: 0): set text(..th.table-head
er-text-args)
     │                     
                    ^^^^^^^^^^^^^
^^^^^^^^^^^^^^

warning: unknown font family: helvetica neue
     ┌─ examples/qr-codes.typ:1319:17
     │
1319 │         set text(..th.title-text-args)
     │                  ^^^^^^^^^^^^^^^^^^^^

warning: unknown font family: helvetica
     ┌─ examples/qr-codes.typ:1319:17
     │
1319 │         set text(..th.title-text-args)
     │                  ^^^^^^^^^^^^^^^^^^^^


warning: unknown font family: arial
     ┌─ 
examples/qr-codes.typ:1319:17
     │
1319 │         set text(..th.title
-text-args)
     │                  
^^^^^^^^^^^^^^^^^^^^


warning: unknown font family: helvetica neue
     ┌─ examples/qr-codes.typ:1212:23
     │
1212 │       let 
inner = text(..(size: 1.6 * base-fo
nt-size) + th.heading-text-args,
 it.body)
     │                 
       ^^^^^^^^^^^^^^^^^^^^^^^^^^^^^^
^^^^^^^^^^^^^^^^^^^^^^^


warning: unknown font family: helvetica
     ┌─ examples/qr-codes.typ:1212:23
     │
1212 
│       let inner = text(..(size
: 1.6 * base-font-size) + th.he
ading-text-args, it.body)
     
│                        ^^^^^^
^^^^^^^^^^^^^^^^^^^^^^^^^^^^^^
^^^^^^^^^^^^^^^^^


warning: unknown font family: arial
     ┌─ examples/qr-codes.typ:1212:23
     │
1212 │   
    let inner = text(..(size: 1.6 * base-font-size) + th.h
eading-text-args, it.body)
     │      
                  ^^^^^^^^^^^^^^^
^^^^^^^^^^^^^^^^^^^^^^^^^^^^^^^
^^^^^^^

warning: unknown font family: helvetica neue
    ┌─ examples/qr-codes.typ:831:11
    │
831 │       text(..(size: 0.75em, weight: "medium") + th.caption-text-args, label)
    │            ^^^^^^^^^^^^^^^^^^^^^^^^^^^^^^^^^^^^^^^^^^^^^^^^^^^^^^^^^

warning: unknown font family: helvetica
    ┌─ examples/qr-codes.typ:831:11
    │
831 │       text(..(size: 0.75em, weight: "medium") + th.caption-text-args, label)
    │            ^^^^^^^^^^^^^^^^^^^^^^^^^^^^^^^^^^^^^^^^^^^^^^^^^^^^^^^^^

warning: unknown font family: arial
    ┌─ examples/qr-codes.typ:831:11
    │
831 │       text(..(size: 0.75em, weight: "medium") + th.caption-text-args, label)
    │            ^^^^^^^^^^^^^^^^^^^^^^^^^^^^^^^^^^^^^^^^^^^^^^^^^^^^^^^^^


DONE


(W) sciposter: replaced a table's own colors, borders or spacing with the poster theme. Set `table-css: size-only` under `poster:` to keep the table's styling at a readable size.

[typst]: Compiling tables.typ to tables.pdf...
warning: unknown font family: helvetica neue
     ┌─ examples/tables.typ:1004:17
     │
1004 │  
       set text(..(size: 0.9 * base-font-size) + th.footer-text-args)
     │                  ^^^^^^^^^^^^^^^^^^^^^^^^^^^^^^^^^^^^^^^^^^^^^^^^^^^^

warning: unknown font family: helvetica
     ┌─ examples/tables.typ:1004:17
     │
1004 │         set text(..(size: 0.9 * base-font-size) + th.footer-text-args)
     │                  ^^^^^^^^^^^^^^^^^^
^^^^^^^^^^^^^^^^^^^^^^^^^^^^^^^^^^

warning: unknown font family: arial
     ┌─ examples/tables.typ
:1004:17
     │
1004 │         set text(..(size:
 0.9 * base-font-size) + th.footer-
text-args)
     │                 
 ^^^^^^^^^^^^^^^^^^^^^^^^^^^^^^^
^^^^^^^^^^^^^^^^^^^^^


warning: unknown font family: helvetica neue
     ┌─ examples/tables.typ:1186:11
     │
1186 │ 
  set text(..(size: base-font-siz
e) + th.body-text-args)
     │     
       ^^^^^^^^^^^^^^^^^^^^^^^
^^^^^^^^^^^^^^^^^^^^^

warning: 
unknown font family: helvetica
     ┌─ examples/tables.typ:1186:11
     │
1186 │   set text(..(size: base-font-size) + th.body-te
xt-args)
     │            ^^^^^^^^
^^^^^^^^^^^^^^^^^^^^^^^^^^^^^^^^^^^^


warning: unknown font family: arial
     ┌─ examples/tables.typ:1186:11
     │
1186 │   set text(.
.(size: base-font-size) + th.body-text-
args)
     │            ^^^^^^^^^^^^^^^^^^^
^^^^^^^^^^^^^^^^^^^^^^^^^


warning: unknown font family: helvetica neue
     ┌─ examples/tables.typ:1242:40
   
  │
1242 │   show table.cell.where(y: 
0): set text(..th.table-header-
text-args)
     │             
                            ^^^^^^^^^^^
^^^^^^^^^^^^^^^^

warning
: unknown font family: helvetica
     ┌─ examples/tables.typ:1242:40
     │
1242 │   sho
w table.cell.where(y: 0): set text(..th.ta
ble-header-text-args)
     │    
                                  
   ^^^^^^^^^^^^^^^^^^^^^^^^^
^^

warning: unknown font family: arial
     ┌─ examples/tables.typ:1242:40
 
    │
1242 │   show table.cell.where(y: 0): 
set text(..th.table-header-tex
t-args)
     │               
                          ^^
^^^^^^^^^^^^^^^^^^^^^^^^^


warning: unknown font family: helvetica neue
     ┌─ examples/tables.typ:1319:17
     │
1319 │         set text(..th.title-text-args)
     │                  ^^^^^^^^^^^^^^^^^^^^

warning: unknown font family: helvetica
     ┌─ examples/tables.typ:1319:17
     │
1319 │         set text(..th.title-text-args)
     │                  ^^^^^^^^^^^^^^^^^^^^

warning: unknown font family: arial
     ┌─ examples/tables.typ:1319:17
     │
1319 │         set te
xt(..th.title-text-args)
     │                  ^^^^^^^^^^^^^^
^^^^^^

warning: unknown font family: helvetica neue
     ┌─ 
examples/tables.typ:1212:23
     │
1212 │       let inner =
 text(..(size: 1.6 * base-font-size) + th.heading-text-args, it.body)
     │                        ^^^^^^^^^^^^^^^^^^^^^^^^^^^^^^^^^^^^^^^^^^^^^^^^^^^^^

warning: unknown font family: helvetica
     ┌─ examples/tables.typ:1212:23
     │
1212 │       let inner = text(..(size: 1.6 * base-font-size) + th.heading-text-args, it.body)
     │                        ^^^^^^^^^^^^^^^^^^^^^^^^^^^^^^^^^^^^^^^^^^^^^^^^^^^^^

warning: unknown font family: arial
     ┌─ examples/tables.typ:1212:23
     │
1212 │       let inner = text(..(size: 1.6 * base-font-size) + th.heading-text-args, it.body)
     │          
              ^^^^^^^^^^^^^^^^^^^^^^^^^^^^^^^^^^^^^^^^^^^^^^^^^^^^^

warning: unknown font family: helvetica neue

    ┌─ examples/tables.typ:635:13
    │
635 │         text(..t
itle-args, title)
    │         
     ^^^^^^^^^^^^

warning
: unknown font family: helvetica
    ┌─ examples/tables.typ:635:13
    │
635 │       
  text(..title-args, title)
  
  │              ^^^^^^^^^^^
^

warning: unknown font family: arial
    ┌─ examples/tables.typ:635:13
  
  │
635 │         text(..title-a
rgs, title)
    │              ^^^^
^^^^^^^^

warning: unknown font family: helvetica neue
    ┌─ 
examples/tables.typ:737:15
    │
737 │           text(..(size: 0.9 * ba
se) + overlay("label-text"), upp
er(label))
    │            
    ^^^^^^^^^^^^^^^^^^^^^^^^
^^^^^^^^^^^^^^^^^^^^


warning: unknown font family: helvetica
    ┌─ examples/tables.typ:737:15
    │
737 │
           text(..(size: 0.9 *
 base) + overlay("label-text
"), upper(label))
    │     
           ^^^^^^^^^^^^^^^^^
^^^^^^^^^^^^^^^^^^^^^^^^^^^


warning: unknown font family: arial
    ┌─ examples/tables.typ:737:15
    │
737 │           text(..(size: 0.9 * base) 
+ overlay("label-text"), upper(label))
    │      
          ^^^^^^^^^^^^^^^^^^^^
^^^^^^^^^^^^^^^^^^^^^^^^


warning: unknown font family: helvetica neue
    ┌─ examples/tables.typ:740:13
   
 │
740 │         text(..(size: 
scale * base) + overlay("tex
t"), body)
    │              
^^^^^^^^^^^^^^^^^^^^^^^^^^^^^^^^^^^^^^^^


warning: unknown font family: helvetica
    ┌─ examples/tables.typ:740:13
    │
740 │     
    text(..(size: scale * base) +
 overlay("text"), body)
    │    
          ^^^^^^^^^^^^^^^^^^^^^^^^^^^
^^^^^^^^^^^^^

warning: unknown font family: arial

    ┌─ examples/tables.typ:740:13
    │
740 │        
 text(..(size: scale * base) + overla
y("text"), body)
    │      
        ^^^^^^^^^^^^^^^^^^^^
^^^^^^^^^^^^^^^^^^^^


DONE


[typst]: Compiling a0-portrait.typ to a0-portrait.pdf...
warning: unknown font family: helvetica neue
     ┌─ examples/a0-portrait.typ:1004:17
     │
1004 │         set text(..(size: 0.9 * 
base-font-size) + th.footer-text-args)
     │                  ^^^^^^^^^^^^^^^^^^^^^^^^^^^^^^^^^^^^^^^^^^^^^^^^^^^^

warning: unknown font family: helvetica
     ┌─ examples/a0-portrait.typ:1004:
17
     │
1004 
│         set text(..(size: 0.9 * base-font-size) + th.footer-text-args)
     │                 
 ^^^^^^^^^^^^^^^^^^^^^^^^^^^^^^^^^^^^^^^
^^^^^^^^^^^^^

warning
: unknown font family: arial
     ┌─ examples/a0-portrait.typ:1004:17
     │
1004 │     
    set text(..(size: 0.9 * base-fo
nt-size) + th.footer-text-arg
s)
     │                  ^
^^^^^^^^^^^^^^^^^^^^^^^^^^^^
^^^^^^^^^^^^^^^^^^^^^^^


warning: unknown font family: helvetica neue
     ┌─ examples/a0-portrait.typ:1186:11
 
    │
1186 │   set text(..(size: b
ase-font
-size) + th.body-text-args)
     │
            ^^^^^^^^^^^^^^^^^
^^^^^^^^^^^^^^^^^^^^^^^^^^^


warning: unknown font family: helvetica
     ┌─ examples/a0-portrait.typ:1186:11

     │
1186 │   set text(..(size:
 base-font-size) + th.body-te
xt-args)
     │            ^
^^^^^^^^^^^^^^^^^^^^^^^^^^^^
^^^^^^^^^^^^^^^

warning
: unknown font family: arial
     ┌─ examples/a0-portrait.typ:1186:11
     │
1186 │   
set text(..(size: base-font-si
ze) + th.body-text-args)
    
 │            ^^^^^^^^^^^^^
^^^^^^^^^^^^^^^^^^^^^^^^^^^^
^^^

warning: unknown font family: helvetica neue
     ┌─ examples/a0-portrait.typ:1242:40
  
   │
1242 │   show table.cell.where
(y: 0): set text(..th.table-
header-text-args)
     │   
                           
           ^^^^^^^^^^^^^^^^^^^^^^^^^^^

warning: unknown font family: helvetica
     ┌─ examples/a0-portrait.typ:1242:40
     │
1242 │   show table.cell.where(y: 0): set text(..th.table-header-text-args)
     │                                         ^^^^^^^^^^^^^^^^^^^^^^^^^^^

warning: unknown font family: arial
     ┌─ examples/a0-portrait.typ:1242:40
     │
1242 │   sh
ow table.cell.where(y: 0): set text(..th.table-header-text-args)

     │                               
          ^^^^^^^^^^^^^^^^^^^^
^^^^^^^

warning: unknown font family: helvetica neue

     ┌─ examples/a0-portrait.typ:1319:17
     │
1319 │         set tex
t(..th.title-
text-args)
     │                  ^^^^^^^^^^^^^^^^^^^^

warning: unknown font family: helvetica
 
    ┌─ examples/a0-portrait.typ:1319:17
     │
1319 │         set text(
..th.title-text-args)
     │      
            ^^^^^^^^^^^^^^^^^^^^


warning: unknown font family: arial
     ┌─ examples/a0-portrait.typ:1319:17
     │
1319 │ 
        set text(..th.title-t
ext-args)
     │            
      ^^^^^^^^^^^^^^^^^^^^


warning: unknown font family: helvetica neue
     
┌─ examples/a0-portrait.typ:1212:23
     │
1212 │       let i
nner = text(..(size: 1.6 * bas
e-font-size) + th.heading-text-
args, it.body)
     │                       
 ^^^^^^^^^^^^^^^^^^^^^^^^^^^
^^^^^^^^^^^^^
^^^^^^^^^^^^^

warning: unknown font family: helvetica
     ┌─ examples/a0-portrait.typ:1212:23
     │
1212 │       let inner
 = text(..(size: 1.6 * base-font-size) 
+ th.heading-text-args, it.b
ody)
     │                 
       ^^^^^^^^^^^^^^^^^^^^
^^^^^^^^^^^^^^^^^^^^^^^^^^
^^^^^^^

warning: unknown font family: arial
 
    ┌─ examples/a0-portrait.typ:1212:23
     │
1212 │     
  let inner = text(..(size:
 1.6 * base-font-size) + th
.heading-text-args, it.body
)
     │                 
       ^^^^^^^^^^^^^^^^^^^^^^^^^^^^^^^^^^
^^^^^^^^^^^^^^^^^^^


warning: unknown font family: helvetica neue
    ┌─ examples/a0-portrait.typ:635:13
    │

635 │         text(..title-args, 
title)
    │              ^^^^^^^^^^
^^


warning: unknown font family: helvetica
    ┌─ examples/a0-portrait.typ:635:13
    │
635 │         text(..title-args,
 title)
    │              ^^^^^^^^^^^^


warning: unknown font family: arial
    ┌─ examples/a0-portrait.typ:635:13
    │
635 │    
     text(..title-args, title)
    │  
            ^^^^^^^^^^^^


warning: unknown font family: helvetica neue
     ┌─ examples/a0-portrait.typ:1259:13

     │
1259 │     set text(..(si
ze: 0.75 * base-font-size) + th.captio
n-text-args)
     │         
     ^^^^^^^^^^^^^^^^^^^^^^^^^
^^^^^^^^^^^^^^^^^^^^^^^^^^
^^^

warning: unknown font family: helvetica
     ┌─ 
examples/a0-portrait.typ:1259:13
     │
1259 │     set text(..(si
ze: 0.75 * base-font-size) + th.
caption-text-args)
     │   
           ^^^^^^^^^^^^^^^
^^^^^^^^^^^^^^^^^^^^^^^^^
^^^^^^^^^^^^^^

warning: unknown font family: arial
     ┌─ examples/a0-portrait.typ:
1259:13
     │
1259 │     set text(..(size: 0.75 * base-font-size) + th.caption-
text-args)
     │              
^^^^^^^^^^^^^^^^^^^^^^^^^^
^^^^^^^^^^^^^^^^^^^^^^^^^^^^


DONE




processing file: r-figures.qmd

1/7                  

2/7 [unnamed-chunk-1]

3/7                  

4/7 [unnamed-chunk-2]

5/7                  

6/7 [unnamed-chunk-3]

7/7                  

output file: r-figures.knit.md


[typst]: Compiling r-figures.typ to r-figures.pdf...
warning: unknown font family: helvetica neue
     ┌─ examples/r-figures.typ:1004
:17
     │
1004 │         set text(..(size: 0.9 * base-font-size) + th.footer-text-args)
     │                  ^^^^^^^^^^^^^^^^^^^^^^^^^^^^^^^^^^^^^^^^^^^^^^^^^^^^

warning: unknown font family: helvetica
     ┌─ examples/r-figures.typ:1004:17
     │
1004 │         set text(..(size: 0.9 * base-font-size) + th.footer-text-arg
s)
     │                  ^^^^^^^^^^^^^^^^^^^^^^^^^^^^^^^^^^^^^^^^^^^^^^^^^^^^


warning: unknown font family: arial
     ┌─ examples/r-figures.typ:1004:17
     │
1004 │         set text(..(s
ize: 0.9 * base-font-size) + th.footer-tex
t-args)
     │                  ^^^^^^^^^^^^^^^^
^^^^^^^^^^^^^^^^^^^^^^^^^^^^^^^^^^^^


warning: unknown font family: helvetica neue
     ┌─ examples/r-figures.typ:1186:11
     │
1186 │  
 set text(..(size: base-font-size) + th.bo
dy-text-args)
     │            ^^^^^^^^^^^^
^^^^^^^^^^^^^^^^^^^^^^^^^^^^^^^^


warning: unknown font family: helvetica
     ┌─ examples/r-figures.typ:1186:11
     
│
1186 │   set text(..(size: base-font-size) + th.
body-text-args)
     │            ^^^^^^^^^^^^^^^^^^^^^^^^^^
^^^^^^^^^^^^^^^^^^

warning: unknown font family: arial
     ┌─ examples/r-figures.typ:
1186:11
     │
1186 │   set text(..(size: ba
se-font-size) + th.body-text-args)
    
 │            ^^^^^^^^^^^^^^^^^^^^^^^^^^^^^
^^^^^^^^^^^^^^^

warning: unknown font family: helvetica neue

     ┌─ examples/r-figures.typ:1242:40
     │
1242 │   show table.cell.where(y: 0
): set text(..th.table-header-text-args
)
     │                            
             ^^^^^^^^^^^^^^^^^^^^^^^^^^^


warning: unknown font family: helvetica
     ┌─ examples/r-figures.typ:1242:40
 
    │
1242 │   show tabl
e.cell.where(y: 0): s
et text(..th.table-h
eader-text-args)
    
 │                 
                    
    ^^^^^^^^^^^^^^^
^^^^^^^^^^^^


warning: unknown font family: arial
     ┌─ examples/r-figures.typ:1242
:40
     │
1242 │   show
 table.cell.where(y:
 0): set text(..th.t
able-header-text-ar
gs)
     │         
                    
            ^^^^^^^^
^^^^^^^^^^^^^^^^^^^


warning: 
unknown font family: helvetica neue
     ┌─ examples/r-figures.typ:1319:17
     │

1319 │         set text(..th.title-text-args)
     │       
           ^^^^^^^^^^^^^^^^^^^^

warning: unknown font family: helvetica
     ┌─ examples/r-figures.typ:1319:17

     │
1319 │         set text(..th.title-text-args)
     │                  ^^^^^^^^^
^^^^^^^^^^^

warning: unknown font family: arial
     ┌─ examples/r-figures.typ:1319:17
   
  │
1319 │         set text(..th.title-text-args)
     │     
             ^^^^^^^^^^^^^^^^^^^^


warning: unknown font family: helvetica neue
     ┌─ examples/r-figures.typ:1212:23
     │
1212 │ 
      let inner = text(..(size: 1.6 * base-font-size) + t
h.heading-text-args, it.body)
     │                        ^^^
^^^^^^^^^^^^^^^^^^^^^^^^^^^^^^^^^^^^^^^
^^^^^^^^^^^

warning: unknown font family: helvetica
     
┌─ examples/r-figures.typ:1212:23
     │
1212 │       let in
ner = text(..(size: 1.6 * base-fo
nt-size) + th.heading-text-args, it.body)
     │ 
                       ^^^^^^^^^^^^^^^^^^^^^^^^^^^^^^^^
^^^^^^^^^^^^^^^^^^^^^

warning: unknown font family: arial
     ┌─
 examples/r-figures.typ:1212:23
     │
1212 │       let inner = te
xt(..(size: 1.6 * base-font-size) 
+ th.heading-text-args, it.body)
     │     
                   ^^^^^^^^^^^^^^^^^^^^
^^^^^^^^^^^^^^^^^^^^^^^^^^^^^^^^^


warning: unknown font family: helvetica neue
     ┌─ examples/r-figures.typ:1259:13
     │
1259 │     set t
ext(..(size: 0.75 * base-font-size) + th.caption-
text-args)
     │              ^^^^^^^
^^^^^^^^^^^^^^^^^^^^^^^^^^^^^^^^^^^^^
^^^^^^^^^^

warning: unknown font family: helvetica
     ┌─
 examples/r-figures.typ:1259:13
     │
1259 │     set text(..
(size: 0.75 * base-font-size) + th.caption-text-args)
     │              ^^^^^^^^^^^^^^^^^^^^^^^^^^^^^^^^^^^^^^^^^^^^^^^^^^^^^^

warning: unknown font family: arial
     ┌─ examples/r-figures.typ:1259:13
     │
1259 │     set text(..(size: 0.75 * base-font-size) + th.cap
tion-text-args)
     │              ^^^^^^^^^^^^^^^^^^^^^^^^^^^^^^^^^^^^^^^^^^^^^^^^^^^
^^^


DONE


[typst]: Compiling table-guard.typ to table-guard.pdf...
warning: unknown font family: sans-serif
     ┌─ tests/table-guard.typ:1371:17
     │
1371 │ #{s
et text(font: ("sans-serif",) , size: 9pt);table(
     │                  ^^^^^^^^^^^^^^^

warning: unknown font family: helvetica neue
     ┌─ tests/table-guard.typ:1138:11
     │
1138 │   set text(..(size: base-font-size) + th.body-text-args)
     │            ^^^^^^^^^^^^^^^^^^^^^^^^^^^^^^^
^^^^^^^^^^^^^

warning: unknown font family: helvetica
     ┌─ tests/table-guard.typ:1138:11
 
    │
1138 │   set text(..(siz
e: base-font-size) + th.b
ody-text-args)
     │           
 ^^^^^^^^^^^^^^^^^^^^^^^^^^^^^^^^^^^^^^^^^^^^

warning: unknown font family: arial
     ┌─ tests/table-guard.typ:1138:
11
     │
1138 │   set text(..(
size: base-font-size) + th
.body-text-args)
     │ 
           ^^^^^^^^^^^^
^^^^^^^^^^^^^^^^^^^^^^
^^^^^^^^^^


warning: unknown font family: helvetica neue
     ┌─ tests/table-guard.typ:1194:40
    
 │
1194 │   show table.cell
.where(y: 0): set text(
..th.table-header-text-
args)
     │           
                       
       ^^^^^^^^^^^^^^^^
^^^^^^^^^^^


warning: unknown font family: helvetica
     ┌─ tests/table-guard.typ:1194:40
     │

1194 │   show table.cell.wh
ere(y: 0): set text(..
th.table-header-text-ar
gs)
     │           
      
                        
^^^^^^^^^^^^^^^^^^^^^^^^^^
^

warning: unknown font family: arial
     
┌─ tests/table-guard.typ:1194:40
     │
1194 │   sh
ow table.cell.where(y: 
0): set text(..th.tab
le-header-text-args)
 
    │                
                      
   ^^^^^^^^^^^^^^^^^^^^^^^^^^^

warning: unknown font family: helvetica neue
     ┌─ tests/table-guard.typ:1271
:17
     │
1271 │         set tex
t(..th.title-text-args
)
     │              
    ^^^^^^^^^^^^^^^^^^
^^

warning: unknown font family: helvetica
   
  ┌─ tests/table-guard.typ:1271:17
     │
1271 │   
      set text(..th.titl
e-text-args)
     │   
               ^^^^^^^
^^^^^^^^^^^^^


warning: unknown font family: arial
     ┌─ tests/table-guard.typ:1271:17
   
  │
1271 │         set text
(..th.title-text-args)
  
   │                  
^^^^^^^^^^^^^^^^^^^^


DONE


[typst]: Compiling reject-bad-size.typ to reject-bad-size.pdf...
error: panicked with: poster size must be "WxH" in inches ("48x36") or one of a0, a1, a2; got "a3"
    ┌─ tests/reject-bad-size.typ:489:4
    │
489 │    
 panic(expected + "; got " + repr(size))
    │     ^^^^^^^^^^^^^^^^^^^^^^^^^^^^^^^^^^^^^^^

  while calling `resolve-size` at tests/reject-bad-size.typ:929:25
    resolve-size(size, orientation)


(ERROR) error: panicked with: poster size must be "WxH" in inches ("48x36") or one of a0, a1, a2; got "a3"
    ┌─ tests/reject-bad-size.typ:489:4
    │
489 │     panic(expected + "; got " + repr(size))
    │     ^^^^^^^^^^^^^^^^^^^^^^^^^^^^^^^^^^^^^^^

  while calling `resolve-size` at tests/reject-bad-size.typ:929:25
    resolve-size(size, orientation)



(ERROR) Typst compilation failed

