Cloning into 'repo'...
ERROR: Unsupported project type atelier

Stack trace:
    at projectType (file:///opt/quarto/bin/quarto.js:69723:11)
    at projectContext (file:///opt/quarto/bin/quarto.js:92028:23)
    at async render (file:///opt/quarto/bin/quarto.js:142526:29)
    at async _Command.actionHandler (file:///opt/quarto/bin/quarto.js:142808:24)
    at async _Command.execute (file:///opt/quarto/bin/quarto.js:102199:7)
    at async _Command.parseCommand (file:///opt/quarto/bin/quarto.js:102076:14)
    at async quarto4 (file:///opt/quarto/bin/quarto.js:188205:5)
    at async file:///opt/quarto/bin/quarto.js:188234:5
    at async file:///opt/quarto/bin/quarto.js:188088:14
    at async mainRunner (file:///opt/quarto/bin/quarto.js:188090:5)
    at async file:///opt/quarto/bin/quarto.js:188227:3
Render failed, retrying once...
ERROR: Unsupported project type atelier

Stack trace:
    at projectType (file:///opt/quarto/bin/quarto.js:69723:11)
    at projectContext (file:///opt/quarto/bin/quarto.js:92028:23)
    at async render (file:///opt/quarto/bin/quarto.js:142526:29)
    at async _Command.actionHandler (file:///opt/quarto/bin/quarto.js:142808:24)
    at async _Command.execute (file:///opt/quarto/bin/quarto.js:102199:7)
    at async _Command.parseCommand (file:///opt/quarto/bin/quarto.js:102076:14)
    at async quarto4 (file:///opt/quarto/bin/quarto.js:188205:5)
    at async file:///opt/quarto/bin/quarto.js:188234:5
    at async file:///opt/quarto/bin/quarto.js:188088:14
    at async mainRunner (file:///opt/quarto/bin/quarto.js:188090:5)
    at async file:///opt/quarto/bin/quarto.js:188227:3
