[pre-render] warning: 1.10.0 is not tagged; the install commands name an unreleased version

[pre-render] _extension.yml -> _variables.yml (mcanouil/quarto-gitlink@1.10.0)

[pre-render] CHANGELOG.md -> changelog.qmd



pandoc 

  to: html
  output-file: 404.html
  standalone: true
  title-prefix: Gitlink
  section-divs: true
  html-math-method: mathjax
  wrap: none
  default-image-extension: png
  toc: false
  toc-depth: 3
  

metadata

  document-css: false
  link-citations: true
  lang: en-GB
  date-format: dddd[, the] Do [of] MMMM, YYYY
  code-copy: true
  respect-user-color-scheme: true
  theme:
    light:
      - _extensions/mcanouil/atelier/html/chrome.scss
      - brand
      - _extensions/mcanouil/atelier/html/theme.scss
      - _extensions/mcanouil/pastel/pastel.scss
      - assets/theme.scss
    dark:
      - _extensions/mcanouil/atelier/html/chrome.scss
      - brand
      - _extensions/mcanouil/atelier/html/theme.scss
      - _extensions/mcanouil/pastel/pastel.scss
      - assets/theme.scss
  anchor-sections: true
  grid:
    sidebar-width: 300px
    body-width: 1000px
    margin-width: 300px
  brand: _extensions/mcanouil/pastel/brand.yml
  extensions:
    atelier:
      site-url: https://m.canouil.dev/quarto-gitlink
    gitlink:
      enabled: true
      widget:
        enabled: true
        extra-links:
          - text: Ideas / Feature Requests
            href: /discussions/categories/ideas
            icon: discussion
          - text: Q&A
            href: /discussions/categories/q-a
            icon: question
        sponsor: mcanouil
        style-navbar-tools: false
    code-window:
      style: macos
      auto-filename: false
  title: Page not found
  description: That page does not exist or has moved.
  sidebar: false
  

FATAL (/opt/quarto/share/filters/main.lua:3757) An error occurred:
Could not run /home/runner/work/quarto-extensions/quarto-extensions/test-11/repo/docs/gitlink as a JSON filter.
Please make sure the file exists and is executable.

Did you intend 'gitlink' as a Lua filter in an extension?
If so, make sure you've spelled the name of the extension correctly.

The original Pandoc error follows below.
Error running filter '/home/runner/work/quarto-extensions/quarto-extensions/test-11/repo/docs/gitlink':
Could not find executable /home/runner/work/quarto-extensions/quarto-extensions/test-11/repo/docs/gitlink

Error running filter '/opt/quarto/share/filters/main.lua':
/opt/quarto/share/filters/main.lua:589: FATAL QUARTO ERROR
stack traceback:
	/opt/quarto/share/filters/main.lua:2621: in function 'fatal'
	/opt/quarto/share/filters/main.lua:2201: in function 'fail'
	/opt/quarto/share/filters/main.lua:3757: in field 'Pandoc'
	/opt/quarto/share/filters/main.lua:589: in function 'run_emulated_filter'
	/opt/quarto/share/filters/main.lua:1318: in local 'callback'
	/opt/quarto/share/filters/main.lua:1336: in upvalue 'run_emulated_filter_chain'
	/opt/quarto/share/filters/main.lua:1372: in function </opt/quarto/share/filters/main.lua:1369>

(WARN) Error encountered when rendering files

