Cloning into 'repo'...
pandoc 
  to: html
  output-file: /home/runner/work/quarto-extensions/quarto-extensions/test-12/repo/index.html
  standalone: true
  section-divs: true
  html-math-method: mathjax
  wrap: none
  default-image-extension: png
  toc: true
  
metadata
  document-css: false
  link-citations: true
  date-format: long
  lang: en
  title: Git Hosting Platform for Quarto
  subtitle: Quarto Extension
  author:
    - name: Mickaël CANOUIL, _Ph.D._
      orcid: 0000-0002-3396-4549
      url: https://mickael.canouil.fr
  extensions:
    gitlink:
      platform: github
      base-url: https://github.com
      repository-name: mcanouil/quarto-gitlink
  
Output created: index.html


pandoc 
  to: html
  output-file: widget-only.html
  standalone: true
  title-prefix: Gitlink Widget Test
  section-divs: true
  html-math-method: mathjax
  wrap: none
  default-image-extension: png
  
metadata
  document-css: false
  link-citations: true
  date-format: long
  lang: en
  extensions:
    gitlink:
      platform: github
      repository-name: mcanouil/quarto-gitlink
      widget:
        enabled: true
        links:
          discussions: true
        extra-links:
          - text: Q&A
            href: /discussions/categories/q-a
            icon: question
          - text: Quarto
            href: https://quarto.org
            icon: globe
        sponsor: mcanouil
        style-navbar-tools: true
      enabled: false
  theme:
    light: flatly
    dark: darkly
  title: 'Widget test: widget only'
  

Output created: _site/widget-only.html


pandoc 
  to: html
  output-file: codeberg.html
  standalone: true
  title-prefix: Gitlink Widget Test
  section-divs: true
  html-math-method: mathjax
  wrap: none
  default-image-extension: png
  
metadata
  document-css: false
  link-citations: true
  date-format: long
  lang: en
  extensions:
    gitlink:
      platform: codeberg
      repository-name: forgejo/forgejo
      widget:
        enabled: true
        links:
          discussions: true
        extra-links:
          - text: Q&A
            href: /discussions/categories/q-a
            icon: question
          - text: Quarto
            href: https://quarto.org
            icon: globe
        sponsor: mcanouil
        style-navbar-tools: true
  theme:
    light: flatly
    dark: darkly
  title: 'Widget test: Codeberg'
  

Output created: _site/codeberg.html


pandoc 
  to: html
  output-file: index.html
  standalone: true
  title-prefix: Gitlink Widget Test
  section-divs: true
  html-math-method: mathjax
  wrap: none
  default-image-extension: png
  
metadata
  document-css: false
  link-citations: true
  date-format: long
  lang: en
  extensions:
    gitlink:
      platform: github
      repository-name: mcanouil/quarto-gitlink
      widget:
        enabled: true
        links:
          discussions: true
        extra-links:
          - text: Q&A
            href: /discussions/categories/q-a
            icon: question
          - text: Quarto
            href: https://quarto.org
            icon: globe
        sponsor: mcanouil
        style-navbar-tools: true
  theme:
    light: flatly
    dark: darkly
  title: 'Widget test: GitHub defaults'
  

Output created: _site/index.html

