

pandoc 

  to: html
  output-file: codeberg.html
  standalone: true
  title-prefix: Gitlink Widget Test
  section-divs: true
  html-math-method: mathjax
  wrap: none
  default-image-extension: png
  

metadata

  document-css: false
  link-citations: true
  date-format: long
  lang: en
  extensions:
    gitlink:
      platform: codeberg
      repository-name: forgejo/forgejo
      widget:
        enabled: true
        links:
          discussions: true
        extra-links:
          - text: Q&A
            href: /discussions/categories/q-a
            icon: question
          - text: Quarto
            href: https://quarto.org
            icon: globe
        sponsor: mcanouil
        style-navbar-tools: true
  theme:
    light: flatly
    dark: darkly
  title: 'Widget test: Codeberg'
  



Output created: _site/codeberg.html


