

pandoc 

  to: html
  output-file: index.html
  standalone: true
  title-prefix: Gitlink Navbar Test
  section-divs: true
  html-math-method: mathjax
  wrap: none
  default-image-extension: png
  

metadata

  document-css: false
  link-citations: true
  date-format: long
  lang: en
  extensions:
    gitlink:
      platform: github
      repository-name: mcanouil/quarto-gitlink
  theme:
    light: flatly
    dark: darkly
  title: 'Navbar href test: home'
  



Output created: _site/index.html


