Cloning into 'repo'...
pandoc 
  to: html
  output-file: example.html
  standalone: true
  section-divs: true
  html-math-method: mathjax
  wrap: none
  default-image-extension: png
  
metadata
  document-css: false
  link-citations: true
  date-format: long
  lang: en
  title: Qreacto
  sidebar: false
  navbar: false
  
MyComponent > react-MyComponent-c0pOe5JG
MyStyledComponent > react-MyStyledComponent-9gNSakD3
EmojiComponent > react-EmojiComponent-jyzpF7hD
RandomWordsComponent > react-RandomWordsComponent-9DJx1KKp
MyNestedComponent > react-MyNestedComponent-Qpn2HgPQ
EnvironmentReadingComponent > react-EnvironmentReadingComponent-NxQqP55I
Output created: example.html

