Cloning into 'repo'...
pandoc 
  to: html
  output-file: example.html
  standalone: true
  section-divs: true
  html-math-method: mathjax
  wrap: none
  default-image-extension: png
  
metadata
  document-css: false
  link-citations: true
  date-format: long
  lang: en
  title: Qreacto
  sidebar: false
  navbar: false
  
MyComponent > react-MyComponent-qkIJKQjX
MyStyledComponent > react-MyStyledComponent-BbbwRzLB
EmojiComponent > react-EmojiComponent-4gD1DMzy
RandomWordsComponent > react-RandomWordsComponent-dRfzCfxA
MyNestedComponent > react-MyNestedComponent-YkPSezAl
EnvironmentReadingComponent > react-EnvironmentReadingComponent-dXXM76PH
Output created: example.html

