pandoc 

  to: html
  output-file: example.html
  standalone: true
  embed-resources: true
  self-contained: true
  section-divs: true
  html-math-method: mathjax
  wrap: none
  default-image-extension: png
  toc: true
  syntax-definitions:
    - _extensions/sebastiandelbano/musify/resources/syntax/abc2.xml
  

metadata

  document-css: false
  link-citations: true
  date-format: long
  lang: en
  title: '{{< musify icon >}} Musify'
  toc-location: left
  favicon: resources/images/favicon.png
  copyright:
    text: © 2026, Sebastian del Bano Rollin
  theme:
    dark: darkly
    light: flatly
  


============================================================
MUSIFY EXTENSION: MISSING DEPENDENCIES
============================================================

The following required tools were not found in your PATH:
  - abc2svg (path: abcnode)
  - abc2midi (path: abc2midi)
  - fluidsynth (path: fluidsynth)
  - ffmpeg (path: ffmpeg)

Please install them using your package manager (brew, apt, npm, etc.).
  Note: abc2svg can be installed via 'npm install -g abc2svg'

The required SoundFont file was not found:
  Path: /home/runner/work/quarto-extensions/quarto-extensions/test-15/.local/share/soundfonts/timbresOfHeaven4.00.sf2

Please download 'Timbres of Heaven 4.00' and place it at this location.
============================================================


2026-09-15 14:26:56,290 - INFO - Logging initialized. Log file: output/log/abc.log

2026-09-15 14:26:56,290 - INFO - [run_abc.py:77]: Resolving image directory. arg_value=cache/images
2026-09-15 14:26:56,291 - INFO - [run_abc.py:78]: Resolving audio directory. arg_value=cache/audio
2026-09-15 14:26:56,291 - INFO - [run_abc.py:84]: Target file name base: CMajorScale
2026-09-15 14:26:56,291 - INFO - --- IMAGE GENERATION START (Renderer: abc2svg) ---
2026-09-15 14:26:56,291 - INFO - File cache/images/CMajorScale.svg missing. Generation needed.
2026-09-15 14:26:56,291 - INFO - Executing abc2svg: abcnode tosvg.js --pagewidth 25.2cm --vocalfont "sans-serif 11" --stretchlast 1 --scale 1.0 --leftmargin 0 --rightmargin 0 --topmargin 0 --botmargin 0 --musicfont Bravura cache/images/CMajorScale.abc

2026-09-15 14:26:56,292 - ERROR - abc2svg failed: Command 'abcnode tosvg.js --pagewidth 25.2cm --vocalfont "sans-serif 11" --stretchlast 1 --scale 1.0 --leftmargin 0 --rightmargin 0 --topmargin 0 --botmargin 0 --musicfont Bravura cache/images/CMajorScale.abc' returned non-zero exit status 127.

2026-09-15 14:26:56,292 - INFO - SVGO not found; skipping optional optimization.

2026-09-15 14:26:56,292 - INFO - Preparing SVG for seamless HTML embedding
2026-09-15 14:26:56,292 - INFO - --- AUDIO GENERATION START ---
2026-09-15 14:26:56,292 - INFO - File cache/audio/CMajorScale.webm missing. Generation needed.

2026-09-15 14:26:56,292 - INFO - [run_abc.py:240]: Executing abc2midi: abc2midi cache/audio/CMajorScale.abc -o cache/audio/CMajorScale.mid

2026-09-15 14:26:56,293 - ERROR - Executable for 'abc2midi' (abc2midi) not found. Is it installed?

2026-09-15 14:26:56,293 - INFO - Using SoundFont: /home/runner/work/quarto-extensions/quarto-extensions/test-15/.local/share/soundfonts/timbresOfHeaven4.00.sf2
2026-09-15 14:26:56,293 - INFO - [run_abc.py:251]: Executing fluidsynth: fluidsynth -n -i -F cache/audio/CMajorScale.wav /home/runner/work/quarto-extensions/quarto-extensions/test-15/.local/share/soundfonts/timbresOfHeaven4.00.sf2 cache/audio/CMajorScale.mid

2026-09-15 14:26:56,293 - ERROR - Executable for 'fluidsynth' (fluidsynth) not found. Is it installed?

2026-09-15 14:26:56,293 - INFO - [run_abc.py:256]: Executing ffmpeg: ffmpeg -y -i cache/audio/CMajorScale.wav -c:a libopus -b:a 64k cache/audio/CMajorScale.webm

2026-09-15 14:26:56,294 - ERROR - Executable for 'ffmpeg' (ffmpeg) not found. Is it installed?

2026-09-15 14:26:56,349 - INFO - Logging initialized. Log file: output/log/abc.log

2026-09-15 14:26:56,349 - INFO - [run_abc.py:77]: Resolving image directory. arg_value=cache/images
2026-09-15 14:26:56,349 - INFO - [run_abc.py:78]: Resolving audio directory. arg_value=cache/audio
2026-09-15 14:26:56,349 - INFO - [run_abc.py:84]: Target file name base: breton
2026-09-15 14:26:56,349 - INFO - --- IMAGE GENERATION START (Renderer: abc2svg) ---
2026-09-15 14:26:56,350 - INFO - File cache/images/breton.svg missing. Generation needed.

2026-09-15 14:26:56,350 - INFO - Executing abc2svg: abcnode tosvg.js --pagewidth 25.2cm --vocalfont "sans-serif 11" --stretchlast 1 --scale 1.0 --leftmargin 0 --rightmargin 0 --topmargin 0 --botmargin 0 --musicfont Bravura cache/images/breton.abc

2026-09-15 14:26:56,351 - ERROR - abc2svg failed: Command 'abcnode tosvg.js --pagewidth 25.2cm --vocalfont "sans-serif 11" --stretchlast 1 --scale 1.0 --leftmargin 0 --rightmargin 0 --topmargin 0 --botmargin 0 --musicfont Bravura cache/images/breton.abc' returned non-zero exit status 127.

2026-09-15 14:26:56,351 - INFO - SVGO not found; skipping optional optimization.

2026-09-15 14:26:56,351 - INFO - Preparing SVG for seamless HTML embedding
2026-09-15 14:26:56,351 - INFO - --- AUDIO GENERATION START ---

2026-09-15 14:26:56,351 - INFO - File cache/audio/breton.webm missing. Generation needed.

2026-09-15 14:26:56,351 - INFO - [run_abc.py:240]: Executing abc2midi: abc2midi cache/audio/breton.abc -o cache/audio/breton.mid

2026-09-15 14:26:56,351 - ERROR - Executable for 'abc2midi' (abc2midi) not found. Is it installed?

2026-09-15 14:26:56,351 - INFO - Using SoundFont: /home/runner/work/quarto-extensions/quarto-extensions/test-15/.local/share/soundfonts/timbresOfHeaven4.00.sf2

2026-09-15 14:26:56,352 - INFO - [run_abc.py:251]: Executing fluidsynth: fluidsynth -n -i -F cache/audio/breton.wav /home/runner/work/quarto-extensions/quarto-extensions/test-15/.local/share/soundfonts/timbresOfHeaven4.00.sf2 cache/audio/breton.mid

2026-09-15 14:26:56,352 - ERROR - Executable for 'fluidsynth' (fluidsynth) not found. Is it installed?

2026-09-15 14:26:56,352 - INFO - [run_abc.py:256]: Executing ffmpeg: ffmpeg -y -i cache/audio/breton.wav -c:a libopus -b:a 64k cache/audio/breton.webm

2026-09-15 14:26:56,352 - ERROR - Executable for 'ffmpeg' (ffmpeg) not found. Is it installed?

2026-09-15 14:26:56,408 - INFO - Logging initialized. Log file: output/log/abc.log

2026-09-15 14:26:56,408 - INFO - [run_abc.py:77]: Resolving image directory. arg_value=cache/images
2026-09-15 14:26:56,408 - INFO - [run_abc.py:78]: Resolving audio directory. arg_value=cache/audio
2026-09-15 14:26:56,408 - INFO - [run_abc.py:84]: Target file name base: boarsHead
2026-09-15 14:26:56,408 - INFO - --- IMAGE GENERATION START (Renderer: abc2svg) ---

2026-09-15 14:26:56,408 - INFO - File cache/images/boarsHead.svg missing. Generation needed.

2026-09-15 14:26:56,409 - INFO - Executing abc2svg: abcnode tosvg.js --pagewidth 25.2cm --vocalfont "sans-serif 11" --stretchlast 1 --scale 1.0 --leftmargin 0 --rightmargin 0 --topmargin 0 --botmargin 0 --musicfont Bravura cache/images/boarsHead.abc

2026-09-15 14:26:56,410 - ERROR - abc2svg failed: Command 'abcnode tosvg.js --pagewidth 25.2cm --vocalfont "sans-serif 11" --stretchlast 1 --scale 1.0 --leftmargin 0 --rightmargin 0 --topmargin 0 --botmargin 0 --musicfont Bravura cache/images/boarsHead.abc' returned non-zero exit status 127.

2026-09-15 14:26:56,410 - INFO - SVGO not found; skipping optional optimization.
2026-09-15 14:26:56,410 - INFO - Preparing SVG for seamless HTML embedding
2026-09-15 14:26:56,410 - INFO - --- AUDIO GENERATION START ---
2026-09-15 14:26:56,410 - INFO - File cache/audio/boarsHead.webm missing. Generation needed.
2026-09-15 14:26:56,410 - INFO - [run_abc.py:240]: Executing abc2midi: abc2midi cache/audio/boarsHead.abc -o cache/audio/boarsHead.mid

2026-09-15 14:26:56,411 - ERROR - Executable for 'abc2midi' (abc2midi) not found. Is it installed?

2026-09-15 14:26:56,411 - INFO - Using SoundFont: /home/runner/work/quarto-extensions/quarto-extensions/test-15/.local/share/soundfonts/timbresOfHeaven4.00.sf2
2026-09-15 14:26:56,411 - INFO - [run_abc.py:251]: Executing fluidsynth: fluidsynth -n -i -F cache/audio/boarsHead.wav /home/runner/work/quarto-extensions/quarto-extensions/test-15/.local/share/soundfonts/timbresOfHeaven4.00.sf2 cache/audio/boarsHead.mid

2026-09-15 14:26:56,411 - ERROR - Executable for 'fluidsynth' (fluidsynth) not found. Is it installed?

2026-09-15 14:26:56,411 - INFO - [run_abc.py:256]: Executing ffmpeg: ffmpeg -y -i cache/audio/boarsHead.wav -c:a libopus -b:a 64k cache/audio/boarsHead.webm

2026-09-15 14:26:56,412 - ERROR - Executable for 'ffmpeg' (ffmpeg) not found. Is it installed?

2026-09-15 14:26:56,467 - INFO - Logging initialized. Log file: output/log/abc.log

2026-09-15 14:26:56,467 - INFO - [run_abc.py:77]: Resolving image directory. arg_value=cache/images
2026-09-15 14:26:56,468 - INFO - [run_abc.py:78]: Resolving audio directory. arg_value=cache/audio
2026-09-15 14:26:56,468 - INFO - [run_abc.py:84]: Target file name base: shaveAndHaircut
2026-09-15 14:26:56,468 - INFO - --- IMAGE GENERATION START (Renderer: abc2svg) ---

2026-09-15 14:26:56,468 - INFO - File cache/images/shaveAndHaircut.svg missing. Generation needed.

2026-09-15 14:26:56,468 - INFO - Executing abc2svg: abcnode tosvg.js --pagewidth 25.2cm --vocalfont "sans-serif 11" --stretchlast 1 --scale 1.0 --leftmargin 0 --rightmargin 0 --topmargin 0 --botmargin 0 --musicfont Bravura cache/images/shaveAndHaircut.abc

2026-09-15 14:26:56,469 - ERROR - abc2svg failed: Command 'abcnode tosvg.js --pagewidth 25.2cm --vocalfont "sans-serif 11" --stretchlast 1 --scale 1.0 --leftmargin 0 --rightmargin 0 --topmargin 0 --botmargin 0 --musicfont Bravura cache/images/shaveAndHaircut.abc' returned non-zero exit status 127.

2026-09-15 14:26:56,469 - INFO - SVGO not found; skipping optional optimization.

2026-09-15 14:26:56,469 - INFO - Preparing SVG for seamless HTML embedding

2026-09-15 14:26:56,469 - INFO - --- AUDIO GENERATION START ---
2026-09-15 14:26:56,469 - INFO - File cache/audio/shaveAndHaircut.webm missing. Generation needed.

2026-09-15 14:26:56,470 - INFO - [run_abc.py:240]: Executing abc2midi: abc2midi cache/audio/shaveAndHaircut.abc -o cache/audio/shaveAndHaircut.mid

2026-09-15 14:26:56,470 - ERROR - Executable for 'abc2midi' (abc2midi) not found. Is it installed?

2026-09-15 14:26:56,470 - INFO - Using SoundFont: /home/runner/work/quarto-extensions/quarto-extensions/test-15/.local/share/soundfonts/timbresOfHeaven4.00.sf2
2026-09-15 14:26:56,470 - INFO - [run_abc.py:251]: Executing fluidsynth: fluidsynth -n -i -F cache/audio/shaveAndHaircut.wav /home/runner/work/quarto-extensions/quarto-extensions/test-15/.local/share/soundfonts/timbresOfHeaven4.00.sf2 cache/audio/shaveAndHaircut.mid

2026-09-15 14:26:56,471 - ERROR - Executable for 'fluidsynth' (fluidsynth) not found. Is it installed?

2026-09-15 14:26:56,471 - INFO - [run_abc.py:256]: Executing ffmpeg: ffmpeg -y -i cache/audio/shaveAndHaircut.wav -c:a libopus -b:a 64k cache/audio/shaveAndHaircut.webm

2026-09-15 14:26:56,471 - ERROR - Executable for 'ffmpeg' (ffmpeg) not found. Is it installed?

2026-09-15 14:26:56,530 - INFO - Logging initialized. Log file: output/log/abc.log

2026-09-15 14:26:56,530 - INFO - [run_abc.py:77]: Resolving image directory. arg_value=cache/images
2026-09-15 14:26:56,530 - INFO - [run_abc.py:78]: Resolving audio directory. arg_value=cache/audio
2026-09-15 14:26:56,530 - INFO - [run_abc.py:84]: Target file name base: theElephantTuba
2026-09-15 14:26:56,530 - INFO - --- IMAGE GENERATION START (Renderer: abc2svg) ---
2026-09-15 14:26:56,530 - INFO - File cache/images/theElephantTuba.svg missing. Generation needed.

2026-09-15 14:26:56,530 - INFO - Executing abc2svg: abcnode tosvg.js --pagewidth 25.2cm --vocalfont "sans-serif 11" --stretchlast 1 --scale 1.0 --leftmargin 0 --rightmargin 0 --topmargin 0 --botmargin 0 --musicfont Bravura cache/images/theElephantTuba.abc

2026-09-15 14:26:56,531 - ERROR - abc2svg failed: Command 'abcnode tosvg.js --pagewidth 25.2cm --vocalfont "sans-serif 11" --stretchlast 1 --scale 1.0 --leftmargin 0 --rightmargin 0 --topmargin 0 --botmargin 0 --musicfont Bravura cache/images/theElephantTuba.abc' returned non-zero exit status 127.

2026-09-15 14:26:56,532 - INFO - SVGO not found; skipping optional optimization.

2026-09-15 14:26:56,532 - INFO - Preparing SVG for seamless HTML embedding

2026-09-15 14:26:56,532 - INFO - --- AUDIO GENERATION START ---
2026-09-15 14:26:56,532 - INFO - File cache/audio/theElephantTuba.webm missing. Generation needed.

2026-09-15 14:26:56,532 - INFO - [run_abc.py:240]: Executing abc2midi: abc2midi cache/audio/theElephantTuba.abc -o cache/audio/theElephantTuba.mid

2026-09-15 14:26:56,532 - ERROR - Executable for 'abc2midi' (abc2midi) not found. Is it installed?

2026-09-15 14:26:56,533 - INFO - Using SoundFont: /home/runner/work/quarto-extensions/quarto-extensions/test-15/.local/share/soundfonts/timbresOfHeaven4.00.sf2

2026-09-15 14:26:56,533 - INFO - [run_abc.py:251]: Executing fluidsynth: fluidsynth -n -i -F cache/audio/theElephantTuba.wav /home/runner/work/quarto-extensions/quarto-extensions/test-15/.local/share/soundfonts/timbresOfHeaven4.00.sf2 cache/audio/theElephantTuba.mid

2026-09-15 14:26:56,533 - ERROR - Executable for 'fluidsynth' (fluidsynth) not found. Is it installed?

2026-09-15 14:26:56,533 - INFO - [run_abc.py:256]: Executing ffmpeg: ffmpeg -y -i cache/audio/theElephantTuba.wav -c:a libopus -b:a 64k cache/audio/theElephantTuba.webm

2026-09-15 14:26:56,534 - ERROR - Executable for 'ffmpeg' (ffmpeg) not found. Is it installed?

2026-09-15 14:26:56,591 - INFO - Logging initialized. Log file: output/log/abc.log

2026-09-15 14:26:56,591 - INFO - [run_abc.py:77]: Resolving image directory. arg_value=cache/images
2026-09-15 14:26:56,592 - INFO - [run_abc.py:78]: Resolving audio directory. arg_value=cache/audio
2026-09-15 14:26:56,592 - INFO - [run_abc.py:84]: Target file name base: morningMood
2026-09-15 14:26:56,592 - INFO - --- IMAGE GENERATION START (Renderer: abc2svg) ---

2026-09-15 14:26:56,592 - INFO - File cache/images/morningMood.svg missing. Generation needed.

2026-09-15 14:26:56,592 - INFO - Executing abc2svg: abcnode tosvg.js --pagewidth 25.2cm --vocalfont "sans-serif 11" --stretchlast 1 --scale 1.0 --leftmargin 0 --rightmargin 0 --topmargin 0 --botmargin 0 --musicfont Bravura cache/images/morningMood.abc

2026-09-15 14:26:56,593 - ERROR - abc2svg failed: Command 'abcnode tosvg.js --pagewidth 25.2cm --vocalfont "sans-serif 11" --stretchlast 1 --scale 1.0 --leftmargin 0 --rightmargin 0 --topmargin 0 --botmargin 0 --musicfont Bravura cache/images/morningMood.abc' returned non-zero exit status 127.

2026-09-15 14:26:56,593 - INFO - SVGO not found; skipping optional optimization.

2026-09-15 14:26:56,593 - INFO - Preparing SVG for seamless HTML embedding
2026-09-15 14:26:56,593 - INFO - --- AUDIO GENERATION START ---

2026-09-15 14:26:56,593 - INFO - File cache/audio/morningMood.webm missing. Generation needed.

2026-09-15 14:26:56,593 - INFO - [run_abc.py:240]: Executing abc2midi: abc2midi cache/audio/morningMood.abc -o cache/audio/morningMood.mid

2026-09-15 14:26:56,594 - ERROR - Executable for 'abc2midi' (abc2midi) not found. Is it installed?

2026-09-15 14:26:56,594 - INFO - Using SoundFont: /home/runner/work/quarto-extensions/quarto-extensions/test-15/.local/share/soundfonts/timbresOfHeaven4.00.sf2

2026-09-15 14:26:56,594 - INFO - [run_abc.py:251]: Executing fluidsynth: fluidsynth -n -i -F cache/audio/morningMood.wav /home/runner/work/quarto-extensions/quarto-extensions/test-15/.local/share/soundfonts/timbresOfHeaven4.00.sf2 cache/audio/morningMood.mid

2026-09-15 14:26:56,594 - ERROR - Executable for 'fluidsynth' (fluidsynth) not found. Is it installed?

2026-09-15 14:26:56,594 - INFO - [run_abc.py:256]: Executing ffmpeg: ffmpeg -y -i cache/audio/morningMood.wav -c:a libopus -b:a 64k cache/audio/morningMood.webm

2026-09-15 14:26:56,595 - ERROR - Executable for 'ffmpeg' (ffmpeg) not found. Is it installed?

2026-09-15 14:26:56,653 - INFO - Logging initialized. Log file: output/log/abc.log

2026-09-15 14:26:56,653 - INFO - [run_abc.py:77]: Resolving image directory. arg_value=cache/images
2026-09-15 14:26:56,653 - INFO - [run_abc.py:78]: Resolving audio directory. arg_value=cache/audio
2026-09-15 14:26:56,653 - INFO - [run_abc.py:84]: Target file name base: mozartK545
2026-09-15 14:26:56,653 - INFO - --- IMAGE GENERATION START (Renderer: abc2svg) ---
2026-09-15 14:26:56,653 - INFO - File cache/images/mozartK545.svg missing. Generation needed.

2026-09-15 14:26:56,653 - INFO - Executing abc2svg: abcnode tosvg.js --pagewidth 25.2cm --vocalfont "sans-serif 11" --stretchlast 1 --scale 1.0 --leftmargin 0 --rightmargin 0 --topmargin 0 --botmargin 0 --musicfont Bravura cache/images/mozartK545.abc

2026-09-15 14:26:56,654 - ERROR - abc2svg failed: Command 'abcnode tosvg.js --pagewidth 25.2cm --vocalfont "sans-serif 11" --stretchlast 1 --scale 1.0 --leftmargin 0 --rightmargin 0 --topmargin 0 --botmargin 0 --musicfont Bravura cache/images/mozartK545.abc' returned non-zero exit status 127.

2026-09-15 14:26:56,655 - INFO - SVGO not found; skipping optional optimization.

2026-09-15 14:26:56,655 - INFO - Preparing SVG for seamless HTML embedding
2026-09-15 14:26:56,655 - INFO - --- AUDIO GENERATION START ---

2026-09-15 14:26:56,655 - INFO - File cache/audio/mozartK545.webm missing. Generation needed.

2026-09-15 14:26:56,655 - INFO - [run_abc.py:240]: Executing abc2midi: abc2midi cache/audio/mozartK545.abc -o cache/audio/mozartK545.mid

2026-09-15 14:26:56,655 - ERROR - Executable for 'abc2midi' (abc2midi) not found. Is it installed?

2026-09-15 14:26:56,655 - INFO - Using SoundFont: /home/runner/work/quarto-extensions/quarto-extensions/test-15/.local/share/soundfonts/timbresOfHeaven4.00.sf2

2026-09-15 14:26:56,655 - INFO - [run_abc.py:251]: Executing fluidsynth: fluidsynth -n -i -F cache/audio/mozartK545.wav /home/runner/work/quarto-extensions/quarto-extensions/test-15/.local/share/soundfonts/timbresOfHeaven4.00.sf2 cache/audio/mozartK545.mid

2026-09-15 14:26:56,656 - ERROR - Executable for 'fluidsynth' (fluidsynth) not found. Is it installed?
2026-09-15 14:26:56,656 - INFO - [run_abc.py:256]: Executing ffmpeg: ffmpeg -y -i cache/audio/mozartK545.wav -c:a libopus -b:a 64k cache/audio/mozartK545.webm

2026-09-15 14:26:56,656 - ERROR - Executable for 'ffmpeg' (ffmpeg) not found. Is it installed?

2026-09-15 14:26:56,713 - INFO - Logging initialized. Log file: output/log/abc.log

2026-09-15 14:26:56,713 - INFO - [run_abc.py:77]: Resolving image directory. arg_value=cache/images
2026-09-15 14:26:56,713 - INFO - [run_abc.py:78]: Resolving audio directory. arg_value=cache/audio
2026-09-15 14:26:56,713 - INFO - [run_abc.py:84]: Target file name base: bachViola
2026-09-15 14:26:56,713 - INFO - --- IMAGE GENERATION START (Renderer: abc2svg) ---
2026-09-15 14:26:56,713 - INFO - File cache/images/bachViola.svg missing. Generation needed.

2026-09-15 14:26:56,714 - INFO - Executing abc2svg: abcnode tosvg.js --pagewidth 25.2cm --vocalfont "sans-serif 11" --stretchlast 1 --scale 1.0 --leftmargin 0 --rightmargin 0 --topmargin 0 --botmargin 0 --musicfont Bravura cache/images/bachViola.abc

2026-09-15 14:26:56,715 - ERROR - abc2svg failed: Command 'abcnode tosvg.js --pagewidth 25.2cm --vocalfont "sans-serif 11" --stretchlast 1 --scale 1.0 --leftmargin 0 --rightmargin 0 --topmargin 0 --botmargin 0 --musicfont Bravura cache/images/bachViola.abc' returned non-zero exit status 127.

2026-09-15 14:26:56,715 - INFO - SVGO not found; skipping optional optimization.

2026-09-15 14:26:56,715 - INFO - Preparing SVG for seamless HTML embedding
2026-09-15 14:26:56,715 - INFO - --- AUDIO GENERATION START ---

2026-09-15 14:26:56,715 - INFO - File cache/audio/bachViola.webm missing. Generation needed.

2026-09-15 14:26:56,715 - INFO - [run_abc.py:240]: Executing abc2midi: abc2midi cache/audio/bachViola.abc -o cache/audio/bachViola.mid

2026-09-15 14:26:56,715 - ERROR - Executable for 'abc2midi' (abc2midi) not found. Is it installed?

2026-09-15 14:26:56,715 - INFO - Using SoundFont: /home/runner/work/quarto-extensions/quarto-extensions/test-15/.local/share/soundfonts/timbresOfHeaven4.00.sf2

2026-09-15 14:26:56,715 - INFO - [run_abc.py:251]: Executing fluidsynth: fluidsynth -n -i -F cache/audio/bachViola.wav /home/runner/work/quarto-extensions/quarto-extensions/test-15/.local/share/soundfonts/timbresOfHeaven4.00.sf2 cache/audio/bachViola.mid

2026-09-15 14:26:56,716 - ERROR - Executable for 'fluidsynth' (fluidsynth) not found. Is it installed?

2026-09-15 14:26:56,716 - INFO - [run_abc.py:256]: Executing ffmpeg: ffmpeg -y -i cache/audio/bachViola.wav -c:a libopus -b:a 64k cache/audio/bachViola.webm

2026-09-15 14:26:56,716 - ERROR - Executable for 'ffmpeg' (ffmpeg) not found. Is it installed?

Output created: output/example.html


