

processing file: template.qmd

1/4                  

2/4 [unnamed-chunk-1]

3/4                  

4/4 [unnamed-chunk-2]

output file: template.knit.md


(ERROR) Theme file compilation failed:

Error: There is no module with the namespace "sass-color".
     ╷
3131 │ @if (sass-color.blackness($backgroundColor) > $code-block-theme-dark-threshhold) {
     │      ^^^^^^^^^^^^^^^^^^^^^^^^^^^^^^^^^^^^^^
     ╵

Stack trace:
    at dartCommand (file:///opt/quarto/bin/quarto.js:79972:11)
    at async dartCompile (file:///opt/quarto/bin/quarto.js:79926:3)
    at async file:///opt/quarto/bin/quarto.js:87663:9
    at async SassCache.setFromHash (file:///opt/quarto/bin/quarto.js:80089:11)
    at async compileSass (file:///opt/quarto/bin/quarto.js:87474:19)
    at async revealTheme (file:///opt/quarto/bin/quarto.js:184688:15)
    at async Object.formatExtras (file:///opt/quarto/bin/quarto.js:184845:23)
    at async runPandoc (file:///opt/quarto/bin/quarto.js:129405:56)
    at async renderPandoc (file:///opt/quarto/bin/quarto.js:131117:24)
    at async Object.onRender (file:///opt/quarto/bin/quarto.js:137201:30)
    at async renderFileInternal (file:///opt/quarto/bin/quarto.js:137178:9)
    at async renderFiles (file:///opt/quarto/bin/quarto.js:136894:9)
    at async render (file:///opt/quarto/bin/quarto.js:142563:19)
    at async _Command.actionHandler (file:///opt/quarto/bin/quarto.js:142808:24)
    at async _Command.execute (file:///opt/quarto/bin/quarto.js:102199:7)
    at async _Command.parseCommand (file:///opt/quarto/bin/quarto.js:102076:14)
    at async quarto4 (file:///opt/quarto/bin/quarto.js:188205:5)
    at async file:///opt/quarto/bin/quarto.js:188234:5
    at async file:///opt/quarto/bin/quarto.js:188088:14
    at async mainRunner (file:///opt/quarto/bin/quarto.js:188090:5)
    at async file:///opt/quarto/bin/quarto.js:188227:3

