Cloning into 'repo'...
[ 1/10] TODO.md
[ 2/10] tests/fixtures/02-single-author-multi-aff/document.qmd

Rendering PDF
running lualatex - 1
  This is LuaHBTeX, Version 1.24.0 (TeX Live 2026) 
   restricted system commands enabled.
  
  luaotfload | db : Font names database not found, generating new one.
  luaotfload | db : This can take several minutes; please be patient.
updating tlmgr

updating existing packages
finding package for orcidlink.sty
> 1 package to install
> installing orcidlink (1 of 1)
  This is LuaHBTeX, Version 1.24.0 (TeX Live 2026) 
   restricted system commands enabled.
  
finding package for thumbpdf.sty
> 1 package to install
> installing thumbpdf (1 of 1)
  This is LuaHBTeX, Version 1.24.0 (TeX Live 2026) 
   restricted system commands enabled.
  
generating bibliography
  This is BibTeX, Version 0.99e (TeX Live 2026)
  The top-level auxiliary file: document.aux
  The style file: jss.bst
  I found no \citation commands---while reading file document.aux
  I found no \bibdata command---while reading file document.aux
  (There were 2 error messages)
  
running lualatex - 2
  This is LuaHBTeX, Version 1.24.0 (TeX Live 2026) 
   restricted system commands enabled.
  

[ 3/10] tests/fixtures/05-bare-string-aff/document.qmd

Rendering PDF
running lualatex - 1
  This is LuaHBTeX, Version 1.24.0 (TeX Live 2026) 
   restricted system commands enabled.
  
generating bibliography
  This is BibTeX, Version 0.99e (TeX Live 2026)
  The top-level auxiliary file: document.aux
  The style file: jss.bst
  I found no \citation commands---while reading file document.aux
  I found no \bibdata command---while reading file document.aux
  (There were 2 error messages)
  
running lualatex - 2
  This is LuaHBTeX, Version 1.24.0 (TeX Live 2026) 
   restricted system commands enabled.
  

[ 4/10] tests/fixtures/07-postal-code/document.qmd

Rendering PDF
running lualatex - 1
  This is LuaHBTeX, Version 1.24.0 (TeX Live 2026) 
   restricted system commands enabled.
  
generating bibliography
  This is BibTeX, Version 0.99e (TeX Live 2026)
  The top-level auxiliary file: document.aux
  The style file: jss.bst
  I found no \citation commands---while reading file document.aux
  I found no \bibdata command---while reading file document.aux
  (There were 2 error messages)
  
running lualatex - 2
  This is LuaHBTeX, Version 1.24.0 (TeX Live 2026) 
   restricted system commands enabled.
  

[ 5/10] tests/fixtures/08-author-with-orcid/document.qmd

Rendering PDF
running lualatex - 1
  This is LuaHBTeX, Version 1.24.0 (TeX Live 2026) 
   restricted system commands enabled.
  
generating bibliography
  This is BibTeX, Version 0.99e (TeX Live 2026)
  The top-level auxiliary file: document.aux
  The style file: jss.bst
  I found no \citation commands---while reading file document.aux
  I found no \bibdata command---while reading file document.aux
  (There were 2 error messages)
  
running lualatex - 2
  This is LuaHBTeX, Version 1.24.0 (TeX Live 2026) 
   restricted system commands enabled.
  

[ 6/10] tests/fixtures/06-state-alias/document.qmd

Rendering PDF
running lualatex - 1
  This is LuaHBTeX, Version 1.24.0 (TeX Live 2026) 
   restricted system commands enabled.
  
generating bibliography
  This is BibTeX, Version 0.99e (TeX Live 2026)
  The top-level auxiliary file: document.aux
  The style file: jss.bst
  I found no \citation commands---while reading file document.aux
  I found no \bibdata command---while reading file document.aux
  (There were 2 error messages)
  
running lualatex - 2
  This is LuaHBTeX, Version 1.24.0 (TeX Live 2026) 
   restricted system commands enabled.
  

[ 7/10] tests/fixtures/03-multi-author/document.qmd

Rendering PDF
running lualatex - 1
  This is LuaHBTeX, Version 1.24.0 (TeX Live 2026) 
   restricted system commands enabled.
  
generating bibliography
  This is BibTeX, Version 0.99e (TeX Live 2026)
  The top-level auxiliary file: document.aux
  The style file: jss.bst
  I found no \citation commands---while reading file document.aux
  I found no \bibdata command---while reading file document.aux
  (There were 2 error messages)
  
running lualatex - 2
  This is LuaHBTeX, Version 1.24.0 (TeX Live 2026) 
   restricted system commands enabled.
  

[ 8/10] tests/fixtures/01-single-author-single-aff/document.qmd

Rendering PDF
running lualatex - 1
  This is LuaHBTeX, Version 1.24.0 (TeX Live 2026) 
   restricted system commands enabled.
  
generating bibliography
  This is BibTeX, Version 0.99e (TeX Live 2026)
  The top-level auxiliary file: document.aux
  The style file: jss.bst
  I found no \citation commands---while reading file document.aux
  I found no \bibdata command---while reading file document.aux
  (There were 2 error messages)
  
running lualatex - 2
  This is LuaHBTeX, Version 1.24.0 (TeX Live 2026) 
   restricted system commands enabled.
  

[ 9/10] tests/fixtures/04-author-no-aff/document.qmd

Rendering PDF
running lualatex - 1
  This is LuaHBTeX, Version 1.24.0 (TeX Live 2026) 
   restricted system commands enabled.
  
generating bibliography
  This is BibTeX, Version 0.99e (TeX Live 2026)
  The top-level auxiliary file: document.aux
  The style file: jss.bst
  I found no \citation commands---while reading file document.aux
  I found no \bibdata command---while reading file document.aux
  (There were 2 error messages)
  
running lualatex - 2
  This is LuaHBTeX, Version 1.24.0 (TeX Live 2026) 
   restricted system commands enabled.
  

[10/10] template.qmd


processing file: template.qmd
1/11                  
2/11 [unnamed-chunk-1]
3/11                  
4/11 [unnamed-chunk-2]
5/11                  
6/11 [unnamed-chunk-3]
7/11                  
8/11 [unnamed-chunk-4]
9/11                  
10/11 [unnamed-chunk-5]
11/11                  
output file: template.knit.md



processing file: template.qmd
1/11                  
2/11 [unnamed-chunk-1]
3/11                  
4/11 [unnamed-chunk-2]
5/11                  
6/11 [unnamed-chunk-3]
7/11                  
8/11 [unnamed-chunk-4]
9/11                  
10/11 [unnamed-chunk-5]
11/11                  
output file: template.knit.md


Rendering PDF
running lualatex - 1
  This is LuaHBTeX, Version 1.24.0 (TeX Live 2026) 
   restricted system commands enabled.
  
updating tlmgr

updating existing packages
finding package for luatexbase.sty
> 1 package to install
> installing luatexbase (1 of 1)
  This is LuaHBTeX, Version 1.24.0 (TeX Live 2026) 
   restricted system commands enabled.
  
generating bibliography
  This is BibTeX, Version 0.99e (TeX Live 2026)
  The top-level auxiliary file: template.aux
  The style file: jss.bst
  Database file #1: bibliography.bib
  
running lualatex - 2
  This is LuaHBTeX, Version 1.24.0 (TeX Live 2026) 
   restricted system commands enabled.
  
running lualatex - 3
  This is LuaHBTeX, Version 1.24.0 (TeX Live 2026) 
   restricted system commands enabled.
  


Output created: template.pdf

