Cloning into 'repo'...


processing file: template.qmd
1/4                  
2/4 [unnamed-chunk-1]
3/4                  
4/4 [unnamed-chunk-2]
output file: template.knit.md

Error adding css vars block SCSSParsingError: SCSS Parsing Error: Expecting punctuation: ")" (3143:53)
    at cssVarsBlock (file:///opt/quarto/bin/quarto.js:87378:15)
    at file:///opt/quarto/bin/quarto.js:87924:35
    at file:///opt/quarto/bin/quarto.js:87572:33
    at async handleVarsBlock (file:///opt/quarto/bin/quarto.js:87845:23)
    at async file:///opt/quarto/bin/quarto.js:87871:17
    at async SassCache.setFromHash (file:///opt/quarto/bin/quarto.js:80298:11)
    at async compileSass (file:///opt/quarto/bin/quarto.js:87683:19)
    at async revealTheme (file:///opt/quarto/bin/quarto.js:186849:15)
    at async Object.formatExtras (file:///opt/quarto/bin/quarto.js:187006:23)
    at async runPandoc (file:///opt/quarto/bin/quarto.js:129614:56)
    at async renderPandoc (file:///opt/quarto/bin/quarto.js:131326:24)
    at async Object.onRender (file:///opt/quarto/bin/quarto.js:137411:30)
    at async renderFileInternal (file:///opt/quarto/bin/quarto.js:137388:9)
    at async renderFiles (file:///opt/quarto/bin/quarto.js:137104:9)
    at async render (file:///opt/quarto/bin/quarto.js:142773:19)
    at async _Command.actionHandler (file:///opt/quarto/bin/quarto.js:143018:24)
    at async _Command.execute (file:///opt/quarto/bin/quarto.js:102408:7)
    at async _Command.parseCommand (file:///opt/quarto/bin/quarto.js:102285:14)
    at async quarto4 (file:///opt/quarto/bin/quarto.js:190371:5)
    at async file:///opt/quarto/bin/quarto.js:190400:5
    at async file:///opt/quarto/bin/quarto.js:190254:14
    at async mainRunner (file:///opt/quarto/bin/quarto.js:190256:5)
    at async file:///opt/quarto/bin/quarto.js:190393:3
The resulting CSS file will not have SCSS color variables exported as CSS.
This is likely a Quarto bug.
Please consider reporting it at https://github.com/quarto-dev/quarto-cli,
along with the _quarto_internal_scss_error.scss file that can be found in the current working directory.
ERROR: Theme file compilation failed:

Error: There is no module with the namespace "sass-color".
     ╷
3131 │ @if (sass-color.blackness($backgroundColor) > $code-block-theme-dark-threshhold) {
     │      ^^^^^^^^^^^^^^^^^^^^^^^^^^^^^^^^^^^^^^
     ╵

Stack trace:
    at dartCommand (file:///opt/quarto/bin/quarto.js:80181:11)
    at async dartCompile (file:///opt/quarto/bin/quarto.js:80135:3)
    at async file:///opt/quarto/bin/quarto.js:87872:9
    at async SassCache.setFromHash (file:///opt/quarto/bin/quarto.js:80298:11)
    at async compileSass (file:///opt/quarto/bin/quarto.js:87683:19)
    at async revealTheme (file:///opt/quarto/bin/quarto.js:186849:15)
    at async Object.formatExtras (file:///opt/quarto/bin/quarto.js:187006:23)
    at async runPandoc (file:///opt/quarto/bin/quarto.js:129614:56)
    at async renderPandoc (file:///opt/quarto/bin/quarto.js:131326:24)
    at async Object.onRender (file:///opt/quarto/bin/quarto.js:137411:30)
    at async renderFileInternal (file:///opt/quarto/bin/quarto.js:137388:9)
    at async renderFiles (file:///opt/quarto/bin/quarto.js:137104:9)
    at async render (file:///opt/quarto/bin/quarto.js:142773:19)
    at async _Command.actionHandler (file:///opt/quarto/bin/quarto.js:143018:24)
    at async _Command.execute (file:///opt/quarto/bin/quarto.js:102408:7)
    at async _Command.parseCommand (file:///opt/quarto/bin/quarto.js:102285:14)
    at async quarto4 (file:///opt/quarto/bin/quarto.js:190371:5)
    at async file:///opt/quarto/bin/quarto.js:190400:5
    at async file:///opt/quarto/bin/quarto.js:190254:14
    at async mainRunner (file:///opt/quarto/bin/quarto.js:190256:5)
    at async file:///opt/quarto/bin/quarto.js:190393:3
Render failed, retrying once...


processing file: template.qmd
1/4                  
2/4 [unnamed-chunk-1]
3/4                  
4/4 [unnamed-chunk-2]
output file: template.knit.md

Error adding css vars block SCSSParsingError: SCSS Parsing Error: Expecting punctuation: ")" (3143:53)
    at cssVarsBlock (file:///opt/quarto/bin/quarto.js:87378:15)
    at file:///opt/quarto/bin/quarto.js:87924:35
    at file:///opt/quarto/bin/quarto.js:87572:33
    at async handleVarsBlock (file:///opt/quarto/bin/quarto.js:87845:23)
    at async file:///opt/quarto/bin/quarto.js:87871:17
    at async SassCache.setFromHash (file:///opt/quarto/bin/quarto.js:80298:11)
    at async compileSass (file:///opt/quarto/bin/quarto.js:87683:19)
    at async revealTheme (file:///opt/quarto/bin/quarto.js:186849:15)
    at async Object.formatExtras (file:///opt/quarto/bin/quarto.js:187006:23)
    at async runPandoc (file:///opt/quarto/bin/quarto.js:129614:56)
    at async renderPandoc (file:///opt/quarto/bin/quarto.js:131326:24)
    at async Object.onRender (file:///opt/quarto/bin/quarto.js:137411:30)
    at async renderFileInternal (file:///opt/quarto/bin/quarto.js:137388:9)
    at async renderFiles (file:///opt/quarto/bin/quarto.js:137104:9)
    at async render (file:///opt/quarto/bin/quarto.js:142773:19)
    at async _Command.actionHandler (file:///opt/quarto/bin/quarto.js:143018:24)
    at async _Command.execute (file:///opt/quarto/bin/quarto.js:102408:7)
    at async _Command.parseCommand (file:///opt/quarto/bin/quarto.js:102285:14)
    at async quarto4 (file:///opt/quarto/bin/quarto.js:190371:5)
    at async file:///opt/quarto/bin/quarto.js:190400:5
    at async file:///opt/quarto/bin/quarto.js:190254:14
    at async mainRunner (file:///opt/quarto/bin/quarto.js:190256:5)
    at async file:///opt/quarto/bin/quarto.js:190393:3
The resulting CSS file will not have SCSS color variables exported as CSS.
This is likely a Quarto bug.
Please consider reporting it at https://github.com/quarto-dev/quarto-cli,
along with the _quarto_internal_scss_error.scss file that can be found in the current working directory.
ERROR: Theme file compilation failed:

Error: There is no module with the namespace "sass-color".
     ╷
3131 │ @if (sass-color.blackness($backgroundColor) > $code-block-theme-dark-threshhold) {
     │      ^^^^^^^^^^^^^^^^^^^^^^^^^^^^^^^^^^^^^^
     ╵

Stack trace:
    at dartCommand (file:///opt/quarto/bin/quarto.js:80181:11)
    at async dartCompile (file:///opt/quarto/bin/quarto.js:80135:3)
    at async file:///opt/quarto/bin/quarto.js:87872:9
    at async SassCache.setFromHash (file:///opt/quarto/bin/quarto.js:80298:11)
    at async compileSass (file:///opt/quarto/bin/quarto.js:87683:19)
    at async revealTheme (file:///opt/quarto/bin/quarto.js:186849:15)
    at async Object.formatExtras (file:///opt/quarto/bin/quarto.js:187006:23)
    at async runPandoc (file:///opt/quarto/bin/quarto.js:129614:56)
    at async renderPandoc (file:///opt/quarto/bin/quarto.js:131326:24)
    at async Object.onRender (file:///opt/quarto/bin/quarto.js:137411:30)
    at async renderFileInternal (file:///opt/quarto/bin/quarto.js:137388:9)
    at async renderFiles (file:///opt/quarto/bin/quarto.js:137104:9)
    at async render (file:///opt/quarto/bin/quarto.js:142773:19)
    at async _Command.actionHandler (file:///opt/quarto/bin/quarto.js:143018:24)
    at async _Command.execute (file:///opt/quarto/bin/quarto.js:102408:7)
    at async _Command.parseCommand (file:///opt/quarto/bin/quarto.js:102285:14)
    at async quarto4 (file:///opt/quarto/bin/quarto.js:190371:5)
    at async file:///opt/quarto/bin/quarto.js:190400:5
    at async file:///opt/quarto/bin/quarto.js:190254:14
    at async mainRunner (file:///opt/quarto/bin/quarto.js:190256:5)
    at async file:///opt/quarto/bin/quarto.js:190393:3
