Cloning into 'repo'...
Installing packages into '/cache/r-lib-0'
(as 'lib' is unspecified)
also installing the dependencies 'zip', 'officer'

trying URL 'https://packagemanager.posit.co/cran/latest/src/contrib/zip_3.0.2.tar.gz'
trying URL 'https://packagemanager.posit.co/cran/latest/src/contrib/officer_0.7.6.tar.gz'
trying URL 'https://packagemanager.posit.co/cran/latest/src/contrib/flextable_0.10.0.tar.gz'
* installing *source* package 'zip' ...
** this is package 'zip' version '3.0.2'
** package 'zip' successfully unpacked and MD5 sums checked
** using staged installation
** libs
using C compiler: 'gcc (Ubuntu 13.3.0-6ubuntu2~24.04.1) 13.3.0'
installing via 'install.libs.R' to /cache/r-lib-0/00LOCK-zip/00new/zip
** R
** inst
** byte-compile and prepare package for lazy loading
** help
*** installing help indices
** building package indices
** testing if installed package can be loaded from temporary location
** checking absolute paths in shared objects and dynamic libraries
** testing if installed package can be loaded from final location
** testing if installed package keeps a record of temporary installation path
* DONE (zip)
* installing *source* package 'officer' ...
** this is package 'officer' version '0.7.6'
** package 'officer' successfully unpacked and MD5 sums checked
** using staged installation
** R
** inst
** byte-compile and prepare package for lazy loading
** help
*** installing help indices
*** copying figures
** building package indices
** testing if installed package can be loaded from temporary location
** testing if installed package can be loaded from final location
** testing if installed package keeps a record of temporary installation path
* DONE (officer)
* installing *source* package 'flextable' ...
** this is package 'flextable' version '0.10.0'
** package 'flextable' successfully unpacked and MD5 sums checked
** using staged installation
** R
** inst
** byte-compile and prepare package for lazy loading
** help
*** installing help indices
*** copying figures
** building package indices
** installing vignettes
** testing if installed package can be loaded from temporary location
** testing if installed package can be loaded from final location
** testing if installed package keeps a record of temporary installation path
* DONE (flextable)

The downloaded source packages are in
	'/tmp/RtmpYv08in/downloaded_packages'
Warning message:
package 'InraeThemes' is not available for this version of R

A version of this package for your version of R might be available elsewhere,
see the ideas at
https://cran.r-project.org/doc/manuals/r-patched/R-admin.html#Installing-packages 
[1/8] template_word.qmd


processing file: template_word.qmd
1/5                  
2/5 [unnamed-chunk-1]
3/5                  
4/5 [fig-n-lights]   
5/5                  
output file: template_word.knit.md

Warning message:
Duplicated chunk option(s) 'label' in both chunk header and pipe comments of the chunk 'fig-n-lights'. 
[WARNING] Could not fetch resource field.jpg: replacing image with description
[2/8] template_revealjs.qmd


processing file: template_revealjs.qmd
1/3                  
2/3 [unnamed-chunk-1]
3/3                  
output file: template_revealjs.knit.md

[3/8] template_powerpoint.qmd


processing file: template_powerpoint.qmd
1/3                  
2/3 [unnamed-chunk-1]
3/3                  
output file: template_powerpoint.knit.md

[4/8] template_pdf.qmd


processing file: template_pdf.qmd
1/18                  
2/18 [setup]          
3/18                  
4/18 [unnamed-chunk-1]
Error in `library()`:
! there is no package called 'InraeThemes'
Backtrace:
    x
 1. \-base::library(InraeThemes)

Quitting from template_pdf.qmd:46-65 [unnamed-chunk-1]
Execution halted
WARN: Error encountered when rendering files
Render failed, retrying once...
[1/8] template_word.qmd


processing file: template_word.qmd
1/5                  
2/5 [unnamed-chunk-1]
3/5                  
4/5 [fig-n-lights]   
5/5                  
output file: template_word.knit.md

Warning message:
Duplicated chunk option(s) 'label' in both chunk header and pipe comments of the chunk 'fig-n-lights'. 
[WARNING] Could not fetch resource field.jpg: replacing image with description
[2/8] template_revealjs.qmd


processing file: template_revealjs.qmd
1/3                  
2/3 [unnamed-chunk-1]
3/3                  
output file: template_revealjs.knit.md

[3/8] template_powerpoint.qmd


processing file: template_powerpoint.qmd
1/3                  
2/3 [unnamed-chunk-1]
3/3                  
output file: template_powerpoint.knit.md

[4/8] template_pdf.qmd


processing file: template_pdf.qmd
1/18                  
2/18 [setup]          
3/18                  
4/18 [unnamed-chunk-1]
Error in `library()`:
! there is no package called 'InraeThemes'
Backtrace:
    x
 1. \-base::library(InraeThemes)

Quitting from template_pdf.qmd:46-65 [unnamed-chunk-1]
Execution halted
WARN: Error encountered when rendering files
