Dependency install phase for davidcarayon/quarto-inrae-extension: auto-detect
Auto-detecting R dependencies for davidcarayon/quarto-inrae-extension (knitr engine, no renv.lock).
Installing R packages: InraeThemes, flextable 
gcc -std=gnu2x -g -O2  -Imbedtls/include -Imbedtls/library -DMBEDTLS_CONFIG_FILE='"zip_mbedtls_config.h"' miniz.c zip.c crypto.c unixutils.c mbedtls/library/aes.c mbedtls/library/sha1.c mbedtls/library/md.c mbedtls/library/pkcs5.c mbedtls/library/platform.c mbedtls/library/platform_util.c tools/cmdzip.c -o tools/cmdzip
gcc -std=gnu2x -g -O2  -Imbedtls/include -Imbedtls/library -DMBEDTLS_CONFIG_FILE='"zip_mbedtls_config.h"' miniz.c zip.c crypto.c unixutils.c mbedtls/library/aes.c mbedtls/library/sha1.c mbedtls/library/md.c mbedtls/library/pkcs5.c mbedtls/library/platform.c mbedtls/library/platform_util.c tools/cmdunzip.c -o tools/cmdunzip
gcc -std=gnu2x -I"/opt/R/4.6.1/lib/R/include" -DNDEBUG -Imbedtls/include -Imbedtls/library -DMBEDTLS_CONFIG_FILE='"zip_mbedtls_config.h"' -I'/opt/R/4.6.1/lib/R/library/cli/include' -I/usr/local/include   -fvisibility=hidden -fpic  -g -O2  -c init.c -o init.o
gcc -std=gnu2x -I"/opt/R/4.6.1/lib/R/include" -DNDEBUG -Imbedtls/include -Imbedtls/library -DMBEDTLS_CONFIG_FILE='"zip_mbedtls_config.h"' -I'/opt/R/4.6.1/lib/R/library/cli/include' -I/usr/local/include   -fvisibility=hidden -fpic  -g -O2  -c miniz.c -o miniz.o
gcc -std=gnu2x -I"/opt/R/4.6.1/lib/R/include" -DNDEBUG -Imbedtls/include -Imbedtls/library -DMBEDTLS_CONFIG_FILE='"zip_mbedtls_config.h"' -I'/opt/R/4.6.1/lib/R/library/cli/include' -I/usr/local/include   -fvisibility=hidden -fpic  -g -O2  -c rzip.c -o rzip.o
gcc -std=gnu2x -I"/opt/R/4.6.1/lib/R/include" -DNDEBUG -Imbedtls/include -Imbedtls/library -DMBEDTLS_CONFIG_FILE='"zip_mbedtls_config.h"' -I'/opt/R/4.6.1/lib/R/library/cli/include' -I/usr/local/include   -fvisibility=hidden -fpic  -g -O2  -c zip.c -o zip.o
gcc -std=gnu2x -I"/opt/R/4.6.1/lib/R/include" -DNDEBUG -Imbedtls/include -Imbedtls/library -DMBEDTLS_CONFIG_FILE='"zip_mbedtls_config.h"' -I'/opt/R/4.6.1/lib/R/library/cli/include' -I/usr/local/include   -fvisibility=hidden -fpic  -g -O2  -c crypto.c -o crypto.o
gcc -std=gnu2x -I"/opt/R/4.6.1/lib/R/include" -DNDEBUG -Imbedtls/include -Imbedtls/library -DMBEDTLS_CONFIG_FILE='"zip_mbedtls_config.h"' -I'/opt/R/4.6.1/lib/R/library/cli/include' -I/usr/local/include   -fvisibility=hidden -fpic  -g -O2  -c unixutils.c -o unixutils.o
gcc -std=gnu2x -I"/opt/R/4.6.1/lib/R/include" -DNDEBUG -Imbedtls/include -Imbedtls/library -DMBEDTLS_CONFIG_FILE='"zip_mbedtls_config.h"' -I'/opt/R/4.6.1/lib/R/library/cli/include' -I/usr/local/include   -fvisibility=hidden -fpic  -g -O2  -c errors.c -o errors.o
gcc -std=gnu2x -I"/opt/R/4.6.1/lib/R/include" -DNDEBUG -Imbedtls/include -Imbedtls/library -DMBEDTLS_CONFIG_FILE='"zip_mbedtls_config.h"' -I'/opt/R/4.6.1/lib/R/library/cli/include' -I/usr/local/include   -fvisibility=hidden -fpic  -g -O2  -c cleancall.c -o cleancall.o
gcc -std=gnu2x -I"/opt/R/4.6.1/lib/R/include" -DNDEBUG -Imbedtls/include -Imbedtls/library -DMBEDTLS_CONFIG_FILE='"zip_mbedtls_config.h"' -I'/opt/R/4.6.1/lib/R/library/cli/include' -I/usr/local/include   -fvisibility=hidden -fpic  -g -O2  -c cmdunzip_lib.c -o cmdunzip_lib.o
gcc -std=gnu2x -I"/opt/R/4.6.1/lib/R/include" -DNDEBUG -Imbedtls/include -Imbedtls/library -DMBEDTLS_CONFIG_FILE='"zip_mbedtls_config.h"' -I'/opt/R/4.6.1/lib/R/library/cli/include' -I/usr/local/include   -fvisibility=hidden -fpic  -g -O2  -c mbedtls/library/aes.c -o mbedtls/library/aes.o
gcc -std=gnu2x -I"/opt/R/4.6.1/lib/R/include" -DNDEBUG -Imbedtls/include -Imbedtls/library -DMBEDTLS_CONFIG_FILE='"zip_mbedtls_config.h"' -I'/opt/R/4.6.1/lib/R/library/cli/include' -I/usr/local/include   -fvisibility=hidden -fpic  -g -O2  -c mbedtls/library/sha1.c -o mbedtls/library/sha1.o
gcc -std=gnu2x -I"/opt/R/4.6.1/lib/R/include" -DNDEBUG -Imbedtls/include -Imbedtls/library -DMBEDTLS_CONFIG_FILE='"zip_mbedtls_config.h"' -I'/opt/R/4.6.1/lib/R/library/cli/include' -I/usr/local/include   -fvisibility=hidden -fpic  -g -O2  -c mbedtls/library/md.c -o mbedtls/library/md.o
gcc -std=gnu2x -I"/opt/R/4.6.1/lib/R/include" -DNDEBUG -Imbedtls/include -Imbedtls/library -DMBEDTLS_CONFIG_FILE='"zip_mbedtls_config.h"' -I'/opt/R/4.6.1/lib/R/library/cli/include' -I/usr/local/include   -fvisibility=hidden -fpic  -g -O2  -c mbedtls/library/pkcs5.c -o mbedtls/library/pkcs5.o
gcc -std=gnu2x -I"/opt/R/4.6.1/lib/R/include" -DNDEBUG -Imbedtls/include -Imbedtls/library -DMBEDTLS_CONFIG_FILE='"zip_mbedtls_config.h"' -I'/opt/R/4.6.1/lib/R/library/cli/include' -I/usr/local/include   -fvisibility=hidden -fpic  -g -O2  -c mbedtls/library/platform.c -o mbedtls/library/platform.o
gcc -std=gnu2x -I"/opt/R/4.6.1/lib/R/include" -DNDEBUG -Imbedtls/include -Imbedtls/library -DMBEDTLS_CONFIG_FILE='"zip_mbedtls_config.h"' -I'/opt/R/4.6.1/lib/R/library/cli/include' -I/usr/local/include   -fvisibility=hidden -fpic  -g -O2  -c mbedtls/library/platform_util.c -o mbedtls/library/platform_util.o
gcc -std=gnu2x -shared -L/opt/R/4.6.1/lib/R/lib -L/usr/local/lib -o zip.so init.o miniz.o rzip.o zip.o crypto.o unixutils.o errors.o cleancall.o cmdunzip_lib.o mbedtls/library/aes.o mbedtls/library/sha1.o mbedtls/library/md.o mbedtls/library/pkcs5.o mbedtls/library/platform.o mbedtls/library/platform_util.o -lpthread -L/opt/R/4.6.1/lib/R/lib -lR
