
Starting python3 kernel...
[IPKernelApp] WARNING | Kernel is running over TCP without encryption. All communication (including code and outputs) is sent in plain text and is susceptible to eavesdropping. Use IPC transport or launch with kernel manager-provisioned CurveZMQ keys to enable transport encryption.

Done


Executing '_attributes-block.quarto_ipynb'
  Cell 1/1: ''...
Done



pandoc 

  to: html
  output-file: _attributes-block.html
  standalone: true
  section-divs: true
  html-math-method: mathjax
  wrap: none
  default-image-extension: png
  

metadata

  document-css: false
  link-citations: true
  date-format: long
  lang: en
  

Output created: _attributes-block.html


