pandoc 

  to: html
  output-file: streaming-chatbot.html
  standalone: true
  title-prefix: quarto-gradio
  section-divs: true
  html-math-method: mathjax
  wrap: none
  default-image-extension: png
  toc: true
  css:
    - ../../styles.css
  

metadata

  document-css: false
  link-citations: true
  date-format: long
  lang: en
  code-copy: true
  theme: darkly
  grid:
    sidebar-width: 300px
    body-width: 800px
    margin-width: 200px
  subtitle: Runnable examples for the frozen Gradio Lite 5.45.0 browser runtime.
  gradio:
    attributes:
      playground: true
      layout: vertical
  title: Streaming Chatbot
  description: Yield partial chat responses from a Python generator.
  

Output created: ../../_site/playground/chatbots/streaming-chatbot.html


