Cloning into 'repo'...
pandoc 
  to: html
  output-file: example.html
  standalone: true
  section-divs: true
  html-math-method: mathjax
  wrap: none
  default-image-extension: png
  
metadata
  document-css: false
  link-citations: true
  date-format: long
  lang: en
  title: Acronyms Example
  acronyms:
    keys:
      - shortname: RL
        longname: Reinforcement Learning
    loa_title: Glossary
    insert_loa: end
    sorting: alphabetical
    style: short-long
  
Output created: example.html

pandoc 
  to: markdown
  output-file: input.md
  standalone: true
  default-image-extension: png
  markdown-headings: atx
  wrap: preserve
  
metadata
  keep-yaml: false
  acronyms:
    insert_loa: end
    keys:
      - shortname: RL
        longname: Reinforcement Learning
  
[31mFATAL (/opt/quarto/share/filters/main.lua:3757) An error occurred:
Could not run /home/runner/work/quarto-extensions/quarto-extensions/test-12/repo/tests/13-insert-loa-end/acronyms as a JSON filter.
Please make sure the file exists and is executable.

Did you intend 'acronyms' as a Lua filter in an extension?
If so, make sure you've spelled the name of the extension correctly.

The original Pandoc error follows below.
Error running filter '/home/runner/work/quarto-extensions/quarto-extensions/test-12/repo/tests/13-insert-loa-end/acronyms':
Could not find executable /home/runner/work/quarto-extensions/quarto-extensions/test-12/repo/tests/13-insert-loa-end/acronyms
[39mError running filter '/opt/quarto/share/filters/main.lua':
/opt/quarto/share/filters/main.lua:589: FATAL QUARTO ERROR
stack traceback:
	/opt/quarto/share/filters/main.lua:2621: in function 'fatal'
	/opt/quarto/share/filters/main.lua:2201: in function 'fail'
	/opt/quarto/share/filters/main.lua:3757: in field 'Pandoc'
	/opt/quarto/share/filters/main.lua:589: in function 'run_emulated_filter'
	/opt/quarto/share/filters/main.lua:1318: in local 'callback'
	/opt/quarto/share/filters/main.lua:1336: in upvalue 'run_emulated_filter_chain'
	/opt/quarto/share/filters/main.lua:1372: in function </opt/quarto/share/filters/main.lua:1369>
WARN: Error encountered when rendering files
Render failed, retrying once...
pandoc 
  to: markdown
  output-file: input.md
  standalone: true
  default-image-extension: png
  markdown-headings: atx
  wrap: preserve
  
metadata
  keep-yaml: false
  acronyms:
    insert_loa: end
    keys:
      - shortname: RL
        longname: Reinforcement Learning
  
[31mFATAL (/opt/quarto/share/filters/main.lua:3757) An error occurred:
Could not run /home/runner/work/quarto-extensions/quarto-extensions/test-12/repo/tests/13-insert-loa-end/acronyms as a JSON filter.
Please make sure the file exists and is executable.

Did you intend 'acronyms' as a Lua filter in an extension?
If so, make sure you've spelled the name of the extension correctly.

The original Pandoc error follows below.
Error running filter '/home/runner/work/quarto-extensions/quarto-extensions/test-12/repo/tests/13-insert-loa-end/acronyms':
Could not find executable /home/runner/work/quarto-extensions/quarto-extensions/test-12/repo/tests/13-insert-loa-end/acronyms
[39mError running filter '/opt/quarto/share/filters/main.lua':
/opt/quarto/share/filters/main.lua:589: FATAL QUARTO ERROR
stack traceback:
	/opt/quarto/share/filters/main.lua:2621: in function 'fatal'
	/opt/quarto/share/filters/main.lua:2201: in function 'fail'
	/opt/quarto/share/filters/main.lua:3757: in field 'Pandoc'
	/opt/quarto/share/filters/main.lua:589: in function 'run_emulated_filter'
	/opt/quarto/share/filters/main.lua:1318: in local 'callback'
	/opt/quarto/share/filters/main.lua:1336: in upvalue 'run_emulated_filter_chain'
	/opt/quarto/share/filters/main.lua:1372: in function </opt/quarto/share/filters/main.lua:1369>
WARN: Error encountered when rendering files
