Dependency source policy check passed for kazuyanagimoto/quarto-awesomecv-typst.
Dependency install phase for kazuyanagimoto/quarto-awesomecv-typst: renv.lock
Installing R dependencies from renv.lock for kazuyanagimoto/quarto-awesomecv-typst.
# Bootstrapping renv 1.2.3 ---------------------------------------------------
- Downloading renv ... OK
- Installing renv  ... OK

- One or more packages recorded in the lockfile are not installed.
- Use `renv::status()` for more details.
- One or more packages recorded in the lockfile are not installed.
- Use `renv::status()` for more details.
The following required system packages are not installed:
- pandoc  [required by knitr, rmarkdown]
The R packages depending on these system packages may fail to install.

An administrator can install these packages with:
- sudo apt install pandoc

The following package(s) will be updated:

# Repository -----------------------------------------------------------------
- bslib     [0.12.0 -> 0.11.0]
- typstcv   [* -> 0.0.2.4]

# Downloading packages -------------------------------------------------------
[32m✔[0m typstcv 0.0.2.4                         
Successfully downloaded 1 package in 1.1 seconds.

# Installing packages --------------------------------------------------------
[32m✔[0m bslib 0.11.0                             [linked from cache]
[?25l  (0/1) Installing: typstcv                                                       (0/1) Installing: typstcv                                                                                                                                     [32m✔[0m typstcv 0.0.2.4                          [built from source in 1.2s]
Successfully installed 2 packages in 1.3 seconds.
[?25h