Cloning into 'repo'...
Installing package into '/cache/r-lib-1'
(as 'lib' is unspecified)
also installing the dependency 'later'

trying URL 'https://packagemanager.posit.co/cran/latest/src/contrib/later_1.4.8.tar.gz'
trying URL 'https://packagemanager.posit.co/cran/latest/src/contrib/quarto_1.5.1.tar.gz'
* installing *source* package 'later' ...
** this is package 'later' version '1.4.8'
** package 'later' successfully unpacked and MD5 sums checked
** using staged installation
** libs
using C compiler: 'gcc (Ubuntu 13.3.0-6ubuntu2~24.04.1) 13.3.0'
using C++ compiler: 'g++ (Ubuntu 13.3.0-6ubuntu2~24.04.1) 13.3.0'
installing to /cache/r-lib-1/00LOCK-later/00new/later/libs
** R
** inst
** byte-compile and prepare package for lazy loading
** help
*** installing help indices
** building package indices
** installing vignettes
** testing if installed package can be loaded from temporary location
** checking absolute paths in shared objects and dynamic libraries
** testing if installed package can be loaded from final location
** testing if installed package keeps a record of temporary installation path
* DONE (later)
* installing *source* package 'quarto' ...
** this is package 'quarto' version '1.5.1'
** package 'quarto' successfully unpacked and MD5 sums checked
** using staged installation
** R
** inst
** byte-compile and prepare package for lazy loading
** help
*** installing help indices
*** copying figures
** building package indices
** installing vignettes
** testing if installed package can be loaded from temporary location
** testing if installed package can be loaded from final location
** testing if installed package keeps a record of temporary installation path
* DONE (quarto)

The downloaded source packages are in
	'/tmp/RtmpdumSmo/downloaded_packages'
[1/5] TODO.md
[2/5] hikmah-testing-default.qmd


processing file: hikmah-testing-default.qmd
1/5                  
2/5 [unnamed-chunk-1]
3/5                  
4/5 [fig-n-lights]   
5/5                  
output file: hikmah-testing-default.knit.md



processing file: hikmah-testing-default.qmd
1/5                  
2/5 [unnamed-chunk-1]
3/5                  
4/5 [fig-n-lights]   
5/5                  
output file: hikmah-testing-default.knit.md



processing file: hikmah-testing-default.qmd
1/5                  
2/5 [unnamed-chunk-1]
3/5                  
4/5 [fig-n-lights]   
5/5                  
output file: hikmah-testing-default.knit.md



processing file: hikmah-testing-default.qmd
1/5                  
2/5 [unnamed-chunk-1]
3/5                  
4/5 [fig-n-lights]   
5/5                  
output file: hikmah-testing-default.knit.md

[typst]: Compiling hikmah-testing-default.typ to hikmah-testing-default.pdf...DONE


Rendering PDF
running lualatex - 1
  This is LuaHBTeX, Version 1.24.0 (TeX Live 2026) 
   restricted system commands enabled.
  
  luaotfload | db : Font names database not found, generating new one.
  luaotfload | db : This can take several minutes; please be patient.
updating tlmgr

updating existing packages
finding package for setspace.sty
> 1 package to install
> installing setspace (1 of 1)
  This is LuaHBTeX, Version 1.24.0 (TeX Live 2026) 
   restricted system commands enabled.
  
finding package for nowidow.sty
> 1 package to install
> installing nowidow (1 of 1)
  This is LuaHBTeX, Version 1.24.0 (TeX Live 2026) 
   restricted system commands enabled.
  
finding package for tocloft.sty
> 1 package to install
> installing tocloft (1 of 1)
  This is LuaHBTeX, Version 1.24.0 (TeX Live 2026) 
   restricted system commands enabled.
  
finding package for orcidlink.sty
> 1 package to install
> installing orcidlink (1 of 1)
  This is LuaHBTeX, Version 1.24.0 (TeX Live 2026) 
   restricted system commands enabled.
  
finding package for abstract.sty
> 1 package to install
> installing abstract (1 of 1)
  This is LuaHBTeX, Version 1.24.0 (TeX Live 2026) 
   restricted system commands enabled.
  
finding package for titling.sty
> 1 package to install
> installing titling (1 of 1)
  This is LuaHBTeX, Version 1.24.0 (TeX Live 2026) 
   restricted system commands enabled.
  
finding package for footmisc.sty
> 1 package to install
> installing footmisc (1 of 1)
  This is LuaHBTeX, Version 1.24.0 (TeX Live 2026) 
   restricted system commands enabled.
  
finding package for pdflscape.sty
> 1 package to install
> installing pdflscape (1 of 1)
  This is LuaHBTeX, Version 1.24.0 (TeX Live 2026) 
   restricted system commands enabled.
  
finding package for luatexbase.sty
> 1 package to install
> installing luatexbase (1 of 1)
  This is LuaHBTeX, Version 1.24.0 (TeX Live 2026) 
   restricted system commands enabled.
  
finding package for authblk.sty
> 1 package to install
> installing preprint (1 of 1)
  This is LuaHBTeX, Version 1.24.0 (TeX Live 2026) 
   restricted system commands enabled.
  
running lualatex - 2
  This is LuaHBTeX, Version 1.24.0 (TeX Live 2026) 
   restricted system commands enabled.
  

ERROR: NotFound: No such file or directory (os error 2): rename '/home/runner/work/quarto-extensions/quarto-extensions/test-23/repo/hikmah-testing-default.pdf' -> '/home/runner/work/quarto-extensions/quarto-extensions/test-23/repo/examples/hikmah-testing-default.pdf'

Stack trace:
    at Object.renameSync (ext:deno_fs/30_fs.js:267:3)
    at safeMoveSync (file:///opt/quarto/bin/quarto.js:3217:10)
    at renderProject (file:///opt/quarto/bin/quarto.js:137537:9)
    at async _Command.actionHandler (file:///opt/quarto/bin/quarto.js:142808:24)
    at async _Command.execute (file:///opt/quarto/bin/quarto.js:102199:7)
    at async _Command.parseCommand (file:///opt/quarto/bin/quarto.js:102076:14)
    at async quarto4 (file:///opt/quarto/bin/quarto.js:188205:5)
    at async file:///opt/quarto/bin/quarto.js:188234:5
    at async file:///opt/quarto/bin/quarto.js:188088:14
    at async mainRunner (file:///opt/quarto/bin/quarto.js:188090:5)
    at async file:///opt/quarto/bin/quarto.js:188227:3
Render failed, retrying once...
[1/5] TODO.md
[2/5] hikmah-testing-default.qmd


processing file: hikmah-testing-default.qmd
1/5                  
2/5 [unnamed-chunk-1]
3/5                  
4/5 [fig-n-lights]   
5/5                  
output file: hikmah-testing-default.knit.md



processing file: hikmah-testing-default.qmd
1/5                  
2/5 [unnamed-chunk-1]
3/5                  
4/5 [fig-n-lights]   
5/5                  
output file: hikmah-testing-default.knit.md



processing file: hikmah-testing-default.qmd
1/5                  
2/5 [unnamed-chunk-1]
3/5                  
4/5 [fig-n-lights]   
5/5                  
output file: hikmah-testing-default.knit.md



processing file: hikmah-testing-default.qmd
1/5                  
2/5 [unnamed-chunk-1]
3/5                  
4/5 [fig-n-lights]   
5/5                  
output file: hikmah-testing-default.knit.md

[typst]: Compiling hikmah-testing-default.typ to hikmah-testing-default.pdf...DONE


Rendering PDF
running lualatex - 1
  This is LuaHBTeX, Version 1.24.0 (TeX Live 2026) 
   restricted system commands enabled.
  
running lualatex - 2
  This is LuaHBTeX, Version 1.24.0 (TeX Live 2026) 
   restricted system commands enabled.
  

ERROR: NotFound: No such file or directory (os error 2): rename '/home/runner/work/quarto-extensions/quarto-extensions/test-23/repo/hikmah-testing-default.pdf' -> '/home/runner/work/quarto-extensions/quarto-extensions/test-23/repo/examples/hikmah-testing-default.pdf'

Stack trace:
    at Object.renameSync (ext:deno_fs/30_fs.js:267:3)
    at safeMoveSync (file:///opt/quarto/bin/quarto.js:3217:10)
    at renderProject (file:///opt/quarto/bin/quarto.js:137537:9)
    at async _Command.actionHandler (file:///opt/quarto/bin/quarto.js:142808:24)
    at async _Command.execute (file:///opt/quarto/bin/quarto.js:102199:7)
    at async _Command.parseCommand (file:///opt/quarto/bin/quarto.js:102076:14)
    at async quarto4 (file:///opt/quarto/bin/quarto.js:188205:5)
    at async file:///opt/quarto/bin/quarto.js:188234:5
    at async file:///opt/quarto/bin/quarto.js:188088:14
    at async mainRunner (file:///opt/quarto/bin/quarto.js:188090:5)
    at async file:///opt/quarto/bin/quarto.js:188227:3
