pandoc 

  to: html
  output-file: /home/runner/work/quarto-extensions/quarto-extensions/test-23/repo/index.html
  standalone: true
  embed-resources: true
  section-divs: true
  html-math-method: mathjax
  wrap: none
  default-image-extension: png
  toc: true
  

metadata

  document-css: false
  link-citations: true
  date-format: long
  lang: en
  title: Typst Render
  subtitle: Quarto Extension
  author:
    - name: Mickaël CANOUIL, _Ph.D._
      orcid: 0000-0002-3396-4549
      url: https://mickael.canouil.fr
  extensions:
    typst-render:
      margin: 0.5em
      math: typst
  

warning: html export is under active development and incomplete
 = hint: its behaviour may change at any time
 = hint: do not rely on this feature for production use cases
 = hint: see https://github.com/typst/typst/issues/5512 for more information


warning: html export is under active development and incomplete
 = hint: its behaviour may change at any time
 = hint: do not rely on this feature for production use cases
 = hint: see https://github.com/typst/typst/issues/5512 for more information


warning: html export is under active development and incomplete
 = hint: its behaviour may change at any time
 = hint: do not rely on this feature for production use cases
 = hint: see https://github.com/typst/typst/issues/5512 for more information



Output created: index.html


