Cloning into 'repo'...
Warning message:
rv is not installed! Install rv, then restart your R session 
Installing packages into '/cache/r-lib-0'
(as 'lib' is unspecified)
also installing the dependencies 'bayestestR', 'datawizard', 'checkmate', 'insight', 'parameters', 'performance', 'tables', 'sysfonts', 'showtextdb'

trying URL 'https://packagemanager.posit.co/cran/latest/src/contrib/bayestestR_0.18.1.tar.gz'
trying URL 'https://packagemanager.posit.co/cran/latest/src/contrib/datawizard_1.3.1.tar.gz'
trying URL 'https://packagemanager.posit.co/cran/latest/src/contrib/checkmate_2.3.4.tar.gz'
trying URL 'https://packagemanager.posit.co/cran/latest/src/contrib/insight_1.5.2.tar.gz'
trying URL 'https://packagemanager.posit.co/cran/latest/src/contrib/parameters_0.29.2.tar.gz'
trying URL 'https://packagemanager.posit.co/cran/latest/src/contrib/performance_0.17.1.tar.gz'
trying URL 'https://packagemanager.posit.co/cran/latest/src/contrib/tables_0.9.35.tar.gz'
trying URL 'https://packagemanager.posit.co/cran/latest/src/contrib/sysfonts_0.8.9.tar.gz'
trying URL 'https://packagemanager.posit.co/cran/latest/src/contrib/showtextdb_3.0.tar.gz'
trying URL 'https://packagemanager.posit.co/cran/latest/src/contrib/modelsummary_2.6.0.tar.gz'
trying URL 'https://packagemanager.posit.co/cran/latest/src/contrib/patchwork_1.3.2.tar.gz'
trying URL 'https://packagemanager.posit.co/cran/latest/src/contrib/showtext_0.9-8.tar.gz'
trying URL 'https://packagemanager.posit.co/cran/latest/src/contrib/tinytable_0.17.0.tar.gz'
Warning message:
rv is not installed! Install rv, then restart your R session 
* installing *source* package 'checkmate' ...
** this is package 'checkmate' version '2.3.4'
** package 'checkmate' successfully unpacked and MD5 sums checked
** using staged installation
** libs
using C compiler: 'gcc (Ubuntu 13.3.0-6ubuntu2~24.04.1) 13.3.0'
installing to /cache/r-lib-0/00LOCK-checkmate/00new/checkmate/libs
** R
** inst
** byte-compile and prepare package for lazy loading
** help
*** installing help indices
** building package indices
** installing vignettes
** testing if installed package can be loaded from temporary location
** checking absolute paths in shared objects and dynamic libraries
** testing if installed package can be loaded from final location
** testing if installed package keeps a record of temporary installation path
* DONE (checkmate)
Warning message:
rv is not installed! Install rv, then restart your R session 
* installing *source* package 'insight' ...
** this is package 'insight' version '1.5.2'
** package 'insight' successfully unpacked and MD5 sums checked
** using staged installation
** R
** data
** inst
** byte-compile and prepare package for lazy loading
** help
*** installing help indices
*** copying figures
** building package indices
** installing vignettes
** testing if installed package can be loaded from temporary location
** testing if installed package can be loaded from final location
** testing if installed package keeps a record of temporary installation path
* DONE (insight)
Warning message:
rv is not installed! Install rv, then restart your R session 
* installing *source* package 'tables' ...
** this is package 'tables' version '0.9.35'
** package 'tables' successfully unpacked and MD5 sums checked
** using staged installation
** R
** inst
** byte-compile and prepare package for lazy loading
** help
*** installing help indices
** building package indices
** installing vignettes
** testing if installed package can be loaded from temporary location
** testing if installed package can be loaded from final location
** testing if installed package keeps a record of temporary installation path
* DONE (tables)
Warning message:
rv is not installed! Install rv, then restart your R session 
* installing *source* package 'sysfonts' ...
** this is package 'sysfonts' version '0.8.9'
** package 'sysfonts' successfully unpacked and MD5 sums checked
** using staged installation
** libs
using C compiler: 'gcc (Ubuntu 13.3.0-6ubuntu2~24.04.1) 13.3.0'
installing to /cache/r-lib-0/00LOCK-sysfonts/00new/sysfonts/libs
** R
** inst
** byte-compile and prepare package for lazy loading
** help
*** installing help indices
** building package indices
** testing if installed package can be loaded from temporary location
** checking absolute paths in shared objects and dynamic libraries
** testing if installed package can be loaded from final location
** testing if installed package keeps a record of temporary installation path
* DONE (sysfonts)
Warning message:
rv is not installed! Install rv, then restart your R session 
* installing *source* package 'patchwork' ...
** this is package 'patchwork' version '1.3.2'
** package 'patchwork' successfully unpacked and MD5 sums checked
** using staged installation
** R
** inst
** byte-compile and prepare package for lazy loading
** help
*** installing help indices
*** copying figures
** building package indices
** installing vignettes
** testing if installed package can be loaded from temporary location
** testing if installed package can be loaded from final location
** testing if installed package keeps a record of temporary installation path
* DONE (patchwork)
Warning message:
rv is not installed! Install rv, then restart your R session 
* installing *source* package 'tinytable' ...
** this is package 'tinytable' version '0.17.0'
** package 'tinytable' successfully unpacked and MD5 sums checked
** using staged installation
** R
** inst
** byte-compile and prepare package for lazy loading
** help
*** installing help indices
*** copying figures
** building package indices
** testing if installed package can be loaded from temporary location
** testing if installed package can be loaded from final location
** testing if installed package keeps a record of temporary installation path
* DONE (tinytable)
Warning message:
rv is not installed! Install rv, then restart your R session 
* installing *source* package 'datawizard' ...
** this is package 'datawizard' version '1.3.1'
** package 'datawizard' successfully unpacked and MD5 sums checked
** using staged installation
** R
** data
** inst
** byte-compile and prepare package for lazy loading
** help
*** installing help indices
*** copying figures
** building package indices
** installing vignettes
** testing if installed package can be loaded from temporary location
** testing if installed package can be loaded from final location
** testing if installed package keeps a record of temporary installation path
* DONE (datawizard)
Warning message:
rv is not installed! Install rv, then restart your R session 
* installing *source* package 'showtextdb' ...
** this is package 'showtextdb' version '3.0'
** package 'showtextdb' successfully unpacked and MD5 sums checked
** using staged installation
** R
** inst
** byte-compile and prepare package for lazy loading
** help
*** installing help indices
** building package indices
** testing if installed package can be loaded from temporary location
** testing if installed package can be loaded from final location
** testing if installed package keeps a record of temporary installation path
* DONE (showtextdb)
Warning message:
rv is not installed! Install rv, then restart your R session 
* installing *source* package 'bayestestR' ...
** this is package 'bayestestR' version '0.18.1'
** package 'bayestestR' successfully unpacked and MD5 sums checked
** using staged installation
** R
** data
** inst
** byte-compile and prepare package for lazy loading
** help
*** installing help indices
*** copying figures
** building package indices
** installing vignettes
** testing if installed package can be loaded from temporary location
** testing if installed package can be loaded from final location
** testing if installed package keeps a record of temporary installation path
* DONE (bayestestR)
Warning message:
rv is not installed! Install rv, then restart your R session 
* installing *source* package 'showtext' ...
** this is package 'showtext' version '0.9-8'
** package 'showtext' successfully unpacked and MD5 sums checked
** using staged installation
** libs
using C compiler: 'gcc (Ubuntu 13.3.0-6ubuntu2~24.04.1) 13.3.0'
installing to /cache/r-lib-0/00LOCK-showtext/00new/showtext/libs
** R
** inst
** byte-compile and prepare package for lazy loading
** help
*** installing help indices
** building package indices
** installing vignettes
** testing if installed package can be loaded from temporary location
** checking absolute paths in shared objects and dynamic libraries
** testing if installed package can be loaded from final location
** testing if installed package keeps a record of temporary installation path
* DONE (showtext)
Warning message:
rv is not installed! Install rv, then restart your R session 
* installing *source* package 'parameters' ...
** this is package 'parameters' version '0.29.2'
** package 'parameters' successfully unpacked and MD5 sums checked
** using staged installation
** R
** data
** inst
** byte-compile and prepare package for lazy loading
** help
*** installing help indices
*** copying figures
** building package indices
** installing vignettes
** testing if installed package can be loaded from temporary location
** testing if installed package can be loaded from final location
** testing if installed package keeps a record of temporary installation path
* DONE (parameters)
Warning message:
rv is not installed! Install rv, then restart your R session 
* installing *source* package 'performance' ...
** this is package 'performance' version '0.17.1'
** package 'performance' successfully unpacked and MD5 sums checked
** using staged installation
** R
** inst
** byte-compile and prepare package for lazy loading
** help
*** installing help indices
*** copying figures
** building package indices
** testing if installed package can be loaded from temporary location
** testing if installed package can be loaded from final location
** testing if installed package keeps a record of temporary installation path
* DONE (performance)
Warning message:
rv is not installed! Install rv, then restart your R session 
* installing *source* package 'modelsummary' ...
** this is package 'modelsummary' version '2.6.0'
** package 'modelsummary' successfully unpacked and MD5 sums checked
** using staged installation
** R
** inst
** byte-compile and prepare package for lazy loading
** help
*** installing help indices
*** copying figures
** building package indices
** testing if installed package can be loaded from temporary location
** testing if installed package can be loaded from final location
** testing if installed package keeps a record of temporary installation path
* DONE (modelsummary)

The downloaded source packages are in
	'/tmp/RtmpHEPi8H/downloaded_packages'
[1/2] template-full.qmd
Warning message:
rv is not installed! Install rv, then restart your R session 


processing file: template-full.qmd
1/15                   
2/15 [setup]           
3/15                   
4/15 [fig-facet]       
5/15                   
6/15 [fig-patchwork]   
7/15                   
8/15 [tbl-sum-penguins]
9/15                   
10/15 [tbl-regression]  
11/15                   
12/15 [prep-mitex]      
13/15                   
14/15 [tbl-math]        
15/15                   
output file: template-full.knit.md

There were 50 or more warnings (use warnings() to see the first 50)
[typst]: Compiling template-full.typ to template-full.pdf...downloading @preview/mitex:0.2.7

  0 B / 109.3 KiB (  0 %),   1.1 MiB/s, ETA: 0 s
109.3 KiB / 109.3 KiB (100 %),   1.1 MiB/s, ETA: 0 s
DONE

[2/2] template.qmd
Warning message:
rv is not installed! Install rv, then restart your R session 


processing file: template.qmd
1/7                  
2/7 [fig-hist-mpg]   
3/7                  
4/7 [tbl-mtcars-head]
5/7                  
6/7 [fig-scatter-car]
7/7                  
output file: template.knit.md

[typst]: Compiling template.typ to template.pdf...warning: unknown font family: libertinus sans
    ┌─ template.typ:327:31
    │
327 │   show heading: set text(font: sansfont, weight: "semibold")
    │                                ^^^^^^^^

warning: unknown font family: libertinus sans
    ┌─ template.typ:370:40
    │
370 │         #text(weight: "semibold", font: sansfont, size: 0.8em)[
    │                                         ^^^^^^^^

warning: unknown font family: libertinus sans
    ┌─ template.typ:390:53
    │
390 │         #text(weight: "semibold", size: 1.5em, font: sansfont)[
    │                                                      ^^^^^^^^

warning: unknown font family: libertinus sans
    ┌─ template.typ:409:33
    │
409 │         #text(size: 1.2em, font: sansfont)[#author.name]
    │                                  ^^^^^^^^

warning: unknown font family: libertinus sans
    ┌─ template.typ:418:34
    │
418 │         #text(size: 0.85em, font: sansfont)[#author.affiliation] \
    │                                   ^^^^^^^^

warning: unknown font family: libertinus sans
    ┌─ template.typ:419:33
    │
419 │         #text(size: 0.7em, font: sansfont, fill: link-color)[
    │                                  ^^^^^^^^

warning: unknown font family: libertinus sans
    ┌─ template.typ:428:38
    │
428 │       #text(weight: "semibold", font: sansfont, size: 0.9em)[#abstract-title] #h(0.5em)
    │                                       ^^^^^^^^

warning: unknown font family: libertinus sans
    ┌─ template.typ:429:18
    │
429 │       #text(font: sansfont)[#abstract]
    │                   ^^^^^^^^

warning: unknown font family: libertinus sans
    ┌─ template.typ:431:39
    │
431 │         text(weight: "semibold", font: sansfont, size: 0.9em)[\ Keywords:]
    │                                        ^^^^^^^^

warning: unknown font family: libertinus sans
    ┌─ template.typ:433:19
    │
433 │         text(font: sansfont)[#keywords]
    │                    ^^^^^^^^

warning: unknown font family: libertinus sans
    ┌─ template.typ:330:20
    │
330 │     #set text(font: sansfont, size: 0.9em)
    │                     ^^^^^^^^

DONE


Output created: docs/template.pdf

