

processing file: example.qmd

1/7               

2/7 [code-example]

3/7               

4/7 [tbl-example] 

5/7               

6/7 [tbl-appendix]

7/7               

output file: example.knit.md


[typst]: Compiling example.typ to example.pdf...
DONE


[typst]: Compiling index.typ to index.pdf...
DONE


[typst]: Compiling index.typ to index.pdf...
DONE


[typst]: Compiling index.typ to index.pdf...
DONE


[typst]: Compiling index.typ to index.pdf...
warning: unknown font family: georgia
    ┌─ tests/brand/index.typ:848:30
    │
848 │ #show heading:
 set text(font: ("Georgia",), weight: 600, style: "normal", fill: rgb("#800020"), )
    │                               ^^^^^^^^^^^^

warning: unknown font family: helvetica
    ┌─ tests/brand/index.typ:487:17
    │
487 │   set text(font: font) if font != none
    │                  ^^^^

warning: unknown font family: courier new
    ┌─ tests/brand/index.typ:490:27
    │
490 │   show raw: set text(font: codefont) if codefont != none
    │                            ^^^^^^^^

warning: unknown font family: georgia
    ┌─ tests/brand/index.typ:637:26
    │
637 │           #set text(font: heading-family) if heading-family != none
    │                           ^^^^^^^^^^^^^^


DONE


[typst]: Compiling index.typ to index.pdf...
DONE




processing file: index.qmd

1/3                  

2/3 [unnamed-chunk-1]

3/3                  

output file: index.knit.md


[typst]: Compiling index.typ to index.pdf...
DONE


[typst]: Compiling index.typ to index.pdf...
DONE


[typst]: Compiling template.typ to template.pdf...
DONE




Output created: template.pdf


