Cloning into 'repo'...
[1/9] example.qmd


processing file: example.qmd
1/7               
2/7 [code-example]
3/7               
4/7 [tbl-example] 
5/7               
6/7 [tbl-appendix]
7/7               
output file: example.knit.md

[typst]: Compiling example.typ to example.pdf...DONE

[2/9] tests/appendix-numberings/index.qmd
[typst]: Compiling index.typ to index.pdf...DONE

[3/9] tests/authornote-citation/index.qmd
[typst]: Compiling index.typ to index.pdf...DONE

[4/9] tests/text/index.qmd


processing file: index.qmd
1/3                  
2/3 [unnamed-chunk-1]
3/3                  
output file: index.knit.md

[typst]: Compiling index.typ to index.pdf...DONE

[5/9] tests/callouts/index.qmd
[typst]: Compiling index.typ to index.pdf...DONE

[6/9] tests/math-block-spacing/index.qmd
[typst]: Compiling index.typ to index.pdf...DONE

[7/9] tests/bibliography/index.qmd
[typst]: Compiling index.typ to index.pdf...DONE

[8/9] NEWS.md
[9/9] template.qmd
[typst]: Compiling template.typ to template.pdf...DONE


Output created: template.pdf

