Cloning into 'repo'...
Installing package into '/cache/r-lib-1'
(as 'lib' is unspecified)
trying URL 'https://packagemanager.posit.co/cran/latest/src/contrib/renv_1.2.4.tar.gz'
Content type 'binary/octet-stream' length 1435963 bytes (1.4 MB)
==================================================
downloaded 1.4 MB

* installing *source* package 'renv' ...
** this is package 'renv' version '1.2.4'
** package 'renv' successfully unpacked and MD5 sums checked
** using staged installation
** R
** inst
** byte-compile and prepare package for lazy loading
** help
*** installing help indices
*** copying figures
** building package indices
** installing vignettes
** testing if installed package can be loaded from temporary location
** checking absolute paths in shared objects and dynamic libraries
** testing if installed package can be loaded from final location
** testing if installed package keeps a record of temporary installation path
* DONE (renv)

The downloaded source packages are in
	'/tmp/RtmpH7Tf5Y/downloaded_packages'


processing file: example.qmd
1/3                  
2/3 [unnamed-chunk-1]
3/3                  
output file: example.knit.md

pandoc 
  to: revealjs
  output-file: example.html
  standalone: true
  self-contained: true
  wrap: none
  default-image-extension: png
  html-math-method:
    method: mathjax
    url: >-
      https://cdn.jsdelivr.net/npm/mathjax@2.7.9/MathJax.js?config=TeX-AMS_HTML-full
  slide-level: 2
  
metadata
  link-citations: true
  width: 1050
  height: 700
  margin: 0.1
  center: false
  navigationMode: linear
  controlsLayout: edges
  controlsTutorial: false
  hash: true
  history: true
  hashOneBasedIndex: false
  fragmentInURL: false
  transition: none
  backgroundTransition: none
  pdfSeparateFragments: false
  lang: en
  auto-stretch: true
  title: bsicons Example
  author: Shafayet Khan Shafee
  date: last-modified
  date-format: DD MMM, YYYY
  
[33mWARNING (/opt/quarto/share/filters/main.lua:22019) Shortcode 'bi' not found
[39m[33mWARNING (/opt/quarto/share/filters/main.lua:22019) Shortcode 'bi' not found
[39m[33mWARNING (/opt/quarto/share/filters/main.lua:22019) Shortcode 'bi' not found
[39m[33mWARNING (/opt/quarto/share/filters/main.lua:22019) Shortcode 'bi' not found
[39m[33mWARNING (/opt/quarto/share/filters/main.lua:22019) Shortcode 'bi' not found
[39m[33mWARNING (/opt/quarto/share/filters/main.lua:22019) Shortcode 'bi' not found
[39m[33mWARNING (/opt/quarto/share/filters/main.lua:22019) Shortcode 'bi' not found
[39m[33mWARNING (/opt/quarto/share/filters/main.lua:22019) Shortcode 'bi' not found
[39m[33mWARNING (/opt/quarto/share/filters/main.lua:22019) Shortcode 'bi' not found
[39m[33mWARNING (/opt/quarto/share/filters/main.lua:22019) Shortcode 'bi' not found
[39m[33mWARNING (/opt/quarto/share/filters/main.lua:22019) Shortcode 'bi' not found
[39m[33mWARNING (/opt/quarto/share/filters/main.lua:22019) Shortcode 'bi' not found
[39m[33mWARNING (/opt/quarto/share/filters/main.lua:22019) Shortcode 'bi' not found
[39m[33mWARNING (/opt/quarto/share/filters/main.lua:22019) Shortcode 'bi' not found
[39m[33mWARNING (/opt/quarto/share/filters/main.lua:22019) Shortcode 'bi' not found
[39m[33mWARNING (/opt/quarto/share/filters/main.lua:22019) Shortcode 'bi' not found
[39m[33mWARNING (/opt/quarto/share/filters/main.lua:22019) Shortcode 'bi' not found
[39m[33mWARNING (/opt/quarto/share/filters/main.lua:22019) Shortcode 'bi' not found
[39m[33mWARNING (/opt/quarto/share/filters/main.lua:22019) Shortcode 'bi' not found
[39m[33mWARNING (/opt/quarto/share/filters/main.lua:22019) Shortcode 'bi' not found
[39m[33mWARNING (/opt/quarto/share/filters/main.lua:22019) Shortcode 'bi' not found
[39mOutput created: example.html

pandoc 
  to: html
  output-file: example_simpleicons.html
  standalone: true
  self-contained: true
  section-divs: true
  html-math-method: mathjax
  wrap: none
  default-image-extension: png
  
metadata
  document-css: false
  link-citations: true
  date-format: long
  lang: en
  title: simpleicons Example (HTML)
  
Error running filter '/opt/quarto/share/filters/main.lua':
Could not fetch https://simpleicons.org/icons/slack.svg
HttpExceptionRequest Request {
  host                 = "simpleicons.org"
  port                 = 443
  secure               = True
  requestHeaders       = [("User-Agent","pandoc/3.10")]
  path                 = "/icons/slack.svg"
  queryString          = ""
  method               = "GET"
  proxy                = Nothing
  rawBody              = False
  redirectCount        = 10
  responseTimeout      = ResponseTimeoutDefault
  requestVersion       = HTTP/1.1
  proxySecureMode      = ProxySecureWithConnect
}
 (StatusCodeException (Response {responseStatus = Status {statusCode = 404, statusMessage = "Not Found"}, responseVersion = HTTP/1.1, responseHeaders = [("Date","Sat, 15 Aug 2026 14:25:16 GMT"),("Content-Type","text/html; charset=utf-8"),("Transfer-Encoding","chunked"),("Connection","keep-alive"),("x-content-type-options","nosniff"),("Report-To","{\"group\":\"cf-nel\",\"max_age\":604800,\"endpoints\":[{\"url\":\"https://a.nel.cloudflare.com/report/v4?s=wNa3LVLTcQ6BcgBT%2BJKa3wrYc6l9DdcBCZJj7iskvLckL%2FWSefGHxZ1pdbgi9z%2Ff1vXkaHUqTS16N3fSJoLttib3iaf%2Bate8LOJh%2BdEin7IJMVCdyjSsAV5HqsQox4slgK4%3D\"}]}"),("Nel","{\"report_to\":\"cf-nel\",\"success_fraction\":0.0,\"max_age\":604800}"),("Access-Control-Allow-Origin","*"),("Cache-Control","no-store"),("referrer-policy","strict-origin-when-cross-origin"),("Speculation-Rules","\"/cdn-cgi/speculation\""),("Server-Timing","cfCacheStatus;desc=\"BYPASS\""),("Server-Timing","cfEdge;dur=6,cfOrigin;dur=11"),("Server","cloudflare"),("cf-cache-status","BYPASS"),("vary","accept-encoding"),("Content-Encoding","gzip"),("CF-RAY","a2b8de202ec5cdb0-LAX"),("alt-svc","h3=\":443\"; ma=86400")], responseBody = (), responseCookieJar = CJ {expose = []}, responseClose' = ResponseClose, responseOriginalRequest = Request {
  host                 = "simpleicons.org"
  port                 = 443
  secure               = True
  requestHeaders       = [("User-Agent","pandoc/3.10")]
  path                 = "/icons/slack.svg"
  queryString          = ""
  method               = "GET"
  proxy                = Nothing
  rawBody              = False
  redirectCount        = 10
  responseTimeout      = ResponseTimeoutDefault
  requestVersion       = HTTP/1.1
  proxySecureMode      = ProxySecureWithConnect
}
, responseEarlyHints = []}) "<!doctype html><script type=\"9070c3be7596a926a54820c7-text/javascript\">const PATH=`404/`,params=new URL(window.location).searchParams.toString(),opts=params?`?${params}`:``;window.location=`https://simpleicons.org/404/${opts}`;</script><noscript><meta content=\"0; URL=https://simpleicons.org/404/\" http-equiv=refresh></head></noscript></html><script type=\"module\" src=\"https://static.cloudflareinsights.com/beacon.min.js/v4513226cdae34746b4dedf0b4dfa099e1781791509496\" integrity=\"sha512-ZE9pZaUXND66v380QUtch/5sE9tPFh2zg45pR2PB0CVkCtOREv2AJKkSidISWkysEuQ0EH8faUU5du78bx87UQ==\" data-cf-beacon='{\"version\":\"2024.11.0\",\"token\":\"6119c6c2ff1c4ac59e73ca98c9a7d467\",\"r\":1}' crossorigin=\"anonymous\"></script>\n<script src=\"/cdn-cgi/scripts/7d0fa10a/cloudflare-static/rocket-loader.min.js\" data-cf-settings=\"9070c3be7596a926a54820c7-|49\" defer></script>")
stack traceback:
	...ions/test-3/repo/_extensions/simpleicons/simpleicons.lua:18: in function <...ions/test-3/repo/_extensions/simpleicons/simpleicons.lua:8>
	(...tail calls...)
	[string "if pandoc.system.os == "mingw32" then..."]:778: in function <[string "if pandoc.system.os == "mingw32" then..."]:776>
	(...tail calls...)
	/opt/quarto/share/filters/main.lua:21758: in upvalue 'handle_shortcode'
	/opt/quarto/share/filters/main.lua:21828: in local 'filter_fn'
	/opt/quarto/share/filters/main.lua:656: in function </opt/quarto/share/filters/main.lua:646>
	(...tail calls...)
	[C]: in ?
	[C]: in method 'walk'
	/opt/quarto/share/pandoc/datadir/_utils.lua:607: in function '_utils.walk'
	/opt/quarto/share/filters/main.lua:575: in function </opt/quarto/share/filters/main.lua:553>
	(...tail calls...)
	/opt/quarto/share/filters/main.lua:21883: in field 'Pandoc'
	/opt/quarto/share/filters/main.lua:589: in function 'run_emulated_filter'
	/opt/quarto/share/filters/main.lua:1318: in local 'callback'
	/opt/quarto/share/filters/main.lua:1336: in upvalue 'run_emulated_filter_chain'
	/opt/quarto/share/filters/main.lua:1372: in function </opt/quarto/share/filters/main.lua:1369>
stack traceback:
	/opt/quarto/share/pandoc/datadir/_utils.lua:607: in function '_utils.walk'
	/opt/quarto/share/filters/main.lua:575: in function </opt/quarto/share/filters/main.lua:553>
	(...tail calls...)
	/opt/quarto/share/filters/main.lua:21883: in field 'Pandoc'
	/opt/quarto/share/filters/main.lua:589: in function 'run_emulated_filter'
	/opt/quarto/share/filters/main.lua:1318: in local 'callback'
	/opt/quarto/share/filters/main.lua:1336: in upvalue 'run_emulated_filter_chain'
	/opt/quarto/share/filters/main.lua:1372: in function </opt/quarto/share/filters/main.lua:1369>
WARN: Error encountered when rendering files
Render failed, retrying once...
pandoc 
  to: html
  output-file: example_simpleicons.html
  standalone: true
  self-contained: true
  section-divs: true
  html-math-method: mathjax
  wrap: none
  default-image-extension: png
  
metadata
  document-css: false
  link-citations: true
  date-format: long
  lang: en
  title: simpleicons Example (HTML)
  
Error running filter '/opt/quarto/share/filters/main.lua':
Could not fetch https://simpleicons.org/icons/slack.svg
HttpExceptionRequest Request {
  host                 = "simpleicons.org"
  port                 = 443
  secure               = True
  requestHeaders       = [("User-Agent","pandoc/3.10")]
  path                 = "/icons/slack.svg"
  queryString          = ""
  method               = "GET"
  proxy                = Nothing
  rawBody              = False
  redirectCount        = 10
  responseTimeout      = ResponseTimeoutDefault
  requestVersion       = HTTP/1.1
  proxySecureMode      = ProxySecureWithConnect
}
 (StatusCodeException (Response {responseStatus = Status {statusCode = 404, statusMessage = "Not Found"}, responseVersion = HTTP/1.1, responseHeaders = [("Date","Sat, 15 Aug 2026 14:25:19 GMT"),("Content-Type","text/html; charset=utf-8"),("Transfer-Encoding","chunked"),("Connection","keep-alive"),("x-content-type-options","nosniff"),("Report-To","{\"group\":\"cf-nel\",\"max_age\":604800,\"endpoints\":[{\"url\":\"https://a.nel.cloudflare.com/report/v4?s=wqDm%2BojwtYBvZj%2BtYJzhjhHfEL6RGYPkit%2F2jwsIHHNcecjC5b6J3mDgrAVRbkwiHfNq69n6o%2Fk0MifiHmDm9c7VjyA9KbmPuzRCw1VMvnEyXgp49vDZ3f6tQVOcn%2FxFzWQ%3D\"}]}"),("Nel","{\"report_to\":\"cf-nel\",\"success_fraction\":0.0,\"max_age\":604800}"),("Access-Control-Allow-Origin","*"),("Cache-Control","no-store"),("referrer-policy","strict-origin-when-cross-origin"),("Speculation-Rules","\"/cdn-cgi/speculation\""),("Server-Timing","cfCacheStatus;desc=\"BYPASS\""),("Server-Timing","cfEdge;dur=5,cfOrigin;dur=10"),("Server","cloudflare"),("cf-cache-status","BYPASS"),("vary","accept-encoding"),("Content-Encoding","gzip"),("CF-RAY","a2b8de339d8412ad-LAX"),("alt-svc","h3=\":443\"; ma=86400")], responseBody = (), responseCookieJar = CJ {expose = []}, responseClose' = ResponseClose, responseOriginalRequest = Request {
  host                 = "simpleicons.org"
  port                 = 443
  secure               = True
  requestHeaders       = [("User-Agent","pandoc/3.10")]
  path                 = "/icons/slack.svg"
  queryString          = ""
  method               = "GET"
  proxy                = Nothing
  rawBody              = False
  redirectCount        = 10
  responseTimeout      = ResponseTimeoutDefault
  requestVersion       = HTTP/1.1
  proxySecureMode      = ProxySecureWithConnect
}
, responseEarlyHints = []}) "<!doctype html><script type=\"2a9e486710a996a842a1b3f3-text/javascript\">const PATH=`404/`,params=new URL(window.location).searchParams.toString(),opts=params?`?${params}`:``;window.location=`https://simpleicons.org/404/${opts}`;</script><noscript><meta content=\"0; URL=https://simpleicons.org/404/\" http-equiv=refresh></head></noscript></html><script type=\"module\" src=\"https://static.cloudflareinsights.com/beacon.min.js/v4513226cdae34746b4dedf0b4dfa099e1781791509496\" integrity=\"sha512-ZE9pZaUXND66v380QUtch/5sE9tPFh2zg45pR2PB0CVkCtOREv2AJKkSidISWkysEuQ0EH8faUU5du78bx87UQ==\" data-cf-beacon='{\"version\":\"2024.11.0\",\"token\":\"6119c6c2ff1c4ac59e73ca98c9a7d467\",\"r\":1}' crossorigin=\"anonymous\"></script>\n<script src=\"/cdn-cgi/scripts/7d0fa10a/cloudflare-static/rocket-loader.min.js\" data-cf-settings=\"2a9e486710a996a842a1b3f3-|49\" defer></script>")
stack traceback:
	...ions/test-3/repo/_extensions/simpleicons/simpleicons.lua:18: in function <...ions/test-3/repo/_extensions/simpleicons/simpleicons.lua:8>
	(...tail calls...)
	[string "if pandoc.system.os == "mingw32" then..."]:778: in function <[string "if pandoc.system.os == "mingw32" then..."]:776>
	(...tail calls...)
	/opt/quarto/share/filters/main.lua:21758: in upvalue 'handle_shortcode'
	/opt/quarto/share/filters/main.lua:21828: in local 'filter_fn'
	/opt/quarto/share/filters/main.lua:656: in function </opt/quarto/share/filters/main.lua:646>
	(...tail calls...)
	[C]: in ?
	[C]: in method 'walk'
	/opt/quarto/share/pandoc/datadir/_utils.lua:607: in function '_utils.walk'
	/opt/quarto/share/filters/main.lua:575: in function </opt/quarto/share/filters/main.lua:553>
	(...tail calls...)
	/opt/quarto/share/filters/main.lua:21883: in field 'Pandoc'
	/opt/quarto/share/filters/main.lua:589: in function 'run_emulated_filter'
	/opt/quarto/share/filters/main.lua:1318: in local 'callback'
	/opt/quarto/share/filters/main.lua:1336: in upvalue 'run_emulated_filter_chain'
	/opt/quarto/share/filters/main.lua:1372: in function </opt/quarto/share/filters/main.lua:1369>
stack traceback:
	/opt/quarto/share/pandoc/datadir/_utils.lua:607: in function '_utils.walk'
	/opt/quarto/share/filters/main.lua:575: in function </opt/quarto/share/filters/main.lua:553>
	(...tail calls...)
	/opt/quarto/share/filters/main.lua:21883: in field 'Pandoc'
	/opt/quarto/share/filters/main.lua:589: in function 'run_emulated_filter'
	/opt/quarto/share/filters/main.lua:1318: in local 'callback'
	/opt/quarto/share/filters/main.lua:1336: in upvalue 'run_emulated_filter_chain'
	/opt/quarto/share/filters/main.lua:1372: in function </opt/quarto/share/filters/main.lua:1369>
WARN: Error encountered when rendering files
