Cloning into 'repo'...
Using CPython 3.12.3 interpreter at: /usr/bin/python3.12
Creating virtual environment at: .venv
Activate with: source .venv/bin/activate
Resolved 145 packages in 0.93ms
Downloading pandas (10.5MiB)
Downloading pillow (6.6MiB)
Downloading debugpy (3.8MiB)
Downloading brotli (1.4MiB)
Downloading plotly (8.6MiB)
Downloading ty (12.8MiB)
Downloading widgetsnbextension (2.1MiB)
Downloading jedi (4.7MiB)
Downloading ruff (9.8MiB)
Downloading gradio (29.8MiB)
Downloading pygments (1.2MiB)
Downloading numpy (15.9MiB)
Downloading pyrefly (13.7MiB)
Downloading babel (9.7MiB)
Downloading hf-xet (4.3MiB)
Downloading jupyterlab (16.4MiB)
Downloading pydantic-core (2.0MiB)
Downloading notebook (5.3MiB)
 Downloaded pygments
 Downloaded brotli
 Downloaded pydantic-core
 Downloaded widgetsnbextension
 Downloaded debugpy
 Downloaded hf-xet
 Downloaded notebook
 Downloaded pillow
 Downloaded plotly
 Downloaded ruff
 Downloaded babel
 Downloaded ty
 Downloaded pyrefly
 Downloaded pandas
 Downloaded numpy
 Downloaded jupyterlab
 Downloaded jedi
 Downloaded gradio
Prepared 138 packages in 1.73s
Installed 138 packages in 4.24s
 + annotated-doc==0.0.5
 + annotated-types==0.8.0
 + anyio==4.15.1
 + argon2-cffi==25.1.0
 + argon2-cffi-bindings==26.1.0
 + arrow==1.4.0
 + asttokens==3.0.2
 + async-lru==2.3.0
 + attrs==26.1.0
 + babel==2.18.0
 + beautifulsoup4==4.15.0
 + bleach==6.4.0
 + brotli==1.2.0
 + certifi==2026.7.22
 + cffi==2.1.1
 + charset-normalizer==3.5.1
 + click==8.5.0
 + comm==0.2.3
 + debugpy==1.8.21
 + defusedxml==0.7.1
 + executing==2.2.1
 + fastapi==0.141.1
 + fastjsonschema==2.22.2
 + filelock==3.32.5
 + fqdn==1.5.1
 + fsspec==2026.7.0
 + gradio==6.26.0
 + gradio-client==2.6.1
 + groovy==0.1.2
 + h11==0.16.0
 + hf-gradio==0.4.1
 + hf-xet==1.6.0
 + httpcore==1.0.9
 + httpx==0.28.1
 + huggingface-hub==1.30.0
 + idna==3.19
 + iniconfig==2.3.0
 + ipykernel==7.3.0
 + ipython==9.17.1
 + ipython-pygments-lexers==1.1.1
 + ipywidgets==8.1.9
 + isoduration==20.11.0
 + jedi==0.20.0
 + jinja2==3.1.6
 + json5==0.15.0
 + jsonpointer==3.1.1
 + jsonschema==4.26.0
 + jsonschema-specifications==2025.9.1
 + jupyter==1.1.1
 + jupyter-builder==1.2.3
 + jupyter-client==8.10.0
 + jupyter-console==6.6.3
 + jupyter-core==5.9.1
 + jupyter-events==0.12.1
 + jupyter-lsp==2.3.1
 + jupyter-server==2.21.0
 + jupyter-server-terminals==0.5.4
 + jupyterlab==4.6.3
 + jupyterlab-pygments==0.3.0
 + jupyterlab-server==2.28.0
 + jupyterlab-widgets==3.0.17
 + lark==1.3.1
 + markdown-it-py==4.2.0
 + markupsafe==3.0.3
 + matplotlib-inline==0.2.2
 + mdurl==0.1.2
 + mistune==3.3.4
 + narwhals==2.25.0
 + nbclient==0.11.0
 + nbconvert==7.17.1
 + nbformat==5.11.1
 + nest-asyncio2==1.7.2
 + notebook==7.6.2
 + notebook-shim==0.2.4
 + numpy==2.5.2
 + orjson==3.12.0
 + packaging==26.3
 + pandas==3.0.5
 + pandocfilters==1.5.1
 + parso==0.8.7
 + pexpect==4.9.0
 + pillow==12.3.0
 + platformdirs==4.11.7
 + plotly==7.0.0
 + pluggy==1.6.0
 + prometheus-client==0.26.0
 + prompt-toolkit==3.0.53
 + psutil==7.2.2
 + ptyprocess==0.7.0
 + pure-eval==0.2.3
 + pycparser==3.0
 + pydantic==2.13.5
 + pydantic-core==2.46.5
 + pydub==0.25.1
 + pygments==2.21.0
 + pyrefly==1.2.0
 + pytest==9.1.1
 + python-dateutil==2.9.0.post0
 + python-json-logger==4.2.0
 + python-multipart==0.0.32
 + pytz==2026.3.post1
 + pyyaml==6.0.3
 + pyzmq==27.2.0
 + referencing==0.37.0
 + requests==2.34.2
 + rfc3339-validator==0.1.4
 + rfc3986-validator==0.1.1
 + rfc3987-syntax==1.1.0
 + rich==15.0.0
 + rpds-py==2026.6.3
 + ruff==0.16.6
 + safehttpx==0.1.7
 + semantic-version==2.10.0
 + send2trash==2.1.0
 + shellingham==1.5.4
 + six==1.17.0
 + soupsieve==2.9.2
 + stack-data==0.6.3
 + starlette==1.6.0
 + terminado==0.18.1
 + tinycss2==1.5.1
 + tomlkit==0.14.0
 + tornado==6.5.8
 + tqdm==4.70.0
 + traitlets==5.16.1
 + ty==0.0.78
 + typer==0.27.2
 + typing-extensions==4.16.0
 + typing-inspection==0.4.4
 + tzdata==2026.3
 + uri-template==1.3.0
 + urllib3==2.7.0
 + uvicorn==0.52.4
 + wcwidth==0.8.3
 + webcolors==25.10.0
 + webencodings==0.6.1
 + websocket-client==1.9.2
 + widgetsnbextension==4.0.16
Resolved 80 packages in 1.03s
   Building lzstring==1.0.4
Downloading aiohttp (1.7MiB)
Downloading black (1.8MiB)
Downloading kiwisolver (1.4MiB)
Downloading matplotlib (9.4MiB)
Downloading fonttools (5.2MiB)
Downloading libsass (9.0MiB)
Downloading shiny (3.9MiB)
 Downloaded kiwisolver
 Downloaded black
 Downloaded aiohttp
 Downloaded shiny
      Built lzstring==1.0.4
 Downloaded fonttools
 Downloaded libsass
 Downloaded matplotlib
Prepared 36 packages in 451ms
Installed 37 packages in 322ms
 + aiohappyeyeballs==2.7.1
 + aiohttp==3.14.3
 + aiosignal==1.4.0
 + appdirs==1.4.4
 + asgiref==3.12.1
 + black==26.5.1
 + chevron==0.14.0
 + contourpy==1.4.0
 + cycler==0.12.1
 + entrypoints==0.4
 + fonttools==4.65.0
 + frozenlist==1.8.0
 + future==1.0.0
 + htmltools==0.7.0
 + kiwisolver==1.5.1
 + libsass==0.23.0
 + linkify-it-py==2.2.0
 + lzstring==1.0.4
 + matplotlib==3.11.2
 + mdit-py-plugins==0.6.1
 + multidict==6.8.0
 + mypy-extensions==1.1.0
 + opentelemetry-api==1.44.0
 + papermill==2.7.0
 + pathspec==1.1.1
 + propcache==0.5.2
 + pyparsing==3.3.2
 + pytokens==0.4.1
 + questionary==2.1.1
 + setuptools==84.0.0
 + shiny==1.8.0
 + shinychat==0.7.1
 + shinylive==0.8.12
 + tenacity==9.1.4
 + watchfiles==1.2.0
 + websockets==17.1
 + yarl==1.24.5
pandoc 
  to: html
  output-file: example.html
  standalone: true
  section-divs: true
  html-math-method: mathjax
  wrap: none
  default-image-extension: png
  
metadata
  document-css: false
  link-citations: true
  date-format: long
  lang: en
  title: Hello with quarto-gradio
  
Output created: example.html

pandoc 
  to: html
  output-file: index.html
  standalone: true
  title-prefix: quarto-gradio
  section-divs: true
  html-math-method: mathjax
  wrap: none
  default-image-extension: png
  toc: true
  css:
    - styles.css
  
metadata
  document-css: false
  link-citations: true
  date-format: long
  lang: en
  code-copy: true
  theme: darkly
  grid:
    sidebar-width: 300px
    body-width: 800px
    margin-width: 200px
  image: /public/quarto-gradio-bg.png
  title: Build Gradio apps into Quarto pages
  description: quarto-gradio runs embedded Python Gradio apps in the reader's browser from static HTML documents.
  
Output created: _site/index.html

pandoc 
  to: html
  output-file: troubleshooting.html
  standalone: true
  title-prefix: quarto-gradio
  section-divs: true
  html-math-method: mathjax
  wrap: none
  default-image-extension: png
  toc: true
  css:
    - ../styles.css
  
metadata
  document-css: false
  link-citations: true
  date-format: long
  lang: en
  code-copy: true
  theme: darkly
  grid:
    sidebar-width: 300px
    body-width: 800px
    margin-width: 200px
  title: Troubleshooting
  description: Diagnose Quarto render failures, missing apps, worker startup errors, package failures, and deployment problems.
  
Output created: ../_site/reference/troubleshooting.html

pandoc 
  to: html
  output-file: index.html
  standalone: true
  title-prefix: quarto-gradio
  section-divs: true
  html-math-method: mathjax
  wrap: none
  default-image-extension: png
  toc: true
  css:
    - ../styles.css
  
metadata
  document-css: false
  link-citations: true
  date-format: long
  lang: en
  code-copy: true
  theme: darkly
  grid:
    sidebar-width: 300px
    body-width: 800px
    margin-width: 200px
  title: Configuration Reference
  description: Exact defaults, scope, precedence, and emitted behavior for quarto-gradio document metadata and cell options.
  
Output created: ../_site/reference/index.html

pandoc 
  to: html
  output-file: index.html
  standalone: true
  title-prefix: quarto-gradio
  section-divs: true
  html-math-method: mathjax
  wrap: none
  default-image-extension: png
  toc: true
  css:
    - ../../styles.css
  
metadata
  document-css: false
  link-citations: true
  date-format: long
  lang: en
  code-copy: true
  theme: darkly
  grid:
    sidebar-width: 300px
    body-width: 800px
    margin-width: 200px
  title: How quarto-gradio Works
  description: Understand how Python cells become browser-run Gradio apps and how one document can define several apps.
  
Output created: ../../_site/concepts/how-it-works/index.html

pandoc 
  to: html
  output-file: index.html
  standalone: true
  title-prefix: quarto-gradio
  section-divs: true
  html-math-method: mathjax
  wrap: none
  default-image-extension: png
  toc: true
  css:
    - ../../styles.css
  
metadata
  document-css: false
  link-citations: true
  date-format: long
  lang: en
  code-copy: true
  theme: darkly
  grid:
    sidebar-width: 300px
    body-width: 800px
    margin-width: 200px
  title: Runtime and Trust
  description: Understand the frozen Gradio Lite runtime, browser execution, network access, packages, and security boundaries.
  
Output created: ../../_site/concepts/runtime/index.html

pandoc 
  to: html
  output-file: index.html
  standalone: true
  title-prefix: quarto-gradio
  section-divs: true
  html-math-method: mathjax
  wrap: none
  default-image-extension: png
  toc: true
  css:
    - ../styles.css
  
metadata
  document-css: false
  link-citations: true
  date-format: long
  lang: en
  code-copy: true
  theme: darkly
  grid:
    sidebar-width: 300px
    body-width: 800px
    margin-width: 200px
  subtitle: Runnable examples for the frozen Gradio Lite 5.45.0 browser runtime.
  gradio:
    attributes:
      playground: true
      layout: vertical
  title: Example Gallery
  description: Run and edit text, media, data, layout, chat, and model examples in the browser.
  
Output created: ../_site/playground/index.html

pandoc 
  to: html
  output-file: streaming-chatbot.html
  standalone: true
  title-prefix: quarto-gradio
  section-divs: true
  html-math-method: mathjax
  wrap: none
  default-image-extension: png
  toc: true
  css:
    - ../../styles.css
  
metadata
  document-css: false
  link-citations: true
  date-format: long
  lang: en
  code-copy: true
  theme: darkly
  grid:
    sidebar-width: 300px
    body-width: 800px
    margin-width: 200px
  subtitle: Runnable examples for the frozen Gradio Lite 5.45.0 browser runtime.
  gradio:
    attributes:
      playground: true
      layout: vertical
  title: Streaming Chatbot
  description: Yield partial chat responses from a Python generator.
  
Output created: ../../_site/playground/chatbots/streaming-chatbot.html

pandoc 
  to: html
  output-file: chatbot-with-artifacts.html
  standalone: true
  title-prefix: quarto-gradio
  section-divs: true
  html-math-method: mathjax
  wrap: none
  default-image-extension: png
  toc: true
  css:
    - ../../styles.css
  
metadata
  document-css: false
  link-citations: true
  date-format: long
  lang: en
  code-copy: true
  theme: darkly
  grid:
    sidebar-width: 300px
    body-width: 800px
    margin-width: 200px
  subtitle: Runnable examples for the frozen Gradio Lite 5.45.0 browser runtime.
  gradio:
    attributes:
      playground: true
      layout: vertical
  title: Chatbot with Artifacts
  description: Render a code artifact beside a Gradio chat response.
  
Output created: ../../_site/playground/chatbots/chatbot-with-artifacts.html

pandoc 
  to: html
  output-file: chatbot-with-tools.html
  standalone: true
  title-prefix: quarto-gradio
  section-divs: true
  html-math-method: mathjax
  wrap: none
  default-image-extension: png
  toc: true
  css:
    - ../../styles.css
  
metadata
  document-css: false
  link-citations: true
  date-format: long
  lang: en
  code-copy: true
  theme: darkly
  grid:
    sidebar-width: 300px
    body-width: 800px
    margin-width: 200px
  subtitle: Runnable examples for the frozen Gradio Lite 5.45.0 browser runtime.
  gradio:
    attributes:
      playground: true
      layout: vertical
  title: Tool Status Messages
  description: Simulate tool progress, failure, and success metadata in a Gradio chatbot.
  
Output created: ../../_site/playground/chatbots/chatbot-with-tools.html

pandoc 
  to: html
  output-file: chatbot.html
  standalone: true
  title-prefix: quarto-gradio
  section-divs: true
  html-math-method: mathjax
  wrap: none
  default-image-extension: png
  toc: true
  css:
    - ../../styles.css
  
metadata
  document-css: false
  link-citations: true
  date-format: long
  lang: en
  code-copy: true
  theme: darkly
  grid:
    sidebar-width: 300px
    body-width: 800px
    margin-width: 200px
  subtitle: Runnable examples for the frozen Gradio Lite 5.45.0 browser runtime.
  gradio:
    attributes:
      playground: true
      layout: vertical
  title: Chatbot
  description: Build a minimal synchronous Gradio ChatInterface.
  
Output created: ../../_site/playground/chatbots/chatbot.html

pandoc 
  to: html
  output-file: sepia-filter.html
  standalone: true
  title-prefix: quarto-gradio
  section-divs: true
  html-math-method: mathjax
  wrap: none
  default-image-extension: png
  toc: true
  css:
    - ../../styles.css
  
metadata
  document-css: false
  link-citations: true
  date-format: long
  lang: en
  code-copy: true
  theme: darkly
  grid:
    sidebar-width: 300px
    body-width: 800px
    margin-width: 200px
  subtitle: Runnable examples for the frozen Gradio Lite 5.45.0 browser runtime.
  gradio:
    attributes:
      playground: true
      layout: vertical
  title: Sepia Filter
  description: Apply a NumPy color transform to an image in the browser.
  
Output created: ../../_site/playground/media/sepia-filter.html

pandoc 
  to: html
  output-file: video-identity.html
  standalone: true
  title-prefix: quarto-gradio
  section-divs: true
  html-math-method: mathjax
  wrap: none
  default-image-extension: png
  toc: true
  css:
    - ../../styles.css
  
metadata
  document-css: false
  link-citations: true
  date-format: long
  lang: en
  code-copy: true
  theme: darkly
  grid:
    sidebar-width: 300px
    body-width: 800px
    margin-width: 200px
  subtitle: Runnable examples for the frozen Gradio Lite 5.45.0 browser runtime.
  gradio:
    attributes:
      playground: true
      layout: vertical
  title: Video Identity
  description: Pass an uploaded video through a Gradio app without changing it.
  
Output created: ../../_site/playground/media/video-identity.html

pandoc 
  to: html
  output-file: generate-tone.html
  standalone: true
  title-prefix: quarto-gradio
  section-divs: true
  html-math-method: mathjax
  wrap: none
  default-image-extension: png
  toc: true
  css:
    - ../../styles.css
  
metadata
  document-css: false
  link-citations: true
  date-format: long
  lang: en
  code-copy: true
  theme: darkly
  grid:
    sidebar-width: 300px
    body-width: 800px
    margin-width: 200px
  subtitle: Runnable examples for the frozen Gradio Lite 5.45.0 browser runtime.
  gradio:
    attributes:
      playground: true
      layout: vertical
  title: Generate Tone
  description: Generate an audio waveform from note, octave, and duration controls.
  
Output created: ../../_site/playground/media/generate-tone.html

pandoc 
  to: html
  output-file: tabbed-interface.html
  standalone: true
  title-prefix: quarto-gradio
  section-divs: true
  html-math-method: mathjax
  wrap: none
  default-image-extension: png
  toc: true
  css:
    - ../../styles.css
  
metadata
  document-css: false
  link-citations: true
  date-format: long
  lang: en
  code-copy: true
  theme: darkly
  grid:
    sidebar-width: 300px
    body-width: 800px
    margin-width: 200px
  subtitle: Runnable examples for the frozen Gradio Lite 5.45.0 browser runtime.
  gradio:
    attributes:
      playground: true
      layout: vertical
  title: Tabbed Interface
  description: Group two interfaces and a chat app in one Gradio TabbedInterface.
  
Output created: ../../_site/playground/design/tabbed-interface.html

pandoc 
  to: html
  output-file: layouts.html
  standalone: true
  title-prefix: quarto-gradio
  section-divs: true
  html-math-method: mathjax
  wrap: none
  default-image-extension: png
  toc: true
  css:
    - ../../styles.css
  
metadata
  document-css: false
  link-citations: true
  date-format: long
  lang: en
  code-copy: true
  theme: darkly
  grid:
    sidebar-width: 300px
    body-width: 800px
    margin-width: 200px
  subtitle: Runnable examples for the frozen Gradio Lite 5.45.0 browser runtime.
  gradio:
    attributes:
      playground: true
      layout: vertical
  title: Layouts
  description: Compose Gradio rows, columns, tabs, and an accordion in one app.
  
Output created: ../../_site/playground/design/layouts.html

pandoc 
  to: html
  output-file: diff-texts.html
  standalone: true
  title-prefix: quarto-gradio
  section-divs: true
  html-math-method: mathjax
  wrap: none
  default-image-extension: png
  toc: true
  css:
    - ../../styles.css
  
metadata
  document-css: false
  link-citations: true
  date-format: long
  lang: en
  code-copy: true
  theme: darkly
  grid:
    sidebar-width: 300px
    body-width: 800px
    margin-width: 200px
  subtitle: Runnable examples for the frozen Gradio Lite 5.45.0 browser runtime.
  gradio:
    attributes:
      playground: true
      layout: vertical
  title: Diff Texts
  description: Compare two strings and display additions and removals with Gradio HighlightedText.
  
Output created: ../../_site/playground/text/diff-texts.html

pandoc 
  to: html
  output-file: sentence-builder.html
  standalone: true
  title-prefix: quarto-gradio
  section-divs: true
  html-math-method: mathjax
  wrap: none
  default-image-extension: png
  toc: true
  css:
    - ../../styles.css
  
metadata
  document-css: false
  link-citations: true
  date-format: long
  lang: en
  code-copy: true
  theme: darkly
  grid:
    sidebar-width: 300px
    body-width: 800px
    margin-width: 200px
  subtitle: Runnable examples for the frozen Gradio Lite 5.45.0 browser runtime.
  gradio:
    attributes:
      playground: true
      layout: vertical
  title: Sentence Builder
  description: Combine several Gradio input components into one generated sentence.
  
Output created: ../../_site/playground/text/sentence-builder.html

pandoc 
  to: html
  output-file: sentiment-analysis.html
  standalone: true
  title-prefix: quarto-gradio
  section-divs: true
  html-math-method: mathjax
  wrap: none
  default-image-extension: png
  toc: true
  css:
    - ../../styles.css
  
metadata
  document-css: false
  link-citations: true
  date-format: long
  lang: en
  code-copy: true
  theme: darkly
  grid:
    sidebar-width: 300px
    body-width: 800px
    margin-width: 200px
  subtitle: Runnable examples for the frozen Gradio Lite 5.45.0 browser runtime.
  gradio:
    attributes:
      playground: true
      layout: vertical
    requirements:
      - transformers-js-py==0.19.10
  title: Sentiment Analysis
  description: Download a Transformers.js sentiment model and run it through a Python pipeline.
  
Output created: ../../_site/playground/transformers/sentiment-analysis.html

pandoc 
  to: html
  output-file: filter-records.html
  standalone: true
  title-prefix: quarto-gradio
  section-divs: true
  html-math-method: mathjax
  wrap: none
  default-image-extension: png
  toc: true
  css:
    - ../../styles.css
  
metadata
  document-css: false
  link-citations: true
  date-format: long
  lang: en
  code-copy: true
  theme: darkly
  grid:
    sidebar-width: 300px
    body-width: 800px
    margin-width: 200px
  subtitle: Runnable examples for the frozen Gradio Lite 5.45.0 browser runtime.
  gradio:
    attributes:
      playground: true
      layout: vertical
  title: Filter Records
  description: Filter an editable Pandas data frame with a Gradio dropdown.
  
Output created: ../../_site/playground/tabular/filter-records.html

pandoc 
  to: html
  output-file: transpose-matrix.html
  standalone: true
  title-prefix: quarto-gradio
  section-divs: true
  html-math-method: mathjax
  wrap: none
  default-image-extension: png
  toc: true
  css:
    - ../../styles.css
  
metadata
  document-css: false
  link-citations: true
  date-format: long
  lang: en
  code-copy: true
  theme: darkly
  grid:
    sidebar-width: 300px
    body-width: 800px
    margin-width: 200px
  subtitle: Runnable examples for the frozen Gradio Lite 5.45.0 browser runtime.
  gradio:
    attributes:
      playground: true
      layout: vertical
  title: Transpose Matrix
  description: Transpose an editable numeric matrix with NumPy.
  
Output created: ../../_site/playground/tabular/transpose-matrix.html

pandoc 
  to: html
  output-file: kinematics.html
  standalone: true
  title-prefix: quarto-gradio
  section-divs: true
  html-math-method: mathjax
  wrap: none
  default-image-extension: png
  toc: true
  css:
    - ../../styles.css
  
metadata
  document-css: false
  link-citations: true
  date-format: long
  lang: en
  code-copy: true
  theme: darkly
  grid:
    sidebar-width: 300px
    body-width: 800px
    margin-width: 200px
  subtitle: Runnable examples for the frozen Gradio Lite 5.45.0 browser runtime.
  gradio:
    attributes:
      playground: true
      layout: vertical
  title: Kinematics
  description: Connect two sliders to a Gradio line plot of projectile motion.
  
Output created: ../../_site/playground/tabular/kinematics.html

pandoc 
  to: html
  output-file: 404.html
  standalone: true
  title-prefix: quarto-gradio
  section-divs: true
  html-math-method: mathjax
  wrap: none
  default-image-extension: png
  toc: false
  css:
    - styles.css
  
metadata
  document-css: false
  link-citations: true
  date-format: long
  lang: en
  code-copy: true
  theme: darkly
  grid:
    sidebar-width: 300px
    body-width: 800px
    margin-width: 200px
  image: /public/quarto-gradio-bg.png
  title: Page Not Found
  description: Find the current quarto-gradio documentation route.
  search: false
  
Output created: _site/404.html

pandoc 
  to: html
  output-file: index.html
  standalone: true
  title-prefix: quarto-gradio
  section-divs: true
  html-math-method: mathjax
  wrap: none
  default-image-extension: png
  toc: true
  css:
    - ../styles.css
  
metadata
  document-css: false
  link-citations: true
  date-format: long
  lang: en
  code-copy: true
  theme: darkly
  grid:
    sidebar-width: 300px
    body-width: 800px
    margin-width: 200px
  title: Guides
  description: Complete authoring, integration, styling, and publishing tasks with quarto-gradio.
  
Output created: ../_site/guide/index.html

pandoc 
  to: html
  output-file: index.html
  standalone: true
  title-prefix: quarto-gradio
  section-divs: true
  html-math-method: mathjax
  wrap: none
  default-image-extension: png
  toc: true
  css:
    - ../../styles.css
  
metadata
  document-css: false
  link-citations: true
  date-format: long
  lang: en
  code-copy: true
  theme: darkly
  grid:
    sidebar-width: 300px
    body-width: 800px
    margin-width: 200px
  title: Match Document Styles
  description: Choose the embedded app color mode and understand the CSS boundary between Quarto and Gradio.
  
Output created: ../../_site/guide/customize-styles/index.html

pandoc 
  to: html
  output-file: index.html
  standalone: true
  title-prefix: quarto-gradio
  section-divs: true
  html-math-method: mathjax
  wrap: none
  default-image-extension: png
  toc: true
  css:
    - ../../styles.css
  
metadata
  document-css: false
  link-citations: true
  date-format: long
  lang: en
  code-copy: true
  theme: darkly
  grid:
    sidebar-width: 300px
    body-width: 800px
    margin-width: 200px
  title: Build a Coding Playground
  description: Add an editable Python source panel to an embedded Gradio app and control the editor layout.
  gradio:
    attributes:
      playground: true
      layout: vertical
  
Output created: ../../_site/guide/enable-coding-playground/index.html


Starting python3 kernel...[IPKernelApp] WARNING | Kernel is running over TCP without encryption. All communication (including code and outputs) is sent in plain text and is susceptible to eavesdropping. Use IPC transport or launch with kernel manager-provisioned CurveZMQ keys to enable transport encryption.
Done

Executing '_attributes-block.quarto_ipynb'
  Cell 1/1: ''...Done

pandoc 
  to: html
  output-file: _attributes-block.html
  standalone: true
  section-divs: true
  html-math-method: mathjax
  wrap: none
  default-image-extension: png
  
metadata
  document-css: false
  link-citations: true
  date-format: long
  lang: en
  
Output created: _attributes-block.html


Starting python3 kernel...[IPKernelApp] WARNING | Kernel is running over TCP without encryption. All communication (including code and outputs) is sent in plain text and is susceptible to eavesdropping. Use IPC transport or launch with kernel manager-provisioned CurveZMQ keys to enable transport encryption.
Done

Executing '_coding-challenge.quarto_ipynb'
  Cell 1/1: ''...Done

pandoc 
  to: html
  output-file: _coding-challenge.html
  standalone: true
  section-divs: true
  html-math-method: mathjax
  wrap: none
  default-image-extension: png
  
metadata
  document-css: false
  link-citations: true
  date-format: long
  lang: en
  
Output created: _coding-challenge.html


Starting python3 kernel...[IPKernelApp] WARNING | Kernel is running over TCP without encryption. All communication (including code and outputs) is sent in plain text and is susceptible to eavesdropping. Use IPC transport or launch with kernel manager-provisioned CurveZMQ keys to enable transport encryption.
Done

Executing '_attributes-doc.quarto_ipynb'
  Cell 1/1: ''...Done

pandoc 
  to: html
  output-file: _attributes-doc.html
  standalone: true
  section-divs: true
  html-math-method: mathjax
  wrap: none
  default-image-extension: png
  
metadata
  document-css: false
  link-citations: true
  date-format: long
  lang: en
  
Output created: _attributes-doc.html

pandoc 
  to: html
  output-file: index.html
  standalone: true
  title-prefix: quarto-gradio
  section-divs: true
  html-math-method: mathjax
  wrap: none
  default-image-extension: png
  toc: true
  css:
    - ../../styles.css
  
metadata
  document-css: false
  link-citations: true
  date-format: long
  lang: en
  code-copy: true
  theme: darkly
  grid:
    sidebar-width: 300px
    body-width: 800px
    margin-width: 200px
  title: Use a Jupyter Notebook
  description: Render Python notebook cells as a browser-run Gradio app while keeping Quarto-side execution disabled.
  
Output created: ../../_site/guide/use-with-jupyter/index.html

pandoc 
  to: html
  output-file: index.html
  standalone: true
  title-prefix: quarto-gradio
  section-divs: true
  html-math-method: mathjax
  wrap: none
  default-image-extension: png
  toc: true
  css:
    - ../../styles.css
  
metadata
  document-css: false
  link-citations: true
  date-format: long
  lang: en
  code-copy: true
  theme: darkly
  grid:
    sidebar-width: 300px
    body-width: 800px
    margin-width: 200px
  title: Install Python Packages
  description: Declare pinned app requirements or install a package from Python inside the Gradio Lite browser runtime.
  gradio:
    requirements:
      - plotly==5.24.1
  
Output created: ../../_site/guide/customize-python-modules/index.html


Starting python3 kernel...[IPKernelApp] WARNING | Kernel is running over TCP without encryption. All communication (including code and outputs) is sent in plain text and is susceptible to eavesdropping. Use IPC transport or launch with kernel manager-provisioned CurveZMQ keys to enable transport encryption.
Done

Executing '_install-module-via-micropip.quarto_ipynb'
  Cell 1/1: ''...

An error occurred while executing the following cell:
------------------
import micropip
await micropip.install("faker==37.8.0")

import gradio as gr
import pandas as pd
from faker import Faker

fake = Faker()
generators = {
    "Name": fake.name,
    "Address": fake.address,
    "Email": fake.email,
    "Phone": fake.phone_number,
    "Job": fake.job,
}

def generate_data(data_type, count):
    rows = [
        {"#": index + 1, "Data": generators[data_type]()}
        for index in range(count)
    ]
    return pd.DataFrame(rows)

demo = gr.Interface(
    fn=generate_data,
    inputs=[
        gr.Dropdown(list(generators), value="Name"),
        gr.Slider(1, 10, value=3, step=1),
    ],
    outputs=gr.Dataframe(wrap=True),
)
demo.launch()
------------------


[31m---------------------------------------------------------------------------[39m
[31mModuleNotFoundError[39m                       Traceback (most recent call last)
[36mCell[39m[36m [39m[32mIn[1][39m[32m, line 1[39m
[32m----> [39m[32m1[39m [38;5;28;01mimport[39;00m micropip
[32m      2[39m [38;5;28;01mawait[39;00m micropip.install([33m"faker==37.8.0"[39m)
[32m      3[39m 
[32m      4[39m [38;5;28;01mimport[39;00m gradio [38;5;28;01mas[39;00m gr

[31mModuleNotFoundError[39m: No module named 'micropip'

WARN: Error encountered when rendering files
Render failed, retrying once...

Starting python3 kernel...[IPKernelApp] WARNING | Kernel is running over TCP without encryption. All communication (including code and outputs) is sent in plain text and is susceptible to eavesdropping. Use IPC transport or launch with kernel manager-provisioned CurveZMQ keys to enable transport encryption.
Done

Executing '_install-module-via-micropip.quarto_ipynb'
  Cell 1/1: ''...

An error occurred while executing the following cell:
------------------
import micropip
await micropip.install("faker==37.8.0")

import gradio as gr
import pandas as pd
from faker import Faker

fake = Faker()
generators = {
    "Name": fake.name,
    "Address": fake.address,
    "Email": fake.email,
    "Phone": fake.phone_number,
    "Job": fake.job,
}

def generate_data(data_type, count):
    rows = [
        {"#": index + 1, "Data": generators[data_type]()}
        for index in range(count)
    ]
    return pd.DataFrame(rows)

demo = gr.Interface(
    fn=generate_data,
    inputs=[
        gr.Dropdown(list(generators), value="Name"),
        gr.Slider(1, 10, value=3, step=1),
    ],
    outputs=gr.Dataframe(wrap=True),
)
demo.launch()
------------------


[31m---------------------------------------------------------------------------[39m
[31mModuleNotFoundError[39m                       Traceback (most recent call last)
[36mCell[39m[36m [39m[32mIn[1][39m[32m, line 1[39m
[32m----> [39m[32m1[39m [38;5;28;01mimport[39;00m micropip
[32m      2[39m [38;5;28;01mawait[39;00m micropip.install([33m"faker==37.8.0"[39m)
[32m      3[39m 
[32m      4[39m [38;5;28;01mimport[39;00m gradio [38;5;28;01mas[39;00m gr

[31mModuleNotFoundError[39m: No module named 'micropip'

WARN: Error encountered when rendering files
