

processing file: qpanelize-cell.qmd

1/5                  

2/5 [unnamed-chunk-1]

3/5                  

4/5 [unnamed-chunk-2]

5/5                  

output file: qpanelize-cell.knit.md


FATAL (/opt/quarto/share/filters/main.lua:3757) An error occurred:
Could not run /home/runner/work/quarto-extensions/quarto-extensions/test-21/repo/docs/panelize as a JSON filter.
Please make sure the file exists and is executable.

Did you intend 'panelize' as a Lua filter in an extension?
If so, make sure you've spelled the name of the extension correctly.

The original Pandoc error follows below.
Error running filter '/home/runner/work/quarto-extensions/quarto-extensions/test-21/repo/docs/panelize':
Could not find executable /home/runner/work/quarto-extensions/quarto-extensions/test-21/repo/docs/panelize

Error running filter '/opt/quarto/share/filters/main.lua':
/opt/quarto/share/filters/main.lua:589: FATAL QUARTO ERROR
stack traceback:
	/opt/quarto/share/filters/main.lua:2621: in function 'fatal'
	/opt/quarto/share/filters/main.lua:2201: in function 'fail'
	/opt/quarto/share/filters/main.lua:3757: in field 'Pandoc'
	/opt/quarto/share/filters/main.lua:589: in function 'run_emulated_filter'
	/opt/quarto/share/filters/main.lua:1318: in local 'callback'
	/opt/quarto/share/filters/main.lua:1336: in upvalue 'run_emulated_filter_chain'
	/opt/quarto/share/filters/main.lua:1372: in function </opt/quarto/share/filters/main.lua:1369>

(WARN) Error encountered when rendering files

