Cloning into 'repo'...
ERROR: Unsupported project type atelier

Stack trace:
    at projectType (file:///opt/quarto/bin/quarto.js:69596:11)
    at projectContext (file:///opt/quarto/bin/quarto.js:92237:23)
    at async render (file:///opt/quarto/bin/quarto.js:142736:29)
    at async _Command.actionHandler (file:///opt/quarto/bin/quarto.js:143018:24)
    at async _Command.execute (file:///opt/quarto/bin/quarto.js:102408:7)
    at async _Command.parseCommand (file:///opt/quarto/bin/quarto.js:102285:14)
    at async quarto4 (file:///opt/quarto/bin/quarto.js:190371:5)
    at async file:///opt/quarto/bin/quarto.js:190400:5
    at async file:///opt/quarto/bin/quarto.js:190254:14
    at async mainRunner (file:///opt/quarto/bin/quarto.js:190256:5)
    at async file:///opt/quarto/bin/quarto.js:190393:3
Render failed, retrying once...
ERROR: Unsupported project type atelier

Stack trace:
    at projectType (file:///opt/quarto/bin/quarto.js:69596:11)
    at projectContext (file:///opt/quarto/bin/quarto.js:92237:23)
    at async render (file:///opt/quarto/bin/quarto.js:142736:29)
    at async _Command.actionHandler (file:///opt/quarto/bin/quarto.js:143018:24)
    at async _Command.execute (file:///opt/quarto/bin/quarto.js:102408:7)
    at async _Command.parseCommand (file:///opt/quarto/bin/quarto.js:102285:14)
    at async quarto4 (file:///opt/quarto/bin/quarto.js:190371:5)
    at async file:///opt/quarto/bin/quarto.js:190400:5
    at async file:///opt/quarto/bin/quarto.js:190254:14
    at async mainRunner (file:///opt/quarto/bin/quarto.js:190256:5)
    at async file:///opt/quarto/bin/quarto.js:190393:3
