pandoc 

  to: html
  output-file: example.html
  standalone: true
  embed-resources: true
  self-contained: true
  section-divs: true
  html-math-method: mathjax
  wrap: none
  default-image-extension: png
  toc: true
  syntax-definitions:
    - _extensions/sebastiandelbano/musify/resources/syntax/abc2.xml
  

metadata

  document-css: false
  link-citations: true
  date-format: long
  lang: en
  title: '{{< musify icon >}} Musify'
  toc-location: left
  favicon: resources/images/favicon.png
  copyright:
    text: © 2026, Sebastian del Bano Rollin
  theme:
    dark: darkly
    light: flatly
  


============================================================
MUSIFY EXTENSION: MISSING DEPENDENCIES
============================================================

The following required tools were not found in your PATH:
  - abc2svg (path: abcnode)
  - abc2midi (path: abc2midi)
  - fluidsynth (path: fluidsynth)
  - ffmpeg (path: ffmpeg)

Please install them using your package manager (brew, apt, npm, etc.).
  Note: abc2svg can be installed via 'npm install -g abc2svg'

The required SoundFont file was not found:
  Path: /home/runner/work/quarto-extensions/quarto-extensions/test-16/.local/share/soundfonts/timbresOfHeaven4.00.sf2

Please download 'Timbres of Heaven 4.00' and place it at this location.
============================================================


2026-08-20 16:10:39,061 - INFO - Logging initialized. Log file: output/log/abc.log

2026-08-20 16:10:39,061 - INFO - [run_abc.py:77]: Resolving image directory. arg_value=cache/images
2026-08-20 16:10:39,061 - INFO - [run_abc.py:78]: Resolving audio directory. arg_value=cache/audio
2026-08-20 16:10:39,061 - INFO - [run_abc.py:84]: Target file name base: CMajorScale
2026-08-20 16:10:39,061 - INFO - --- IMAGE GENERATION START (Renderer: abc2svg) ---
2026-08-20 16:10:39,061 - INFO - File cache/images/CMajorScale.svg missing. Generation needed.
2026-08-20 16:10:39,061 - INFO - Executing abc2svg: abcnode tosvg.js --pagewidth 25.2cm --vocalfont "sans-serif 11" --stretchlast 1 --scale 1.0 --leftmargin 0 --rightmargin 0 --topmargin 0 --botmargin 0 --musicfont Bravura cache/images/CMajorScale.abc

2026-08-20 16:10:39,062 - ERROR - abc2svg failed: Command 'abcnode tosvg.js --pagewidth 25.2cm --vocalfont "sans-serif 11" --stretchlast 1 --scale 1.0 --leftmargin 0 --rightmargin 0 --topmargin 0 --botmargin 0 --musicfont Bravura cache/images/CMajorScale.abc' returned non-zero exit status 127.

2026-08-20 16:10:39,063 - INFO - SVGO not found; skipping optional optimization.

2026-08-20 16:10:39,063 - INFO - Preparing SVG for seamless HTML embedding
2026-08-20 16:10:39,063 - INFO - --- AUDIO GENERATION START ---

2026-08-20 16:10:39,063 - INFO - File cache/audio/CMajorScale.webm missing. Generation needed.

2026-08-20 16:10:39,063 - INFO - [run_abc.py:240]: Executing abc2midi: abc2midi cache/audio/CMajorScale.abc -o cache/audio/CMajorScale.mid

2026-08-20 16:10:39,063 - ERROR - Executable for 'abc2midi' (abc2midi) not found. Is it installed?

2026-08-20 16:10:39,063 - INFO - Using SoundFont: /home/runner/work/quarto-extensions/quarto-extensions/test-16/.local/share/soundfonts/timbresOfHeaven4.00.sf2

2026-08-20 16:10:39,064 - INFO - [run_abc.py:251]: Executing fluidsynth: fluidsynth -n -i -F cache/audio/CMajorScale.wav /home/runner/work/quarto-extensions/quarto-extensions/test-16/.local/share/soundfonts/timbresOfHeaven4.00.sf2 cache/audio/CMajorScale.mid

2026-08-20 16:10:39,064 - ERROR - Executable for 'fluidsynth' (fluidsynth) not found. Is it installed?

2026-08-20 16:10:39,064 - INFO - [run_abc.py:256]: Executing ffmpeg: ffmpeg -y -i cache/audio/CMajorScale.wav -c:a libopus -b:a 64k cache/audio/CMajorScale.webm

2026-08-20 16:10:39,064 - ERROR - Executable for 'ffmpeg' (ffmpeg) not found. Is it installed?

2026-08-20 16:10:39,127 - INFO - Logging initialized. Log file: output/log/abc.log

2026-08-20 16:10:39,127 - INFO - [run_abc.py:77]: Resolving image directory. arg_value=cache/images
2026-08-20 16:10:39,127 - INFO - [run_abc.py:78]: Resolving audio directory. arg_value=cache/audio
2026-08-20 16:10:39,127 - INFO - [run_abc.py:84]: Target file name base: breton
2026-08-20 16:10:39,127 - INFO - --- IMAGE GENERATION START (Renderer: abc2svg) ---
2026-08-20 16:10:39,127 - INFO - File cache/images/breton.svg missing. Generation needed.

2026-08-20 16:10:39,128 - INFO - Executing abc2svg: abcnode tosvg.js --pagewidth 25.2cm --vocalfont "sans-serif 11" --stretchlast 1 --scale 1.0 --leftmargin 0 --rightmargin 0 --topmargin 0 --botmargin 0 --musicfont Bravura cache/images/breton.abc

2026-08-20 16:10:39,129 - ERROR - abc2svg failed: Command 'abcnode tosvg.js --pagewidth 25.2cm --vocalfont "sans-serif 11" --stretchlast 1 --scale 1.0 --leftmargin 0 --rightmargin 0 --topmargin 0 --botmargin 0 --musicfont Bravura cache/images/breton.abc' returned non-zero exit status 127.

2026-08-20 16:10:39,129 - INFO - SVGO not found; skipping optional optimization.

2026-08-20 16:10:39,129 - INFO - Preparing SVG for seamless HTML embedding

2026-08-20 16:10:39,129 - INFO - --- AUDIO GENERATION START ---

2026-08-20 16:10:39,129 - INFO - File cache/audio/breton.webm missing. Generation needed.

2026-08-20 16:10:39,129 - INFO - [run_abc.py:240]: Executing abc2midi: abc2midi cache/audio/breton.abc -o cache/audio/breton.mid

2026-08-20 16:10:39,130 - ERROR - Executable for 'abc2midi' (abc2midi) not found. Is it installed?

2026-08-20 16:10:39,130 - INFO - Using SoundFont: /home/runner/work/quarto-extensions/quarto-extensions/test-16/.local/share/soundfonts/timbresOfHeaven4.00.sf2

2026-08-20 16:10:39,130 - INFO - [run_abc.py:251]: Executing fluidsynth: fluidsynth -n -i -F cache/audio/breton.wav /home/runner/work/quarto-extensions/quarto-extensions/test-16/.local/share/soundfonts/timbresOfHeaven4.00.sf2 cache/audio/breton.mid

2026-08-20 16:10:39,130 - ERROR - Executable for 'fluidsynth' (fluidsynth) not found. Is it installed?

2026-08-20 16:10:39,130 - INFO - [run_abc.py:256]: Executing ffmpeg: ffmpeg -y -i cache/audio/breton.wav -c:a libopus -b:a 64k cache/audio/breton.webm

2026-08-20 16:10:39,131 - ERROR - Executable for 'ffmpeg' (ffmpeg) not found. Is it installed?

2026-08-20 16:10:39,193 - INFO - Logging initialized. Log file: output/log/abc.log

2026-08-20 16:10:39,193 - INFO - [run_abc.py:77]: Resolving image directory. arg_value=cache/images
2026-08-20 16:10:39,193 - INFO - [run_abc.py:78]: Resolving audio directory. arg_value=cache/audio
2026-08-20 16:10:39,193 - INFO - [run_abc.py:84]: Target file name base: boarsHead
2026-08-20 16:10:39,193 - INFO - --- IMAGE GENERATION START (Renderer: abc2svg) ---
2026-08-20 16:10:39,194 - INFO - File cache/images/boarsHead.svg missing. Generation needed.

2026-08-20 16:10:39,194 - INFO - Executing abc2svg: abcnode tosvg.js --pagewidth 25.2cm --vocalfont "sans-serif 11" --stretchlast 1 --scale 1.0 --leftmargin 0 --rightmargin 0 --topmargin 0 --botmargin 0 --musicfont Bravura cache/images/boarsHead.abc

2026-08-20 16:10:39,195 - ERROR - abc2svg failed: Command 'abcnode tosvg.js --pagewidth 25.2cm --vocalfont "sans-serif 11" --stretchlast 1 --scale 1.0 --leftmargin 0 --rightmargin 0 --topmargin 0 --botmargin 0 --musicfont Bravura cache/images/boarsHead.abc' returned non-zero exit status 127.

2026-08-20 16:10:39,195 - INFO - SVGO not found; skipping optional optimization.

2026-08-20 16:10:39,195 - INFO - Preparing SVG for seamless HTML embedding

2026-08-20 16:10:39,195 - INFO - --- AUDIO GENERATION START ---

2026-08-20 16:10:39,195 - INFO - File cache/audio/boarsHead.webm missing. Generation needed.

2026-08-20 16:10:39,195 - INFO - [run_abc.py:240]: Executing abc2midi: abc2midi cache/audio/boarsHead.abc -o cache/audio/boarsHead.mid

2026-08-20 16:10:39,196 - ERROR - Executable for 'abc2midi' (abc2midi) not found. Is it installed?

2026-08-20 16:10:39,196 - INFO - Using SoundFont: /home/runner/work/quarto-extensions/quarto-extensions/test-16/.local/share/soundfonts/timbresOfHeaven4.00.sf2

2026-08-20 16:10:39,196 - INFO - [run_abc.py:251]: Executing fluidsynth: fluidsynth -n -i -F cache/audio/boarsHead.wav /home/runner/work/quarto-extensions/quarto-extensions/test-16/.local/share/soundfonts/timbresOfHeaven4.00.sf2 cache/audio/boarsHead.mid

2026-08-20 16:10:39,196 - ERROR - Executable for 'fluidsynth' (fluidsynth) not found. Is it installed?

2026-08-20 16:10:39,196 - INFO - [run_abc.py:256]: Executing ffmpeg: ffmpeg -y -i cache/audio/boarsHead.wav -c:a libopus -b:a 64k cache/audio/boarsHead.webm

2026-08-20 16:10:39,197 - ERROR - Executable for 'ffmpeg' (ffmpeg) not found. Is it installed?

2026-08-20 16:10:39,261 - INFO - Logging initialized. Log file: output/log/abc.log

2026-08-20 16:10:39,262 - INFO - [run_abc.py:77]: Resolving image directory. arg_value=cache/images
2026-08-20 16:10:39,262 - INFO - [run_abc.py:78]: Resolving audio directory. arg_value=cache/audio
2026-08-20 16:10:39,262 - INFO - [run_abc.py:84]: Target file name base: shaveAndHaircut
2026-08-20 16:10:39,262 - INFO - --- IMAGE GENERATION START (Renderer: abc2svg) ---
2026-08-20 16:10:39,262 - INFO - File cache/images/shaveAndHaircut.svg missing. Generation needed.

2026-08-20 16:10:39,262 - INFO - Executing abc2svg: abcnode tosvg.js --pagewidth 25.2cm --vocalfont "sans-serif 11" --stretchlast 1 --scale 1.0 --leftmargin 0 --rightmargin 0 --topmargin 0 --botmargin 0 --musicfont Bravura cache/images/shaveAndHaircut.abc

2026-08-20 16:10:39,263 - ERROR - abc2svg failed: Command 'abcnode tosvg.js --pagewidth 25.2cm --vocalfont "sans-serif 11" --stretchlast 1 --scale 1.0 --leftmargin 0 --rightmargin 0 --topmargin 0 --botmargin 0 --musicfont Bravura cache/images/shaveAndHaircut.abc' returned non-zero exit status 127.

2026-08-20 16:10:39,263 - INFO - SVGO not found; skipping optional optimization.

2026-08-20 16:10:39,263 - INFO - Preparing SVG for seamless HTML embedding

2026-08-20 16:10:39,263 - INFO - --- AUDIO GENERATION START ---

2026-08-20 16:10:39,264 - INFO - File cache/audio/shaveAndHaircut.webm missing. Generation needed.

2026-08-20 16:10:39,264 - INFO - [run_abc.py:240]: Executing abc2midi: abc2midi cache/audio/shaveAndHaircut.abc -o cache/audio/shaveAndHaircut.mid

2026-08-20 16:10:39,264 - ERROR - Executable for 'abc2midi' (abc2midi) not found. Is it installed?

2026-08-20 16:10:39,264 - INFO - Using SoundFont: /home/runner/work/quarto-extensions/quarto-extensions/test-16/.local/share/soundfonts/timbresOfHeaven4.00.sf2

2026-08-20 16:10:39,264 - INFO - [run_abc.py:251]: Executing fluidsynth: fluidsynth -n -i -F cache/audio/shaveAndHaircut.wav /home/runner/work/quarto-extensions/quarto-extensions/test-16/.local/share/soundfonts/timbresOfHeaven4.00.sf2 cache/audio/shaveAndHaircut.mid

2026-08-20 16:10:39,265 - ERROR - Executable for 'fluidsynth' (fluidsynth) not found. Is it installed?

2026-08-20 16:10:39,265 - INFO - [run_abc.py:256]: Executing ffmpeg: ffmpeg -y -i cache/audio/shaveAndHaircut.wav -c:a libopus -b:a 64k cache/audio/shaveAndHaircut.webm

2026-08-20 16:10:39,265 - ERROR - Executable for 'ffmpeg' (ffmpeg) not found. Is it installed?

2026-08-20 16:10:39,332 - INFO - Logging initialized. Log file: output/log/abc.log

2026-08-20 16:10:39,332 - INFO - [run_abc.py:77]: Resolving image directory. arg_value=cache/images
2026-08-20 16:10:39,332 - INFO - [run_abc.py:78]: Resolving audio directory. arg_value=cache/audio
2026-08-20 16:10:39,332 - INFO - [run_abc.py:84]: Target file name base: theElephantTuba
2026-08-20 16:10:39,332 - INFO - --- IMAGE GENERATION START (Renderer: abc2svg) ---
2026-08-20 16:10:39,332 - INFO - File cache/images/theElephantTuba.svg missing. Generation needed.

2026-08-20 16:10:39,332 - INFO - Executing abc2svg: abcnode tosvg.js --pagewidth 25.2cm --vocalfont "sans-serif 11" --stretchlast 1 --scale 1.0 --leftmargin 0 --rightmargin 0 --topmargin 0 --botmargin 0 --musicfont Bravura cache/images/theElephantTuba.abc

2026-08-20 16:10:39,333 - ERROR - abc2svg failed: Command 'abcnode tosvg.js --pagewidth 25.2cm --vocalfont "sans-serif 11" --stretchlast 1 --scale 1.0 --leftmargin 0 --rightmargin 0 --topmargin 0 --botmargin 0 --musicfont Bravura cache/images/theElephantTuba.abc' returned non-zero exit status 127.

2026-08-20 16:10:39,334 - INFO - SVGO not found; skipping optional optimization.

2026-08-20 16:10:39,334 - INFO - Preparing SVG for seamless HTML embedding
2026-08-20 16:10:39,334 - INFO - --- AUDIO GENERATION START ---

2026-08-20 16:10:39,334 - INFO - File cache/audio/theElephantTuba.webm missing. Generation needed.

2026-08-20 16:10:39,334 - INFO - [run_abc.py:240]: Executing abc2midi: abc2midi cache/audio/theElephantTuba.abc -o cache/audio/theElephantTuba.mid

2026-08-20 16:10:39,334 - ERROR - Executable for 'abc2midi' (abc2midi) not found. Is it installed?

2026-08-20 16:10:39,334 - INFO - Using SoundFont: /home/runner/work/quarto-extensions/quarto-extensions/test-16/.local/share/soundfonts/timbresOfHeaven4.00.sf2

2026-08-20 16:10:39,335 - INFO - [run_abc.py:251]: Executing fluidsynth: fluidsynth -n -i -F cache/audio/theElephantTuba.wav /home/runner/work/quarto-extensions/quarto-extensions/test-16/.local/share/soundfonts/timbresOfHeaven4.00.sf2 cache/audio/theElephantTuba.mid

2026-08-20 16:10:39,335 - ERROR - Executable for 'fluidsynth' (fluidsynth) not found. Is it installed?

2026-08-20 16:10:39,335 - INFO - [run_abc.py:256]: Executing ffmpeg: ffmpeg -y -i cache/audio/theElephantTuba.wav -c:a libopus -b:a 64k cache/audio/theElephantTuba.webm

2026-08-20 16:10:39,335 - ERROR - Executable for 'ffmpeg' (ffmpeg) not found. Is it installed?

2026-08-20 16:10:39,402 - INFO - Logging initialized. Log file: output/log/abc.log

2026-08-20 16:10:39,403 - INFO - [run_abc.py:77]: Resolving image directory. arg_value=cache/images
2026-08-20 16:10:39,403 - INFO - [run_abc.py:78]: Resolving audio directory. arg_value=cache/audio
2026-08-20 16:10:39,403 - INFO - [run_abc.py:84]: Target file name base: morningMood
2026-08-20 16:10:39,403 - INFO - --- IMAGE GENERATION START (Renderer: abc2svg) ---

2026-08-20 16:10:39,403 - INFO - File cache/images/morningMood.svg missing. Generation needed.

2026-08-20 16:10:39,403 - INFO - Executing abc2svg: abcnode tosvg.js --pagewidth 25.2cm --vocalfont "sans-serif 11" --stretchlast 1 --scale 1.0 --leftmargin 0 --rightmargin 0 --topmargin 0 --botmargin 0 --musicfont Bravura cache/images/morningMood.abc

2026-08-20 16:10:39,404 - ERROR - abc2svg failed: Command 'abcnode tosvg.js --pagewidth 25.2cm --vocalfont "sans-serif 11" --stretchlast 1 --scale 1.0 --leftmargin 0 --rightmargin 0 --topmargin 0 --botmargin 0 --musicfont Bravura cache/images/morningMood.abc' returned non-zero exit status 127.

2026-08-20 16:10:39,404 - INFO - SVGO not found; skipping optional optimization.

2026-08-20 16:10:39,405 - INFO - Preparing SVG for seamless HTML embedding

2026-08-20 16:10:39,405 - INFO - --- AUDIO GENERATION START ---

2026-08-20 16:10:39,405 - INFO - File cache/audio/morningMood.webm missing. Generation needed.

2026-08-20 16:10:39,405 - INFO - [run_abc.py:240]: Executing abc2midi: abc2midi cache/audio/morningMood.abc -o cache/audio/morningMood.mid

2026-08-20 16:10:39,405 - ERROR - Executable for 'abc2midi' (abc2midi) not found. Is it installed?

2026-08-20 16:10:39,405 - INFO - Using SoundFont: /home/runner/work/quarto-extensions/quarto-extensions/test-16/.local/share/soundfonts/timbresOfHeaven4.00.sf2

2026-08-20 16:10:39,405 - INFO - [run_abc.py:251]: Executing fluidsynth: fluidsynth -n -i -F cache/audio/morningMood.wav /home/runner/work/quarto-extensions/quarto-extensions/test-16/.local/share/soundfonts/timbresOfHeaven4.00.sf2 cache/audio/morningMood.mid

2026-08-20 16:10:39,406 - ERROR - Executable for 'fluidsynth' (fluidsynth) not found. Is it installed?

2026-08-20 16:10:39,406 - INFO - [run_abc.py:256]: Executing ffmpeg: ffmpeg -y -i cache/audio/morningMood.wav -c:a libopus -b:a 64k cache/audio/morningMood.webm

2026-08-20 16:10:39,406 - ERROR - Executable for 'ffmpeg' (ffmpeg) not found. Is it installed?

2026-08-20 16:10:39,472 - INFO - Logging initialized. Log file: output/log/abc.log

2026-08-20 16:10:39,473 - INFO - [run_abc.py:77]: Resolving image directory. arg_value=cache/images
2026-08-20 16:10:39,473 - INFO - [run_abc.py:78]: Resolving audio directory. arg_value=cache/audio
2026-08-20 16:10:39,473 - INFO - [run_abc.py:84]: Target file name base: mozartK545
2026-08-20 16:10:39,473 - INFO - --- IMAGE GENERATION START (Renderer: abc2svg) ---
2026-08-20 16:10:39,473 - INFO - File cache/images/mozartK545.svg missing. Generation needed.

2026-08-20 16:10:39,473 - INFO - Executing abc2svg: abcnode tosvg.js --pagewidth 25.2cm --vocalfont "sans-serif 11" --stretchlast 1 --scale 1.0 --leftmargin 0 --rightmargin 0 --topmargin 0 --botmargin 0 --musicfont Bravura cache/images/mozartK545.abc

2026-08-20 16:10:39,474 - ERROR - abc2svg failed: Command 'abcnode tosvg.js --pagewidth 25.2cm --vocalfont "sans-serif 11" --stretchlast 1 --scale 1.0 --leftmargin 0 --rightmargin 0 --topmargin 0 --botmargin 0 --musicfont Bravura cache/images/mozartK545.abc' returned non-zero exit status 127.

2026-08-20 16:10:39,474 - INFO - SVGO not found; skipping optional optimization.

2026-08-20 16:10:39,474 - INFO - Preparing SVG for seamless HTML embedding

2026-08-20 16:10:39,474 - INFO - --- AUDIO GENERATION START ---

2026-08-20 16:10:39,474 - INFO - File cache/audio/mozartK545.webm missing. Generation needed.

2026-08-20 16:10:39,475 - INFO - [run_abc.py:240]: Executing abc2midi: abc2midi cache/audio/mozartK545.abc -o cache/audio/mozartK545.mid

2026-08-20 16:10:39,475 - ERROR - Executable for 'abc2midi' (abc2midi) not found. Is it installed?

2026-08-20 16:10:39,475 - INFO - Using SoundFont: /home/runner/work/quarto-extensions/quarto-extensions/test-16/.local/share/soundfonts/timbresOfHeaven4.00.sf2

2026-08-20 16:10:39,475 - INFO - [run_abc.py:251]: Executing fluidsynth: fluidsynth -n -i -F cache/audio/mozartK545.wav /home/runner/work/quarto-extensions/quarto-extensions/test-16/.local/share/soundfonts/timbresOfHeaven4.00.sf2 cache/audio/mozartK545.mid

2026-08-20 16:10:39,476 - ERROR - Executable for 'fluidsynth' (fluidsynth) not found. Is it installed?

2026-08-20 16:10:39,476 - INFO - [run_abc.py:256]: Executing ffmpeg: ffmpeg -y -i cache/audio/mozartK545.wav -c:a libopus -b:a 64k cache/audio/mozartK545.webm

2026-08-20 16:10:39,476 - ERROR - Executable for 'ffmpeg' (ffmpeg) not found. Is it installed?

2026-08-20 16:10:39,540 - INFO - Logging initialized. Log file: output/log/abc.log

2026-08-20 16:10:39,540 - INFO - [run_abc.py:77]: Resolving image directory. arg_value=cache/images
2026-08-20 16:10:39,540 - INFO - [run_abc.py:78]: Resolving audio directory. arg_value=cache/audio
2026-08-20 16:10:39,540 - INFO - [run_abc.py:84]: Target file name base: bachViola
2026-08-20 16:10:39,540 - INFO - --- IMAGE GENERATION START (Renderer: abc2svg) ---
2026-08-20 16:10:39,540 - INFO - File cache/images/bachViola.svg missing. Generation needed.

2026-08-20 16:10:39,541 - INFO - Executing abc2svg: abcnode tosvg.js --pagewidth 25.2cm --vocalfont "sans-serif 11" --stretchlast 1 --scale 1.0 --leftmargin 0 --rightmargin 0 --topmargin 0 --botmargin 0 --musicfont Bravura cache/images/bachViola.abc

2026-08-20 16:10:39,542 - ERROR - abc2svg failed: Command 'abcnode tosvg.js --pagewidth 25.2cm --vocalfont "sans-serif 11" --stretchlast 1 --scale 1.0 --leftmargin 0 --rightmargin 0 --topmargin 0 --botmargin 0 --musicfont Bravura cache/images/bachViola.abc' returned non-zero exit status 127.

2026-08-20 16:10:39,542 - INFO - SVGO not found; skipping optional optimization.

2026-08-20 16:10:39,542 - INFO - Preparing SVG for seamless HTML embedding

2026-08-20 16:10:39,542 - INFO - --- AUDIO GENERATION START ---

2026-08-20 16:10:39,542 - INFO - File cache/audio/bachViola.webm missing. Generation needed.

2026-08-20 16:10:39,542 - INFO - [run_abc.py:240]: Executing abc2midi: abc2midi cache/audio/bachViola.abc -o cache/audio/bachViola.mid

2026-08-20 16:10:39,543 - ERROR - Executable for 'abc2midi' (abc2midi) not found. Is it installed?

2026-08-20 16:10:39,543 - INFO - Using SoundFont: /home/runner/work/quarto-extensions/quarto-extensions/test-16/.local/share/soundfonts/timbresOfHeaven4.00.sf2

2026-08-20 16:10:39,543 - INFO - [run_abc.py:251]: Executing fluidsynth: fluidsynth -n -i -F cache/audio/bachViola.wav /home/runner/work/quarto-extensions/quarto-extensions/test-16/.local/share/soundfonts/timbresOfHeaven4.00.sf2 cache/audio/bachViola.mid

2026-08-20 16:10:39,543 - ERROR - Executable for 'fluidsynth' (fluidsynth) not found. Is it installed?

2026-08-20 16:10:39,543 - INFO - [run_abc.py:256]: Executing ffmpeg: ffmpeg -y -i cache/audio/bachViola.wav -c:a libopus -b:a 64k cache/audio/bachViola.webm

2026-08-20 16:10:39,544 - ERROR - Executable for 'ffmpeg' (ffmpeg) not found. Is it installed?

Output created: output/example.html


