  % Total    % Received % Xferd  Average 
Speed   Time    Time     Time  Current
                                 Dload  Upload   Total   Spent    Left  Speed
  0     0    0     0    0     0      0      0 --:--:-- --:--:-- --:--:--     0
-:-- --:--:-- --:--:--  2238100  1448  100  1416  100    32   2190     49 --:--:-- --:--:-- --:--:--  2238

  % Total    % Recei
ved % Xferd  Average Speed   Time    Time     Time  Current
                                 Dload  Upload   Total   Spent    Left  Speed
  0     0    0     0    0     0      0      0 --:--:-- --:--:-- --:--:--     0
 --:--:-- --:--:--  5125

  % Total    % Received % Xferd  Average Speed   Time    Time     Time  Current
                                 Dload  Upload   Total   Spent    Left  Speed
  0     0    0     0    0     0      0      0 --:--:-- --:--:-- --:--:--     0
    244 --:--:-- --:--:-- --:--:--  5185

  % Total    % Received % Xfe
rd  Average Speed   Time    Time     Time  Current
                                 Dload  Upload   Total   Spent    Left  Speed
  0     0    0     0    0     0      0      0 --:--:-- --:--:-- --:--:--     0
3   2000    109 --:--:-- --:--:-- --:--:--  2108100  1786  100  1693  100    93   2000    109 --:--:-- --:--:-- --:--:--  2108



pandoc 

  to: latex
  output-file: index.tex
  standalone: true
  toc: true
  number-sections: true
  top-level-division: chapter
  pdf-engine: lualatex
  variables:
    graphics: true
    tables: true
  default-image-extension: pdf
  

metadata

  crossref:
    chapters: true
  documentclass: scrreprt
  papersize: letter
  classoption:
    - DIV=11
    - numbers=noendperiod
  header-includes:
    - \KOMAoption{captions}{tableheading}
  block-headings: true
  bibliography:
    - references.bib
  title: Kroki diagrams Test
  date: 23/03/2026
  

  % Total    % Received % Xferd  Avera
ge Speed   Time    Time     Time  Current
                                 Dload  Upload   Total   Spent    Left  Speed
  0     0    0     0    0     0      0      0 --:--:-- --:--:-- --:--:--     0
--:--:-- --:--:-- --:--:--  2919


Error: Inkscape has to be installed and added to PATH.


  % Total    % Received 
% Xferd  Average Speed   Time    Time     Time  Current
                                 Dload  Upload   Total   Spent    Left  Speed
  0     0    0
     0    0     0      0      0 
--:--:-- --:--:-- --
:--:--     0
447 --:--:-- --:--:-- --:--:-- 16949100  3034  100  2954  100    80  16526    447 --:--:-- --:--:-- --:--:-- 16949


Error: Inkscape has to be installed and added to PATH.


  % Total    % Re
ceived % Xferd  Average Speed   Time    Time     Time  Current
                                 Dload  Upload   Total   
Spent    Left  Speed
  0     0    0     0    0     0      0   
   0 --:--:-- --:--:-- --:--:--     0
01  0:00:01 --:--:--  1236100  1701  100  1621  100    80   1177     58  0:00:01  0:00:01 --:--:--  1236


Error: Inkscape has to be installed and added to PATH.


  % Total    % Rece
ived % Xferd  Average Speed   Time    Time     Time  Current
                                 Dload  Upload   Total   Spent    Left  Speed

 --:--:-- --:--:-- --:--:--  2116100  1786  100  1693  100    93   2005    110 --:--:-- --:--:-- --:--:--  2113


Error: Inkscape has to be installed and added to PATH.



Rendering PDF

running lualatex - 1

  This is LuaHBTeX, Version 1.24.0 (TeX Live 2026) 
   restricted system commands enabled.
  

updating tlmgr



updating existing packages

finding package for scrreprt.cls

> 1 package to install

> installing koma-script (1 of 1)

  This is LuaHBTeX, Version 1.24.0 (TeX Live 2026) 
   restricted system commands enabled.
  
  luaotfload | db : Font names database not found, generating new one.
  luaotfload | db : This can take several minutes; please be patient.

running lualatex - 2

  This is LuaHBTeX, Version 1.24.0 (TeX Live 2026) 
   restricted system commands enabled.
  



Output created: _book/index.html


