

processing file: index.qmd

1/13                  

2/13 [unnamed-chunk-1]

3/13                  

4/13 [unnamed-chunk-2]

5/13                  

6/13 [unnamed-chunk-3]

7/13                  

8/13 [unnamed-chunk-4]

9/13                  

10/13 [unnamed-chunk-5]

11/13                  

12/13 [unnamed-chunk-6]

13/13                  

output file: index.knit.md


Error running filter '/opt/quarto/share/filters/main.lua':
/opt/quarto/share/filters/main.lua:23088: attempt to call a nil value (method 'map')
stack traceback:
	/opt/quarto/share/filters/main.lua:938: in field 'Tabset'
	...-extensions/test-9/repo/docs/_extensions/tabby/tabby.lua:212: in function <...-extensions/test-9/repo/docs/_extensions/tabby/tabby.lua:147>
	(...tail calls...)
	[C]: in ?
	[C]: in method 'walk'
	/opt/quarto/share/pandoc/datadir/_utils.lua:607: in function '_utils.walk'
	/opt/quarto/share/filters/main.lua:575: in function </opt/quarto/share/filters/main.lua:553>
	(...tail calls...)
	/opt/quarto/share/filters/main.lua:1318: in local 'callback'
	[string "if pandoc.system.os == "mingw32" then..."]:778: in field 'withScriptFile'
	/opt/quarto/share/filters/main.lua:1334: in upvalue 'run_emulated_filter_chain'
	/opt/quarto/share/filters/main.lua:1372: in function </opt/quarto/share/filters/main.lua:1369>
stack traceback:
	/opt/quarto/share/pandoc/datadir/_utils.lua:607: in function '_utils.walk'
	/opt/quarto/share/filters/main.lua:575: in function </opt/quarto/share/filters/main.lua:553>
	(...tail calls...)
	/opt/quarto/share/filters/main.lua:1318: in local 'callback'
	[string "if pandoc.system.os == "mingw32" then..."]:778: in field 'withScriptFile'
	/opt/quarto/share/filters/main.lua:1334: in upvalue 'run_emulated_filter_chain'
	/opt/quarto/share/filters/main.lua:1372: in function </opt/quarto/share/filters/main.lua:1369>

(WARN) Error encountered when rendering files

