Cloning into 'repo'...
[1/6] index.qmd
[2/6] demos/template-pdf-lor.qmd


processing file: template-pdf-lor.qmd
1/1
output file: template-pdf-lor.knit.md


Rendering PDF
running lualatex - 1
  This is LuaHBTeX, Version 1.24.0 (TeX Live 2026) 
   restricted system commands enabled.
  
updating tlmgr

updating existing packages
finding package for newlfm.cls
> 1 package to install
> installing newlfm (1 of 1)
  This is LuaHBTeX, Version 1.24.0 (TeX Live 2026) 
   restricted system commands enabled.
  
finding package for eso-pic.sty
> 1 package to install
> installing eso-pic (1 of 1)
  This is LuaHBTeX, Version 1.24.0 (TeX Live 2026) 
   restricted system commands enabled.
  
finding package for setspace.sty
> 1 package to install
> installing setspace (1 of 1)
  This is LuaHBTeX, Version 1.24.0 (TeX Live 2026) 
   restricted system commands enabled.
  
finding package for lastpage.sty
> 1 package to install
> installing lastpage (1 of 1)
  This is LuaHBTeX, Version 1.24.0 (TeX Live 2026) 
   restricted system commands enabled.
  
  luaotfload | db : Font names database not found, generating new one.
  luaotfload | db : This can take several minutes; please be patient.
finding package for bbding.sty
> 1 package to install
> installing bbding (1 of 1)
  This is LuaHBTeX, Version 1.24.0 (TeX Live 2026) 
   restricted system commands enabled.
  
running lualatex - 2
  This is LuaHBTeX, Version 1.24.0 (TeX Live 2026) 
   restricted system commands enabled.
  

[3/6] demos/template-beamer.qmd

Rendering PDF
running lualatex - 1
  This is LuaHBTeX, Version 1.24.0 (TeX Live 2026) 
   restricted system commands enabled.
  
updating tlmgr

updating existing packages
finding package for units.sty
> 1 package to install
> installing units (1 of 1)
  This is LuaHBTeX, Version 1.24.0 (TeX Live 2026) 
   restricted system commands enabled.
  
finding package for physics.sty
> 1 package to install
> installing physics (1 of 1)
  This is LuaHBTeX, Version 1.24.0 (TeX Live 2026) 
   restricted system commands enabled.
  
finding package for _extensions/coatless-quarto/stanford/beamer/beamerthemeStanford.sty
ERROR: 
compilation failed- no matching packages
LaTeX Error: File `_extensions/coatless-quarto/stanford/beamer/beamerthemeStanford.sty' not found.

Type X to quit or <RETURN> to proceed,
or enter new name. (Default extension: sty)

Enter file name: 
! Emergency stop.
<read *> 
   
l.205 \usetheme{Stanford}
                       


see /home/runner/work/quarto-extensions/quarto-extensions/test-21/repo/docs/demos/template-beamer.log for more information.
WARN: Error encountered when rendering files
Render failed, retrying once...
[1/6] index.qmd
[2/6] demos/template-pdf-lor.qmd


processing file: template-pdf-lor.qmd
1/1
output file: template-pdf-lor.knit.md


Rendering PDF
running lualatex - 1
  This is LuaHBTeX, Version 1.24.0 (TeX Live 2026) 
   restricted system commands enabled.
  
running lualatex - 2
  This is LuaHBTeX, Version 1.24.0 (TeX Live 2026) 
   restricted system commands enabled.
  

[3/6] demos/template-beamer.qmd

Rendering PDF
running lualatex - 1
  This is LuaHBTeX, Version 1.24.0 (TeX Live 2026) 
   restricted system commands enabled.
  
updating tlmgr

updating existing packages
finding package for _extensions/coatless-quarto/stanford/beamer/beamerthemeStanford.sty
ERROR: 
compilation failed- no matching packages
LaTeX Error: File `_extensions/coatless-quarto/stanford/beamer/beamerthemeStanford.sty' not found.

Type X to quit or <RETURN> to proceed,
or enter new name. (Default extension: sty)

Enter file name: 
! Emergency stop.
<read *> 
   
l.205 \usetheme{Stanford}
                       


see /home/runner/work/quarto-extensions/quarto-extensions/test-21/repo/docs/demos/template-beamer.log for more information.
WARN: Error encountered when rendering files
