Cloning into 'repo'...
Installing package into '/cache/r-lib-0'
(as 'lib' is unspecified)
also installing the dependency 'later'

trying URL 'https://packagemanager.posit.co/cran/latest/src/contrib/later_1.4.8.tar.gz'
trying URL 'https://packagemanager.posit.co/cran/latest/src/contrib/quarto_1.5.1.tar.gz'
* installing *source* package 'later' ...
** this is package 'later' version '1.4.8'
** package 'later' successfully unpacked and MD5 sums checked
** using staged installation
** libs
using C compiler: 'gcc (Ubuntu 13.3.0-6ubuntu2~24.04.1) 13.3.0'
using C++ compiler: 'g++ (Ubuntu 13.3.0-6ubuntu2~24.04.1) 13.3.0'
installing to /cache/r-lib-0/00LOCK-later/00new/later/libs
** R
** inst
** byte-compile and prepare package for lazy loading
** help
*** installing help indices
** building package indices
** installing vignettes
** testing if installed package can be loaded from temporary location
** checking absolute paths in shared objects and dynamic libraries
** testing if installed package can be loaded from final location
** testing if installed package keeps a record of temporary installation path
* DONE (later)
* installing *source* package 'quarto' ...
** this is package 'quarto' version '1.5.1'
** package 'quarto' successfully unpacked and MD5 sums checked
** using staged installation
** R
** inst
** byte-compile and prepare package for lazy loading
** help
*** installing help indices
*** copying figures
** building package indices
** installing vignettes
** testing if installed package can be loaded from temporary location
** testing if installed package can be loaded from final location
** testing if installed package keeps a record of temporary installation path
* DONE (quarto)

The downloaded source packages are in
	'/tmp/RtmpMyvShv/downloaded_packages'


processing file: README.qmd
1/3                  
2/3 [unnamed-chunk-1]
Error in `quarto_render()`:
! Error running quarto CLI from R.
Caused by error:
! Could not evaluate cli `{}` expression: `orcidlink`.
Caused by error:
! object 'orcidlink' not found
Backtrace:
     x
  1. +-quarto::quarto_render(input = "template.qmd")
  2. | \-quarto:::quarto_run(args, echo = TRUE, quarto_bin = quarto_bin)
  3. |   +-base::withCallingHandlers(...)
  4. |   \-processx::run(...)
  5. |     \-throw(...)
  6. |       \-base::signalCondition(cond)
  7. +-quarto (local) `<fn>`(`<systm___>`)
  8. | \-quarto:::wrap_quarto_error(e, args, .call = .call)
  9. |   \-cli::cli_abort(msg, call = .call, parent = cnd, )
 10. |     \-cli:::vcapply(message, format_inline, .envir = .envir)
 11. |       \-base::vapply(X, FUN, FUN.VALUE = character(1), ..., USE.NAMES = USE.NAMES)
 12. |         \-cli (local) FUN(X[[i]], ...)
 13. |           +-cli::cli_fmt(...)
 14. |           | \-cli:::cli__rec(expr)
 15. |           \-cli (local) fun(..., .envir = .envir)
 16. |             +-cli:::cli__message(...)
 17. |             | \-"id" %in% names(args)
 18. |             \-cli:::glue_cmd(..., .envir = .envir, .call = sys.call(), .trim = FALSE)
 19. |               \-cli:::glue(...)
 20. +-cli (local) `<fn>`("orcidlink")
 21. | +-.transformer(expr, .envir) %||% character()
 22. | \-cli (local) .transformer(expr, .envir)
 23. |   +-eval(expr, envir = envir) %??% ...
 24. |   | \-chain_error(expr, err, srcref = utils::getSrcref(sys.call()))
 25. |   |   \-base::withCallingHandlers(...)
 26. |   \-base::eval(expr, envir = envir)
 27. |     \-base::eval(expr, envir = envir)
 28. +-base::.handleSimpleError(...)
 29. | \-h(simpleError(msg, call))
 30. |   \-throw_error(err, parent = e)
 31. |     \-base::signalCondition(cond)
 32. \-quarto (local) `<fn>`(`<rlb__3_0>`)
 33.   \-cli::cli_abort(...)
 34.     \-rlang::abort(...)

Quitting from README.qmd:7-23 [unnamed-chunk-1]
Execution halted
WARN: Error encountered when rendering files
Render failed, retrying once...


processing file: README.qmd
1/3                  
2/3 [unnamed-chunk-1]
Error in `quarto_render()`:
! Error running quarto CLI from R.
Caused by error:
! Could not evaluate cli `{}` expression: `orcidlink`.
Caused by error:
! object 'orcidlink' not found
Backtrace:
     x
  1. +-quarto::quarto_render(input = "template.qmd")
  2. | \-quarto:::quarto_run(args, echo = TRUE, quarto_bin = quarto_bin)
  3. |   +-base::withCallingHandlers(...)
  4. |   \-processx::run(...)
  5. |     \-throw(...)
  6. |       \-base::signalCondition(cond)
  7. +-quarto (local) `<fn>`(`<systm___>`)
  8. | \-quarto:::wrap_quarto_error(e, args, .call = .call)
  9. |   \-cli::cli_abort(msg, call = .call, parent = cnd, )
 10. |     \-cli:::vcapply(message, format_inline, .envir = .envir)
 11. |       \-base::vapply(X, FUN, FUN.VALUE = character(1), ..., USE.NAMES = USE.NAMES)
 12. |         \-cli (local) FUN(X[[i]], ...)
 13. |           +-cli::cli_fmt(...)
 14. |           | \-cli:::cli__rec(expr)
 15. |           \-cli (local) fun(..., .envir = .envir)
 16. |             +-cli:::cli__message(...)
 17. |             | \-"id" %in% names(args)
 18. |             \-cli:::glue_cmd(..., .envir = .envir, .call = sys.call(), .trim = FALSE)
 19. |               \-cli:::glue(...)
 20. +-cli (local) `<fn>`("orcidlink")
 21. | +-.transformer(expr, .envir) %||% character()
 22. | \-cli (local) .transformer(expr, .envir)
 23. |   +-eval(expr, envir = envir) %??% ...
 24. |   | \-chain_error(expr, err, srcref = utils::getSrcref(sys.call()))
 25. |   |   \-base::withCallingHandlers(...)
 26. |   \-base::eval(expr, envir = envir)
 27. |     \-base::eval(expr, envir = envir)
 28. +-base::.handleSimpleError(...)
 29. | \-h(simpleError(msg, call))
 30. |   \-throw_error(err, parent = e)
 31. |     \-base::signalCondition(cond)
 32. \-quarto (local) `<fn>`(`<rlb__3_0>`)
 33.   \-cli::cli_abort(...)
 34.     \-rlang::abort(...)

Quitting from README.qmd:7-23 [unnamed-chunk-1]
Execution halted
WARN: Error encountered when rendering files
