pandoc 

  to: html
  output-file: /home/runner/work/quarto-extensions/quarto-extensions/test-7/repo/index.html
  standalone: true
  embed-resources: true
  section-divs: true
  html-math-method: mathjax
  wrap: none
  default-image-extension: png
  number-sections: true
  

metadata

  document-css: false
  link-citations: true
  date-format: long
  lang: en
  title: Offset Headings
  subtitle: Quarto Extension
  author:
    - name: Mickaël CANOUIL, _Ph.D._
      orcid: 0000-0002-3396-4549
      url: https://mickael.canouil.fr
  extensions:
    offset-headings:
      quarto-shift-warning: false
  

Output created: index.html


