Cloning into 'repo'...
pandoc 
  to: html
  output-file: >-
    /home/runner/work/quarto-extensions/quarto-extensions/test-11/repo/example-combine.html
  standalone: true
  embed-resources: true
  section-divs: true
  html-math-method: mathjax
  wrap: none
  default-image-extension: png
  number-sections: true
  
metadata
  document-css: false
  link-citations: true
  date-format: long
  lang: en
  title: Offset Headings — Combined Rules
  subtitle: Document-level offset combined with per-heading offsets, max-level cap, and cascade depth
  author:
    - name: Mickaël CANOUIL, _Ph.D._
      orcid: 0000-0002-3396-4549
      url: https://mickael.canouil.fr
  extensions:
    offset-headings:
      by: 1
      quarto-shift-warning: false
  
Output created: example-combine.html

pandoc 
  to: typst
  output-file: example-combine.typ
  standalone: true
  default-image-extension: svg
  wrap: none
  citeproc: false
  number-sections: true
  shift-heading-level-by: 0
  
metadata
  section-numbering: 1.1.a
  title: Offset Headings — Combined Rules
  subtitle: Document-level offset combined with per-heading offsets, max-level cap, and cascade depth
  author:
    - name: Mickaël CANOUIL, _Ph.D._
      orcid: 0000-0002-3396-4549
      url: https://mickael.canouil.fr
  extensions:
    offset-headings:
      by: 1
      quarto-shift-warning: false
  papersize: a4
  margin:
    x: 2.5cm
    'y': 2.5cm
  
[typst]: Compiling example-combine.typ to example-combine.pdf...warning: the numeral system `latin` cannot represent zero
    ┌─ example-combine.typ:446:0
    │
446 │ ==== Capped Combined Level
    │ ^^^^^^^^^^^^^^^^^^^^^^^^^^
    │
    = hint: this will become a hard error in the future

warning: the numeral system `latin` cannot represent zero
    ┌─ example-combine.typ:450:0
    │
450 │ ==== Cascaded and Capped Subsection
    │ ^^^^^^^^^^^^^^^^^^^^^^^^^^^^^^^^^^^
    │
    = hint: this will become a hard error in the future

warning: the numeral system `latin` cannot represent zero
    ┌─ example-combine.typ:454:0
    │
454 │ ===== Beyond the Cascade Depth
    │ ^^^^^^^^^^^^^^^^^^^^^^^^^^^^^^
    │
    = hint: this will become a hard error in the future

DONE

Output created: example-combine-typst.pdf

pandoc 
  to: html
  output-file: example.html
  standalone: true
  embed-resources: true
  section-divs: true
  html-math-method: mathjax
  wrap: none
  default-image-extension: png
  number-sections: true
  
metadata
  document-css: false
  link-citations: true
  date-format: long
  lang: en
  title: Offset Headings
  subtitle: Quarto Extension
  author:
    - name: Mickaël CANOUIL, _Ph.D._
      orcid: 0000-0002-3396-4549
      url: https://mickael.canouil.fr
  extensions:
    offset-headings:
      quarto-shift-warning: false
  
Output created: example.html

pandoc 
  to: typst
  output-file: example.typ
  standalone: true
  default-image-extension: svg
  wrap: none
  citeproc: false
  number-sections: true
  shift-heading-level-by: 0
  
metadata
  section-numbering: 1.1.a
  title: Offset Headings
  subtitle: Quarto Extension
  author:
    - name: Mickaël CANOUIL, _Ph.D._
      orcid: 0000-0002-3396-4549
      url: https://mickael.canouil.fr
  extensions:
    offset-headings:
      quarto-shift-warning: false
  papersize: a4
  margin:
    x: 2.5cm
    'y': 2.5cm
  
[typst]: Compiling example.typ to example.pdf...DONE

Output created: example-typst.pdf

