Warning message:
rv is not installed! Install rv, then restart your R session 



processing file: template-full.qmd

1/15                   

2/15 [setup]           

3/15                   

4/15 [fig-facet]       

5/15                   

6/15 [fig-patchwork]   

7/15                   

8/15 [tbl-sum-penguins]

9/15                   

10/15 [tbl-regression]  

11/15                   

12/15 [prep-mitex]      

13/15                   

14/15 [tbl-math]        

15/15                   

output file: template-full.knit.md


There were 50 or more warnings (use warnings() to see the first 50)

[typst]: Compiling template-full.typ to template-full.pdf...
downloading @preview/mitex:0.2.7

  0 B / 109.3 KiB (  0 %),   1.1 MiB/s, ETA: 0 s

109.3 KiB / 109.3 KiB (100 %),   1.1 MiB/s, ETA: 0 s

DONE


Warning message:
rv is not installed! Install rv, then restart your R session 



processing file: template.qmd

1/7                  

2/7 [fig-hist-mpg]   

3/7                  

4/7 [tbl-mtcars-head]

5/7                  

6/7 [fig-scatter-car]

7/7                  

output file: template.knit.md


[typst]: Compiling template.typ to template.pdf...
warning: unknown font family: libertinus sans
    ┌─ template.typ:327:31
    │
327 │   show heading: set text(font: sansfont, 
weight: "semibold")
    │                                ^^^^^^^^

warning: unknown font family: libertinus sans
    ┌─ template.typ:370:40
    │
370 │         #text(weight: "semibold", font: sansfont, size: 0.8em)[
    │                                         ^^^^^^^^

warning: unknown font family: libertinus sans
    ┌─ template.typ:390:53
    │
390 │         #text(weight: "semibold", size: 1.5em, font: sansfont)[
    │                                                      ^^^^^^^^

warning: unknown font family: libertinus sans
    ┌─ template.typ:409:33
    │
409 │         #text(size: 1.2em, font: sansfont)[#author.name]
    │                                  ^^^^^^^^

warning: unknown font family: libertinus sans
    ┌─ template.typ:418:34
    │
418 │         #text(size: 0.85em, font: sansfont)[#author.affiliation] \
    │                                   ^^^^^^^^

warning: unknown font family: libertinus sans
    ┌─ template.typ:419:33
    │
419 │         #text(size: 0.7em, font: sansfont, fill: link-color)[
    │                                  ^^^^^^^^

warning: unknown font family: libertinus sans
    ┌─ template.typ:428:38
    │
428 │       #text(weight: "semibold", font: sansfont, size: 0.9em)[#abstract-title] #h(0.5em)
    │                                       ^^^^^^^
^

warning: unknown font family: libertinus sans
    ┌─ template.typ:429:18
    │
429 │       #text(font: sansfont)[#abstract]
    │                   ^^^^^^^^

warning: unknown font family: libertinus sans
    ┌─ template.typ:431:39
    │
431 │     
    text(weight: "semibold", font: sansfont, size: 0.9em)[\ Keywords:]
    │                                        ^^^^^^^^


warning: unknown font family: libertinus sans
    ┌─ template.typ:433:19
    │
433 │         text(font: sansfont)[#keywords]
    │                   
 ^^^^^^^^

warning: unknown font family: libertinus sans
    ┌─ template.typ:330:20
    │
330 │     #set text(font: sansfont,
 size: 0.9em)
    │                     ^^^^^^^^


DONE




Output created: docs/template.pdf


