Dependency install phase for kazuyanagimoto/quarto-academic-typst: auto-detect
Auto-detecting R dependencies for kazuyanagimoto/quarto-academic-typst (knitr engine, no renv.lock).
Installing R packages: modelsummary, patchwork, showtext, tinytable 
gcc -std=gnu2x -I"/opt/R/4.6.1/lib/R/include" -DNDEBUG   -I/usr/local/include    -fpic  -g -O2  -c all_missing.c -o all_missing.o
gcc -std=gnu2x -I"/opt/R/4.6.1/lib/R/include" -DNDEBUG   -I/usr/local/include    -fpic  -g -O2  -c any_infinite.c -o any_infinite.o
gcc -std=gnu2x -I"/opt/R/4.6.1/lib/R/include" -DNDEBUG   -I/usr/local/include    -fpic  -g -O2  -c any_missing.c -o any_missing.o
gcc -std=gnu2x -I"/opt/R/4.6.1/lib/R/include" -DNDEBUG   -I/usr/local/include    -fpic  -g -O2  -c any_nan.c -o any_nan.o
gcc -std=gnu2x -I"/opt/R/4.6.1/lib/R/include" -DNDEBUG   -I/usr/local/include    -fpic  -g -O2  -c checks.c -o checks.o
gcc -std=gnu2x -I"/opt/R/4.6.1/lib/R/include" -DNDEBUG   -I/usr/local/include    -fpic  -g -O2  -c find_nchar.c -o find_nchar.o
gcc -std=gnu2x -I"/opt/R/4.6.1/lib/R/include" -DNDEBUG   -I/usr/local/include    -fpic  -g -O2  -c guess_type.c -o guess_type.o
gcc -std=gnu2x -I"/opt/R/4.6.1/lib/R/include" -DNDEBUG   -I/usr/local/include    -fpic  -g -O2  -c helper.c -o helper.o
gcc -std=gnu2x -I"/opt/R/4.6.1/lib/R/include" -DNDEBUG   -I/usr/local/include    -fpic  -g -O2  -c init.c -o init.o
gcc -std=gnu2x -I"/opt/R/4.6.1/lib/R/include" -DNDEBUG   -I/usr/local/include    -fpic  -g -O2  -c integerish.c -o integerish.o
gcc -std=gnu2x -I"/opt/R/4.6.1/lib/R/include" -DNDEBUG   -I/usr/local/include    -fpic  -g -O2  -c is_sorted.c -o is_sorted.o
gcc -std=gnu2x -I"/opt/R/4.6.1/lib/R/include" -DNDEBUG   -I/usr/local/include    -fpic  -g -O2  -c qassert.c -o qassert.o
gcc -std=gnu2x -I"/opt/R/4.6.1/lib/R/include" -DNDEBUG   -I/usr/local/include    -fpic  -g -O2  -c which_first.c -o which_first.o
gcc -std=gnu2x -shared -L/opt/R/4.6.1/lib/R/lib -L/usr/local/lib -o checkmate.so all_missing.o any_infinite.o any_missing.o any_nan.o checks.o find_nchar.o guess_type.o helper.o init.o integerish.o is_sorted.o qassert.o which_first.o -L/opt/R/4.6.1/lib/R/lib -lR
checking for gcc... gcc -std=gnu2x
checking whether the C compiler works... yes
checking for C compiler default output file name... a.out
checking for suffix of executables... 
checking whether we are cross compiling... no
checking for suffix of object files... o
checking whether we are using the GNU C compiler... yes
checking whether gcc -std=gnu2x accepts -g... yes
checking for gcc -std=gnu2x option to accept ISO C89... none needed
checking for pkg-config... /usr/bin/pkg-config
checking whether pkg-config could find zlib... yes
checking whether pkg-config could find libpng... yes
checking whether pkg-config could find freetype2... yes
checking whether freetype2 flags work... yes
configure: creating ./config.status
config.status: creating src/Makevars
gcc -std=gnu2x -I"/opt/R/4.6.1/lib/R/include" -DNDEBUG -I/usr/include/freetype2 -I/usr/include/libpng16  -I/usr/include/libpng16    -I/usr/local/include    -fpic  -g -O2  -c font_name.c -o font_name.o
gcc -std=gnu2x -I"/opt/R/4.6.1/lib/R/include" -DNDEBUG -I/usr/include/freetype2 -I/usr/include/libpng16  -I/usr/include/libpng16    -I/usr/local/include    -fpic  -g -O2  -c register_routines.c -o register_routines.o
gcc -std=gnu2x -I"/opt/R/4.6.1/lib/R/include" -DNDEBUG -I/usr/include/freetype2 -I/usr/include/libpng16  -I/usr/include/libpng16    -I/usr/local/include    -fpic  -g -O2  -c sysfonts.c -o sysfonts.o
gcc -std=gnu2x -shared -L/opt/R/4.6.1/lib/R/lib -L/usr/local/lib -o sysfonts.so font_name.o register_routines.o sysfonts.o -lfreetype -lpng16 -lz -L/opt/R/4.6.1/lib/R/lib -lR
Creating a generic function for 'nrow' from package 'base' in package 'tinytable'
Creating a generic function for 'ncol' from package 'base' in package 'tinytable'
Creating a generic function for 'colnames' from package 'base' in package 'tinytable'
Creating a generic function for 'colnames<-' from package 'base' in package 'tinytable'
checking for gcc... gcc -std=gnu2x
checking whether the C compiler works... yes
checking for C compiler default output file name... a.out
checking for suffix of executables... 
checking whether we are cross compiling... no
checking for suffix of object files... o
checking whether we are using the GNU C compiler... yes
checking whether gcc -std=gnu2x accepts -g... yes
checking for gcc -std=gnu2x option to accept ISO C89... none needed
checking for pkg-config... /usr/bin/pkg-config
checking whether pkg-config could find zlib... yes
checking whether pkg-config could find libpng... yes
checking whether pkg-config could find freetype2... yes
checking whether freetype2 flags work... yes
configure: creating ./config.status
config.status: creating src/Makevars
gcc -std=gnu2x -I"/opt/R/4.6.1/lib/R/include" -DNDEBUG -I/usr/include/freetype2 -I/usr/include/libpng16  -I/usr/include/libpng16    -I/usr/local/include    -fpic  -g -O2  -c array.c -o array.o
gcc -std=gnu2x -I"/opt/R/4.6.1/lib/R/include" -DNDEBUG -I/usr/include/freetype2 -I/usr/include/libpng16  -I/usr/include/libpng16    -I/usr/local/include    -fpic  -g -O2  -c cairodev.c -o cairodev.o
gcc -std=gnu2x -I"/opt/R/4.6.1/lib/R/include" -DNDEBUG -I/usr/include/freetype2 -I/usr/include/libpng16  -I/usr/include/libpng16    -I/usr/local/include    -fpic  -g -O2  -c devfuns.c -o devfuns.o
gcc -std=gnu2x -I"/opt/R/4.6.1/lib/R/include" -DNDEBUG -I/usr/include/freetype2 -I/usr/include/libpng16  -I/usr/include/libpng16    -I/usr/local/include    -fpic  -g -O2  -c fonts.c -o fonts.o
gcc -std=gnu2x -I"/opt/R/4.6.1/lib/R/include" -DNDEBUG -I/usr/include/freetype2 -I/usr/include/libpng16  -I/usr/include/libpng16    -I/usr/local/include    -fpic  -g -O2  -c outline.c -o outline.o
gcc -std=gnu2x -I"/opt/R/4.6.1/lib/R/include" -DNDEBUG -I/usr/include/freetype2 -I/usr/include/libpng16  -I/usr/include/libpng16    -I/usr/local/include    -fpic  -g -O2  -c raster.c -o raster.o
gcc -std=gnu2x -I"/opt/R/4.6.1/lib/R/include" -DNDEBUG -I/usr/include/freetype2 -I/usr/include/libpng16  -I/usr/include/libpng16    -I/usr/local/include    -fpic  -g -O2  -c register_routines.c -o register_routines.o
gcc -std=gnu2x -I"/opt/R/4.6.1/lib/R/include" -DNDEBUG -I/usr/include/freetype2 -I/usr/include/libpng16  -I/usr/include/libpng16    -I/usr/local/include    -fpic  -g -O2  -c showtext.c -o showtext.o
gcc -std=gnu2x -I"/opt/R/4.6.1/lib/R/include" -DNDEBUG -I/usr/include/freetype2 -I/usr/include/libpng16  -I/usr/include/libpng16    -I/usr/local/include    -fpic  -g -O2  -c utf8.c -o utf8.o
gcc -std=gnu2x -I"/opt/R/4.6.1/lib/R/include" -DNDEBUG -I/usr/include/freetype2 -I/usr/include/libpng16  -I/usr/include/libpng16    -I/usr/local/include    -fpic  -g -O2  -c util.c -o util.o
gcc -std=gnu2x -shared -L/opt/R/4.6.1/lib/R/lib -L/usr/local/lib -o showtext.so array.o cairodev.o devfuns.o fonts.o outline.o raster.o register_routines.o showtext.o utf8.o util.o -lfreetype -lpng16 -lz -L/opt/R/4.6.1/lib/R/lib -lR
