Cloning into 'repo'...


processing file: template.qmd
1/3              
2/3 [fig-density]
3/3              
output file: template.knit.md

pandoc 
  to: typst
  output-file: template.typ
  standalone: true
  default-image-extension: svg
  wrap: none
  citeproc: false
  toc: false
  number-sections: true
  
metadata
  section-numbering: 1.1.a
  papersize: a4
  fontsize: 11pt
  date: today
  date-format: D MMMM YYYY
  number-depth: 2
  linestretch: 1.5
  knitr:
    opts_chunk:
      echo: false
      warning: false
      message: false
  lang: en
  region: AU
  bibliographystyle: apa
  margin:
    top: 2.4cm
    bottom: 2.4cm
    left: 2.5cm
    right: 2.5cm
  font-paths:
    - _extensions/report/fonts
  title: Expert advice from experts
  author:
    - name: Professor Marie Curie
      degrees: Nobel Prize, PhD
      email: mcurie.notreal@gmail.com
    - name: Dr Pierre Curie
      degrees: Nobel Prize, PhD
  phone: (03) 9905 2478
  email: BusEco-Econometrics@monash.edu
  organization: Acme Corporation
  bibliography:
    - references.bib
  
[typst]: Compiling template.typ to template.pdf...DONE

Output created: template.pdf



processing file: README.qmd
1/3                  
2/3 [unnamed-chunk-1]
Error in `loadNamespace()`:
! there is no package called 'pdftools'
Backtrace:
     x
  1. +-magick::image_write(...)
  2. | \-magick:::assert_image(image)
  3. +-magick::image_convert(...)
  4. | \-magick:::assert_image(image)
  5. +-magick::image_montage(...)
  6. | \-magick:::assert_image(image)
  7. +-magick::image_read_pdf("template.pdf", pages = 1)
  8. | \-base::lapply(...)
  9. |   \-magick (local) FUN(X[[i]], ...)
 10. \-base::loadNamespace(x)
 11.   \-base::withRestarts(stop(cond), retry_loadNamespace = function() NULL)
 12.     \-base (local) withOneRestart(expr, restarts[[1L]])
 13.       \-base (local) doWithOneRestart(return(expr), restart)

Quitting from README.qmd:7-36 [unnamed-chunk-1]
Execution halted
WARN: Error encountered when rendering files
Render failed, retrying once...


processing file: README.qmd
1/3                  
2/3 [unnamed-chunk-1]
Error in `loadNamespace()`:
! there is no package called 'pdftools'
Backtrace:
     x
  1. +-magick::image_write(...)
  2. | \-magick:::assert_image(image)
  3. +-magick::image_convert(...)
  4. | \-magick:::assert_image(image)
  5. +-magick::image_montage(...)
  6. | \-magick:::assert_image(image)
  7. +-magick::image_read_pdf("template.pdf", pages = 1)
  8. | \-base::lapply(...)
  9. |   \-magick (local) FUN(X[[i]], ...)
 10. \-base::loadNamespace(x)
 11.   \-base::withRestarts(stop(cond), retry_loadNamespace = function() NULL)
 12.     \-base (local) withOneRestart(expr, restarts[[1L]])
 13.       \-base (local) doWithOneRestart(return(expr), restart)

Quitting from README.qmd:7-36 [unnamed-chunk-1]
Execution halted
WARN: Error encountered when rendering files
