[typst]: Compiling template-brand.typ to template-brand.pdf...
downloading @preview/touying-quarto-clean:0.2.0

  0 B /   5.8 KiB (  0 %),  58.3 KiB/s, ETA: 0 s
  5.8 KiB /   5.8 KiB (
100 %),  58.3 KiB/s, ETA: 0 s

downloading @preview/touying:0.7.4

  0 B / 109.5 KiB (  0 %),   1.1 MiB/s, ETA: 0 s

109.5 KiB / 109.5 KiB (100 %),   1
.1 MiB/s, ETA: 0 s

downloading @preview/uniwarn:0.1.1

  0 B /   3.6 KiB (  0 %),  36.2 KiB/s, ETA: 0 s
  3.6 KiB /   
3.6 KiB (100 %),  36.2 KiB/s, ETA: 0 s

DONE


Warning message:
rv is not installed! Install rv, then restart your R session 



processing file: template-full.qmd

1/15                   

2/15 [setup]           

3/15                   

4/15 [plot-facet]      

5/15                   

6/15 [plot-layout]     

7/15                   

8/15 [prep-table]      

9/15                   

10/15 [table-1]         

11/15                   

12/15 [table-2]         

13/15                   

14/15 [table-regression]

15/15                   

output file: template-full.knit.md


There were 50 or more warnings (use warnings() to see the first 50)

[typst]: Compiling template-full.typ to template-full.pdf...
downloading @preview/touying-quarto-clean:0.2.0

  0 B /   5.8 KiB (  0 %),  58.3 KiB/s, ETA: 0 s
  5.8 KiB /   5.8 KiB (100 %),  58.3 KiB/s, ETA: 0 s

downloading
 
@preview/touying:0.7.4




  0 B / 109.5 KiB (  0 %),   1.1 MiB/s, ETA: 0 s

109.5 KiB / 109.5 KiB (100 %),   1.1 MiB/s, ETA: 0 s


downloading @preview/uniwarn:0.1.1

  0 B /   3.6 KiB (  0 %),  36
.2 KiB/s, ETA: 0 s
  3.6 KiB /   3.6 KiB (100 %),  36.2 KiB/s, ETA: 0 s

warning
: unknown font family: times new roman
    ┌─ template-full.typ:508:29
    │
508 │ #set text(size: 30pt , font: ("Times New Roman",));
    │                              ^^^^^^^^^^^^^^^^^^^^


DONE


[typst]: Compiling template.typ to template.pdf...
DONE




Output created: _site/template.pdf


