Cloning into 'repo'...
Warning message:
rv is not installed! Install rv, then restart your R session 
Installing packages into '/cache/r-lib-0'
(as 'lib' is unspecified)
also installing the dependencies 'bayestestR', 'datawizard', 'checkmate', 'insight', 'parameters', 'performance', 'tables', 'sysfonts', 'showtextdb'

trying URL 'https://packagemanager.posit.co/cran/latest/src/contrib/bayestestR_0.18.1.tar.gz'
trying URL 'https://packagemanager.posit.co/cran/latest/src/contrib/datawizard_1.3.1.tar.gz'
trying URL 'https://packagemanager.posit.co/cran/latest/src/contrib/checkmate_2.3.4.tar.gz'
trying URL 'https://packagemanager.posit.co/cran/latest/src/contrib/insight_1.5.2.tar.gz'
trying URL 'https://packagemanager.posit.co/cran/latest/src/contrib/parameters_0.29.2.tar.gz'
trying URL 'https://packagemanager.posit.co/cran/latest/src/contrib/performance_0.17.1.tar.gz'
trying URL 'https://packagemanager.posit.co/cran/latest/src/contrib/tables_0.9.35.tar.gz'
trying URL 'https://packagemanager.posit.co/cran/latest/src/contrib/sysfonts_0.8.9.tar.gz'
trying URL 'https://packagemanager.posit.co/cran/latest/src/contrib/showtextdb_3.0.tar.gz'
trying URL 'https://packagemanager.posit.co/cran/latest/src/contrib/modelsummary_2.6.0.tar.gz'
trying URL 'https://packagemanager.posit.co/cran/latest/src/contrib/showtext_0.9-8.tar.gz'
trying URL 'https://packagemanager.posit.co/cran/latest/src/contrib/tinytable_0.17.0.tar.gz'
Warning message:
rv is not installed! Install rv, then restart your R session 
* installing *source* package 'checkmate' ...
** this is package 'checkmate' version '2.3.4'
** package 'checkmate' successfully unpacked and MD5 sums checked
** using staged installation
** libs
using C compiler: 'gcc (Ubuntu 13.3.0-6ubuntu2~24.04.1) 13.3.0'
installing to /cache/r-lib-0/00LOCK-checkmate/00new/checkmate/libs
** R
** inst
** byte-compile and prepare package for lazy loading
** help
*** installing help indices
** building package indices
** installing vignettes
** testing if installed package can be loaded from temporary location
** checking absolute paths in shared objects and dynamic libraries
** testing if installed package can be loaded from final location
** testing if installed package keeps a record of temporary installation path
* DONE (checkmate)
Warning message:
rv is not installed! Install rv, then restart your R session 
* installing *source* package 'insight' ...
** this is package 'insight' version '1.5.2'
** package 'insight' successfully unpacked and MD5 sums checked
** using staged installation
** R
** data
** inst
** byte-compile and prepare package for lazy loading
** help
*** installing help indices
*** copying figures
** building package indices
** installing vignettes
** testing if installed package can be loaded from temporary location
** testing if installed package can be loaded from final location
** testing if installed package keeps a record of temporary installation path
* DONE (insight)
Warning message:
rv is not installed! Install rv, then restart your R session 
* installing *source* package 'tables' ...
** this is package 'tables' version '0.9.35'
** package 'tables' successfully unpacked and MD5 sums checked
** using staged installation
** R
** inst
** byte-compile and prepare package for lazy loading
** help
*** installing help indices
** building package indices
** installing vignettes
** testing if installed package can be loaded from temporary location
** testing if installed package can be loaded from final location
** testing if installed package keeps a record of temporary installation path
* DONE (tables)
Warning message:
rv is not installed! Install rv, then restart your R session 
* installing *source* package 'sysfonts' ...
** this is package 'sysfonts' version '0.8.9'
** package 'sysfonts' successfully unpacked and MD5 sums checked
** using staged installation
** libs
using C compiler: 'gcc (Ubuntu 13.3.0-6ubuntu2~24.04.1) 13.3.0'
installing to /cache/r-lib-0/00LOCK-sysfonts/00new/sysfonts/libs
** R
** inst
** byte-compile and prepare package for lazy loading
** help
*** installing help indices
** building package indices
** testing if installed package can be loaded from temporary location
** checking absolute paths in shared objects and dynamic libraries
** testing if installed package can be loaded from final location
** testing if installed package keeps a record of temporary installation path
* DONE (sysfonts)
Warning message:
rv is not installed! Install rv, then restart your R session 
* installing *source* package 'tinytable' ...
** this is package 'tinytable' version '0.17.0'
** package 'tinytable' successfully unpacked and MD5 sums checked
** using staged installation
** R
** inst
** byte-compile and prepare package for lazy loading
** help
*** installing help indices
*** copying figures
** building package indices
** testing if installed package can be loaded from temporary location
** testing if installed package can be loaded from final location
** testing if installed package keeps a record of temporary installation path
* DONE (tinytable)
Warning message:
rv is not installed! Install rv, then restart your R session 
* installing *source* package 'datawizard' ...
** this is package 'datawizard' version '1.3.1'
** package 'datawizard' successfully unpacked and MD5 sums checked
** using staged installation
** R
** data
** inst
** byte-compile and prepare package for lazy loading
** help
*** installing help indices
*** copying figures
** building package indices
** installing vignettes
** testing if installed package can be loaded from temporary location
** testing if installed package can be loaded from final location
** testing if installed package keeps a record of temporary installation path
* DONE (datawizard)
Warning message:
rv is not installed! Install rv, then restart your R session 
* installing *source* package 'showtextdb' ...
** this is package 'showtextdb' version '3.0'
** package 'showtextdb' successfully unpacked and MD5 sums checked
** using staged installation
** R
** inst
** byte-compile and prepare package for lazy loading
** help
*** installing help indices
** building package indices
** testing if installed package can be loaded from temporary location
** testing if installed package can be loaded from final location
** testing if installed package keeps a record of temporary installation path
* DONE (showtextdb)
Warning message:
rv is not installed! Install rv, then restart your R session 
* installing *source* package 'bayestestR' ...
** this is package 'bayestestR' version '0.18.1'
** package 'bayestestR' successfully unpacked and MD5 sums checked
** using staged installation
** R
** data
** inst
** byte-compile and prepare package for lazy loading
** help
*** installing help indices
*** copying figures
** building package indices
** installing vignettes
** testing if installed package can be loaded from temporary location
** testing if installed package can be loaded from final location
** testing if installed package keeps a record of temporary installation path
* DONE (bayestestR)
Warning message:
rv is not installed! Install rv, then restart your R session 
* installing *source* package 'showtext' ...
** this is package 'showtext' version '0.9-8'
** package 'showtext' successfully unpacked and MD5 sums checked
** using staged installation
** libs
using C compiler: 'gcc (Ubuntu 13.3.0-6ubuntu2~24.04.1) 13.3.0'
installing to /cache/r-lib-0/00LOCK-showtext/00new/showtext/libs
** R
** inst
** byte-compile and prepare package for lazy loading
** help
*** installing help indices
** building package indices
** installing vignettes
** testing if installed package can be loaded from temporary location
** checking absolute paths in shared objects and dynamic libraries
** testing if installed package can be loaded from final location
** testing if installed package keeps a record of temporary installation path
* DONE (showtext)
Warning message:
rv is not installed! Install rv, then restart your R session 
* installing *source* package 'parameters' ...
** this is package 'parameters' version '0.29.2'
** package 'parameters' successfully unpacked and MD5 sums checked
** using staged installation
** R
** data
** inst
** byte-compile and prepare package for lazy loading
** help
*** installing help indices
*** copying figures
** building package indices
** installing vignettes
** testing if installed package can be loaded from temporary location
** testing if installed package can be loaded from final location
** testing if installed package keeps a record of temporary installation path
* DONE (parameters)
Warning message:
rv is not installed! Install rv, then restart your R session 
* installing *source* package 'performance' ...
** this is package 'performance' version '0.17.1'
** package 'performance' successfully unpacked and MD5 sums checked
** using staged installation
** R
** inst
** byte-compile and prepare package for lazy loading
** help
*** installing help indices
*** copying figures
** building package indices
** testing if installed package can be loaded from temporary location
** testing if installed package can be loaded from final location
** testing if installed package keeps a record of temporary installation path
* DONE (performance)
Warning message:
rv is not installed! Install rv, then restart your R session 
* installing *source* package 'modelsummary' ...
** this is package 'modelsummary' version '2.6.0'
** package 'modelsummary' successfully unpacked and MD5 sums checked
** using staged installation
** R
** inst
** byte-compile and prepare package for lazy loading
** help
*** installing help indices
*** copying figures
** building package indices
** testing if installed package can be loaded from temporary location
** testing if installed package can be loaded from final location
** testing if installed package keeps a record of temporary installation path
* DONE (modelsummary)

The downloaded source packages are in
	'/tmp/RtmpN0v8Nc/downloaded_packages'
[1/3] template-brand.qmd
[typst]: Compiling template-brand.typ to template-brand.pdf...downloading @preview/touying-quarto-clean:0.2.0

  0 B /   5.8 KiB (  0 %),  58.3 KiB/s, ETA: 0 s
  5.8 KiB /   5.8 KiB (100 %),  58.3 KiB/s, ETA: 0 s
downloading @preview/touying:0.7.4

  0 B / 109.5 KiB (  0 %),   1.1 MiB/s, ETA: 0 s
109.5 KiB / 109.5 KiB (100 %),   1.1 MiB/s, ETA: 0 s
downloading @preview/uniwarn:0.1.1

  0 B /   3.6 KiB (  0 %),  36.2 KiB/s, ETA: 0 s
  3.6 KiB /   3.6 KiB (100 %),  36.2 KiB/s, ETA: 0 s
DONE

[2/3] template-full.qmd
Warning message:
rv is not installed! Install rv, then restart your R session 


processing file: template-full.qmd
1/15                   
2/15 [setup]           
3/15                   
4/15 [plot-facet]      
5/15                   
6/15 [plot-layout]     
7/15                   
8/15 [prep-table]      
9/15                   
10/15 [table-1]         
11/15                   
12/15 [table-2]         
13/15                   
14/15 [table-regression]
15/15                   
output file: template-full.knit.md

There were 50 or more warnings (use warnings() to see the first 50)
[typst]: Compiling template-full.typ to template-full.pdf...downloading @preview/touying-quarto-clean:0.2.0

  0 B /   5.8 KiB (  0 %),  58.3 KiB/s, ETA: 0 s
  5.8 KiB /   5.8 KiB (100 %),  58.3 KiB/s, ETA: 0 s
downloading @preview/touying:0.7.4

  0 B / 109.5 KiB (  0 %),   1.1 MiB/s, ETA: 0 s
109.5 KiB / 109.5 KiB (100 %),   1.1 MiB/s, ETA: 0 s
downloading @preview/uniwarn:0.1.1

  0 B /   3.6 KiB (  0 %),  36.2 KiB/s, ETA: 0 s
  3.6 KiB /   3.6 KiB (100 %),  36.2 KiB/s, ETA: 0 s
warning: unknown font family: times new roman
    ┌─ template-full.typ:508:29
    │
508 │ #set text(size: 30pt , font: ("Times New Roman",));
    │                              ^^^^^^^^^^^^^^^^^^^^

DONE

[3/3] template.qmd
[typst]: Compiling template.typ to template.pdf...DONE


Output created: _site/template.pdf

