Cloning into 'repo'...
Using CPython 3.13.15
Creating virtual environment at: .venv
Activate with: source .venv/bin/activate
Resolved 13 packages in 98ms
Downloading pandas (10.4MiB)
 Downloaded pandas
Prepared 2 packages in 138ms
Installed 13 packages in 365ms
 + contourpy==1.4.0
 + cycler==0.12.1
 + fonttools==4.65.0
 + kiwisolver==1.5.1
 + matplotlib==3.11.2
 + numpy==2.5.3
 + packaging==26.3
 + pandas==3.0.5
 + pillow==12.3.0
 + pyparsing==3.3.2
 + python-dateutil==2.9.0.post0
 + seaborn==0.13.2
 + six==1.17.0
[1/4] index.qmd


processing file: index.qmd
1/13                  
2/13 [unnamed-chunk-1]
Downloading cpython-3.12.14-linux-x86_64-gnu (download) (32.6MiB)
 Downloaded cpython-3.12.14-linux-x86_64-gnu (download)
3/13                  
4/13 [unnamed-chunk-2]
5/13                  
6/13 [unnamed-chunk-3]
7/13                  
8/13 [unnamed-chunk-4]
9/13                  
10/13 [unnamed-chunk-5]
11/13                  
12/13 [unnamed-chunk-6]
13/13                  
output file: index.knit.md

Error running filter '/opt/quarto/share/filters/main.lua':
/opt/quarto/share/filters/main.lua:23088: attempt to call a nil value (method 'map')
stack traceback:
	/opt/quarto/share/filters/main.lua:938: in field 'Tabset'
	...extensions/test-20/repo/docs/_extensions/tabby/tabby.lua:212: in function <...extensions/test-20/repo/docs/_extensions/tabby/tabby.lua:147>
	(...tail calls...)
	[C]: in ?
	[C]: in method 'walk'
	/opt/quarto/share/pandoc/datadir/_utils.lua:607: in function '_utils.walk'
	/opt/quarto/share/filters/main.lua:575: in function </opt/quarto/share/filters/main.lua:553>
	(...tail calls...)
	/opt/quarto/share/filters/main.lua:1318: in local 'callback'
	[string "if pandoc.system.os == "mingw32" then..."]:778: in field 'withScriptFile'
	/opt/quarto/share/filters/main.lua:1334: in upvalue 'run_emulated_filter_chain'
	/opt/quarto/share/filters/main.lua:1372: in function </opt/quarto/share/filters/main.lua:1369>
stack traceback:
	/opt/quarto/share/pandoc/datadir/_utils.lua:607: in function '_utils.walk'
	/opt/quarto/share/filters/main.lua:575: in function </opt/quarto/share/filters/main.lua:553>
	(...tail calls...)
	/opt/quarto/share/filters/main.lua:1318: in local 'callback'
	[string "if pandoc.system.os == "mingw32" then..."]:778: in field 'withScriptFile'
	/opt/quarto/share/filters/main.lua:1334: in upvalue 'run_emulated_filter_chain'
	/opt/quarto/share/filters/main.lua:1372: in function </opt/quarto/share/filters/main.lua:1369>
WARN: Error encountered when rendering files
Render failed, retrying once...
[1/4] index.qmd


processing file: index.qmd
1/13                  
2/13 [unnamed-chunk-1]
Downloading cpython-3.12.13-linux-x86_64-gnu (download) (32.6MiB)
 Downloaded cpython-3.12.13-linux-x86_64-gnu (download)
3/13                  
4/13 [unnamed-chunk-2]
5/13                  
6/13 [unnamed-chunk-3]
7/13                  
8/13 [unnamed-chunk-4]
9/13                  
10/13 [unnamed-chunk-5]
11/13                  
12/13 [unnamed-chunk-6]
13/13                  
output file: index.knit.md

Error running filter '/opt/quarto/share/filters/main.lua':
/opt/quarto/share/filters/main.lua:23088: attempt to call a nil value (method 'map')
stack traceback:
	/opt/quarto/share/filters/main.lua:938: in field 'Tabset'
	...extensions/test-20/repo/docs/_extensions/tabby/tabby.lua:212: in function <...extensions/test-20/repo/docs/_extensions/tabby/tabby.lua:147>
	(...tail calls...)
	[C]: in ?
	[C]: in method 'walk'
	/opt/quarto/share/pandoc/datadir/_utils.lua:607: in function '_utils.walk'
	/opt/quarto/share/filters/main.lua:575: in function </opt/quarto/share/filters/main.lua:553>
	(...tail calls...)
	/opt/quarto/share/filters/main.lua:1318: in local 'callback'
	[string "if pandoc.system.os == "mingw32" then..."]:778: in field 'withScriptFile'
	/opt/quarto/share/filters/main.lua:1334: in upvalue 'run_emulated_filter_chain'
	/opt/quarto/share/filters/main.lua:1372: in function </opt/quarto/share/filters/main.lua:1369>
stack traceback:
	/opt/quarto/share/pandoc/datadir/_utils.lua:607: in function '_utils.walk'
	/opt/quarto/share/filters/main.lua:575: in function </opt/quarto/share/filters/main.lua:553>
	(...tail calls...)
	/opt/quarto/share/filters/main.lua:1318: in local 'callback'
	[string "if pandoc.system.os == "mingw32" then..."]:778: in field 'withScriptFile'
	/opt/quarto/share/filters/main.lua:1334: in upvalue 'run_emulated_filter_chain'
	/opt/quarto/share/filters/main.lua:1372: in function </opt/quarto/share/filters/main.lua:1369>
WARN: Error encountered when rendering files
