Dependency source policy check passed for mcanouil/quarto-collapse-output.
Dependency install phase for mcanouil/quarto-collapse-output: renv.lock uv.lock
Installing R dependencies from renv.lock for mcanouil/quarto-collapse-output.
# Bootstrapping renv 1.2.3 ---------------------------------------------------
- Downloading renv ... OK
- Installing renv  ... OK

- The project is out-of-sync -- use `renv::status()` for details.
- The project is out-of-sync -- use `renv::status()` for details.
The following required system packages are not installed:
- pandoc  [required by knitr, rmarkdown]
The R packages depending on these system packages may fail to install.

An administrator can install these packages with:
- sudo apt install pandoc

The following package(s) will be updated:

# Repository -----------------------------------------------------------------
- bslib       [0.12.0 -> 0.11.0]
- knitr       [1.52 -> 1.51]
- rmarkdown   [2.32 -> 2.31]

# Downloading packages -------------------------------------------------------
[?25l  (0/3) Downloading: knitr, rmarkdown, bslib                                                                                                                    y knitr 1.51                               [1.1 MB in 0.44s]
  (1/3) Downloading: rmarkdown, bslib                                                                                                                           y rmarkdown 2.31                           [2.7 MB in 0.49s]
  (2/3) Downloading: bslib                                                                                                                                      y bslib 0.11.0                             [6.2 MB in 0.56s]
                                                                                Successfully downloaded 3 packages in 0.81 seconds.

# Installing packages --------------------------------------------------------
                                                                                y bslib 0.11.0                             [installed binary]
                                                                                y knitr 1.51                               [installed binary]
                                                                                y rmarkdown 2.31                           [installed binary]
Successfully installed 3 packages in 1.8 seconds.
[?25hInstalling Python dependencies for mcanouil/quarto-collapse-output.
