pandoc 

  to: typst
  output-file: example.typ
  standalone: true
  default-image-extension: svg
  wrap: none
  citeproc: false
  number-sections: true
  shift-heading-level-by: 0
  

metadata

  section-numbering: 1.1.a
  title: Offset Headings
  subtitle: Quarto Extension
  author:
    - name: Mickaël CANOUIL, _Ph.D._
      orcid: 0000-0002-3396-4549
      url: https://mickael.canouil.fr
  extensions:
    offset-headings:
      quarto-shift-warning: false
  papersize: a4
  margin:
    x: 2.5cm
    'y': 2.5cm
  

[typst]: Compiling example.typ to example.pdf...
DONE


Output created: example-typst.pdf


