Cloning into 'repo'...


processing file: example.qmd
1/3                  
2/3 [unnamed-chunk-1]
3/3                  
output file: example.knit.md

pandoc 
  to: revealjs
  output-file: example.html
  standalone: true
  self-contained: true
  wrap: none
  default-image-extension: png
  html-math-method:
    method: mathjax
    url: >-
      https://cdn.jsdelivr.net/npm/mathjax@2.7.9/MathJax.js?config=TeX-AMS_HTML-full
  slide-level: 2
  
metadata
  link-citations: true
  width: 1050
  height: 700
  margin: 0.1
  center: false
  navigationMode: linear
  controlsLayout: edges
  controlsTutorial: false
  hash: true
  history: true
  hashOneBasedIndex: false
  fragmentInURL: false
  transition: none
  backgroundTransition: none
  pdfSeparateFragments: false
  lang: en
  auto-stretch: true
  title: bsicons Example
  author: Shafayet Khan Shafee
  date: last-modified
  date-format: DD MMM, YYYY
  
[33mWARNING (/opt/quarto/share/filters/main.lua:22019) Shortcode 'bi' not found
[39m[33mWARNING (/opt/quarto/share/filters/main.lua:22019) Shortcode 'bi' not found
[39m[33mWARNING (/opt/quarto/share/filters/main.lua:22019) Shortcode 'bi' not found
[39m[33mWARNING (/opt/quarto/share/filters/main.lua:22019) Shortcode 'bi' not found
[39m[33mWARNING (/opt/quarto/share/filters/main.lua:22019) Shortcode 'bi' not found
[39m[33mWARNING (/opt/quarto/share/filters/main.lua:22019) Shortcode 'bi' not found
[39m[33mWARNING (/opt/quarto/share/filters/main.lua:22019) Shortcode 'bi' not found
[39m[33mWARNING (/opt/quarto/share/filters/main.lua:22019) Shortcode 'bi' not found
[39m[33mWARNING (/opt/quarto/share/filters/main.lua:22019) Shortcode 'bi' not found
[39m[33mWARNING (/opt/quarto/share/filters/main.lua:22019) Shortcode 'bi' not found
[39m[33mWARNING (/opt/quarto/share/filters/main.lua:22019) Shortcode 'bi' not found
[39m[33mWARNING (/opt/quarto/share/filters/main.lua:22019) Shortcode 'bi' not found
[39m[33mWARNING (/opt/quarto/share/filters/main.lua:22019) Shortcode 'bi' not found
[39m[33mWARNING (/opt/quarto/share/filters/main.lua:22019) Shortcode 'bi' not found
[39m[33mWARNING (/opt/quarto/share/filters/main.lua:22019) Shortcode 'bi' not found
[39m[33mWARNING (/opt/quarto/share/filters/main.lua:22019) Shortcode 'bi' not found
[39m[33mWARNING (/opt/quarto/share/filters/main.lua:22019) Shortcode 'bi' not found
[39m[33mWARNING (/opt/quarto/share/filters/main.lua:22019) Shortcode 'bi' not found
[39m[33mWARNING (/opt/quarto/share/filters/main.lua:22019) Shortcode 'bi' not found
[39m[33mWARNING (/opt/quarto/share/filters/main.lua:22019) Shortcode 'bi' not found
[39m[33mWARNING (/opt/quarto/share/filters/main.lua:22019) Shortcode 'bi' not found
[39mOutput created: example.html



processing file: example_html.qmd
1/3                  
2/3 [unnamed-chunk-1]
3/3                  
output file: example_html.knit.md

pandoc 
  to: html
  output-file: example_html.html
  standalone: true
  self-contained: true
  section-divs: true
  html-math-method: mathjax
  wrap: none
  default-image-extension: png
  
metadata
  document-css: false
  link-citations: true
  lang: en
  title: bsicons Example
  author: Shafayet Khan Shafee
  date: last-modified
  date-format: DD MMM, YYYY
  
[33mWARNING (/opt/quarto/share/filters/main.lua:22019) Shortcode 'bi' not found
[39m[33mWARNING (/opt/quarto/share/filters/main.lua:22019) Shortcode 'bi' not found
[39m[33mWARNING (/opt/quarto/share/filters/main.lua:22019) Shortcode 'bi' not found
[39m[33mWARNING (/opt/quarto/share/filters/main.lua:22019) Shortcode 'bi' not found
[39m[33mWARNING (/opt/quarto/share/filters/main.lua:22019) Shortcode 'bi' not found
[39m[33mWARNING (/opt/quarto/share/filters/main.lua:22019) Shortcode 'bi' not found
[39m[33mWARNING (/opt/quarto/share/filters/main.lua:22019) Shortcode 'bi' not found
[39m[33mWARNING (/opt/quarto/share/filters/main.lua:22019) Shortcode 'bi' not found
[39m[33mWARNING (/opt/quarto/share/filters/main.lua:22019) Shortcode 'bi' not found
[39m[33mWARNING (/opt/quarto/share/filters/main.lua:22019) Shortcode 'bi' not found
[39m[33mWARNING (/opt/quarto/share/filters/main.lua:22019) Shortcode 'bi' not found
[39m[33mWARNING (/opt/quarto/share/filters/main.lua:22019) Shortcode 'bi' not found
[39m[33mWARNING (/opt/quarto/share/filters/main.lua:22019) Shortcode 'bi' not found
[39m[33mWARNING (/opt/quarto/share/filters/main.lua:22019) Shortcode 'bi' not found
[39m[33mWARNING (/opt/quarto/share/filters/main.lua:22019) Shortcode 'bi' not found
[39m[33mWARNING (/opt/quarto/share/filters/main.lua:22019) Shortcode 'bi' not found
[39m[33mWARNING (/opt/quarto/share/filters/main.lua:22019) Shortcode 'bi' not found
[39m[33mWARNING (/opt/quarto/share/filters/main.lua:22019) Shortcode 'bi' not found
[39m[33mWARNING (/opt/quarto/share/filters/main.lua:22019) Shortcode 'bi' not found
[39m[33mWARNING (/opt/quarto/share/filters/main.lua:22019) Shortcode 'bi' not found
[39m[33mWARNING (/opt/quarto/share/filters/main.lua:22019) Shortcode 'bi' not found
[39mOutput created: example_html.html

pandoc 
  to: html
  output-file: example_simpleicons.html
  standalone: true
  self-contained: true
  section-divs: true
  html-math-method: mathjax
  wrap: none
  default-image-extension: png
  
metadata
  document-css: false
  link-citations: true
  date-format: long
  lang: en
  title: simpleicons Example (HTML)
  
Error running filter '/opt/quarto/share/filters/main.lua':
Could not fetch https://simpleicons.org/icons/slack.svg
HttpExceptionRequest Request {
  host                 = "simpleicons.org"
  port                 = 443
  secure               = True
  requestHeaders       = [("User-Agent","pandoc/3.10")]
  path                 = "/icons/slack.svg"
  queryString          = ""
  method               = "GET"
  proxy                = Nothing
  rawBody              = False
  redirectCount        = 10
  responseTimeout      = ResponseTimeoutDefault
  requestVersion       = HTTP/1.1
  proxySecureMode      = ProxySecureWithConnect
}
 (StatusCodeException (Response {responseStatus = Status {statusCode = 404, statusMessage = "Not Found"}, responseVersion = HTTP/1.1, responseHeaders = [("Date","Mon, 03 Aug 2026 07:55:56 GMT"),("Content-Type","text/html; charset=utf-8"),("Transfer-Encoding","chunked"),("Connection","keep-alive"),("x-content-type-options","nosniff"),("Report-To","{\"group\":\"cf-nel\",\"max_age\":604800,\"endpoints\":[{\"url\":\"https://a.nel.cloudflare.com/report/v4?s=8qEtTlMKf1IkniURub%2FsW1BYfs9uIr6BaoylKNJsFtM9aW71V6Fqly54qjN%2BM5T35gnC3VqKDZww9ruu0%2FAf3aaC7aGJxMniaSPiB8ns4jmIJW8cA3D%2F%2BPyxC%2BF7MqIfZNY%3D\"}]}"),("Nel","{\"report_to\":\"cf-nel\",\"success_fraction\":0.0,\"max_age\":604800}"),("Access-Control-Allow-Origin","*"),("Cache-Control","no-store"),("referrer-policy","strict-origin-when-cross-origin"),("Speculation-Rules","\"/cdn-cgi/speculation\""),("Server-Timing","cfCacheStatus;desc=\"BYPASS\""),("Server-Timing","cfEdge;dur=6,cfOrigin;dur=32"),("Server","cloudflare"),("cf-cache-status","BYPASS"),("vary","accept-encoding"),("Content-Encoding","gzip"),("CF-RAY","a253c350aa0b6392-IAD"),("alt-svc","h3=\":443\"; ma=86400")], responseBody = (), responseCookieJar = CJ {expose = []}, responseClose' = ResponseClose, responseOriginalRequest = Request {
  host                 = "simpleicons.org"
  port                 = 443
  secure               = True
  requestHeaders       = [("User-Agent","pandoc/3.10")]
  path                 = "/icons/slack.svg"
  queryString          = ""
  method               = "GET"
  proxy                = Nothing
  rawBody              = False
  redirectCount        = 10
  responseTimeout      = ResponseTimeoutDefault
  requestVersion       = HTTP/1.1
  proxySecureMode      = ProxySecureWithConnect
}
, responseEarlyHints = []}) "<!doctype html><script type=\"6ca5f6ce613096a79d6a5f82-text/javascript\">const PATH=`404/`,params=new URL(window.location).searchParams.toString(),opts=params?`?${params}`:``;window.location=`https://simpleicons.org/404/${opts}`;</script><noscript><meta content=\"0; URL=https://simpleicons.org/404/\" http-equiv=refresh></head></noscript></html><script type=\"module\" src=\"https://static.cloudflareinsights.com/beacon.min.js/v4513226cdae34746b4dedf0b4dfa099e1781791509496\" integrity=\"sha512-ZE9pZaUXND66v380QUtch/5sE9tPFh2zg45pR2PB0CVkCtOREv2AJKkSidISWkysEuQ0EH8faUU5du78bx87UQ==\" data-cf-beacon='{\"version\":\"2024.11.0\",\"token\":\"6119c6c2ff1c4ac59e73ca98c9a7d467\",\"r\":1}' crossorigin=\"anonymous\"></script>\n<script src=\"/cdn-cgi/scripts/7d0fa10a/cloudflare-static/rocket-loader.min.js\" data-cf-settings=\"6ca5f6ce613096a79d6a5f82-|49\" defer></script>")
stack traceback:
	...ons/test-17/repo/_extensions/simpleicons/simpleicons.lua:18: in function <...ons/test-17/repo/_extensions/simpleicons/simpleicons.lua:8>
	(...tail calls...)
	[string "if pandoc.system.os == "mingw32" then..."]:778: in function <[string "if pandoc.system.os == "mingw32" then..."]:776>
	(...tail calls...)
	/opt/quarto/share/filters/main.lua:21758: in upvalue 'handle_shortcode'
	/opt/quarto/share/filters/main.lua:21828: in local 'filter_fn'
	/opt/quarto/share/filters/main.lua:656: in function </opt/quarto/share/filters/main.lua:646>
	(...tail calls...)
	[C]: in ?
	[C]: in method 'walk'
	/opt/quarto/share/pandoc/datadir/_utils.lua:607: in function '_utils.walk'
	/opt/quarto/share/filters/main.lua:575: in function </opt/quarto/share/filters/main.lua:553>
	(...tail calls...)
	/opt/quarto/share/filters/main.lua:21883: in field 'Pandoc'
	/opt/quarto/share/filters/main.lua:589: in function 'run_emulated_filter'
	/opt/quarto/share/filters/main.lua:1318: in local 'callback'
	/opt/quarto/share/filters/main.lua:1336: in upvalue 'run_emulated_filter_chain'
	/opt/quarto/share/filters/main.lua:1372: in function </opt/quarto/share/filters/main.lua:1369>
stack traceback:
	/opt/quarto/share/pandoc/datadir/_utils.lua:607: in function '_utils.walk'
	/opt/quarto/share/filters/main.lua:575: in function </opt/quarto/share/filters/main.lua:553>
	(...tail calls...)
	/opt/quarto/share/filters/main.lua:21883: in field 'Pandoc'
	/opt/quarto/share/filters/main.lua:589: in function 'run_emulated_filter'
	/opt/quarto/share/filters/main.lua:1318: in local 'callback'
	/opt/quarto/share/filters/main.lua:1336: in upvalue 'run_emulated_filter_chain'
	/opt/quarto/share/filters/main.lua:1372: in function </opt/quarto/share/filters/main.lua:1369>
WARN: Error encountered when rendering files
Render failed, retrying once...
pandoc 
  to: html
  output-file: example_simpleicons.html
  standalone: true
  self-contained: true
  section-divs: true
  html-math-method: mathjax
  wrap: none
  default-image-extension: png
  
metadata
  document-css: false
  link-citations: true
  date-format: long
  lang: en
  title: simpleicons Example (HTML)
  
Error running filter '/opt/quarto/share/filters/main.lua':
Could not fetch https://simpleicons.org/icons/slack.svg
HttpExceptionRequest Request {
  host                 = "simpleicons.org"
  port                 = 443
  secure               = True
  requestHeaders       = [("User-Agent","pandoc/3.10")]
  path                 = "/icons/slack.svg"
  queryString          = ""
  method               = "GET"
  proxy                = Nothing
  rawBody              = False
  redirectCount        = 10
  responseTimeout      = ResponseTimeoutDefault
  requestVersion       = HTTP/1.1
  proxySecureMode      = ProxySecureWithConnect
}
 (StatusCodeException (Response {responseStatus = Status {statusCode = 404, statusMessage = "Not Found"}, responseVersion = HTTP/1.1, responseHeaders = [("Date","Mon, 03 Aug 2026 07:56:00 GMT"),("Content-Type","text/html; charset=utf-8"),("Transfer-Encoding","chunked"),("Connection","keep-alive"),("x-content-type-options","nosniff"),("Report-To","{\"group\":\"cf-nel\",\"max_age\":604800,\"endpoints\":[{\"url\":\"https://a.nel.cloudflare.com/report/v4?s=A4UJDujOQvEocGuOXT8V4sszXhA3Hc0fCNjBF71njHofHwIus8nFDTmmphQWzf78%2For4JeFcsieMiW%2BTPjnvpU7MqNyS3w9HPIjRd93PySmyVt1mSowkTat7K8a0aY0Izy8%3D\"}]}"),("Nel","{\"report_to\":\"cf-nel\",\"success_fraction\":0.0,\"max_age\":604800}"),("Access-Control-Allow-Origin","*"),("Cache-Control","no-store"),("referrer-policy","strict-origin-when-cross-origin"),("Speculation-Rules","\"/cdn-cgi/speculation\""),("Server-Timing","cfCacheStatus;desc=\"BYPASS\""),("Server-Timing","cfEdge;dur=3,cfOrigin;dur=9"),("Server","cloudflare"),("cf-cache-status","BYPASS"),("vary","accept-encoding"),("Content-Encoding","gzip"),("CF-RAY","a253c3647eebe3e3-IAD"),("alt-svc","h3=\":443\"; ma=86400")], responseBody = (), responseCookieJar = CJ {expose = []}, responseClose' = ResponseClose, responseOriginalRequest = Request {
  host                 = "simpleicons.org"
  port                 = 443
  secure               = True
  requestHeaders       = [("User-Agent","pandoc/3.10")]
  path                 = "/icons/slack.svg"
  queryString          = ""
  method               = "GET"
  proxy                = Nothing
  rawBody              = False
  redirectCount        = 10
  responseTimeout      = ResponseTimeoutDefault
  requestVersion       = HTTP/1.1
  proxySecureMode      = ProxySecureWithConnect
}
, responseEarlyHints = []}) "<!doctype html><script type=\"0573f14ef39edfd53f664266-text/javascript\">const PATH=`404/`,params=new URL(window.location).searchParams.toString(),opts=params?`?${params}`:``;window.location=`https://simpleicons.org/404/${opts}`;</script><noscript><meta content=\"0; URL=https://simpleicons.org/404/\" http-equiv=refresh></head></noscript></html><script type=\"module\" src=\"https://static.cloudflareinsights.com/beacon.min.js/v4513226cdae34746b4dedf0b4dfa099e1781791509496\" integrity=\"sha512-ZE9pZaUXND66v380QUtch/5sE9tPFh2zg45pR2PB0CVkCtOREv2AJKkSidISWkysEuQ0EH8faUU5du78bx87UQ==\" data-cf-beacon='{\"version\":\"2024.11.0\",\"token\":\"6119c6c2ff1c4ac59e73ca98c9a7d467\",\"r\":1}' crossorigin=\"anonymous\"></script>\n<script src=\"/cdn-cgi/scripts/7d0fa10a/cloudflare-static/rocket-loader.min.js\" data-cf-settings=\"0573f14ef39edfd53f664266-|49\" defer></script>")
stack traceback:
	...ons/test-17/repo/_extensions/simpleicons/simpleicons.lua:18: in function <...ons/test-17/repo/_extensions/simpleicons/simpleicons.lua:8>
	(...tail calls...)
	[string "if pandoc.system.os == "mingw32" then..."]:778: in function <[string "if pandoc.system.os == "mingw32" then..."]:776>
	(...tail calls...)
	/opt/quarto/share/filters/main.lua:21758: in upvalue 'handle_shortcode'
	/opt/quarto/share/filters/main.lua:21828: in local 'filter_fn'
	/opt/quarto/share/filters/main.lua:656: in function </opt/quarto/share/filters/main.lua:646>
	(...tail calls...)
	[C]: in ?
	[C]: in method 'walk'
	/opt/quarto/share/pandoc/datadir/_utils.lua:607: in function '_utils.walk'
	/opt/quarto/share/filters/main.lua:575: in function </opt/quarto/share/filters/main.lua:553>
	(...tail calls...)
	/opt/quarto/share/filters/main.lua:21883: in field 'Pandoc'
	/opt/quarto/share/filters/main.lua:589: in function 'run_emulated_filter'
	/opt/quarto/share/filters/main.lua:1318: in local 'callback'
	/opt/quarto/share/filters/main.lua:1336: in upvalue 'run_emulated_filter_chain'
	/opt/quarto/share/filters/main.lua:1372: in function </opt/quarto/share/filters/main.lua:1369>
stack traceback:
	/opt/quarto/share/pandoc/datadir/_utils.lua:607: in function '_utils.walk'
	/opt/quarto/share/filters/main.lua:575: in function </opt/quarto/share/filters/main.lua:553>
	(...tail calls...)
	/opt/quarto/share/filters/main.lua:21883: in field 'Pandoc'
	/opt/quarto/share/filters/main.lua:589: in function 'run_emulated_filter'
	/opt/quarto/share/filters/main.lua:1318: in local 'callback'
	/opt/quarto/share/filters/main.lua:1336: in upvalue 'run_emulated_filter_chain'
	/opt/quarto/share/filters/main.lua:1372: in function </opt/quarto/share/filters/main.lua:1369>
WARN: Error encountered when rendering files
