Cloning into 'repo'...
Installing package into '/cache/r-lib-1'
(as 'lib' is unspecified)
trying URL 'https://packagemanager.posit.co/cran/latest/src/contrib/renv_1.2.4.tar.gz'
Content type 'binary/octet-stream' length 1435963 bytes (1.4 MB)
==================================================
downloaded 1.4 MB

* installing *source* package 'renv' ...
** this is package 'renv' version '1.2.4'
** package 'renv' successfully unpacked and MD5 sums checked
** using staged installation
** R
** inst
** byte-compile and prepare package for lazy loading
** help
*** installing help indices
*** copying figures
** building package indices
** installing vignettes
** testing if installed package can be loaded from temporary location
** checking absolute paths in shared objects and dynamic libraries
** testing if installed package can be loaded from final location
** testing if installed package keeps a record of temporary installation path
* DONE (renv)

The downloaded source packages are in
	'/tmp/RtmpujLhwW/downloaded_packages'


processing file: example.qmd
1/12                  
2/12 [unnamed-chunk-1]
3/12                  
4/12 [unnamed-chunk-2]
5/12                  
6/12 [unnamed-chunk-3]
7/12                  
8/12 [unnamed-chunk-4]
9/12                  
10/12 [unnamed-chunk-5]
11/12                  
12/12 [unnamed-chunk-6]
output file: example.knit.md

pandoc 
  to: html
  output-file: example.html
  standalone: true
  section-divs: true
  html-math-method: mathjax
  wrap: none
  default-image-extension: png
  
metadata
  document-css: false
  link-citations: true
  date-format: long
  lang: en
  title: Example Toggle
  
Output created: example.html

