(ERROR) The referenced format resource 'gbt9704.cls' does not exist.

Stack trace:
    at file:///opt/quarto/bin/quarto.js:128264:15
    at Array.map (<anonymous>)
    at writeFormatResources (file:///opt/quarto/bin/quarto.js:128261:32)
    at resolveExtras (file:///opt/quarto/bin/quarto.js:129991:9)
    at runPandoc (file:///opt/quarto/bin/quarto.js:129425:26)
    at async renderPandoc (file:///opt/quarto/bin/quarto.js:131117:24)
    at async Object.onRender (file:///opt/quarto/bin/quarto.js:137201:30)
    at async renderFileInternal (file:///opt/quarto/bin/quarto.js:137178:9)
    at async renderFiles (file:///opt/quarto/bin/quarto.js:136894:9)
    at async renderProject (file:///opt/quarto/bin/quarto.js:137478:23)
    at async _Command.actionHandler (file:///opt/quarto/bin/quarto.js:142808:24)
    at async _Command.execute (file:///opt/quarto/bin/quarto.js:102199:7)
    at async _Command.parseCommand (file:///opt/quarto/bin/quarto.js:102076:14)
    at async quarto4 (file:///opt/quarto/bin/quarto.js:188205:5)
    at async file:///opt/quarto/bin/quarto.js:188234:5
    at async file:///opt/quarto/bin/quarto.js:188088:14
    at async mainRunner (file:///opt/quarto/bin/quarto.js:188090:5)
    at async file:///opt/quarto/bin/quarto.js:188227:3

