Cloning into 'repo'...
pandoc 
  to: docx
  output-file: example.docx
  default-image-extension: png
  reference-doc: _extensions/gbt9704/assets/reference-gbt9704.docx
  
metadata
  title: 关于印发《公文格式示例》的通知
  header-org: XX单位办公室
  header-number: XX发〔202X〕X号
  header-signatory: 张三
  subtitle: ——关于做好公文格式标准化工作的通知
  mainreceiver: 各有关单位：
  signature: XX单位办公室
  signdate: 202X年X月X日
  notes: 此件公开发布
  copyto: XX部门、XX委员会
  issue-author: XX单位办公室
  issue-date: 202X年X月X日
  attachments:
    - 1. 关于印发《公文处理办法》的通知
    - 2. 公文格式标准对照表
  emoji: true
  redline: true
  
Output created: example.docx

pandoc 
  to: latex
  output-file: example.tex
  standalone: true
  pdf-engine: lualatex
  variables:
    graphics: true
    tables: true
  default-image-extension: pdf
  
metadata
  block-headings: true
  documentclass: gbt9704
  title: 关于印发《公文格式示例》的通知
  header-org: XX单位办公室
  header-number: XX发〔202X〕X号
  header-signatory: 张三
  subtitle: ——关于做好公文格式标准化工作的通知
  mainreceiver: 各有关单位：
  signature: XX单位办公室
  signdate: 202X年X月X日
  notes: 此件公开发布
  copyto: XX部门、XX委员会
  issue-author: XX单位办公室
  issue-date: 202X年X月X日
  attachments:
    - 1. 关于印发《公文处理办法》的通知
    - 2. 公文格式标准对照表
  emoji: true
  classoption:
    - zhlineskip
    - redline
  

Rendering PDF
running lualatex - 1
  This is LuaHBTeX, Version 1.24.0 (TeX Live 2026) 
   restricted system commands enabled.
  
updating tlmgr

updating existing packages
finding package for memoir.cls
> 1 package to install
> installing memoir (1 of 1)
  This is LuaHBTeX, Version 1.24.0 (TeX Live 2026) 
   restricted system commands enabled.
  
finding package for xpatch.sty
> 1 package to install
> installing xpatch (1 of 1)
  This is LuaHBTeX, Version 1.24.0 (TeX Live 2026) 
   restricted system commands enabled.
  
  luaotfload | db : Font names database not found, generating new one.
  luaotfload | db : This can take several minutes; please be patient.
finding package for ctex.sty
> 1 package to install
> installing ctex (1 of 1)
  This is LuaHBTeX, Version 1.24.0 (TeX Live 2026) 
   restricted system commands enabled.
  
finding package for zhlineskip.sty
> 1 package to install
> installing zhlineskip (1 of 1)
  This is LuaHBTeX, Version 1.24.0 (TeX Live 2026) 
   restricted system commands enabled.
  
finding package for mathtools.sty
> 1 package to install
> installing mathtools (1 of 1)
  This is LuaHBTeX, Version 1.24.0 (TeX Live 2026) 
   restricted system commands enabled.
  
  luaotfload | db : Reload initiated (formats: otf,ttf,ttc); reason: Font "FZDaBiaoSong-B06" not found.
finding package for FangSong(-(Bold|Italic|Regular).*)?[.](tfm|afm|mf|otf|ttf)
finding package for FZDaBiaoSong-B06(-(Bold|Italic|Regular).*)?[.](tfm|afm|mf|otf|ttf)
ERROR: 
compilation failed- no matching packages
Package fontspec Error: 
(fontspec)                The font "FangSong" cannot be found; this may be
(fontspec)                but usually is not a fontspec bug. Either there is
(fontspec)                a typo in the font name/file, the font is not
(fontspec)                installed (correctly), or there is a bug in the
(fontspec)                underlying font loading engine (XeTeX/luaotfload).

For immediate help type H <return>.
 ...                                              
                                                  
l.127 ...Song}[AutoFakeBold=3.17, AutoFakeSlant=0.2]
                                                  


see /home/runner/work/quarto-extensions/quarto-extensions/test-18/repo/example.log for more information.
WARN: Error encountered when rendering files
Render failed, retrying once...
pandoc 
  to: latex
  output-file: example.tex
  standalone: true
  pdf-engine: lualatex
  variables:
    graphics: true
    tables: true
  default-image-extension: pdf
  
metadata
  block-headings: true
  documentclass: gbt9704
  title: 关于印发《公文格式示例》的通知
  header-org: XX单位办公室
  header-number: XX发〔202X〕X号
  header-signatory: 张三
  subtitle: ——关于做好公文格式标准化工作的通知
  mainreceiver: 各有关单位：
  signature: XX单位办公室
  signdate: 202X年X月X日
  notes: 此件公开发布
  copyto: XX部门、XX委员会
  issue-author: XX单位办公室
  issue-date: 202X年X月X日
  attachments:
    - 1. 关于印发《公文处理办法》的通知
    - 2. 公文格式标准对照表
  emoji: true
  classoption:
    - zhlineskip
    - redline
  

Rendering PDF
running lualatex - 1
  This is LuaHBTeX, Version 1.24.0 (TeX Live 2026) 
   restricted system commands enabled.
  
  luaotfload | db : Reload initiated (formats: otf,ttf,ttc); reason: Font "FZDaBiaoSong-B06" not found.
updating tlmgr

updating existing packages
finding package for FangSong(-(Bold|Italic|Regular).*)?[.](tfm|afm|mf|otf|ttf)
finding package for FZDaBiaoSong-B06(-(Bold|Italic|Regular).*)?[.](tfm|afm|mf|otf|ttf)
ERROR: 
compilation failed- no matching packages
Package fontspec Error: 
(fontspec)                The font "FangSong" cannot be found; this may be
(fontspec)                but usually is not a fontspec bug. Either there is
(fontspec)                a typo in the font name/file, the font is not
(fontspec)                installed (correctly), or there is a bug in the
(fontspec)                underlying font loading engine (XeTeX/luaotfload).

For immediate help type H <return>.
 ...                                              
                                                  
l.127 ...Song}[AutoFakeBold=3.17, AutoFakeSlant=0.2]
                                                  


see /home/runner/work/quarto-extensions/quarto-extensions/test-18/repo/example.log for more information.
WARN: Error encountered when rendering files
