pandoc 

  to: typst
  output-file: template.typ
  template: _extensions/quarto-lapreprint/template.typ
  standalone: true
  default-image-extension: svg
  wrap: none
  citeproc: false
  cite-method: natbib
  

metadata

  title: Pixels and their Neighbours
  abstract: '`#lorem(100)`{=typst}'
  keyword:
    - Finite Volume
    - Tutorial
    - Reproducible Research
  theme: '`red.darken(50%)`{=typst}'
  subtitle: A Tutorial on Finite Volume
  short-title: Finite Volume Tutorial
  pub-date:
    - title: Published
      date: '`datetime(year: 2023, month: 08, day: 21)`{=typst}'
    - title: Accepted
      date: '`datetime(year: 2022, month: 12, day: 10)`{=typst}'
    - title: Submitted
      date: '`datetime(year: 2022, month: 12, day: 10)`{=typst}'
  venue: '`[ar#text(fill: red.darken(20%))[X]iv]`{=typst}'
  logo: files/logo.png
  doi: 10.1190/tle35080703.1
  authors:
    - name: Rowan Cockett
      orcid: 0000-0002-7859-8394
      email: rowan@curvenote.com
      affiliations: 1,2,🖂
    - name: Lindsey Heagy
      orcid: 0000-0002-1551-5926
      affiliations: 1
    - name: Douglas Oldenburg
      orcid: 0000-0002-4327-2124
      affiliations: 1
  affiliations:
    - id: 1
      name: University of British Columbia
    - id: 2
      name: Curvenote Inc.
  kind: Notebook Tutorial
  margin-content:
    - title: Key Points
      content: |
        * key point 1 is *important*.
        * key point 2 is also important.
        * this is the third idea.
    - title: Corresponding Author
      content: 🖂 [rowan@curvenote.com](mailto:rowan@curvenote.com)
    - title: Data Statement
      content: Associated notebooks are available on [GitHub]("https://github.com/simpeg/tle-finitevolume") and can be run online with [MyBinder]("http://mybinder.org/repo/simpeg/tle-finitevolume").
    - title: Funding
      content: Funding was provided by the Vanier Award to each of Cockett and Heagy.
    - title: Competing Interests
      content: The authors declare no competing interests.
  mainfont: Fira Sans
  bibliography:
    - main.bib
  biblio-style: ieee
  

[typst]: Compiling template.typ to template.pdf...
error: only element functions can be used as selectors
    ┌─ template.typ:323:19
    │  
323 │    
   header: locate(loc => {
    │ ╭────────────────────^
324 │ │       if(loc.page() == 1) {
325 │ │         let headers = (
326 │ │           if (open-access) {smallcaps[Open Access]},
    · │
334 │ │       }
335 │ │     }),
    │ ╰─────^

warning: no whitespace before raw text
    ┌─ template.typ:290:20
    │
290 │   let orcidSvg = ```<svg version="1.1" xmlns="http://www.w3.org/2000/svg" xmlns:xlink="http://www.w3.org/1999/xlink" x="0px" y="0px" viewBox="0 0 24 24"> <path fill="#AECD54" d="M21.8,12c0,5.4-4.4,9.8-9.8,9.8S2.2,17.4,2.2,12S6.6,2.2,1
2,2.2S21.8,6.6,21.8,12z M8.2,5.8c-0.4,0-0.8,0.3-0.8,0.8s0.3,0.8,0.8,0.8S9,7,9,6.6S8.7,5.8,8.2,5.8z M10.5,15.4h1.2v-6c0,0-0.5,0,1.8,0s3.3,1.4,3.3,3s-1.5,3-3.
3,3s-1.9,0-1.9,0H10.5v1.1H9V8.3H7.7v8.2h2.9c0,0-0.3,0,3,0s4.5-2.2,4.5-4.1s-1.2-4.1-4.3-4.1s-3.2,0-3.2,0L10.5,15.4z"/></svg>``
`.text
    │                     ^^^^
    │
    = hint: in the next version of Typst, this text will be treated as the language tag for this element
    = hint: to avoid this, add a space after the initial backticks


(ERROR) error: only element functions can be used as selectors
    ┌─ template.typ:323:19
    │  
323 │       header: locate(loc => {
    │ ╭────────────────────^
324 │ │       if(loc.page() == 1) {
325 │ │         let headers = (
326 │ │           if (open-access) {smallcaps[Open Access]},
    · │
334 │ │       }
335 │ │     }),
    │ ╰─────^

warning: no whitespace before raw text
    ┌─ template.typ:290:20
    │
290 │   let orcidSvg = ```<svg version="1.1" xmlns="http://www.w3.org/2000/svg" xmlns:xlink="http://www.w3.org/1999/xlink" x="0px" y="0px" viewBox="0 0 24 24"> <path fill="#AECD54" d="M21.8,12c0,5.4-4.4,9.8-9.8,9.8S2.2,17.4,2.2,12S6.6,2.2,12,2.2S21.8,6.6,21.8,12z M8.2,5.8c-0.4,0-0.8,0.3-0.8,0.8s0.3,0.8,0.8,0.8S9,7,9,6.6S8.7,5.8,8.2,5.8z M10.5,15.4h1.2v-6c0,0-0.5,0,1.8,0s3.3,1.4,3.3,3s-1.5,3-3.3,3s-1.9,0-1.9,0H10.5v1.1H9V8.3H7.7v8.2h2.9c0,0-0.3,0,3,0s4.5-2.2,4.5-4.1s-1.2-4.1-4.3-4.1s-3.2,0-3.2,0L10.5,15.4z"/></svg>```.text
    │                     ^^^^
    │
    = hint: in the next version of Typst, this text will be treated as the language tag for this element
    = hint: to avoid this, add a space after the initial backticks



(ERROR) Typst compilation failed

