Cloning into 'repo'...
Installing package into '/cache/r-lib-0'
(as 'lib' is unspecified)
trying URL 'https://packagemanager.posit.co/cran/latest/src/contrib/renv_1.2.3.tar.gz'
Content type 'binary/octet-stream' length 1375285 bytes (1.3 MB)
==================================================
downloaded 1.3 MB

* installing *source* package 'renv' ...
** this is package 'renv' version '1.2.3'
** package 'renv' successfully unpacked and MD5 sums checked
** using staged installation
** R
** inst
** byte-compile and prepare package for lazy loading
** help
*** installing help indices
*** copying figures
** building package indices
** installing vignettes
** testing if installed package can be loaded from temporary location
** checking absolute paths in shared objects and dynamic libraries
** testing if installed package can be loaded from final location
** testing if installed package keeps a record of temporary installation path
* DONE (renv)

The downloaded source packages are in
	'/tmp/Rtmpb1lH36/downloaded_packages'
[1/7] qregurgitate-with-results.qmd


processing file: qregurgitate-with-results.qmd
1/5                  
2/5 [unnamed-chunk-1]
Downloading cpython-3.12.13-linux-x86_64-gnu (download) (32.6MiB)
 Downloaded cpython-3.12.13-linux-x86_64-gnu (download)
Installed 1 package in 81ms
3/5                  
4/5 [unnamed-chunk-2]
5/5                  
output file: qregurgitate-with-results.knit.md

[2/7] qregurgitate-remove-inline.qmd
[3/7] qregurgitate-code-only.qmd


processing file: qregurgitate-code-only.qmd
1/5                  
2/5 [unnamed-chunk-1]
3/5                  
4/5 [unnamed-chunk-2]
5/5                  
output file: qregurgitate-code-only.knit.md

[4/7] qregurgitate-grouped.qmd


processing file: qregurgitate-grouped.qmd
1/3                  
2/3 [unnamed-chunk-1]
3/3                  
output file: qregurgitate-grouped.knit.md

[5/7] qregurgitate-faq.qmd
[6/7] index.qmd
[7/7] qregurgitate-release-notes.qmd

Output created: _site/index.html

