Cloning into 'repo'...
pandoc 
  to: revealjs
  output-file: /home/runner/work/quarto-extensions/quarto-extensions/test-17/repo/index.html
  standalone: true
  wrap: none
  default-image-extension: png
  html-math-method:
    method: mathjax
    url: >-
      https://cdn.jsdelivr.net/npm/mathjax@2.7.9/MathJax.js?config=TeX-AMS_HTML-full
  slide-level: 2
  
metadata
  link-citations: true
  width: 1050
  height: 700
  margin: 0.1
  center: false
  navigationMode: linear
  controlsLayout: edges
  controlsTutorial: false
  hash: true
  history: true
  hashOneBasedIndex: false
  fragmentInURL: false
  transition: none
  backgroundTransition: none
  pdfSeparateFragments: false
  lang: en
  auto-stretch: true
  title: Reveal.js A11y
  subtitle: Accessibility Plugin Demo
  authors:
    - name: Mickaël CANOUIL, _Ph.D._
      orcid: 0000-0002-3396-4549
      url: https://mickael.canouil.fr
  revealjs-plugins:
    - a11y
  revealjs-a11y:
    skip-navigation: true
    focus-indicators: true
    reduced-motion: true
    high-contrast: false
    font-size-controls: true
    font-selection: true
    text-spacing: true
    link-highlight: true
    slide-landmarks: true
    alt-text-warnings: true
    announce-slide-numbers: true
    announce-fragments: true
    announce-language-changes: true
    transcript: true
    pointer-indicator: true
    slide-menu-a11y: true
    slide-change-cue:
      visual: true
      audio: true
    menu: true
  
Output created: index.html


pandoc 
  to: revealjs
  output-file: _a11y-fixture.html
  standalone: true
  wrap: none
  default-image-extension: png
  html-math-method:
    method: mathjax
    url: >-
      https://cdn.jsdelivr.net/npm/mathjax@2.7.9/MathJax.js?config=TeX-AMS_HTML-full
  slide-level: 2
  
metadata
  link-citations: true
  width: 1050
  height: 700
  margin: 0.1
  center: false
  navigationMode: linear
  controlsLayout: edges
  controlsTutorial: false
  hash: true
  history: true
  hashOneBasedIndex: false
  fragmentInURL: false
  transition: none
  backgroundTransition: none
  pdfSeparateFragments: false
  lang: en
  auto-stretch: true
  title: Accessibility fixture
  axe:
    output: json
  revealjs-plugins:
    - a11y
  revealjs-a11y:
    alt-text-warnings: false
  

Output created: _a11y-fixture.html

[pre-render] warning: 0.2.2 is not tagged; the install commands name an unreleased version
[pre-render] _extension.yml -> _variables.yml (mcanouil/quarto-revealjs-a11y@0.2.2)
[pre-render] CHANGELOG.md -> changelog.qmd

pandoc 
  to: html
  output-file: 404.html
  standalone: true
  title-prefix: RevealJS A11y
  section-divs: true
  html-math-method: mathjax
  wrap: none
  default-image-extension: png
  toc: false
  toc-depth: 3
  
metadata
  document-css: false
  link-citations: true
  lang: en-GB
  date-format: dddd[, the] Do [of] MMMM, YYYY
  code-copy: true
  respect-user-color-scheme: true
  theme:
    light:
      - _extensions/mcanouil/atelier/html/chrome.scss
      - brand
      - _extensions/mcanouil/atelier/html/theme.scss
      - _extensions/mcanouil/pastel/pastel.scss
      - assets/theme.scss
    dark:
      - _extensions/mcanouil/atelier/html/chrome.scss
      - brand
      - _extensions/mcanouil/atelier/html/theme.scss
      - _extensions/mcanouil/pastel/pastel.scss
      - assets/theme.scss
  anchor-sections: true
  grid:
    sidebar-width: 300px
    body-width: 1000px
    margin-width: 300px
  brand: _extensions/mcanouil/pastel/brand.yml
  extensions:
    atelier:
      site-url: https://m.canouil.dev/quarto-revealjs-a11y
    gitlink:
      enabled: false
      widget:
        enabled: true
        extra-links:
          - text: Ideas / Feature Requests
            href: /discussions/categories/ideas
            icon: discussion
          - text: Q&A
            href: /discussions/categories/q-a
            icon: question
        sponsor: mcanouil
        style-navbar-tools: false
    code-window:
      style: macos
      auto-filename: false
  title: Page not found
  description: That page does not exist or has moved.
  sidebar: false
  
[post-render] Removed changelog.qmd and _variables.yml

Output created: _site/404.html

[pre-render] warning: 0.2.2 is not tagged; the install commands name an unreleased version
[pre-render] _extension.yml -> _variables.yml (mcanouil/quarto-revealjs-a11y@0.2.2)
[pre-render] CHANGELOG.md -> changelog.qmd

pandoc 
  to: html
  output-file: reference.html
  standalone: true
  title-prefix: RevealJS A11y
  section-divs: true
  html-math-method: mathjax
  wrap: none
  default-image-extension: png
  toc: true
  toc-depth: 3
  
metadata
  document-css: false
  link-citations: true
  lang: en-GB
  date-format: dddd[, the] Do [of] MMMM, YYYY
  code-copy: true
  respect-user-color-scheme: true
  theme:
    light:
      - _extensions/mcanouil/atelier/html/chrome.scss
      - brand
      - _extensions/mcanouil/atelier/html/theme.scss
      - _extensions/mcanouil/pastel/pastel.scss
      - assets/theme.scss
    dark:
      - _extensions/mcanouil/atelier/html/chrome.scss
      - brand
      - _extensions/mcanouil/atelier/html/theme.scss
      - _extensions/mcanouil/pastel/pastel.scss
      - assets/theme.scss
  anchor-sections: true
  grid:
    sidebar-width: 300px
    body-width: 1000px
    margin-width: 300px
  brand: _extensions/mcanouil/pastel/brand.yml
  extensions:
    atelier:
      site-url: https://m.canouil.dev/quarto-revealjs-a11y
    gitlink:
      enabled: false
      widget:
        enabled: true
        extra-links:
          - text: Ideas / Feature Requests
            href: /discussions/categories/ideas
            icon: discussion
          - text: Q&A
            href: /discussions/categories/q-a
            icon: question
        sponsor: mcanouil
        style-navbar-tools: false
    code-window:
      style: macos
      auto-filename: false
  title: Reference
  subtitle: Every option the a11y plugin accepts.
  description: 'The complete a11y configuration: the options and their defaults, the keyboard shortcuts, what persists, and the print behaviour.'
  
[post-render] Removed changelog.qmd and _variables.yml

Output created: _site/reference.html

[pre-render] warning: 0.2.2 is not tagged; the install commands name an unreleased version
[pre-render] _extension.yml -> _variables.yml (mcanouil/quarto-revealjs-a11y@0.2.2)
[pre-render] CHANGELOG.md -> changelog.qmd

pandoc 
  to: html
  output-file: index.html
  standalone: true
  title-prefix: RevealJS A11y
  section-divs: true
  html-math-method: mathjax
  wrap: none
  default-image-extension: png
  toc: true
  toc-depth: 3
  
metadata
  document-css: false
  link-citations: true
  lang: en-GB
  date-format: dddd[, the] Do [of] MMMM, YYYY
  code-copy: true
  respect-user-color-scheme: true
  theme:
    light:
      - _extensions/mcanouil/atelier/html/chrome.scss
      - brand
      - _extensions/mcanouil/atelier/html/theme.scss
      - _extensions/mcanouil/pastel/pastel.scss
      - assets/theme.scss
    dark:
      - _extensions/mcanouil/atelier/html/chrome.scss
      - brand
      - _extensions/mcanouil/atelier/html/theme.scss
      - _extensions/mcanouil/pastel/pastel.scss
      - assets/theme.scss
  anchor-sections: true
  grid:
    sidebar-width: 300px
    body-width: 1000px
    margin-width: 300px
  brand: _extensions/mcanouil/pastel/brand.yml
  extensions:
    atelier:
      site-url: https://m.canouil.dev/quarto-revealjs-a11y
    gitlink:
      enabled: false
      widget:
        enabled: true
        extra-links:
          - text: Ideas / Feature Requests
            href: /discussions/categories/ideas
            icon: discussion
          - text: Q&A
            href: /discussions/categories/q-a
            icon: question
        sponsor: mcanouil
        style-navbar-tools: false
    code-window:
      style: macos
      auto-filename: false
  title: RevealJS A11y
  subtitle: Slides people can actually use.
  description: What the a11y plugin adds to a RevealJS presentation, how to enable it, and the controls it gives a reader.
  authors:
    - name: Mickaël CANOUIL, _Ph.D._
      orcid: 0000-0002-3396-4549
      url: https://mickael.canouil.fr
  
[post-render] Removed changelog.qmd and _variables.yml

Output created: _site/index.html

[pre-render] warning: 0.2.2 is not tagged; the install commands name an unreleased version
[pre-render] _extension.yml -> _variables.yml (mcanouil/quarto-revealjs-a11y@0.2.2)
[pre-render] CHANGELOG.md -> changelog.qmd

pandoc 
  to: html
  output-file: examples.html
  standalone: true
  title-prefix: RevealJS A11y
  section-divs: true
  html-math-method: mathjax
  wrap: none
  default-image-extension: png
  toc: true
  toc-depth: 3
  
metadata
  document-css: false
  link-citations: true
  lang: en-GB
  date-format: dddd[, the] Do [of] MMMM, YYYY
  code-copy: true
  respect-user-color-scheme: true
  theme:
    light:
      - _extensions/mcanouil/atelier/html/chrome.scss
      - brand
      - _extensions/mcanouil/atelier/html/theme.scss
      - _extensions/mcanouil/pastel/pastel.scss
      - assets/theme.scss
    dark:
      - _extensions/mcanouil/atelier/html/chrome.scss
      - brand
      - _extensions/mcanouil/atelier/html/theme.scss
      - _extensions/mcanouil/pastel/pastel.scss
      - assets/theme.scss
  anchor-sections: true
  grid:
    sidebar-width: 300px
    body-width: 1000px
    margin-width: 300px
  brand: _extensions/mcanouil/pastel/brand.yml
  extensions:
    atelier:
      site-url: https://m.canouil.dev/quarto-revealjs-a11y
    gitlink:
      enabled: false
      widget:
        enabled: true
        extra-links:
          - text: Ideas / Feature Requests
            href: /discussions/categories/ideas
            icon: discussion
          - text: Q&A
            href: /discussions/categories/q-a
            icon: question
        sponsor: mcanouil
        style-navbar-tools: false
    code-window:
      style: macos
      auto-filename: false
  title: Examples
  subtitle: The configuration behind the deck.
  description: The a11y options as set on this site's preview deck, with what each one changes.
  
[post-render] Removed changelog.qmd and _variables.yml

Output created: _site/examples.html

[pre-render] warning: 0.2.2 is not tagged; the install commands name an unreleased version
[pre-render] _extension.yml -> _variables.yml (mcanouil/quarto-revealjs-a11y@0.2.2)
[pre-render] CHANGELOG.md -> changelog.qmd

ERROR: Specified Reveal plugin directory 'a11y' does not exist.

Stack trace:
    at pluginFromBundle (file:///opt/quarto/bin/quarto.js:184459:11)
    at revealPluginExtras (file:///opt/quarto/bin/quarto.js:184255:52)
    at async Object.formatExtras (file:///opt/quarto/bin/quarto.js:184851:34)
    at async runPandoc (file:///opt/quarto/bin/quarto.js:129405:56)
    at async renderPandoc (file:///opt/quarto/bin/quarto.js:131117:24)
    at async Object.onRender (file:///opt/quarto/bin/quarto.js:137201:30)
    at async renderFileInternal (file:///opt/quarto/bin/quarto.js:137178:9)
    at async renderFiles (file:///opt/quarto/bin/quarto.js:136894:9)
    at async renderProject (file:///opt/quarto/bin/quarto.js:137478:23)
    at async _Command.actionHandler (file:///opt/quarto/bin/quarto.js:142808:24)
    at async _Command.execute (file:///opt/quarto/bin/quarto.js:102199:7)
    at async _Command.parseCommand (file:///opt/quarto/bin/quarto.js:102076:14)
    at async quarto4 (file:///opt/quarto/bin/quarto.js:188205:5)
    at async file:///opt/quarto/bin/quarto.js:188234:5
    at async file:///opt/quarto/bin/quarto.js:188088:14
    at async mainRunner (file:///opt/quarto/bin/quarto.js:188090:5)
    at async file:///opt/quarto/bin/quarto.js:188227:3
Render failed, retrying once...
[pre-render] warning: 0.2.2 is not tagged; the install commands name an unreleased version
[pre-render] _extension.yml -> _variables.yml (mcanouil/quarto-revealjs-a11y@0.2.2)
[pre-render] CHANGELOG.md -> changelog.qmd

ERROR: Specified Reveal plugin directory 'a11y' does not exist.

Stack trace:
    at pluginFromBundle (file:///opt/quarto/bin/quarto.js:184459:11)
    at revealPluginExtras (file:///opt/quarto/bin/quarto.js:184255:52)
    at async Object.formatExtras (file:///opt/quarto/bin/quarto.js:184851:34)
    at async runPandoc (file:///opt/quarto/bin/quarto.js:129405:56)
    at async renderPandoc (file:///opt/quarto/bin/quarto.js:131117:24)
    at async Object.onRender (file:///opt/quarto/bin/quarto.js:137201:30)
    at async renderFileInternal (file:///opt/quarto/bin/quarto.js:137178:9)
    at async renderFiles (file:///opt/quarto/bin/quarto.js:136894:9)
    at async renderProject (file:///opt/quarto/bin/quarto.js:137478:23)
    at async _Command.actionHandler (file:///opt/quarto/bin/quarto.js:142808:24)
    at async _Command.execute (file:///opt/quarto/bin/quarto.js:102199:7)
    at async _Command.parseCommand (file:///opt/quarto/bin/quarto.js:102076:14)
    at async quarto4 (file:///opt/quarto/bin/quarto.js:188205:5)
    at async file:///opt/quarto/bin/quarto.js:188234:5
    at async file:///opt/quarto/bin/quarto.js:188088:14
    at async mainRunner (file:///opt/quarto/bin/quarto.js:188090:5)
    at async file:///opt/quarto/bin/quarto.js:188227:3
