  % Total    % Received % Xferd  Average Speed   Time 
   Time     Time  Current
                                 Dload  Upload   Total   Spent    Left  Speed
  0     0    0     0    0     0      0      0 --:--:-- --:--:-- --:--:--     0
 --:--:-- --:--:-- --:--:--  2002100  1448  100  1416  100    32   1960     44 --:--:-- --:--:-- --:--:--  2002

  % Total    % Received % Xferd  Average Spee
d   Time    Time     Time  Current
                                 Dload  Upload   Total   Spent    Left  Speed
  0     0    0     0    0     0      0      0 --:--:-- --:--:-- --:--:--     0
  % Total    % Received % Xfe
rd  Average Speed   Time    Time     Time  Current
                                 Dload  Upload   Total   Spent    Left  Speed
  0     0    0     0    0     0      0      0 --:--:-- --:--:-- --:--:--     0
119 --:--:-- --:--:-- --:--:--  2531100  1701  100  1621  100    80   2414    119 --:--:-- --:--:-- --:--:--  2531

  % Total    % Received % Xferd  Average Speed   Time    Time     Time  Current
                                 Dload  Upload   Total   Spent    Left  Speed
  0     0    0     0    0     0      0      0 --:--:-- --:--:-- --:--:--     0
292    125 --:--:-- --:--:-- --:--:--  2416100  1786  100  1693  100    93   2292    125 --:--:-- --:--:-- --:--:--  2416



pandoc 

  to: latex
  output-file: index.tex
  standalone: true
  toc: true
  number-sections: true
  top-level-division: chapter
  pdf-engine: lualatex
  variables:
    graphics: true
    tables: true
  default-image-extension: pdf
  

metadata

  crossref:
    chapters: true
  documentclass: scrreprt
  papersize: letter
  classoption:
    - DIV=11
    - numbers=noendperiod
  header-includes:
    - \KOMAoption{captions}{tableheading}
  block-headings: true
  bibliography:
    - references.bib
  title: Kroki diagrams Test
  date: 23/03/2026
  

  % Total    % Received % Xferd  Average Speed   Time    Time     Time  Current
                                 Dload  Upload   Total   Spent    Left  Speed
  0     0    0     0    0     0      0      0 --:--:-- --:--:-- --:--:--     0
   43 --:--:-- --:--:-- --:--:--  1980100  1448  100  1416  100    32   1938     43 --:--:-- --:--:-- --:--:--  1980


Error: Inkscape has to be installed and added to PATH.


  % Total    % Received % Xferd  Average Speed   Time    Time     Time  Current
                                 Dload  Upload   Total   Spent    Left  Speed
  0     0    0     0    0     0      0      0 --:--:-- --:--:-- --:--:--     0
    174 --:--:-- --:--:-- --:--:--  6610


Error: Inkscape has to be installed and added to PATH.


  % Total    % Received % Xferd
  Average Speed   Time    Time     Time  Current
                                 Dload  Upload   Total   Spent    Left  Speed
  0     0    0     0    0     0 
     0      0 --:--:-- --:--:-- --:--:--     0
--:-- --:--:--  6276


Error: Inkscape has to be installed and added to PATH.


  % Total    % Received
 % Xferd  Average Speed   Time    Time     Time  Current
                                 Dload  Upload   Total   Spent    Left  Speed
  0     0    0     0    0     0
      0      0 --:--:-- --:--:-- --:--:--     0
  0      0 --:--:-- --:--:-- --:--:--     0
93   1591     87  0:00:01  0:00:01 --:--:--  1678100  1786  100  1693  100    93   1591     87  0:00:01  0:00:01 --:--:--  1678


Error: Inkscape has to be installed and added to PATH.



Rendering PDF

running lualatex - 1

  This is LuaHBTeX, Version 1.24.0 (TeX Live 2026) 
   restricted system commands enabled.
  

updating tlmgr



updating existing packages

finding package for scrreprt.cls

> 1 package to install

> installing koma-script (1 of 1)

  This is LuaHBTeX, Version 1.24.0 (TeX Live 2026) 
   restricted system commands enabled.
  
  luaotfload | db : Font names database not found, generating new one.
  luaotfload | db : This can take several minutes; please be patient.

running lualatex - 2

  This is LuaHBTeX, Version 1.24.0 (TeX Live 2026) 
   restricted system commands enabled.
  



Output created: _book/index.html


