Cloning into 'repo'...
pandoc 
  to: html
  output-file: example.html
  standalone: true
  section-divs: true
  html-math-method: mathjax
  wrap: none
  default-image-extension: png
  
metadata
  document-css: false
  link-citations: true
  date-format: long
  lang: en
  title: Collapse-social-embeds Example
  author: Shafayet Khan Shafee
  date: last-modified
  
Error running filter '/opt/quarto/share/filters/main.lua':
Could not fetch https://publish.twitter.com/oembed?url=https://twitter.com/pandoc_tips/status/1576105972103516160&align=center
HttpExceptionRequest Request {
  host                 = "publish.x.com"
  port                 = 443
  secure               = True
  requestHeaders       = [("User-Agent","pandoc/3.10")]
  path                 = "/oembed"
  queryString          = "?url=https://twitter.com/pandoc_tips/status/1576105972103516160&align=center"
  method               = "GET"
  proxy                = Nothing
  rawBody              = False
  redirectCount        = 10
  responseTimeout      = ResponseTimeoutDefault
  requestVersion       = HTTP/1.1
  proxySecureMode      = ProxySecureWithConnect
}
 (StatusCodeException (Response {responseStatus = Status {statusCode = 404, statusMessage = "Not Found"}, responseVersion = HTTP/1.1, responseHeaders = [("Date","Sat, 15 Aug 2026 14:38:25 GMT"),("Content-Type","text/html;charset=utf-8"),("Transfer-Encoding","chunked"),("Connection","keep-alive"),("perf","7402827104"),("Server","cloudflare envoy"),("Set-Cookie","guest_id_marketing=v1%3A178680470584147711; Max-Age=63072000; Expires=Mon, 14 Aug 2028 14:38:25 GMT; Path=/; Domain=.x.com; Secure; SameSite=None"),("Set-Cookie","guest_id_ads=v1%3A178680470584147711; Max-Age=63072000; Expires=Mon, 14 Aug 2028 14:38:25 GMT; Path=/; Domain=.x.com; Secure; SameSite=None"),("Set-Cookie","personalization_id=\"v1_s62A9O/RqkGufua2PZwJXg==\"; Max-Age=63072000; Expires=Mon, 14 Aug 2028 14:38:25 GMT; Path=/; Domain=.x.com; Secure; SameSite=None"),("Set-Cookie","guest_id=v1%3A178680470584147711; Max-Age=63072000; Expires=Mon, 14 Aug 2028 14:38:25 GMT; Path=/; Domain=.x.com; Secure; SameSite=None"),("set-cookie","__cf_bm=LB.xxW29imZSlnmJybPXS9qu4RV4rVI6VaDJacZXYt0-1786804705.8217685-1.0.1.1-7WjG9axW0t_lggX5u.3dgj_9ujCtWdxE2sx.2OQ0BjFX7eb0yroNfjiqkI09A4jD68u.JWJj5gSLPfCeyfBAxpD203uBk4vPBubGVOUFury2E.RwoYe9dzyf7OXRDqoD; HttpOnly; SameSite=None; Secure; Path=/; Domain=x.com; Expires=Sat, 15 Aug 2026 15:08:25 GMT"),("Cache-Control","max-age=0, no-cache, no-store"),("x-frame-options","SAMEORIGIN"),("x-transaction-id","c1df7c8aa4d04a9c"),("x-xss-protection","0"),("content-disposition","attachment; filename=json.json"),("x-content-type-options","nosniff"),("content-security-policy","default-src 'none'; img-src https://abs.twimg.com; script-src https://abs.twimg.com about:; style-src https://abs.twimg.com 'unsafe-inline'; font-src https://abs.twimg.com https://twitter.com; connect-src 'none'; object-src 'none'; media-src 'none'; frame-src 'none'; report-uri https://twitter.com/i/csp_report?a=ORTGK%3D%3D%3D&ro=false"),("vary","accept-encoding"),("x-response-time","10"),("origin-cf-ray","a2b8f1636b1c07c6-LAX"),("strict-transport-security","max-age=631138519; includeSubdomains"),("x-served-by","t4_p"),("cf-cache-status","DYNAMIC"),("Content-Encoding","gzip"),("CF-RAY","a2b8f1636b1c07c6-LAX")], responseBody = (), responseCookieJar = CJ {expose = [Cookie {cookie_name = "__cf_bm", cookie_value = "LB.xxW29imZSlnmJybPXS9qu4RV4rVI6VaDJacZXYt0-1786804705.8217685-1.0.1.1-7WjG9axW0t_lggX5u.3dgj_9ujCtWdxE2sx.2OQ0BjFX7eb0yroNfjiqkI09A4jD68u.JWJj5gSLPfCeyfBAxpD203uBk4vPBubGVOUFury2E.RwoYe9dzyf7OXRDqoD", cookie_expiry_time = 3025-12-16 00:00:00 UTC, cookie_domain = "x.com", cookie_path = "/", cookie_creation_time = 2026-08-15 14:38:25.872220282 UTC, cookie_last_access_time = 2026-08-15 14:38:25.872220282 UTC, cookie_persistent = False, cookie_host_only = False, cookie_secure_only = True, cookie_http_only = True},Cookie {cookie_name = "guest_id", cookie_value = "v1%3A178680470584147711", cookie_expiry_time = 2028-08-14 14:38:25.872220282 UTC, cookie_domain = "x.com", cookie_path = "/", cookie_creation_time = 2026-08-15 14:38:25.872220282 UTC, cookie_last_access_time = 2026-08-15 14:38:25.872220282 UTC, cookie_persistent = True, cookie_host_only = False, cookie_secure_only = True, cookie_http_only = False},Cookie {cookie_name = "personalization_id", cookie_value = "v1_s62A9O/RqkGufua2PZwJXg==", cookie_expiry_time = 2028-08-14 14:38:25.872220282 UTC, cookie_domain = "x.com", cookie_path = "/", cookie_creation_time = 2026-08-15 14:38:25.872220282 UTC, cookie_last_access_time = 2026-08-15 14:38:25.872220282 UTC, cookie_persistent = True, cookie_host_only = False, cookie_secure_only = True, cookie_http_only = False},Cookie {cookie_name = "guest_id_ads", cookie_value = "v1%3A178680470584147711", cookie_expiry_time = 2028-08-14 14:38:25.872220282 UTC, cookie_domain = "x.com", cookie_path = "/", cookie_creation_time = 2026-08-15 14:38:25.872220282 UTC, cookie_last_access_time = 2026-08-15 14:38:25.872220282 UTC, cookie_persistent = True, cookie_host_only = False, cookie_secure_only = True, cookie_http_only = False},Cookie {cookie_name = "guest_id_marketing", cookie_value = "v1%3A178680470584147711", cookie_expiry_time = 2028-08-14 14:38:25.872220282 UTC, cookie_domain = "x.com", cookie_path = "/", cookie_creation_time = 2026-08-15 14:38:25.872220282 UTC, cookie_last_access_time = 2026-08-15 14:38:25.872220282 UTC, cookie_persistent = True, cookie_host_only = False, cookie_secure_only = True, cookie_http_only = False},Cookie {cookie_name = "__cf_bm", cookie_value = "PFaIsUT0fho_F8UZhKwZ.JxkmFYqs7JKeOld0rqFmZA-1786804705.6712213-1.0.1.1-jvIgZUraUWJ.g3Q1RhX9cmv3V6s7oiEkeVs5qOYqDV1Ezrq35WFeMBcYuhQgmcFFn43rjgYTDfSXSotKlyrsEQG4n.w8AneX1Z9colnPkjQPj20Sf.m1ez53V46K8.cX", cookie_expiry_time = 3025-12-16 00:00:00 UTC, cookie_domain = "twitter.com", cookie_path = "/", cookie_creation_time = 2026-08-15 14:38:25.709967356 UTC, cookie_last_access_time = 2026-08-15 14:38:25.709967356 UTC, cookie_persistent = False, cookie_host_only = False, cookie_secure_only = True, cookie_http_only = True}]}, responseClose' = ResponseClose, responseOriginalRequest = Request {
  host                 = "publish.x.com"
  port                 = 443
  secure               = True
  requestHeaders       = [("User-Agent","pandoc/3.10")]
  path                 = "/oembed"
  queryString          = "?url=https://twitter.com/pandoc_tips/status/1576105972103516160&align=center"
  method               = "GET"
  proxy                = Nothing
  rawBody              = False
  redirectCount        = 10
  responseTimeout      = ResponseTimeoutDefault
  requestVersion       = HTTP/1.1
  proxySecureMode      = ProxySecureWithConnect
}
, responseEarlyHints = []}) "<!DOCTYPE html>\n<html lang=\"en\" class=\"dog\">\n  <head>\n    <meta http-equiv=\"Content-Type\" content=\"text/html; charset=utf-8\">\n    <meta name=\"viewport\" content=\"width=device-width, initial-scale=1.0\">\n    <title>X / ?</title>\n    <meta name=\"version\" content=\"1\">\n    <link href=\"https://abs.twimg.com/favicons/twitter.3.ico\" rel=\"shortcut icon\" type=\"image/x-icon\">\n    <link rel=\"stylesheet\" href=\"https://abs.twimg.com/errors/fullscreen_errors-047ca1475a6efac7c9c89a9ff92b7a20.css\">\n  </head>\n  <body dir=\"auto\">\n    <div class=\"top\">\n      <svg xmlns=\"http://www.w3.org/2000/svg\" viewBox=\"0 0 1519 200\">\n        <defs/>\n        <path d=\"M708 103l9-5 13 1 2-2 5 1h8l1-1 42-5h7l7 3v1l12-2a9368 9368 0 0129-6l2-5 12 1 6-2 3 1 2 1v-2l13-2v1l4 2 7-1h1l17-3 1 2 4-1 18-7 3-1 4-1h9l13-1 1-4 3-2 13 1v2l22-2 10-3h6l10 5 16-5 15-3 2-1 8-4 6-2 12-1 7-2 8 5 7 1 22-9h7l5-1v-1l25-3 1 2 5 2v1h11l2 1 8-4h3l-1 1h11l10-6 6 3 9-1 4-1 1 1 1-2 6-1 1-1 10-2h2l7-5v1h4l3-1c11 0 23 2 34-3 2-2 7 0 10 0l12 1 4 1 9 2 12-1 11-3 11 1h4l10-6 17 1 2 1c9 2 19-3 22-11l1-1 9 1 15-5c3-1 9 4 9-5 5 0 5 3 5 7l2 3 4-1 4-2 9-4 3-3h3l8-4 6-3 26 2 7-4h18l7 1c10 3 13-6 17-12l8 4 3-1 14-3 15-2a38 38 0 01-5-1l-8-4 7-8 8-4-10-136-922 71 16 205z\"/>\n        <path d=\"M-36 193l9-5 13 1 2-2 5 1h8l1-1 42-5h7l7 3v1l12-2a9328 9328 0 0129-6l2-5 12 1 6-2 3 1 2 1v-2l13-2v1l4 2 7-1h1l17-3 1 2 4-1 18-7 3-1 4-1h9l13-1 1-4 3-2 13 1v2l22-2 10-3h6l10 5 16-5 15-3 2-1 8-4 6-2 12-1 7-2 8 5 7 1 22-9h7l5-1v-1l25-3 1 2 5 2v1h11l2 1 8-4h3l-1 1h9a6 6 0 002 0l10-6 6 3 9-1 4-1a6 6 0 001 1l1-2 6-1 1-1 10-2h2l7-5v1h4l3-1c11 0 23 2 34-3 2-2 7 0 10 0l12 1 4 1 9 2 12-1 11-3 11 1h4l10-6 17 1 2 1c9 2 19-3 22-11l1-1 9 1 15-5c3-1 9 4 9-5 5 0 5 3 5 7l2 3 4-1 4-2 9-4 3-3h3l8-4 6-3 26 2 7-4h18l7 1c10 3 13-6 17-12l8 4 3-1 14-3 15-2a37 37 0 01-5-1l-8-4 7-8 8-4-10-136-922 71 16 205z\"/>\n      <")
stack traceback:
	...nsions/collapse-social-embeds/collapse-social-embeds.lua:143: in function <...nsions/collapse-social-embeds/collapse-social-embeds.lua:131>
	[C]: in ?
	[C]: in method 'walk'
	...nsions/collapse-social-embeds/collapse-social-embeds.lua:242: in function <...nsions/collapse-social-embeds/collapse-social-embeds.lua:236>
	[C]: in ?
	[C]: in method 'walk'
	/opt/quarto/share/pandoc/datadir/_utils.lua:607: in function '_utils.walk'
	/opt/quarto/share/filters/main.lua:575: in local 'checked_walk'
	/opt/quarto/share/filters/main.lua:630: in function 'run_emulated_filter'
	/opt/quarto/share/filters/main.lua:1318: in local 'callback'
	[string "if pandoc.system.os == "mingw32" then..."]:778: in field 'withScriptFile'
	/opt/quarto/share/filters/main.lua:1334: in upvalue 'run_emulated_filter_chain'
	/opt/quarto/share/filters/main.lua:1372: in function </opt/quarto/share/filters/main.lua:1369>
stack traceback:
	...nsions/collapse-social-embeds/collapse-social-embeds.lua:242: in function <...nsions/collapse-social-embeds/collapse-social-embeds.lua:236>
	[C]: in ?
	[C]: in method 'walk'
	/opt/quarto/share/pandoc/datadir/_utils.lua:607: in function '_utils.walk'
	/opt/quarto/share/filters/main.lua:575: in local 'checked_walk'
	/opt/quarto/share/filters/main.lua:630: in function 'run_emulated_filter'
	/opt/quarto/share/filters/main.lua:1318: in local 'callback'
	[string "if pandoc.system.os == "mingw32" then..."]:778: in field 'withScriptFile'
	/opt/quarto/share/filters/main.lua:1334: in upvalue 'run_emulated_filter_chain'
	/opt/quarto/share/filters/main.lua:1372: in function </opt/quarto/share/filters/main.lua:1369>
stack traceback:
	/opt/quarto/share/pandoc/datadir/_utils.lua:607: in function '_utils.walk'
	/opt/quarto/share/filters/main.lua:575: in local 'checked_walk'
	/opt/quarto/share/filters/main.lua:630: in function 'run_emulated_filter'
	/opt/quarto/share/filters/main.lua:1318: in local 'callback'
	[string "if pandoc.system.os == "mingw32" then..."]:778: in field 'withScriptFile'
	/opt/quarto/share/filters/main.lua:1334: in upvalue 'run_emulated_filter_chain'
	/opt/quarto/share/filters/main.lua:1372: in function </opt/quarto/share/filters/main.lua:1369>
WARN: Error encountered when rendering files
Render failed, retrying once...
pandoc 
  to: html
  output-file: example.html
  standalone: true
  section-divs: true
  html-math-method: mathjax
  wrap: none
  default-image-extension: png
  
metadata
  document-css: false
  link-citations: true
  date-format: long
  lang: en
  title: Collapse-social-embeds Example
  author: Shafayet Khan Shafee
  date: last-modified
  
Error running filter '/opt/quarto/share/filters/main.lua':
Could not fetch https://publish.twitter.com/oembed?url=https://twitter.com/pandoc_tips/status/1576105972103516160&align=center
HttpExceptionRequest Request {
  host                 = "publish.x.com"
  port                 = 443
  secure               = True
  requestHeaders       = [("User-Agent","pandoc/3.10")]
  path                 = "/oembed"
  queryString          = "?url=https://twitter.com/pandoc_tips/status/1576105972103516160&align=center"
  method               = "GET"
  proxy                = Nothing
  rawBody              = False
  redirectCount        = 10
  responseTimeout      = ResponseTimeoutDefault
  requestVersion       = HTTP/1.1
  proxySecureMode      = ProxySecureWithConnect
}
 (StatusCodeException (Response {responseStatus = Status {statusCode = 404, statusMessage = "Not Found"}, responseVersion = HTTP/1.1, responseHeaders = [("Date","Sat, 15 Aug 2026 14:38:28 GMT"),("Content-Type","text/html;charset=utf-8"),("Transfer-Encoding","chunked"),("Connection","keep-alive"),("perf","7402827104"),("Server","cloudflare envoy"),("Set-Cookie","guest_id_marketing=v1%3A178680470842273227; Max-Age=63072000; Expires=Mon, 14 Aug 2028 14:38:28 GMT; Path=/; Domain=.x.com; Secure; SameSite=None"),("Set-Cookie","guest_id_ads=v1%3A178680470842273227; Max-Age=63072000; Expires=Mon, 14 Aug 2028 14:38:28 GMT; Path=/; Domain=.x.com; Secure; SameSite=None"),("Set-Cookie","personalization_id=\"v1_NIJCEjm+GNazAO56Vr1isw==\"; Max-Age=63072000; Expires=Mon, 14 Aug 2028 14:38:28 GMT; Path=/; Domain=.x.com; Secure; SameSite=None"),("Set-Cookie","guest_id=v1%3A178680470842273227; Max-Age=63072000; Expires=Mon, 14 Aug 2028 14:38:28 GMT; Path=/; Domain=.x.com; Secure; SameSite=None"),("set-cookie","__cf_bm=9vcJgJzjo7vEpDHmawXnZVpFu4YwsMWBMeCZPOYZvms-1786804708.4045982-1.0.1.1-G.Dx0rB_FC8NfvWXQEjjeeG6KjfxUljBrU6Ys4Mk1Y4ZEs57MsJ3kQNxaaxFByi0uDkq03PJ9jXlaAXqheUl1ZKKCSQFbigIEf_g.cqoSRNucjE1ln5Dtr6CNlb_U6r7; HttpOnly; SameSite=None; Secure; Path=/; Domain=x.com; Expires=Sat, 15 Aug 2026 15:08:28 GMT"),("Cache-Control","max-age=0, no-cache, no-store"),("x-frame-options","SAMEORIGIN"),("x-transaction-id","b70b07f2e266d57f"),("x-xss-protection","0"),("content-disposition","attachment; filename=json.json"),("x-content-type-options","nosniff"),("content-security-policy","default-src 'none'; img-src https://abs.twimg.com; script-src https://abs.twimg.com about:; style-src https://abs.twimg.com 'unsafe-inline'; font-src https://abs.twimg.com https://twitter.com; connect-src 'none'; object-src 'none'; media-src 'none'; frame-src 'none'; report-uri https://twitter.com/i/csp_report?a=ORTGK%3D%3D%3D&ro=false"),("vary","accept-encoding"),("x-response-time","10"),("origin-cf-ray","a2b8f1738cf90a82-LAX"),("strict-transport-security","max-age=631138519; includeSubdomains"),("x-served-by","t4_p"),("cf-cache-status","DYNAMIC"),("Content-Encoding","gzip"),("CF-RAY","a2b8f1738cf90a82-LAX")], responseBody = (), responseCookieJar = CJ {expose = [Cookie {cookie_name = "__cf_bm", cookie_value = "9vcJgJzjo7vEpDHmawXnZVpFu4YwsMWBMeCZPOYZvms-1786804708.4045982-1.0.1.1-G.Dx0rB_FC8NfvWXQEjjeeG6KjfxUljBrU6Ys4Mk1Y4ZEs57MsJ3kQNxaaxFByi0uDkq03PJ9jXlaAXqheUl1ZKKCSQFbigIEf_g.cqoSRNucjE1ln5Dtr6CNlb_U6r7", cookie_expiry_time = 3025-12-16 00:00:00 UTC, cookie_domain = "x.com", cookie_path = "/", cookie_creation_time = 2026-08-15 14:38:28.452012953 UTC, cookie_last_access_time = 2026-08-15 14:38:28.452012953 UTC, cookie_persistent = False, cookie_host_only = False, cookie_secure_only = True, cookie_http_only = True},Cookie {cookie_name = "guest_id", cookie_value = "v1%3A178680470842273227", cookie_expiry_time = 2028-08-14 14:38:28.452012953 UTC, cookie_domain = "x.com", cookie_path = "/", cookie_creation_time = 2026-08-15 14:38:28.452012953 UTC, cookie_last_access_time = 2026-08-15 14:38:28.452012953 UTC, cookie_persistent = True, cookie_host_only = False, cookie_secure_only = True, cookie_http_only = False},Cookie {cookie_name = "personalization_id", cookie_value = "v1_NIJCEjm+GNazAO56Vr1isw==", cookie_expiry_time = 2028-08-14 14:38:28.452012953 UTC, cookie_domain = "x.com", cookie_path = "/", cookie_creation_time = 2026-08-15 14:38:28.452012953 UTC, cookie_last_access_time = 2026-08-15 14:38:28.452012953 UTC, cookie_persistent = True, cookie_host_only = False, cookie_secure_only = True, cookie_http_only = False},Cookie {cookie_name = "guest_id_ads", cookie_value = "v1%3A178680470842273227", cookie_expiry_time = 2028-08-14 14:38:28.452012953 UTC, cookie_domain = "x.com", cookie_path = "/", cookie_creation_time = 2026-08-15 14:38:28.452012953 UTC, cookie_last_access_time = 2026-08-15 14:38:28.452012953 UTC, cookie_persistent = True, cookie_host_only = False, cookie_secure_only = True, cookie_http_only = False},Cookie {cookie_name = "guest_id_marketing", cookie_value = "v1%3A178680470842273227", cookie_expiry_time = 2028-08-14 14:38:28.452012953 UTC, cookie_domain = "x.com", cookie_path = "/", cookie_creation_time = 2026-08-15 14:38:28.452012953 UTC, cookie_last_access_time = 2026-08-15 14:38:28.452012953 UTC, cookie_persistent = True, cookie_host_only = False, cookie_secure_only = True, cookie_http_only = False},Cookie {cookie_name = "__cf_bm", cookie_value = "STTzjR2wirx6bKCDBFqQ9WFoMw_iDYbS4QYHVjYjLUc-1786804708.2715745-1.0.1.1-N3V8tbzBV71unG2lCFBCbbtCMgy8g6p_EzrCIsWsewXpvQNy7DM8FUfeUNF3DaZHDaDXm47P5poMBlmKXM2R0Sj4xu5JG5hwNmqcP3HEC3.0s_zmbwFcHRcl80MfLadJ", cookie_expiry_time = 3025-12-16 00:00:00 UTC, cookie_domain = "twitter.com", cookie_path = "/", cookie_creation_time = 2026-08-15 14:38:28.31194604 UTC, cookie_last_access_time = 2026-08-15 14:38:28.31194604 UTC, cookie_persistent = False, cookie_host_only = False, cookie_secure_only = True, cookie_http_only = True}]}, responseClose' = ResponseClose, responseOriginalRequest = Request {
  host                 = "publish.x.com"
  port                 = 443
  secure               = True
  requestHeaders       = [("User-Agent","pandoc/3.10")]
  path                 = "/oembed"
  queryString          = "?url=https://twitter.com/pandoc_tips/status/1576105972103516160&align=center"
  method               = "GET"
  proxy                = Nothing
  rawBody              = False
  redirectCount        = 10
  responseTimeout      = ResponseTimeoutDefault
  requestVersion       = HTTP/1.1
  proxySecureMode      = ProxySecureWithConnect
}
, responseEarlyHints = []}) "<!DOCTYPE html>\n<html lang=\"en\" class=\"dog\">\n  <head>\n    <meta http-equiv=\"Content-Type\" content=\"text/html; charset=utf-8\">\n    <meta name=\"viewport\" content=\"width=device-width, initial-scale=1.0\">\n    <title>X / ?</title>\n    <meta name=\"version\" content=\"1\">\n    <link href=\"https://abs.twimg.com/favicons/twitter.3.ico\" rel=\"shortcut icon\" type=\"image/x-icon\">\n    <link rel=\"stylesheet\" href=\"https://abs.twimg.com/errors/fullscreen_errors-047ca1475a6efac7c9c89a9ff92b7a20.css\">\n  </head>\n  <body dir=\"auto\">\n    <div class=\"top\">\n      <svg xmlns=\"http://www.w3.org/2000/svg\" viewBox=\"0 0 1519 200\">\n        <defs/>\n        <path d=\"M708 103l9-5 13 1 2-2 5 1h8l1-1 42-5h7l7 3v1l12-2a9368 9368 0 0129-6l2-5 12 1 6-2 3 1 2 1v-2l13-2v1l4 2 7-1h1l17-3 1 2 4-1 18-7 3-1 4-1h9l13-1 1-4 3-2 13 1v2l22-2 10-3h6l10 5 16-5 15-3 2-1 8-4 6-2 12-1 7-2 8 5 7 1 22-9h7l5-1v-1l25-3 1 2 5 2v1h11l2 1 8-4h3l-1 1h11l10-6 6 3 9-1 4-1 1 1 1-2 6-1 1-1 10-2h2l7-5v1h4l3-1c11 0 23 2 34-3 2-2 7 0 10 0l12 1 4 1 9 2 12-1 11-3 11 1h4l10-6 17 1 2 1c9 2 19-3 22-11l1-1 9 1 15-5c3-1 9 4 9-5 5 0 5 3 5 7l2 3 4-1 4-2 9-4 3-3h3l8-4 6-3 26 2 7-4h18l7 1c10 3 13-6 17-12l8 4 3-1 14-3 15-2a38 38 0 01-5-1l-8-4 7-8 8-4-10-136-922 71 16 205z\"/>\n        <path d=\"M-36 193l9-5 13 1 2-2 5 1h8l1-1 42-5h7l7 3v1l12-2a9328 9328 0 0129-6l2-5 12 1 6-2 3 1 2 1v-2l13-2v1l4 2 7-1h1l17-3 1 2 4-1 18-7 3-1 4-1h9l13-1 1-4 3-2 13 1v2l22-2 10-3h6l10 5 16-5 15-3 2-1 8-4 6-2 12-1 7-2 8 5 7 1 22-9h7l5-1v-1l25-3 1 2 5 2v1h11l2 1 8-4h3l-1 1h9a6 6 0 002 0l10-6 6 3 9-1 4-1a6 6 0 001 1l1-2 6-1 1-1 10-2h2l7-5v1h4l3-1c11 0 23 2 34-3 2-2 7 0 10 0l12 1 4 1 9 2 12-1 11-3 11 1h4l10-6 17 1 2 1c9 2 19-3 22-11l1-1 9 1 15-5c3-1 9 4 9-5 5 0 5 3 5 7l2 3 4-1 4-2 9-4 3-3h3l8-4 6-3 26 2 7-4h18l7 1c10 3 13-6 17-12l8 4 3-1 14-3 15-2a37 37 0 01-5-1l-8-4 7-8 8-4-10-136-922 71 16 205z\"/>\n      <")
stack traceback:
	...nsions/collapse-social-embeds/collapse-social-embeds.lua:143: in function <...nsions/collapse-social-embeds/collapse-social-embeds.lua:131>
	[C]: in ?
	[C]: in method 'walk'
	...nsions/collapse-social-embeds/collapse-social-embeds.lua:242: in function <...nsions/collapse-social-embeds/collapse-social-embeds.lua:236>
	[C]: in ?
	[C]: in method 'walk'
	/opt/quarto/share/pandoc/datadir/_utils.lua:607: in function '_utils.walk'
	/opt/quarto/share/filters/main.lua:575: in local 'checked_walk'
	/opt/quarto/share/filters/main.lua:630: in function 'run_emulated_filter'
	/opt/quarto/share/filters/main.lua:1318: in local 'callback'
	[string "if pandoc.system.os == "mingw32" then..."]:778: in field 'withScriptFile'
	/opt/quarto/share/filters/main.lua:1334: in upvalue 'run_emulated_filter_chain'
	/opt/quarto/share/filters/main.lua:1372: in function </opt/quarto/share/filters/main.lua:1369>
stack traceback:
	...nsions/collapse-social-embeds/collapse-social-embeds.lua:242: in function <...nsions/collapse-social-embeds/collapse-social-embeds.lua:236>
	[C]: in ?
	[C]: in method 'walk'
	/opt/quarto/share/pandoc/datadir/_utils.lua:607: in function '_utils.walk'
	/opt/quarto/share/filters/main.lua:575: in local 'checked_walk'
	/opt/quarto/share/filters/main.lua:630: in function 'run_emulated_filter'
	/opt/quarto/share/filters/main.lua:1318: in local 'callback'
	[string "if pandoc.system.os == "mingw32" then..."]:778: in field 'withScriptFile'
	/opt/quarto/share/filters/main.lua:1334: in upvalue 'run_emulated_filter_chain'
	/opt/quarto/share/filters/main.lua:1372: in function </opt/quarto/share/filters/main.lua:1369>
stack traceback:
	/opt/quarto/share/pandoc/datadir/_utils.lua:607: in function '_utils.walk'
	/opt/quarto/share/filters/main.lua:575: in local 'checked_walk'
	/opt/quarto/share/filters/main.lua:630: in function 'run_emulated_filter'
	/opt/quarto/share/filters/main.lua:1318: in local 'callback'
	[string "if pandoc.system.os == "mingw32" then..."]:778: in field 'withScriptFile'
	/opt/quarto/share/filters/main.lua:1334: in upvalue 'run_emulated_filter_chain'
	/opt/quarto/share/filters/main.lua:1372: in function </opt/quarto/share/filters/main.lua:1369>
WARN: Error encountered when rendering files
