

processing file: example_slides_solo.qmd

1/21               

2/21 [Setup]       

3/21               

4/21 [program]     

5/21               

6/21 [Histogram]   

7/21               

8/21 [Barchart]    

9/21               

10/21 [tsplot1]     

11/21               

12/21 [scatterplot] 

13/21               

14/21 [dotplot]     

15/21               

16/21 [eventstudy]  

17/21               

18/21 [descriptives]

19/21               

20/21 [regressions] 

21/21               

output file: example_slides_solo.knit.md



Rendering PDF

running xelatex - 1

  This is XeTeX, Version 3.141592653-2.6-0.999998 (TeX Live 2026) (preloaded format=xelatex)
   restricted \write18 enabled.
  entering extended mode
  

generating bibliography

  INFO - This is Biber 2.22
  INFO - Logfile is 'example_slides_solo.blg'
  INFO - Reading 'example_slides_solo.bcf'
  INFO - Found 1 citekeys in bib section 0
  INFO - Processing section 0
  INFO - Looking for bibtex file 'references.bib' for section 0
  INFO - LaTeX decoding ...
  INFO - Found BibTeX data source 'references.bib'
  INFO - Overriding locale 'en-US' defaults 'normalization = NFD' with 'normalization = prenormalized'
  INFO - Overriding locale 'en-US' defaults 'variable = shifted' with 'variable = non-ignorable'
  INFO - Sorting list 'apa/apasortcite//global/global/global' of type 'entry' with template 'apa' and locale 'en-US'
  INFO - No sort tailoring available for locale 'en-US'
  INFO - Overriding locale 'en-US' defaults 'variable = shifted' with 'variable = non-ignorable'
  INFO - Overriding locale 'en-US' defaults 'normalization = NFD' with 'normalization = prenormalized'
  INFO - Sorting list 'apa/global//global/global/global' of type 'entry' with template 'apa' and locale 'en-US'
  INFO - No sort tailoring available for locale 'en-US'
  INFO - Writing 'example_slides_solo.bbl' with encoding 'UTF-8'
  INFO - Output to example_slides_solo.bbl
  

running xelatex - 2

  This is XeTeX, Version 3.141592653-2.6-0.999998 (TeX Live 2026) (preloaded format=xelatex)
   restricted \write18 enabled.
  entering extended mode
  

running xelatex - 3

  This is XeTeX, Version 3.141592653-2.6-0.999998 (TeX Live 2026) (preloaded format=xelatex)
   restricted \write18 enabled.
  entering extended mode
  





processing file: example_paper_solo.qmd

1/25               

2/25 [Setup]       

3/25               

4/25 [program]     

5/25               

6/25 [Histogram]   

7/25               

8/25 [Barchart]    

9/25               

10/25 [tsplot1]     

11/25               

12/25 [scatterplot] 

13/25               

14/25 [dotplot]     

15/25               

16/25 [eventstudy]  

17/25               

18/25 [descriptives]

19/25               

20/25 [regressions] 

21/25               

22/25 [eventstudy2] 

23/25               

24/25 [regression2] 

25/25               

output file: example_paper_solo.knit.md



Rendering PDF

running xelatex - 1

  This is XeTeX, Version 3.141592653-2.6-0.999998 (TeX Live 2026) (preloaded format=xelatex)
   restricted \write18 enabled.
  entering extended mode
  

generating bibliography

  INFO - This is Biber 2.22
  INFO - Logfile is 'example_paper_solo.blg'
  INFO - Reading 'example_paper_solo.bcf'
  INFO - Found 1 citekeys in bib section 0
  INFO - Processing section 0
  INFO - Looking for bibtex file 'references.bib' for section 0
  INFO - LaTeX decoding ...
  INFO - Found BibTeX data source 'references.bib'
  INFO - Overriding locale 'en-US' defaults 'normalization = NFD' with 'normalization = prenormalized'
  INFO - Overriding locale 'en-US' defaults 'variable = shifted' with 'variable = non-ignorable'
  INFO - Sorting list 'apa/apasortcite//global/global/global' of type 'entry' with template 'apa' and locale 'en-US'
  INFO - No sort tailoring available for locale 'en-US'
  INFO - Overriding locale 'en-US' defaults 'normalization = NFD' with 'normalization = prenormalized'
  INFO - Overriding locale 'en-US' defaults 'variable = shifted' with 'variable = non-ignorable'
  INFO - Sorting list 'apa/global//global/global/global' of type 'entry' with template 'apa' and locale 'en-US'
  INFO - No sort tailoring available for locale 'en-US'
  INFO - Writing 'example_paper_solo.bbl' with encoding 'UTF-8'
  INFO - Output to example_paper_solo.bbl
  

running xelatex - 2

  This is XeTeX, Version 3.141592653-2.6-0.999998 (TeX Live 2026) (preloaded format=xelatex)
   restricted \write18 enabled.
  entering extended mode
  

running xelatex - 3

  This is XeTeX, Version 3.141592653-2.6-0.999998 (TeX Live 2026) (preloaded format=xelatex)
   restricted \write18 enabled.
  entering extended mode
  





processing file: example_slides.qmd

1/29               

2/29 [Setup]       

Error in `library()`:
! there is no package called 'sf'
Backtrace:
    x
 1. \-base::library(sf)


Quitting from example_slides.qmd:30-37 [Setup]

Execution halted

(WARN) Error encountered when rendering files

