pandoc 

  to: docx
  output-file: example.docx
  default-image-extension: png
  reference-doc: _extensions/gbt9704/assets/reference-gbt9704.docx
  

metadata

  title: 关于印发《公文格式示例》的通知
  header-org: XX单位办公室
  header-number: XX发〔202X〕X号
  header-signatory: 张三
  subtitle: ——关于做好公文格式标准化工作的通知
  mainreceiver: 各有关单位：
  signature: XX单位办公室
  signdate: 202X年X月X日
  notes: 此件公开发布
  copyto: XX部门、XX委员会
  issue-author: XX单位办公室
  issue-date: 202X年X月X日
  attachments:
    - 1. 关于印发《公文处理办法》的通知
    - 2. 公文格式标准对照表
  emoji: true
  redline: true
  

Output created: example.docx


