pandoc 

  to: html
  output-file: example.html
  standalone: true
  section-divs: true
  html-math-method: mathjax
  wrap: none
  default-image-extension: png
  

metadata

  document-css: false
  link-citations: true
  date-format: long
  lang: en
  title: Unsplash Example
  

Error running filter '/opt/quarto/share/filters/main.lua':
Could not fetch https://source.unsplash.com/random
HttpExceptionRequest Request {
  host                 = "source.unsplash.com"
  port                 = 443
  secure               = True
  requestHeaders       = [("User-Agent","pandoc/3.10")]
  path                 = "/random"
  queryString          = ""
  method               = "GET"
  proxy                = Nothing
  rawBody              = False
  redirectCount        = 10
  responseTimeout      = ResponseTimeoutDefault
  requestVersion       = HTTP/1.1
  proxySecureMode      = ProxySecureWithConnect
}
 (StatusCodeException (Response {responseStatus = Status {statusCode = 503, statusMessage = "Service Unavailable"}, responseVersion = HTTP/1.1, responseHeaders = [("Cache-Control","no-cache, no-store"),("Content-Type","text/html; charset=utf-8"),("Nel","{\"report_to\":\"heroku-nel\",\"response_headers\":[\"Via\"],\"max_age\":3600,\"success_fraction\":0.01,\"failure_fraction\":0.1}"),("Report-To","{\"group\":\"heroku-nel\",\"endpoints\":[{\"url\":\"https://nel.heroku.com/reports?s=%2Bb0P08T9KTNNDRG1TPsXJ%2FY%2Br7Best6hn8b7I2cSNIc%3D\\u0026sid=af571f24-03ee-46d1-9f90-ab9030c2c74c\\u0026ts=1787242826\"}],\"max_age\":3600}"),("Reporting-Endpoints","heroku-nel=\"https://nel.heroku.com/reports?s=%2Bb0P08T9KTNNDRG1TPsXJ%2FY%2Br7Best6hn8b7I2cSNIc%3D&sid=af571f24-03ee-46d1-9f90-ab9030c2c74c&ts=1787242826\""),("Server","Heroku"),("Via","1.1 heroku-router"),("Date","Thu, 20 Aug 2026 16:20:26 GMT"),("Content-Length","567")], responseBody = (), responseCookieJar = CJ {expose = []}, responseClose' = ResponseClose, responseOriginalRequest = Request {
  host                 = "source.unsplash.com"
  port                 = 443
  secure               = True
  requestHeaders       = [("User-Agent","pandoc/3.10")]
  path                 = "/random"
  queryString          = ""
  method               = "GET"
  proxy                = Nothing
  rawBody              = False
  redirectCount        = 10
  responseTimeout      = ResponseTimeoutDefault
  requestVersion       = HTTP/1.1
  proxySecureMode      = ProxySecureWithConnect
}
, responseEarlyHints = []}) "<!DOCTYPE html>\n<html>\n  <head>\n    <meta name=\"viewport\" content=\"width=device-width, initial-scale=1\">\n    <meta charset=\"utf-8\">\n    <title>Application Error</title>\n    <style media=\"screen\">\n      html,body,iframe {\n        margin: 0;\n        padding: 0;\n      }\n\n      html,body {\n        height: 100%;\n        overflow: hidden;\n      }\n\n      iframe {\n        width: 100%;\n        height: 100%;\n        border: 0;\n      }\n    </style>\n  </head>\n  <body>\n    <iframe src=\"https://www.herokucdn.com/error-pages/application-error.html\"></iframe>\n  </body>\n</html>")
stack traceback:
	...extensions/test-8/repo/_extensions/unsplash/unsplash.lua:179: in function <...extensions/test-8/repo/_extensions/unsplash/unsplash.lua:41>
	(...tail calls...)
	[string "if pandoc.system.os == "mingw32" then..."]:778: in function <[string "if pandoc.system.os == "mingw32" then..."]:776>
	(...tail calls...)
	/opt/quarto/share/filters/main.lua:21758: in upvalue 'handle_shortcode'
	/opt/quarto/share/filters/main.lua:21823: in function </opt/quarto/share/filters/main.lua:21815>
	[C]: in ?
	[C]: in method 'walk'
	/opt/quarto/share/pandoc/datadir/_utils.lua:607: in function '_utils.walk'
	/opt/quarto/share/filters/main.lua:575: in function </opt/quarto/share/filters/main.lua:553>
	(...tail calls...)
	/opt/quarto/share/filters/main.lua:21863: in field 'Pandoc'
	/opt/quarto/share/filters/main.lua:589: in function 'run_emulated_filter'
	/opt/quarto/share/filters/main.lua:1318: in local 'callback'
	/opt/quarto/share/filters/main.lua:1336: in upvalue 'run_emulated_filter_chain'
	/opt/quarto/share/filters/main.lua:1372: in function </opt/quarto/share/filters/main.lua:1369>
stack traceback:
	/opt/quarto/share/pandoc/datadir/_utils.lua:607: in function '_utils.walk'
	/opt/quarto/share/filters/main.lua:575: in function </opt/quarto/share/filters/main.lua:553>
	(...tail calls...)
	/opt/quarto/share/filters/main.lua:21863: in field 'Pandoc'
	/opt/quarto/share/filters/main.lua:589: in function 'run_emulated_filter'
	/opt/quarto/share/filters/main.lua:1318: in local 'callback'
	/opt/quarto/share/filters/main.lua:1336: in upvalue 'run_emulated_filter_chain'
	/opt/quarto/share/filters/main.lua:1372: in function </opt/quarto/share/filters/main.lua:1369>

(WARN) Error encountered when rendering files

