(ERROR) Include directive failed.
  in file /home/runner/work/quarto-extensions/quarto-extensions/test-12/repo/example.qmd, 
  could not find file /home/runner/work/quarto-extensions/quarto-extensions/test-12/repo/list-of-news.qmd.

Stack trace:
    at retrieveInclude (file:///opt/quarto/bin/quarto.js:68892:17)
    at standaloneInclude (file:///opt/quarto/bin/quarto.js:68925:13)
    at processMarkdownIncludes (file:///opt/quarto/bin/quarto.js:69385:34)
    at expandIncludes (file:///opt/quarto/bin/quarto.js:69150:9)
    at async projectResolveFullMarkdownForFile (file:///opt/quarto/bin/quarto.js:76915:21)
    at async fileExecutionEngine (file:///opt/quarto/bin/quarto.js:77366:22)
    at async fileExecutionEngineAndTarget (file:///opt/quarto/bin/quarto.js:77392:18)
    at async render (file:///opt/quarto/bin/quarto.js:142571:22)
    at async _Command.actionHandler (file:///opt/quarto/bin/quarto.js:142808:24)
    at async _Command.execute (file:///opt/quarto/bin/quarto.js:102199:7)
    at async _Command.parseCommand (file:///opt/quarto/bin/quarto.js:102076:14)
    at async quarto4 (file:///opt/quarto/bin/quarto.js:188205:5)
    at async file:///opt/quarto/bin/quarto.js:188234:5
    at async file:///opt/quarto/bin/quarto.js:188088:14
    at async mainRunner (file:///opt/quarto/bin/quarto.js:188090:5)
    at async file:///opt/quarto/bin/quarto.js:188227:3

