Cloning into 'repo'...
Installing package into '/cache/r-lib-0'
(as 'lib' is unspecified)
trying URL 'https://packagemanager.posit.co/cran/latest/src/contrib/renv_1.2.4.tar.gz'
Content type 'binary/octet-stream' length 1435963 bytes (1.4 MB)
==================================================
downloaded 1.4 MB

* installing *source* package 'renv' ...
** this is package 'renv' version '1.2.4'
** package 'renv' successfully unpacked and MD5 sums checked
** using staged installation
** R
** inst
** byte-compile and prepare package for lazy loading
** help
*** installing help indices
*** copying figures
** building package indices
** installing vignettes
** testing if installed package can be loaded from temporary location
** checking absolute paths in shared objects and dynamic libraries
** testing if installed package can be loaded from final location
** testing if installed package keeps a record of temporary installation path
* DONE (renv)

The downloaded source packages are in
	'/tmp/RtmpiIdxVO/downloaded_packages'
[1/8] cairn/PROFILE.md
[2/8] cairn/ROADMAP.md
[3/8] cairn/LESSONS.md
[4/8] cairn/DECISIONS.md
[5/8] cairn/references/INDEX.md
[6/8] cairn/DESIGN.md
[7/8] index.qmd
[8/8] CHANGELOG.md

Output created: _site/index.html

