

processing file: template_word.qmd

1/5                  

2/5 [unnamed-chunk-1]

3/5                  

4/5 [fig-n-lights]   

5/5                  

output file: template_word.knit.md


Warning message:
Duplicated chunk option(s) 'label' in both chunk header and pipe comments of the chunk 'fig-n-lights'. 

[WARNING] Could not fetch resource field.jpg: replacing image with description



processing file: template_revealjs.qmd

1/3                  

2/3 [unnamed-chunk-1]

3/3                  

output file: template_revealjs.knit.md




processing file: template_powerpoint.qmd

1/3                  

2/3 [unnamed-chunk-1]

3/3                  

output file: template_powerpoint.knit.md




processing file: template_pdf.qmd

1/18                  

2/18 [setup]          

3/18                  

4/18 [unnamed-chunk-1]

Error in `library()`:
! there is no package called 'InraeThemes'
Backtrace:
    x
 1. \-base::library(InraeThemes)


Quitting from template_pdf.qmd:46-65 [unnamed-chunk-1]

Execution halted

(WARN) Error encountered when rendering files

