Cloning into 'repo'...
Installing packages into '/cache/r-lib-0'
(as 'lib' is unspecified)
also installing the dependencies 'fontBitstreamVera', 'fontLiberation', 'fontquiver', 'zip', 'gdtools', 'officer'

trying URL 'https://packagemanager.posit.co/cran/latest/src/contrib/fontBitstreamVera_0.1.1.tar.gz'
trying URL 'https://packagemanager.posit.co/cran/latest/src/contrib/fontLiberation_0.1.0.tar.gz'
trying URL 'https://packagemanager.posit.co/cran/latest/src/contrib/fontquiver_0.2.1.tar.gz'
trying URL 'https://packagemanager.posit.co/cran/latest/src/contrib/zip_3.0.1.tar.gz'
trying URL 'https://packagemanager.posit.co/cran/latest/src/contrib/gdtools_0.5.1.tar.gz'
trying URL 'https://packagemanager.posit.co/cran/latest/src/contrib/officer_0.7.6.tar.gz'
trying URL 'https://packagemanager.posit.co/cran/latest/src/contrib/flextable_0.10.0.tar.gz'
* installing *source* package 'fontBitstreamVera' ...
** this is package 'fontBitstreamVera' version '0.1.1'
** package 'fontBitstreamVera' successfully unpacked and MD5 sums checked
** using staged installation
** inst
** help
*** installing help indices
** building package indices
** testing if installed package can be loaded from temporary location
** testing if installed package can be loaded from final location
** testing if installed package keeps a record of temporary installation path
* DONE (fontBitstreamVera)
* installing *source* package 'fontLiberation' ...
** this is package 'fontLiberation' version '0.1.0'
** package 'fontLiberation' successfully unpacked and MD5 sums checked
** using staged installation
** inst
** help
*** installing help indices
** building package indices
** testing if installed package can be loaded from temporary location
** testing if installed package can be loaded from final location
** testing if installed package keeps a record of temporary installation path
* DONE (fontLiberation)
* installing *source* package 'zip' ...
** this is package 'zip' version '3.0.1'
** package 'zip' successfully unpacked and MD5 sums checked
** using staged installation
** libs
using C compiler: 'gcc (Ubuntu 13.3.0-6ubuntu2~24.04.1) 13.3.0'
installing via 'install.libs.R' to /cache/r-lib-0/00LOCK-zip/00new/zip
** R
** inst
** byte-compile and prepare package for lazy loading
** help
*** installing help indices
** building package indices
** testing if installed package can be loaded from temporary location
** checking absolute paths in shared objects and dynamic libraries
** testing if installed package can be loaded from final location
** testing if installed package keeps a record of temporary installation path
* DONE (zip)
* installing *source* package 'fontquiver' ...
** this is package 'fontquiver' version '0.2.1'
** package 'fontquiver' successfully unpacked and MD5 sums checked
** using staged installation
** R
** inst
** byte-compile and prepare package for lazy loading
** help
*** installing help indices
** building package indices
** testing if installed package can be loaded from temporary location
** testing if installed package can be loaded from final location
** testing if installed package keeps a record of temporary installation path
* DONE (fontquiver)
* installing *source* package 'officer' ...
** this is package 'officer' version '0.7.6'
** package 'officer' successfully unpacked and MD5 sums checked
** using staged installation
** R
** inst
** byte-compile and prepare package for lazy loading
** help
*** installing help indices
*** copying figures
** building package indices
** testing if installed package can be loaded from temporary location
** testing if installed package can be loaded from final location
** testing if installed package keeps a record of temporary installation path
* DONE (officer)
* installing *source* package 'gdtools' ...
** this is package 'gdtools' version '0.5.1'
** package 'gdtools' successfully unpacked and MD5 sums checked
** using staged installation
** libs
using C++ compiler: 'g++ (Ubuntu 13.3.0-6ubuntu2~24.04.1) 13.3.0'
installing to /cache/r-lib-0/00LOCK-gdtools/00new/gdtools/libs
** R
** inst
** byte-compile and prepare package for lazy loading
** help
*** installing help indices
** building package indices
** testing if installed package can be loaded from temporary location
** checking absolute paths in shared objects and dynamic libraries
** testing if installed package can be loaded from final location
** testing if installed package keeps a record of temporary installation path
* DONE (gdtools)
* installing *source* package 'flextable' ...
** this is package 'flextable' version '0.10.0'
** package 'flextable' successfully unpacked and MD5 sums checked
** using staged installation
** R
** inst
** byte-compile and prepare package for lazy loading
** help
*** installing help indices
*** copying figures
** building package indices
** installing vignettes
** testing if installed package can be loaded from temporary location
** testing if installed package can be loaded from final location
** testing if installed package keeps a record of temporary installation path
* DONE (flextable)

The downloaded source packages are in
	'/tmp/RtmpZm5edF/downloaded_packages'
Warning message:
package 'InraeThemes' is not available for this version of R

A version of this package for your version of R might be available elsewhere,
see the ideas at
https://cran.r-project.org/doc/manuals/r-patched/R-admin.html#Installing-packages 
[1/8] template_powerpoint.qmd


processing file: template_powerpoint.qmd
1/3                  
2/3 [unnamed-chunk-1]
3/3                  
output file: template_powerpoint.knit.md

[2/8] template_html.qmd


processing file: template_html.qmd
1/10                  
2/10 [unnamed-chunk-1]
Error in `library()`:
! there is no package called 'InraeThemes'
Backtrace:
    x
 1. \-base::library(InraeThemes)

Quitting from template_html.qmd:51-70 [unnamed-chunk-1]
Execution halted
WARN: Error encountered when rendering files
Render failed, retrying once...
[1/8] template_powerpoint.qmd


processing file: template_powerpoint.qmd
1/3                  
2/3 [unnamed-chunk-1]
3/3                  
output file: template_powerpoint.knit.md

[2/8] template_html.qmd


processing file: template_html.qmd
1/10                  
2/10 [unnamed-chunk-1]
Error in `library()`:
! there is no package called 'InraeThemes'
Backtrace:
    x
 1. \-base::library(InraeThemes)

Quitting from template_html.qmd:51-70 [unnamed-chunk-1]
Execution halted
WARN: Error encountered when rendering files
