Dependency install phase for davidcarayon/quarto-inrae-extension: auto-detect
Auto-detecting R dependencies for davidcarayon/quarto-inrae-extension (knitr engine, no renv.lock).
Installing R packages: InraeThemes, extrafont, flextable 
No man pages found in package  'fontBitstreamVera' 
No man pages found in package  'fontLiberation' 
echo "make ttf2pt1 in ttf2pt1/ ..."
make ttf2pt1 in ttf2pt1/ ...
(cd ttf2pt1; make CC="`"/opt/R/4.6.1/lib/R/bin/R" CMD config CC`" CFLAGS="`"/opt/R/4.6.1/lib/R/bin/R" CMD config CFLAGS`" ttf2pt1)
make[1]: Entering directory '/tmp/Rtmpk7XWwC/R.INSTALLec74e117e6/Rttf2pt1/src/ttf2pt1'
gcc -std=gnu2x -g -O2 -c ttf2pt1.c
gcc -std=gnu2x -g -O2 -c pt1.c
gcc -std=gnu2x -g -O2  -c runt1asm.c
gcc -std=gnu2x -g -O2 -c ttf.c
gcc -std=gnu2x -g -O2 -c ft.c
gcc -std=gnu2x -g -O2 -c bdf.c
gcc -std=gnu2x -g -O2 -c bitmap.c
gcc -std=gnu2x -g -O2 -o ttf2pt1 ttf2pt1.o pt1.o runt1asm.o ttf.o ft.o bdf.o bitmap.o -lm  
make[1]: Leaving directory '/tmp/Rtmpk7XWwC/R.INSTALLec74e117e6/Rttf2pt1/src/ttf2pt1'
[1] ""
Found pkg-config cflags and libs!
Using PKG_CFLAGS=-I/usr/include/cairo -I/usr/include/libpng16 -I/usr/include/freetype2 -I/usr/include/pixman-1 
Using PKG_LIBS=-lcairo -lfreetype 
g++ -std=gnu++20 -I"/opt/R/4.6.1/lib/R/include" -DNDEBUG -I/usr/include/cairo -I/usr/include/libpng16 -I/usr/include/freetype2 -I/usr/include/pixman-1  -I'/cache/r-lib-0/Rcpp/include' -I/usr/local/include   -fvisibility=hidden -fpic  -g -O2   -c CairoContext.cpp -o CairoContext.o
g++ -std=gnu++20 -I"/opt/R/4.6.1/lib/R/include" -DNDEBUG -I/usr/include/cairo -I/usr/include/libpng16 -I/usr/include/freetype2 -I/usr/include/pixman-1  -I'/cache/r-lib-0/Rcpp/include' -I/usr/local/include   -fvisibility=hidden -fpic  -g -O2   -c RcppExports.cpp -o RcppExports.o
g++ -std=gnu++20 -I"/opt/R/4.6.1/lib/R/include" -DNDEBUG -I/usr/include/cairo -I/usr/include/libpng16 -I/usr/include/freetype2 -I/usr/include/pixman-1  -I'/cache/r-lib-0/Rcpp/include' -I/usr/local/include   -fvisibility=hidden -fpic  -g -O2   -c font_metrics.cpp -o font_metrics.o
g++ -std=gnu++20 -I"/opt/R/4.6.1/lib/R/include" -DNDEBUG -I/usr/include/cairo -I/usr/include/libpng16 -I/usr/include/freetype2 -I/usr/include/pixman-1  -I'/cache/r-lib-0/Rcpp/include' -I/usr/local/include   -fvisibility=hidden -fpic  -g -O2   -c versions.cpp -o versions.o
g++ -std=gnu++20 -shared -L/opt/R/4.6.1/lib/R/lib -L/usr/local/lib -o gdtools.so CairoContext.o RcppExports.o font_metrics.o versions.o -lcairo -lfreetype -L/opt/R/4.6.1/lib/R/lib -lR
