Cloning into 'repo'...
Installing package into '/cache/r-lib-1'
(as 'lib' is unspecified)
trying URL 'https://packagemanager.posit.co/cran/__linux__/noble/latest/src/contrib/renv_1.2.3.tar.gz'
Content type 'binary/octet-stream' length 2541851 bytes (2.4 MB)
==================================================
downloaded 2.4 MB

* installing *binary* package 'renv' ...
* package 'renv' successfully unpacked and SHA256 sums checked
* DONE (renv)

The downloaded source packages are in
	'/tmp/Rtmp8JqsAS/downloaded_packages'
Error: failed to install "chromote", "webshot2", "zip"
Execution halted
renv restore failed for computorg/computo-quarto-extension.
Dependency install failed (exit 1) for computorg/computo-quarto-extension; retrying once.
Error: failed to install "chromote", "webshot2", "zip"
Execution halted
renv restore failed for computorg/computo-quarto-extension.
Dependency install failed (exit 1) for computorg/computo-quarto-extension.
