pandoc 

  to: html
  output-file: example.html
  standalone: true
  section-divs: true
  html-math-method: mathjax
  wrap: none
  default-image-extension: png
  

metadata

  document-css: false
  link-citations: true
  date-format: long
  lang: en
  title: Qreacto
  sidebar: false
  navbar: false
  

MyComponent > react-MyComponent-GnofP7Om

MyStyledComponent > react-MyStyledComponent-YU69W2fh

EmojiComponent > react-EmojiComponent-BikN2TJZ

RandomWordsComponent > react-RandomWordsComponent-QaZsAGTb

MyNestedComponent > react-MyNestedComponent-nGc3GzUS

EnvironmentReadingComponent > react-EnvironmentReadingComponent-W1oa9rxU

Output created: example.html


