Cloning into 'repo'...
pandoc 
  to: typst
  output-file: template.typ
  standalone: true
  default-image-extension: svg
  wrap: none
  citeproc: false
  toc: true
  
metadata
  title: Bookly Typst - Complete Template
  subtitle: Quarto extension usage example
  author: Your Name
  date: today
  lang: en
  lof: true
  lot: true
  theme: modern
  tufte: false
  fonts:
    body: Lato
    math: Lete Sans Math
  part-numbering: A
  config-options:
    open-right: true
    alt-margins: false
  colors:
    primary: rgb("#1d90d0")
    secondary: rgb("#dddddd").darken(15%)
  
[typst]: Compiling template.typ to template.pdf...downloading @preview/bookly:4.1.3

  0 B / 313.2 KiB (  0 %),   3.1 MiB/s, ETA: 0 s
313.2 KiB / 313.2 KiB (100 %),   3.1 MiB/s, ETA: 0 s
downloading @preview/equate:0.3.3

  0 B /   9.1 KiB (  0 %),  90.5 KiB/s, ETA: 0 s
  9.1 KiB /   9.1 KiB (100 %),  90.5 KiB/s, ETA: 0 s
downloading @preview/unichar:0.4.0

  0 B / 452.9 KiB (  0 %),   4.4 MiB/s, ETA: 0 s
452.9 KiB / 452.9 KiB (100 %),   4.4 MiB/s, ETA: 0 s
downloading @preview/hydra:0.6.3

  0 B /   9.2 KiB (  0 %),  91.9 KiB/s, ETA: 0 s
  9.2 KiB /   9.2 KiB (100 %),  91.9 KiB/s, ETA: 0 s
downloading @preview/oxifmt:1.0.0

  0 B /  19.7 KiB (  0 %), 196.5 KiB/s, ETA: 0 s
 19.7 KiB /  19.7 KiB (100 %), 196.5 KiB/s, ETA: 0 s
downloading @preview/marginalia:0.3.1

  0 B /  13.8 KiB (  0 %), 137.8 KiB/s, ETA: 0 s
 13.8 KiB /  13.8 KiB (100 %), 137.8 KiB/s, ETA: 0 s
downloading @preview/showybox:2.0.4

  0 B /   9.3 KiB (  0 %),  92.9 KiB/s, ETA: 0 s
  9.3 KiB /   9.3 KiB (100 %),  92.9 KiB/s, ETA: 0 s
downloading @preview/subpar:0.2.2

  0 B / 482.2 KiB (  0 %),   4.7 MiB/s, ETA: 0 s
482.2 KiB / 482.2 KiB (100 %),   4.7 MiB/s, ETA: 0 s
downloading @preview/suboutline:0.3.0

  0 B /  13.6 KiB (  0 %), 135.6 KiB/s, ETA: 0 s
 13.6 KiB /  13.6 KiB (100 %), 135.6 KiB/s, ETA: 0 s
error: color string contains non-hexadecimal letters
    ┌─ template.typ:457:17
    │
457 │     primary: rgb("\#1d90d0"),
    │                  ^^^^^^^^^^

ERROR: downloading @preview/bookly:4.1.3

  0 B / 313.2 KiB (  0 %),   3.1 MiB/s, ETA: 0 s
313.2 KiB / 313.2 KiB (100 %),   3.1 MiB/s, ETA: 0 s
downloading @preview/equate:0.3.3

  0 B /   9.1 KiB (  0 %),  90.5 KiB/s, ETA: 0 s
  9.1 KiB /   9.1 KiB (100 %),  90.5 KiB/s, ETA: 0 s
downloading @preview/unichar:0.4.0

  0 B / 452.9 KiB (  0 %),   4.4 MiB/s, ETA: 0 s
452.9 KiB / 452.9 KiB (100 %),   4.4 MiB/s, ETA: 0 s
downloading @preview/hydra:0.6.3

  0 B /   9.2 KiB (  0 %),  91.9 KiB/s, ETA: 0 s
  9.2 KiB /   9.2 KiB (100 %),  91.9 KiB/s, ETA: 0 s
downloading @preview/oxifmt:1.0.0

  0 B /  19.7 KiB (  0 %), 196.5 KiB/s, ETA: 0 s
 19.7 KiB /  19.7 KiB (100 %), 196.5 KiB/s, ETA: 0 s
downloading @preview/marginalia:0.3.1

  0 B /  13.8 KiB (  0 %), 137.8 KiB/s, ETA: 0 s
 13.8 KiB /  13.8 KiB (100 %), 137.8 KiB/s, ETA: 0 s
downloading @preview/showybox:2.0.4

  0 B /   9.3 KiB (  0 %),  92.9 KiB/s, ETA: 0 s
  9.3 KiB /   9.3 KiB (100 %),  92.9 KiB/s, ETA: 0 s
downloading @preview/subpar:0.2.2

  0 B / 482.2 KiB (  0 %),   4.7 MiB/s, ETA: 0 s
482.2 KiB / 482.2 KiB (100 %),   4.7 MiB/s, ETA: 0 s
downloading @preview/suboutline:0.3.0

  0 B /  13.6 KiB (  0 %), 135.6 KiB/s, ETA: 0 s
 13.6 KiB /  13.6 KiB (100 %), 135.6 KiB/s, ETA: 0 s
error: color string contains non-hexadecimal letters
    ┌─ template.typ:457:17
    │
457 │     primary: rgb("\#1d90d0"),
    │                  ^^^^^^^^^^


ERROR: Typst compilation failed
Render failed, retrying once...
pandoc 
  to: typst
  output-file: template.typ
  standalone: true
  default-image-extension: svg
  wrap: none
  citeproc: false
  toc: true
  
metadata
  title: Bookly Typst - Complete Template
  subtitle: Quarto extension usage example
  author: Your Name
  date: today
  lang: en
  lof: true
  lot: true
  theme: modern
  tufte: false
  fonts:
    body: Lato
    math: Lete Sans Math
  part-numbering: A
  config-options:
    open-right: true
    alt-margins: false
  colors:
    primary: rgb("#1d90d0")
    secondary: rgb("#dddddd").darken(15%)
  
[typst]: Compiling template.typ to template.pdf...error: color string contains non-hexadecimal letters
    ┌─ template.typ:457:17
    │
457 │     primary: rgb("\#1d90d0"),
    │                  ^^^^^^^^^^

ERROR: error: color string contains non-hexadecimal letters
    ┌─ template.typ:457:17
    │
457 │     primary: rgb("\#1d90d0"),
    │                  ^^^^^^^^^^


ERROR: Typst compilation failed
