Cloning into 'repo'...
Installing package into '/cache/r-lib-0'
(as 'lib' is unspecified)
trying URL 'https://packagemanager.posit.co/cran/latest/src/contrib/tinytable_0.18.0.tar.gz'
Content type 'binary/octet-stream' length 442888 bytes (432 KB)
==================================================
downloaded 432 KB

* installing *source* package 'tinytable' ...
** this is package 'tinytable' version '0.18.0'
** package 'tinytable' successfully unpacked and MD5 sums checked
** using staged installation
** R
** inst
** byte-compile and prepare package for lazy loading
** help
*** installing help indices
*** copying figures
** building package indices
** testing if installed package can be loaded from temporary location
** testing if installed package can be loaded from final location
** testing if installed package keeps a record of temporary installation path
* DONE (tinytable)

The downloaded source packages are in
	'/tmp/RtmpqQqfrh/downloaded_packages'
[ 1/10] example.qmd


processing file: example.qmd
1/7               
2/7 [code-example]
3/7               
4/7 [tbl-example] 
5/7               
6/7 [tbl-appendix]
7/7               
output file: example.knit.md

[typst]: Compiling example.typ to example.pdf...DONE

[ 2/10] tests/brand/index.qmd
[typst]: Compiling index.typ to index.pdf...warning: unknown font family: georgia
    ┌─ tests/brand/index.typ:795:30
    │
795 │ #show heading: set text(font: ("Georgia",), weight: 600, style: "normal", fill: rgb("#800020"), )
    │                               ^^^^^^^^^^^^

warning: unknown font family: helvetica
    ┌─ tests/brand/index.typ:490:17
    │
490 │   set text(font: font) if font != none
    │                  ^^^^

warning: unknown font family: courier new
    ┌─ tests/brand/index.typ:493:27
    │
493 │   show raw: set text(font: codefont) if codefont != none
    │                            ^^^^^^^^

warning: unknown font family: georgia
    ┌─ tests/brand/index.typ:587:26
    │
587 │           #set text(font: heading-family) if heading-family != none
    │                           ^^^^^^^^^^^^^^

DONE

[ 3/10] tests/callouts/index.qmd
[typst]: Compiling index.typ to index.pdf...DONE

[ 4/10] tests/bibliography/index.qmd
[typst]: Compiling index.typ to index.pdf...DONE

[ 5/10] tests/text/index.qmd


processing file: index.qmd
1/3                  
2/3 [unnamed-chunk-1]
3/3                  
output file: index.knit.md

[typst]: Compiling index.typ to index.pdf...DONE

[ 6/10] tests/appendix-numberings/index.qmd
[typst]: Compiling index.typ to index.pdf...DONE

[ 7/10] tests/authornote-citation/index.qmd
[typst]: Compiling index.typ to index.pdf...DONE

[ 8/10] tests/math-block-spacing/index.qmd
[typst]: Compiling index.typ to index.pdf...DONE

[ 9/10] NEWS.md
[10/10] template.qmd
[typst]: Compiling template.typ to template.pdf...DONE


Output created: template.pdf

