Cloning into 'repo'...
Installing packages into '/cache/r-lib-1'
(as 'lib' is unspecified)
also installing the dependencies 'patchwork', 'bayestestR', 'correlation', 'effectsize', 'modelbased', 'parameters', 'performance', 'report', 'see', 'checkmate', 'tables'

trying URL 'https://packagemanager.posit.co/cran/latest/src/contrib/patchwork_1.3.2.tar.gz'
trying URL 'https://packagemanager.posit.co/cran/latest/src/contrib/bayestestR_0.18.1.tar.gz'
trying URL 'https://packagemanager.posit.co/cran/latest/src/contrib/correlation_0.8.8.tar.gz'
trying URL 'https://packagemanager.posit.co/cran/latest/src/contrib/effectsize_1.0.3.tar.gz'
trying URL 'https://packagemanager.posit.co/cran/latest/src/contrib/modelbased_0.16.0.tar.gz'
trying URL 'https://packagemanager.posit.co/cran/latest/src/contrib/parameters_0.29.2.tar.gz'
trying URL 'https://packagemanager.posit.co/cran/latest/src/contrib/performance_0.17.1.tar.gz'
trying URL 'https://packagemanager.posit.co/cran/latest/src/contrib/report_0.6.4.tar.gz'
trying URL 'https://packagemanager.posit.co/cran/latest/src/contrib/see_0.14.1.tar.gz'
trying URL 'https://packagemanager.posit.co/cran/latest/src/contrib/checkmate_2.3.4.tar.gz'
trying URL 'https://packagemanager.posit.co/cran/latest/src/contrib/tables_0.9.35.tar.gz'
trying URL 'https://packagemanager.posit.co/cran/latest/src/contrib/easystats_0.7.6.tar.gz'
trying URL 'https://packagemanager.posit.co/cran/latest/src/contrib/modelsummary_2.6.0.tar.gz'
trying URL 'https://packagemanager.posit.co/cran/latest/src/contrib/tinytable_0.17.0.tar.gz'
* installing *source* package 'patchwork' ...
** this is package 'patchwork' version '1.3.2'
** package 'patchwork' successfully unpacked and MD5 sums checked
** using staged installation
** R
** inst
** byte-compile and prepare package for lazy loading
** help
*** installing help indices
*** copying figures
** building package indices
** installing vignettes
** testing if installed package can be loaded from temporary location
** testing if installed package can be loaded from final location
** testing if installed package keeps a record of temporary installation path
* DONE (patchwork)
* installing *source* package 'bayestestR' ...
** this is package 'bayestestR' version '0.18.1'
** package 'bayestestR' successfully unpacked and MD5 sums checked
** using staged installation
** R
** data
** inst
** byte-compile and prepare package for lazy loading
** help
*** installing help indices
*** copying figures
** building package indices
** installing vignettes
** testing if installed package can be loaded from temporary location
** testing if installed package can be loaded from final location
** testing if installed package keeps a record of temporary installation path
* DONE (bayestestR)
* installing *source* package 'checkmate' ...
** this is package 'checkmate' version '2.3.4'
** package 'checkmate' successfully unpacked and MD5 sums checked
** using staged installation
** libs
using C compiler: 'gcc (Ubuntu 13.3.0-6ubuntu2~24.04.1) 13.3.0'
installing to /cache/r-lib-1/00LOCK-checkmate/00new/checkmate/libs
** R
** inst
** byte-compile and prepare package for lazy loading
** help
*** installing help indices
** building package indices
** installing vignettes
** testing if installed package can be loaded from temporary location
** checking absolute paths in shared objects and dynamic libraries
** testing if installed package can be loaded from final location
** testing if installed package keeps a record of temporary installation path
* DONE (checkmate)
* installing *source* package 'tables' ...
** this is package 'tables' version '0.9.35'
** package 'tables' successfully unpacked and MD5 sums checked
** using staged installation
** R
** inst
** byte-compile and prepare package for lazy loading
** help
*** installing help indices
** building package indices
** installing vignettes
** testing if installed package can be loaded from temporary location
** testing if installed package can be loaded from final location
** testing if installed package keeps a record of temporary installation path
* DONE (tables)
* installing *source* package 'tinytable' ...
** this is package 'tinytable' version '0.17.0'
** package 'tinytable' successfully unpacked and MD5 sums checked
** using staged installation
** R
** inst
** byte-compile and prepare package for lazy loading
** help
*** installing help indices
*** copying figures
** building package indices
** testing if installed package can be loaded from temporary location
** testing if installed package can be loaded from final location
** testing if installed package keeps a record of temporary installation path
* DONE (tinytable)
* installing *source* package 'parameters' ...
** this is package 'parameters' version '0.29.2'
** package 'parameters' successfully unpacked and MD5 sums checked
** using staged installation
** R
** data
** inst
** byte-compile and prepare package for lazy loading
** help
*** installing help indices
*** copying figures
** building package indices
** installing vignettes
** testing if installed package can be loaded from temporary location
** testing if installed package can be loaded from final location
** testing if installed package keeps a record of temporary installation path
* DONE (parameters)
* installing *source* package 'performance' ...
** this is package 'performance' version '0.17.1'
** package 'performance' successfully unpacked and MD5 sums checked
** using staged installation
** R
** inst
** byte-compile and prepare package for lazy loading
** help
*** installing help indices
*** copying figures
** building package indices
** testing if installed package can be loaded from temporary location
** testing if installed package can be loaded from final location
** testing if installed package keeps a record of temporary installation path
* DONE (performance)
* installing *source* package 'correlation' ...
** this is package 'correlation' version '0.8.8'
** package 'correlation' successfully unpacked and MD5 sums checked
** using staged installation
** R
** inst
** byte-compile and prepare package for lazy loading
** help
*** installing help indices
*** copying figures
** building package indices
** installing vignettes
** testing if installed package can be loaded from temporary location
** testing if installed package can be loaded from final location
** testing if installed package keeps a record of temporary installation path
* DONE (correlation)
* installing *source* package 'effectsize' ...
** this is package 'effectsize' version '1.0.3'
** package 'effectsize' successfully unpacked and MD5 sums checked
** using staged installation
** R
** data
** inst
** byte-compile and prepare package for lazy loading
** help
*** installing help indices
*** copying figures
** building package indices
** installing vignettes
** testing if installed package can be loaded from temporary location
** testing if installed package can be loaded from final location
** testing if installed package keeps a record of temporary installation path
* DONE (effectsize)
* installing *source* package 'modelbased' ...
** this is package 'modelbased' version '0.16.0'
** package 'modelbased' successfully unpacked and MD5 sums checked
** using staged installation
** R
** data
*** moving datasets to lazyload DB
** inst
** byte-compile and prepare package for lazy loading
** help
*** installing help indices
*** copying figures
** building package indices
** installing vignettes
** testing if installed package can be loaded from temporary location
** testing if installed package can be loaded from final location
** testing if installed package keeps a record of temporary installation path
* DONE (modelbased)
* installing *source* package 'modelsummary' ...
** this is package 'modelsummary' version '2.6.0'
** package 'modelsummary' successfully unpacked and MD5 sums checked
** using staged installation
** R
** inst
** byte-compile and prepare package for lazy loading
** help
*** installing help indices
*** copying figures
** building package indices
** testing if installed package can be loaded from temporary location
** testing if installed package can be loaded from final location
** testing if installed package keeps a record of temporary installation path
* DONE (modelsummary)
* installing *source* package 'report' ...
** this is package 'report' version '0.6.4'
** package 'report' successfully unpacked and MD5 sums checked
** using staged installation
** R
** inst
** byte-compile and prepare package for lazy loading
** help
*** installing help indices
*** copying figures
** building package indices
** installing vignettes
** testing if installed package can be loaded from temporary location
** testing if installed package can be loaded from final location
** testing if installed package keeps a record of temporary installation path
* DONE (report)
* installing *source* package 'see' ...
** this is package 'see' version '0.14.1'
** package 'see' successfully unpacked and MD5 sums checked
** using staged installation
** R
** inst
** byte-compile and prepare package for lazy loading
** help
*** installing help indices
** building package indices
** testing if installed package can be loaded from temporary location
** testing if installed package can be loaded from final location
** testing if installed package keeps a record of temporary installation path
* DONE (see)
* installing *source* package 'easystats' ...
** this is package 'easystats' version '0.7.6'
** package 'easystats' successfully unpacked and MD5 sums checked
** using staged installation
** R
** inst
** byte-compile and prepare package for lazy loading
** help
*** installing help indices
*** copying figures
** building package indices
** installing vignettes
** testing if installed package can be loaded from temporary location
** testing if installed package can be loaded from final location
** testing if installed package keeps a record of temporary installation path
* DONE (easystats)

The downloaded source packages are in
	'/tmp/RtmpjQwPp6/downloaded_packages'
pandoc 
  to: html
  output-file: 05-diskussion.html
  standalone: true
  section-divs: true
  html-math-method: mathjax
  wrap: none
  default-image-extension: png
  
metadata
  document-css: false
  link-citations: true
  date-format: long
  lang: en
  
Output created: 05-diskussion.html



processing file: template.qmd
1/11                  
2/11 [unnamed-chunk-1]
3/11                  
4/11 [tbl-deskriptiv] 
5/11                  
6/11 [fig-mtcars1]    
7/11                  
8/11 [tbl-hyp1]       
9/11                  
10/11 [fig-hyp1]       
11/11                  
output file: template.knit.md

pandoc 
  to: typst-citations
  output-file: template.typ
  standalone: true
  default-image-extension: svg
  wrap: none
  number-sections: true
  toc: true
  toc-depth: 3
  
metadata
  knitr:
    opts_chunk:
      echo: false
  csl: apa.csl
  section-numbering: 1.1.1
  title: Titel des Aufsatzes
  author:
    - name: Vorname Nachname
  date: today
  institution: Musterhochschule
  department: Studiengang XYZ
  course: Einführung in die Raketenwissenschaft (SoSe 2026)
  supervisor: Prof. Dr. Musterfrau
  student-id: '0012345'
  lang: de
  bibliography:
    - referenzen.bib
  logo: false
  abstract: |
    Hier steht eine kurze Zusammenfassung (Abstract) des Aufsatzes.
    Der Abstract sollte den zentralen Inhalt, die Fragestellung und
    die wichtigsten Ergebnisse des Aufsatzes in komprimierter Form
    darstellen (ca. 150–200 Wörter).
  paper-size: a4
  font: Times New Roman
  
[typst]: Compiling template.typ to template.pdf...warning: unknown font family: times new roman
    ┌─ template.typ:350:10
    │
350 │     font: font,
    │           ^^^^

DONE

Output created: template.pdf



processing file: template.qmd
1/11                  
2/11 [unnamed-chunk-1]
3/11                  
4/11 [tbl-deskriptiv] 
5/11                  
6/11 [fig-mtcars1]    
7/11                  
8/11 [tbl-hyp1]       
9/11                  
10/11 [fig-hyp1]       
11/11                  
output file: template.knit.md

pandoc 
  to: docx
  output-file: template.docx
  default-image-extension: png
  toc: true
  reference-doc: reference.docx
  
metadata
  title: Titel des Aufsatzes
  author:
    - name: Vorname Nachname
  date: today
  institution: Musterhochschule
  department: Studiengang XYZ
  course: Einführung in die Raketenwissenschaft (SoSe 2026)
  supervisor: Prof. Dr. Musterfrau
  student-id: '0012345'
  lang: de
  bibliography:
    - referenzen.bib
  csl: apa.csl
  logo: false
  abstract: |
    Hier steht eine kurze Zusammenfassung (Abstract) des Aufsatzes.
    Der Abstract sollte den zentralen Inhalt, die Fragestellung und
    die wichtigsten Ergebnisse des Aufsatzes in komprimierter Form
    darstellen (ca. 150–200 Wörter).
  
Output created: template.docx



processing file: template_no_r_packages_needed.qmd
1/5                  
2/5 [unnamed-chunk-1]
3/5                  
4/5 [fig-mtcars1]    
5/5                  
output file: template_no_r_packages_needed.knit.md

pandoc 
  to: typst-citations
  output-file: template_no_r_packages_needed.typ
  standalone: true
  default-image-extension: svg
  wrap: none
  number-sections: true
  toc: true
  toc-depth: 3
  
metadata
  knitr:
    opts_chunk:
      echo: false
  csl: apa.csl
  section-numbering: 1.1.1
  title: Titel des Aufsatzes
  author:
    - name: Vorname Nachname
  date: today
  institution: Musterhochschule
  department: Studiengang XYZ
  course: Einführung in die Raketenwissenschaft (SoSe 2026)
  supervisor: Prof. Dr. Musterfrau
  student-id: '0012345'
  lang: de
  bibliography:
    - referenzen.bib
  logo: logo.png
  abstract: |
    Hier steht eine kurze Zusammenfassung (Abstract) des Aufsatzes.
    Der Abstract sollte den zentralen Inhalt, die Fragestellung und
    die wichtigsten Ergebnisse des Aufsatzes in komprimierter Form
    darstellen (ca. 150–200 Wörter).
  paper-size: a4
  font: Linux Libertine
  
[33mWARNING (/opt/quarto/share/filters/main.lua:14840) Unable to resolve crossref @fig-hyp1
[39m[typst]: Compiling template_no_r_packages_needed.typ to template_no_r_packages_needed.pdf...warning: unknown font family: linux libertine
    ┌─ template_no_r_packages_needed.typ:350:10
    │
350 │     font: font,
    │           ^^^^

DONE

Output created: template_no_r_packages_needed.pdf



processing file: template_no_r_packages_needed.qmd
1/5                  
2/5 [unnamed-chunk-1]
3/5                  
4/5 [fig-mtcars1]    
5/5                  
output file: template_no_r_packages_needed.knit.md

pandoc 
  to: docx
  output-file: template_no_r_packages_needed.docx
  default-image-extension: png
  toc: true
  reference-doc: reference.docx
  
metadata
  title: Titel des Aufsatzes
  author:
    - name: Vorname Nachname
  date: today
  institution: Musterhochschule
  department: Studiengang XYZ
  course: Einführung in die Raketenwissenschaft (SoSe 2026)
  supervisor: Prof. Dr. Musterfrau
  student-id: '0012345'
  lang: de
  bibliography:
    - referenzen.bib
  csl: apa.csl
  logo: logo.png
  abstract: |
    Hier steht eine kurze Zusammenfassung (Abstract) des Aufsatzes.
    Der Abstract sollte den zentralen Inhalt, die Fragestellung und
    die wichtigsten Ergebnisse des Aufsatzes in komprimierter Form
    darstellen (ca. 150–200 Wörter).
  
[33mWARNING (/opt/quarto/share/filters/main.lua:14840) Unable to resolve crossref @fig-hyp1
[39mOutput created: template_no_r_packages_needed.docx

