Cloning into 'repo'...
pandoc 
  to: beamer
  output-file: example.tex
  standalone: true
  pdf-engine: lualatex
  variables:
    graphics: true
    tables: true
  default-image-extension: pdf
  
metadata
  block-headings: true
  title: Div Reuse Quarto Extension
  subtitle: Quarto Extension
  author:
    - name: Mickaël CANOUIL, _Ph.D._
      orcid: 0000-0002-3396-4549
      url: https://mickael.canouil.fr
  div-reuse:
    limit: 1
    vars:
      project: Quarto Extensions
      author:
        name: Mickaël Canouil
      year: 2026
  aspectratio: 169
  

Rendering PDF
running lualatex - 1
  This is LuaHBTeX, Version 1.24.0 (TeX Live 2026) 
   restricted system commands enabled.
  
  luaotfload | db : Font names database not found, generating new one.
  luaotfload | db : This can take several minutes; please be patient.
running lualatex - 2
  This is LuaHBTeX, Version 1.24.0 (TeX Live 2026) 
   restricted system commands enabled.
  

Output created: div-reuse-beamer.pdf

pandoc 
  to: docx
  output-file: >-
    /home/runner/work/quarto-extensions/quarto-extensions/test-14/repo/div-reuse-docx.docx
  default-image-extension: png
  
metadata
  title: Div Reuse Quarto Extension
  subtitle: Quarto Extension
  author:
    - name: Mickaël CANOUIL, _Ph.D._
      orcid: 0000-0002-3396-4549
      url: https://mickael.canouil.fr
  div-reuse:
    limit: 1
    vars:
      project: Quarto Extensions
      author:
        name: Mickaël Canouil
      year: 2026
  
Output created: div-reuse-docx.docx

pandoc 
  to: html
  output-file: example.html
  standalone: true
  embed-resources: true
  section-divs: true
  html-math-method: mathjax
  wrap: none
  default-image-extension: png
  toc: true
  
metadata
  document-css: false
  link-citations: true
  date-format: long
  lang: en
  title: Div Reuse Quarto Extension
  subtitle: Quarto Extension
  author:
    - name: Mickaël CANOUIL, _Ph.D._
      orcid: 0000-0002-3396-4549
      url: https://mickael.canouil.fr
  div-reuse:
    limit: 1
    vars:
      project: Quarto Extensions
      author:
        name: Mickaël Canouil
      year: 2026
  
Output created: example.html

pandoc 
  to: latex
  output-file: example.tex
  standalone: true
  pdf-engine: lualatex
  variables:
    graphics: true
    tables: true
  default-image-extension: pdf
  
metadata
  documentclass: scrartcl
  classoption:
    - DIV=11
    - numbers=noendperiod
  papersize: a4
  header-includes:
    - \KOMAoption{captions}{tableheading}
  block-headings: true
  title: Div Reuse Quarto Extension
  subtitle: Quarto Extension
  author:
    - name: Mickaël CANOUIL, _Ph.D._
      orcid: 0000-0002-3396-4549
      url: https://mickael.canouil.fr
  div-reuse:
    limit: 1
    vars:
      project: Quarto Extensions
      author:
        name: Mickaël Canouil
      year: 2026
  margin:
    x: 2.5cm
    'y': 2.5cm
  

Rendering PDF
running lualatex - 1
  This is LuaHBTeX, Version 1.24.0 (TeX Live 2026) 
   restricted system commands enabled.
  
updating tlmgr

updating existing packages
finding package for scrartcl.cls
> 1 package to install
> installing koma-script (1 of 1)
  This is LuaHBTeX, Version 1.24.0 (TeX Live 2026) 
   restricted system commands enabled.
  
running lualatex - 2
  This is LuaHBTeX, Version 1.24.0 (TeX Live 2026) 
   restricted system commands enabled.
  

Output created: div-reuse-latex.pdf

pandoc 
  to: pptx
  output-file: >-
    /home/runner/work/quarto-extensions/quarto-extensions/test-14/repo/div-reuse-pptx.pptx
  default-image-extension: png
  
metadata
  title: Div Reuse Quarto Extension
  subtitle: Quarto Extension
  author:
    - name: Mickaël CANOUIL, _Ph.D._
      orcid: 0000-0002-3396-4549
      url: https://mickael.canouil.fr
  div-reuse:
    limit: 1
    vars:
      project: Quarto Extensions
      author:
        name: Mickaël Canouil
      year: 2026
  
Output created: div-reuse-pptx.pptx

pandoc 
  to: revealjs
  output-file: >-
    /home/runner/work/quarto-extensions/quarto-extensions/test-14/repo/div-reuse-revealjs.html
  standalone: true
  embed-resources: true
  wrap: none
  default-image-extension: png
  html-math-method:
    method: mathjax
    url: >-
      https://cdn.jsdelivr.net/npm/mathjax@2.7.9/MathJax.js?config=TeX-AMS_HTML-full
  slide-level: 2
  
metadata
  link-citations: true
  width: 1050
  height: 700
  margin: 0.1
  center: false
  navigationMode: linear
  controlsLayout: edges
  controlsTutorial: false
  hash: true
  history: true
  hashOneBasedIndex: false
  fragmentInURL: false
  transition: none
  backgroundTransition: none
  pdfSeparateFragments: false
  lang: en
  auto-stretch: true
  title: Div Reuse Quarto Extension
  subtitle: Quarto Extension
  author:
    - name: Mickaël CANOUIL, _Ph.D._
      orcid: 0000-0002-3396-4549
      url: https://mickael.canouil.fr
  div-reuse:
    limit: 1
    vars:
      project: Quarto Extensions
      author:
        name: Mickaël Canouil
      year: 2026
  
Output created: div-reuse-revealjs.html

pandoc 
  to: typst
  output-file: example.typ
  standalone: true
  shift-heading-level-by: -1
  default-image-extension: svg
  wrap: none
  citeproc: false
  
metadata
  title: Div Reuse Quarto Extension
  subtitle: Quarto Extension
  author:
    - name: Mickaël CANOUIL, _Ph.D._
      orcid: 0000-0002-3396-4549
      url: https://mickael.canouil.fr
  div-reuse:
    limit: 1
    vars:
      project: Quarto Extensions
      author:
        name: Mickaël Canouil
      year: 2026
  papersize: a4
  margin:
    x: 2.5cm
    'y': 2.5cm
  
[typst]: Compiling example.typ to example.pdf...DONE

Output created: div-reuse-typst.pdf

[pre-render] warning: 1.4.3 is not tagged; the install commands name an unreleased version
[pre-render] _extension.yml -> _variables.yml (mcanouil/quarto-div-reuse@1.4.3)
[pre-render] CHANGELOG.md -> changelog.qmd

pandoc 
  to: html
  output-file: 404.html
  standalone: true
  title-prefix: Div Reuse
  section-divs: true
  html-math-method: mathjax
  wrap: none
  default-image-extension: png
  toc: false
  toc-depth: 3
  
metadata
  document-css: false
  link-citations: true
  lang: en-GB
  date-format: dddd[, the] Do [of] MMMM, YYYY
  code-copy: true
  respect-user-color-scheme: true
  theme:
    light:
      - _extensions/mcanouil/atelier/html/chrome.scss
      - brand
      - _extensions/mcanouil/atelier/html/theme.scss
      - _extensions/mcanouil/pastel/pastel.scss
      - assets/theme.scss
    dark:
      - _extensions/mcanouil/atelier/html/chrome.scss
      - brand
      - _extensions/mcanouil/atelier/html/theme.scss
      - _extensions/mcanouil/pastel/pastel.scss
      - assets/theme.scss
  anchor-sections: true
  grid:
    sidebar-width: 300px
    body-width: 1000px
    margin-width: 300px
  brand: _extensions/mcanouil/pastel/brand.yml
  extensions:
    atelier:
      site-url: https://m.canouil.dev/quarto-div-reuse
    gitlink:
      enabled: false
      widget:
        enabled: true
        extra-links:
          - text: Ideas / Feature Requests
            href: /discussions/categories/ideas
            icon: discussion
          - text: Q&A
            href: /discussions/categories/q-a
            icon: question
        sponsor: mcanouil
        style-navbar-tools: false
    code-window:
      style: macos
      auto-filename: false
  div-reuse:
    limit: 3
    vars:
      project: Quarto Extensions
      author:
        name: Mickaël Canouil
  title: Page not found
  description: That page does not exist or has moved.
  sidebar: false
  
[31mERROR (/opt/quarto/share/filters/main.lua:3828) cannot open div-reuse: No such file or directory
[39mWARN: Error encountered when rendering files
Render failed, retrying once...
[pre-render] warning: 1.4.3 is not tagged; the install commands name an unreleased version
[pre-render] _extension.yml -> _variables.yml (mcanouil/quarto-div-reuse@1.4.3)
[pre-render] CHANGELOG.md -> changelog.qmd

pandoc 
  to: html
  output-file: 404.html
  standalone: true
  title-prefix: Div Reuse
  section-divs: true
  html-math-method: mathjax
  wrap: none
  default-image-extension: png
  toc: false
  toc-depth: 3
  
metadata
  document-css: false
  link-citations: true
  lang: en-GB
  date-format: dddd[, the] Do [of] MMMM, YYYY
  code-copy: true
  respect-user-color-scheme: true
  theme:
    light:
      - _extensions/mcanouil/atelier/html/chrome.scss
      - brand
      - _extensions/mcanouil/atelier/html/theme.scss
      - _extensions/mcanouil/pastel/pastel.scss
      - assets/theme.scss
    dark:
      - _extensions/mcanouil/atelier/html/chrome.scss
      - brand
      - _extensions/mcanouil/atelier/html/theme.scss
      - _extensions/mcanouil/pastel/pastel.scss
      - assets/theme.scss
  anchor-sections: true
  grid:
    sidebar-width: 300px
    body-width: 1000px
    margin-width: 300px
  brand: _extensions/mcanouil/pastel/brand.yml
  extensions:
    atelier:
      site-url: https://m.canouil.dev/quarto-div-reuse
    gitlink:
      enabled: false
      widget:
        enabled: true
        extra-links:
          - text: Ideas / Feature Requests
            href: /discussions/categories/ideas
            icon: discussion
          - text: Q&A
            href: /discussions/categories/q-a
            icon: question
        sponsor: mcanouil
        style-navbar-tools: false
    code-window:
      style: macos
      auto-filename: false
  div-reuse:
    limit: 3
    vars:
      project: Quarto Extensions
      author:
        name: Mickaël Canouil
  title: Page not found
  description: That page does not exist or has moved.
  sidebar: false
  
[31mERROR (/opt/quarto/share/filters/main.lua:3828) cannot open div-reuse: No such file or directory
[39mWARN: Error encountered when rendering files
