Cloning into 'repo'...
Installing package into '/cache/r-lib-0'
(as 'lib' is unspecified)
trying URL 'https://packagemanager.posit.co/cran/latest/src/contrib/renv_1.2.3.tar.gz'
Content type 'binary/octet-stream' length 1375285 bytes (1.3 MB)
==================================================
downloaded 1.3 MB

* installing *source* package 'renv' ...
** this is package 'renv' version '1.2.3'
** package 'renv' successfully unpacked and MD5 sums checked
** using staged installation
** R
** inst
** byte-compile and prepare package for lazy loading
** help
*** installing help indices
*** copying figures
** building package indices
** installing vignettes
** testing if installed package can be loaded from temporary location
** checking absolute paths in shared objects and dynamic libraries
** testing if installed package can be loaded from final location
** testing if installed package keeps a record of temporary installation path
* DONE (renv)

The downloaded source packages are in
	'/tmp/RtmpCn1RJL/downloaded_packages'


processing file: example.qmd
1/39                   
2/39 [unnamed-chunk-1] 
Converting with the R package sass
3/39                   
4/39 [unnamed-chunk-2] 
Converting with the R package sass
5/39                   
6/39 [unnamed-chunk-3] 
Converting with the R package sass
7/39                   
8/39 [unnamed-chunk-4] 
Converting with the R package sass
9/39                   
10/39 [unnamed-chunk-5] 
Converting with the R package sass
11/39                   
12/39 [unnamed-chunk-6] 
Converting with the R package sass
13/39                   
14/39 [unnamed-chunk-7] 
Converting with the R package sass
15/39                   
16/39 [unnamed-chunk-8] 
Converting with the R package sass
17/39                   
18/39 [unnamed-chunk-9] 
Converting with the R package sass
19/39                   
20/39 [unnamed-chunk-10]
Converting with the R package sass
21/39                   
22/39 [unnamed-chunk-11]
Converting with the R package sass
23/39                   
24/39 [unnamed-chunk-12]
Converting with the R package sass
25/39                   
26/39 [unnamed-chunk-13]
Converting with the R package sass
27/39                   
28/39 [unnamed-chunk-14]
Converting with the R package sass
29/39                   
30/39 [unnamed-chunk-15]
31/39                   
32/39 [unnamed-chunk-16]
33/39                   
34/39 [unnamed-chunk-17]
Converting with the R package sass
35/39                   
36/39 [unnamed-chunk-18]
Converting with the R package sass
37/39                   
38/39 [unnamed-chunk-19]
Converting with the R package sass
39/39                   
output file: example.knit.md

pandoc 
  to: revealjs
  output-file: example.html
  standalone: true
  wrap: none
  default-image-extension: png
  html-math-method:
    method: mathjax
    url: >-
      https://cdn.jsdelivr.net/npm/mathjax@2.7.9/MathJax.js?config=TeX-AMS_HTML-full
  slide-level: 2
  
metadata
  link-citations: true
  width: 1050
  height: 700
  margin: 0.1
  center: false
  navigationMode: linear
  controlsLayout: edges
  controlsTutorial: false
  hash: true
  history: true
  hashOneBasedIndex: false
  fragmentInURL: false
  transition: none
  backgroundTransition: none
  pdfSeparateFragments: false
  lang: en
  auto-stretch: true
  title: codewindow Example
  revealjs-plugins:
    - codewindow
  knitr: true
  footer: <https://github.com/emilhvitfeldt/quarto-revealjs-codewindow>
  
Output created: example.html

