 
 % Total    % Received % Xferd  Average Speed   Time    Time     Time  Current
                                 Dload  Upload   Total   Spent    Left  Speed
  0     0    0     0    0     0      0      0 --:--:-- --:--:-- --:--:--     0
  % Total    % Received % Xferd  Average Speed   Time    Time     Time  Current
                                 Dload  Upload   Total   Spent    Left  Speed
  0     0    0     0    0     0      0      0 --:--:-- --:--:-- --:--:--     0
-:-- --:--:-- --:--:--  5151

 
 % Total    % Received % Xferd  Average Speed   Time    Time     Time  Current
                                 Dload  Upload   Total   Spent    Left  Speed
  0     0    0     0    0     0      0      0 --:--:-- --:--:-- --:--:--     0
  % Total    % Received % Xferd  Average Sp
eed   Time    Time     Time  Current
                                 Dload  Upload   Total   Spent    Left  Speed
  0     0    0     0    0     0      0      0 --:--:-- --:--:-- --:--:--     0
 121 --:--:-- --:--:-- --:--:--  2331100  1786  100  1693  100    93   2210    121 --:--:-- --:--:-- --:--:--  2331



pandoc 

  to: latex
  output-file: index.tex
  standalone: true
  toc: true
  number-sections: true
  top-level-division: chapter
  pdf-engine: lualatex
  variables:
    graphics: true
    tables: true
  default-image-extension: pdf
  

metadata

  crossref:
    chapters: true
  documentclass: scrreprt
  papersize: letter
  classoption:
    - DIV=11
    - numbers=noendperiod
  header-includes:
    - \KOMAoption{captions}{tableheading}
  block-headings: true
  bibliography:
    - references.bib
  title: Kroki diagrams Test
  date: 23/03/2026
  

  % Total    % Received % Xferd  Average Speed   Time    Time     Time 
 Current
                                 Dload  Upload   Total   Spent    Left  Speed
  0     0    0     0    0     0      0      0 --:--:-- --:--:-- --:--:--     0
:--:-- --:--:-- --:--:--  4582


Error: Inkscape has to be installed and added to PATH.


  % Total    % Received % Xferd  
Average Speed   Time    Time     Time  Current
                                 Dload  Upload   Total   Spent    Left  Speed
  0     0    0     0    0    
 0      0      0 --:--:-- --:--:-- --:--:--     0
-:--:-- --:--:--   361
  9947


Error: Inkscape has to be installed and added to PATH.


  % Total    % Rece
ived % Xferd  Average Speed   Time    Time     Time  Current
                                 Dload  Upload   Total   Spent    Left  Speed
 
 0     0    0     0    0     0      0      0 --:--:-- --:--:-- --:--:--     0
 --:--:-- --:--:--  3048


Error: Inkscape has to be installed and added to PATH.


  % Total    % Rece
ived % Xferd  Average Speed   Time    Time     Time  Current
                                 Dload  Upload   Total   Spent    Left  Speed
  0     0    0     0    0     0      0  
    0 --:--:-- --:--:-- --:--:--     0
:-- --:--:--   250
 2478    136 --:--:-- --:--:-- --:--:--  2614


Error: Inkscape has to be installed and added to PATH.



Rendering PDF

running lualatex - 1

  This is LuaHBTeX, Version 1.24.0 (TeX Live 2026) 
   restricted system commands enabled.
  

updating tlmgr



updating existing packages

finding package for scrreprt.cls

> 1 package to install

> installing koma-script (1 of 1)

  This is LuaHBTeX, Version 1.24.0 (TeX Live 2026) 
   restricted system commands enabled.
  
  luaotfload | db : Font names database not found, generating new one.
  luaotfload | db : This can take several minutes; please be patient.

running lualatex - 2

  This is LuaHBTeX, Version 1.24.0 (TeX Live 2026) 
   restricted system commands enabled.
  



Output created: _book/index.html


