Cloning into 'repo'...
Installing package into '/cache/r-lib-0'
(as 'lib' is unspecified)
trying URL 'https://packagemanager.posit.co/cran/latest/src/contrib/renv_1.2.4.tar.gz'
Content type 'binary/octet-stream' length 1435963 bytes (1.4 MB)
==================================================
downloaded 1.4 MB

* installing *source* package 'renv' ...
** this is package 'renv' version '1.2.4'
** package 'renv' successfully unpacked and MD5 sums checked
** using staged installation
** R
** inst
** byte-compile and prepare package for lazy loading
** help
*** installing help indices
*** copying figures
** building package indices
** installing vignettes
** testing if installed package can be loaded from temporary location
** checking absolute paths in shared objects and dynamic libraries
** testing if installed package can be loaded from final location
** testing if installed package keeps a record of temporary installation path
* DONE (renv)

The downloaded source packages are in
	'/tmp/RtmpQVSA8l/downloaded_packages'
Using CPython 3.14.7 interpreter at: /usr/local/python/current/bin/python
Creating virtual environment at: .venv
Activate with: source .venv/bin/activate
bash: line 162: julia: command not found
Auto-detect Julia dependency install failed for andrewheiss/quarto-output-styling.
Dependency install failed (exit 1) for andrewheiss/quarto-output-styling; retrying once.
Using CPython 3.14.7 interpreter at: /usr/local/python/current/bin/python
Creating virtual environment at: .venv
error: Failed to create virtual environment
  Caused by: A virtual environment already exists at: .venv

hint: Use the `--clear` flag or set `UV_VENV_CLEAR=1` to replace the existing virtual environment
uv venv failed for andrewheiss/quarto-output-styling.
Dependency install failed (exit 1) for andrewheiss/quarto-output-styling.
