pandoc 

  to: html
  output-file: example_simpleicons.html
  standalone: true
  self-contained: true
  section-divs: true
  html-math-method: mathjax
  wrap: none
  default-image-extension: png
  

metadata

  document-css: false
  link-citations: true
  date-format: long
  lang: en
  title: simpleicons Example (HTML)
  

Error running filter '/opt/quarto/share/filters/main.lua':
Could not fetch https://simpleicons.org/icons/slack.svg
HttpExceptionRequest Request {
  host                 = "simpleicons.org"
  port                 = 443
  secure               = True
  requestHeaders       = [("User-Agent","pandoc/3.10")]
  path                 = "/icons/slack.svg"
  queryString          = ""
  method               = "GET"
  proxy                = Nothing
  rawBody              = False
  redirectCount        = 10
  responseTimeout      = ResponseTimeoutDefault
  requestVersion       = HTTP/1.1
  proxySecureMode      = ProxySecureWithConnect
}
 (StatusCodeException (Response {responseStatus = Status {statusCode = 404, statusMessage = "Not Found"}, responseVersion = HTTP/1.1, responseHeaders = [("Date","Tue, 15 Sep 2026 14:21:06 GMT"),("Content-Type","text/html; charset=utf-8"),("Transfer-Encoding","chunked"),("Connection","keep-alive"),("x-content-type-options","nosniff"),("Report-To","{\"group\":\"cf-nel\",\"max_age\":604800,\"endpoints\":[{\"url\":\"https://a.nel.cloudflare.com/report/v4?s=f5Ob0OrC%2FVJgmWYgzs9h%2BgYv9cjScKZ%2FIQNo9DzWWumVrmBsXTFPSQOy1ne4mTK03FqcrB6sCLXKV7ZVxOLY6E7Une17Hjpdj2TCNX24Qhieo1PiMNmWyJZ9XmdawY1ALD8%3D\"}]}"),("Nel","{\"report_to\":\"cf-nel\",\"success_fraction\":0.0,\"max_age\":604800}"),("Access-Control-Allow-Origin","*"),("Cache-Control","no-store"),("referrer-policy","strict-origin-when-cross-origin"),("Speculation-Rules","\"/cdn-cgi/speculation\""),("Server-Timing","cfCacheStatus;desc=\"BYPASS\""),("Server-Timing","cfEdge;dur=11,cfOrigin;dur=37"),("Server","cloudflare"),("cf-cache-status","BYPASS"),("vary","accept-encoding"),("Content-Encoding","gzip"),("CF-RAY","a3b846a5fad16734-ATL"),("alt-svc","h3=\":443\"; ma=86400")], responseBody = (), responseCookieJar = CJ {expose = []}, responseClose' = ResponseClose, responseOriginalRequest = Request {
  host                 = "simpleicons.org"
  port                 = 443
  secure               = True
  requestHeaders       = [("User-Agent","pandoc/3.10")]
  path                 = "/icons/slack.svg"
  queryString          = ""
  method               = "GET"
  proxy                = Nothing
  rawBody              = False
  redirectCount        = 10
  responseTimeout      = ResponseTimeoutDefault
  requestVersion       = HTTP/1.1
  proxySecureMode      = ProxySecureWithConnect
}
, responseEarlyHints = []}) "<!doctype html><script type=\"ea20a613a774d693c3f92931-text/javascript\">const PATH=`404/`,params=new URL(window.location).searchParams.toString(),opts=params?`?${params}`:``;window.location=`https://simpleicons.org/404/${opts}`;</script><noscript><meta content=\"0; URL=https://simpleicons.org/404/\" http-equiv=refresh></head></noscript></html><script type=\"module\" src=\"https://static.cloudflareinsights.com/beacon.min.js/v31edd6df95cf4e85bb4c19e7a9bdbcba1788362987495\" integrity=\"sha512-iIg7k2xntmwu6/uSb5tpc/hySgZc4eoL31yB29W6tJFo2akwjPWcEqnCEdJvGexCL0KEQwVYv5BlowfhVz26hg==\" data-cf-beacon='{\"version\":\"2024.11.0\",\"token\":\"6119c6c2ff1c4ac59e73ca98c9a7d467\",\"r\":1,\"spa\":2}' crossorigin=\"anonymous\"></script>\n<script src=\"/cdn-cgi/scripts/7d0fa10a/cloudflare-static/rocket-loader.min.js\" data-cf-settings=\"ea20a613a774d693c3f92931-|49\" defer></script>")
stack traceback:
	...ions/test-6/repo/_extensions/simpleicons/simpleicons.lua:18: in function <...ions/test-6/repo/_extensions/simpleicons/simpleicons.lua:8>
	(...tail calls...)
	[string "if pandoc.system.os == "mingw32" then..."]:778: in function <[string "if pandoc.system.os == "mingw32" then..."]:776>
	(...tail calls...)
	/opt/quarto/share/filters/main.lua:21758: in upvalue 'handle_shortcode'
	/opt/quarto/share/filters/main.lua:21828: in local 'filter_fn'
	/opt/quarto/share/filters/main.lua:656: in function </opt/quarto/share/filters/main.lua:646>
	(...tail calls...)
	[C]: in ?
	[C]: in method 'walk'
	/opt/quarto/share/pandoc/datadir/_utils.lua:607: in function '_utils.walk'
	/opt/quarto/share/filters/main.lua:575: in function </opt/quarto/share/filters/main.lua:553>
	(...tail calls...)
	/opt/quarto/share/filters/main.lua:21883: in field 'Pandoc'
	/opt/quarto/share/filters/main.lua:589: in function 'run_emulated_filter'
	/opt/quarto/share/filters/main.lua:1318: in local 'callback'
	/opt/quarto/share/filters/main.lua:1336: in upvalue 'run_emulated_filter_chain'
	/opt/quarto/share/filters/main.lua:1372: in function </opt/quarto/share/filters/main.lua:1369>
stack traceback:
	/opt/quarto/share/pandoc/datadir/_utils.lua:607: in function '_utils.walk'
	/opt/quarto/share/filters/main.lua:575: in function </opt/quarto/share/filters/main.lua:553>
	(...tail calls...)
	/opt/quarto/share/filters/main.lua:21883: in field 'Pandoc'
	/opt/quarto/share/filters/main.lua:589: in function 'run_emulated_filter'
	/opt/quarto/share/filters/main.lua:1318: in local 'callback'
	/opt/quarto/share/filters/main.lua:1336: in upvalue 'run_emulated_filter_chain'
	/opt/quarto/share/filters/main.lua:1372: in function </opt/quarto/share/filters/main.lua:1369>

(WARN) Error encountered when rendering files

