[pre-render] warning: 2.0.2 is not tagged; the install commands name an unreleased version

[pre-render] _extension.yml -> _variables.yml (mcanouil/quarto-invoice@2.0.2)

[pre-render] CHANGELOG.md -> changelog.qmd



pandoc 

  to: html
  output-file: reference.html
  standalone: true
  title-prefix: Invoice
  section-divs: true
  html-math-method: mathjax
  wrap: none
  default-image-extension: png
  toc: true
  toc-depth: 3
  

metadata

  document-css: false
  link-citations: true
  lang: en-GB
  date-format: dddd[, the] Do [of] MMMM, YYYY
  code-copy: true
  respect-user-color-scheme: true
  theme:
    light:
      - _extensions/mcanouil/atelier/html/chrome.scss
      - brand
      - _extensions/mcanouil/atelier/html/theme.scss
      - _extensions/mcanouil/pastel/pastel.scss
      - assets/theme.scss
    dark:
      - _extensions/mcanouil/atelier/html/chrome.scss
      - brand
      - _extensions/mcanouil/atelier/html/theme.scss
      - _extensions/mcanouil/pastel/pastel.scss
      - assets/theme.scss
  anchor-sections: true
  grid:
    sidebar-width: 300px
    body-width: 1000px
    margin-width: 300px
  brand: _extensions/mcanouil/pastel/brand.yml
  extensions:
    atelier:
      site-url: https://m.canouil.dev/quarto-invoice
    gitlink:
      enabled: false
      widget:
        enabled: true
        extra-links:
          - text: Ideas / Feature Requests
            href: /discussions/categories/ideas
            icon: discussion
          - text: Q&A
            href: /discussions/categories/q-a
            icon: question
        sponsor: mcanouil
        style-navbar-tools: false
    code-window:
      style: macos
      auto-filename: false
  title: Reference
  subtitle: Every option the invoice format accepts.
  description: 'The complete invoice configuration: sender and recipient, the invoice block and its line items, bank details, currency handling, and validation.'
  

(ERROR) Unable to read the extension 'invoice'.
Please ensure that you provided the correct id and that the extension is installed.

Stack trace:
    at loadExtension (file:///opt/quarto/bin/quarto.js:79448:15)
    at Object.extension (file:///opt/quarto/bin/quarto.js:78654:30)
    at readExtensionFormat (file:///opt/quarto/bin/quarto.js:91460:50)
    at resolveFormats (file:///opt/quarto/bin/quarto.js:91319:37)
    at async renderContexts (file:///opt/quarto/bin/quarto.js:91109:20)
    at async Object.renderFormats (file:///opt/quarto/bin/quarto.js:91168:20)
    at async readBaseInputIndex (file:///opt/quarto/bin/quarto.js:131756:20)
    at async inputTargetIndex (file:///opt/quarto/bin/quarto.js:131744:18)
    at async inputFileForOutputFile (file:///opt/quarto/bin/quarto.js:131897:20)
    at async inputModified (file:///opt/quarto/bin/quarto.js:149128:25)
    at async urlsetEntry (file:///opt/quarto/bin/quarto.js:149146:18)
    at async updateSitemap (file:///opt/quarto/bin/quarto.js:149167:23)
    at async websitePostRender (file:///opt/quarto/bin/quarto.js:152915:3)
    at async Object.postRender (file:///opt/quarto/bin/quarto.js:152877:5)
    at async renderProject (file:///opt/quarto/bin/quarto.js:137745:7)
    at async _Command.actionHandler (file:///opt/quarto/bin/quarto.js:142798:24)
    at async _Command.execute (file:///opt/quarto/bin/quarto.js:102189:7)
    at async _Command.parseCommand (file:///opt/quarto/bin/quarto.js:102066:14)
    at async quarto4 (file:///opt/quarto/bin/quarto.js:188195:5)
    at async file:///opt/quarto/bin/quarto.js:188224:5
    at async file:///opt/quarto/bin/quarto.js:188078:14
    at async mainRunner (file:///opt/quarto/bin/quarto.js:188080:5)
    at async file:///opt/quarto/bin/quarto.js:188217:3

