Cloning into 'repo'...
pandoc 
  to: html
  output-file: example.html
  standalone: true
  section-divs: true
  html-math-method: mathjax
  wrap: none
  default-image-extension: png
  
metadata
  document-css: false
  link-citations: true
  date-format: long
  lang: en
  title: Qreacto
  sidebar: false
  navbar: false
  
MyComponent > react-MyComponent-IJleWt9x
MyStyledComponent > react-MyStyledComponent-Haf59DFn
EmojiComponent > react-EmojiComponent-salTb3Gb
RandomWordsComponent > react-RandomWordsComponent-56upvhvV
MyNestedComponent > react-MyNestedComponent-cwHBNBvc
EnvironmentReadingComponent > react-EnvironmentReadingComponent-0s4XHgaY
Output created: example.html

