Cloning into 'repo'...
pandoc 
  to: html
  output-file: example.html
  standalone: true
  section-divs: true
  html-math-method: mathjax
  wrap: none
  default-image-extension: png
  toc: true
  
metadata
  document-css: false
  link-citations: true
  date-format: long
  lang: en
  title: Animate.css Extension for Quarto
  subtitle: Quarto Extension
  author:
    - name: Mickaël CANOUIL, _Ph.D._
      orcid: 0000-0002-3396-4549
      url: https://mickael.canouil.fr
  extensions:
    animate:
      duration: 1s
      delay: 1s
      repeat: 1
  
Output created: example.html

[pre-render] warning: 1.7.2 is not tagged; the install commands name an unreleased version
[pre-render] _extension.yml -> _variables.yml (mcanouil/quarto-animate@1.7.2)
[pre-render] CHANGELOG.md -> changelog.qmd

pandoc 
  to: html
  output-file: 404.html
  standalone: true
  title-prefix: Animate
  section-divs: true
  html-math-method: mathjax
  wrap: none
  default-image-extension: png
  toc: false
  toc-depth: 3
  
metadata
  document-css: false
  link-citations: true
  lang: en-GB
  date-format: dddd[, the] Do [of] MMMM, YYYY
  code-copy: true
  respect-user-color-scheme: true
  theme:
    light:
      - _extensions/mcanouil/atelier/html/chrome.scss
      - brand
      - _extensions/mcanouil/atelier/html/theme.scss
      - _extensions/mcanouil/pastel/pastel.scss
      - assets/theme.scss
    dark:
      - _extensions/mcanouil/atelier/html/chrome.scss
      - brand
      - _extensions/mcanouil/atelier/html/theme.scss
      - _extensions/mcanouil/pastel/pastel.scss
      - assets/theme.scss
  anchor-sections: true
  grid:
    sidebar-width: 300px
    body-width: 1000px
    margin-width: 300px
  brand: _extensions/mcanouil/pastel/brand.yml
  extensions:
    atelier:
      site-url: https://m.canouil.dev/quarto-animate
    gitlink:
      enabled: false
      widget:
        enabled: true
        extra-links:
          - text: Ideas / Feature Requests
            href: /discussions/categories/ideas
            icon: discussion
          - text: Q&A
            href: /discussions/categories/q-a
            icon: question
        sponsor: mcanouil
        style-navbar-tools: false
    code-window:
      style: macos
      auto-filename: false
    animate:
      duration: 1s
      delay: 1s
  title: Page not found
  description: That page does not exist or has moved.
  sidebar: false
  
[post-render] Removed changelog.qmd and _variables.yml

Output created: _site/404.html

[pre-render] warning: 1.7.2 is not tagged; the install commands name an unreleased version
[pre-render] _extension.yml -> _variables.yml (mcanouil/quarto-animate@1.7.2)
[pre-render] CHANGELOG.md -> changelog.qmd

pandoc 
  to: html
  output-file: reference.html
  standalone: true
  title-prefix: Animate
  section-divs: true
  html-math-method: mathjax
  wrap: none
  default-image-extension: png
  toc: true
  toc-depth: 3
  
metadata
  document-css: false
  link-citations: true
  lang: en-GB
  date-format: dddd[, the] Do [of] MMMM, YYYY
  code-copy: true
  respect-user-color-scheme: true
  theme:
    light:
      - _extensions/mcanouil/atelier/html/chrome.scss
      - brand
      - _extensions/mcanouil/atelier/html/theme.scss
      - _extensions/mcanouil/pastel/pastel.scss
      - assets/theme.scss
    dark:
      - _extensions/mcanouil/atelier/html/chrome.scss
      - brand
      - _extensions/mcanouil/atelier/html/theme.scss
      - _extensions/mcanouil/pastel/pastel.scss
      - assets/theme.scss
  anchor-sections: true
  grid:
    sidebar-width: 300px
    body-width: 1000px
    margin-width: 300px
  brand: _extensions/mcanouil/pastel/brand.yml
  extensions:
    atelier:
      site-url: https://m.canouil.dev/quarto-animate
    gitlink:
      enabled: false
      widget:
        enabled: true
        extra-links:
          - text: Ideas / Feature Requests
            href: /discussions/categories/ideas
            icon: discussion
          - text: Q&A
            href: /discussions/categories/q-a
            icon: question
        sponsor: mcanouil
        style-navbar-tools: false
    code-window:
      style: macos
      auto-filename: false
    animate:
      duration: 1s
      delay: 1s
  title: Reference
  subtitle: Every option the animate extension accepts.
  description: 'The complete animate configuration: shortcode arguments, timing attributes, project defaults, validation rules, and the Animate.css behaviour behind them.'
  
[post-render] Removed changelog.qmd and _variables.yml

Output created: _site/reference.html

[pre-render] warning: 1.7.2 is not tagged; the install commands name an unreleased version
[pre-render] _extension.yml -> _variables.yml (mcanouil/quarto-animate@1.7.2)
[pre-render] CHANGELOG.md -> changelog.qmd

pandoc 
  to: html
  output-file: index.html
  standalone: true
  title-prefix: Animate
  section-divs: true
  html-math-method: mathjax
  wrap: none
  default-image-extension: png
  toc: true
  toc-depth: 3
  
metadata
  document-css: false
  link-citations: true
  lang: en-GB
  date-format: dddd[, the] Do [of] MMMM, YYYY
  code-copy: true
  respect-user-color-scheme: true
  theme:
    light:
      - _extensions/mcanouil/atelier/html/chrome.scss
      - brand
      - _extensions/mcanouil/atelier/html/theme.scss
      - _extensions/mcanouil/pastel/pastel.scss
      - assets/theme.scss
    dark:
      - _extensions/mcanouil/atelier/html/chrome.scss
      - brand
      - _extensions/mcanouil/atelier/html/theme.scss
      - _extensions/mcanouil/pastel/pastel.scss
      - assets/theme.scss
  anchor-sections: true
  grid:
    sidebar-width: 300px
    body-width: 1000px
    margin-width: 300px
  brand: _extensions/mcanouil/pastel/brand.yml
  extensions:
    atelier:
      site-url: https://m.canouil.dev/quarto-animate
    gitlink:
      enabled: false
      widget:
        enabled: true
        extra-links:
          - text: Ideas / Feature Requests
            href: /discussions/categories/ideas
            icon: discussion
          - text: Q&A
            href: /discussions/categories/q-a
            icon: question
        sponsor: mcanouil
        style-navbar-tools: false
    code-window:
      style: macos
      auto-filename: false
    animate:
      duration: 1s
      delay: 1s
  title: Animate
  subtitle: Animate.css effects on a run of text, written as a shortcode.
  description: What the animate extension is for, how to install it, and the smallest shortcode that plays an effect.
  authors:
    - name: Mickaël CANOUIL, _Ph.D._
      orcid: 0000-0002-3396-4549
      url: https://mickael.canouil.fr
  
[33mWARNING (/opt/quarto/share/filters/main.lua:21983) Shortcode 'animate' not found
[39m[33mWARNING (/opt/quarto/share/filters/main.lua:21983) Shortcode 'animate' not found
[39m[post-render] Removed changelog.qmd and _variables.yml

Output created: _site/index.html

[pre-render] warning: 1.7.2 is not tagged; the install commands name an unreleased version
[pre-render] _extension.yml -> _variables.yml (mcanouil/quarto-animate@1.7.2)
[pre-render] CHANGELOG.md -> changelog.qmd

pandoc 
  to: html
  output-file: examples.html
  standalone: true
  title-prefix: Animate
  section-divs: true
  html-math-method: mathjax
  wrap: none
  default-image-extension: png
  toc: true
  toc-depth: 3
  
metadata
  document-css: false
  link-citations: true
  lang: en-GB
  date-format: dddd[, the] Do [of] MMMM, YYYY
  code-copy: true
  respect-user-color-scheme: true
  theme:
    light:
      - _extensions/mcanouil/atelier/html/chrome.scss
      - brand
      - _extensions/mcanouil/atelier/html/theme.scss
      - _extensions/mcanouil/pastel/pastel.scss
      - assets/theme.scss
    dark:
      - _extensions/mcanouil/atelier/html/chrome.scss
      - brand
      - _extensions/mcanouil/atelier/html/theme.scss
      - _extensions/mcanouil/pastel/pastel.scss
      - assets/theme.scss
  anchor-sections: true
  grid:
    sidebar-width: 300px
    body-width: 1000px
    margin-width: 300px
  brand: _extensions/mcanouil/pastel/brand.yml
  extensions:
    atelier:
      site-url: https://m.canouil.dev/quarto-animate
    gitlink:
      enabled: false
      widget:
        enabled: true
        extra-links:
          - text: Ideas / Feature Requests
            href: /discussions/categories/ideas
            icon: discussion
          - text: Q&A
            href: /discussions/categories/q-a
            icon: question
        sponsor: mcanouil
        style-navbar-tools: false
    code-window:
      style: macos
      auto-filename: false
    animate:
      duration: 1s
      delay: 1s
  title: Examples
  subtitle: Every effect, and every option, rendered.
  description: The complete Animate.css effect gallery played by the extension, alongside worked examples of the timing options.
  
[33mWARNING (/opt/quarto/share/filters/main.lua:22019) Shortcode 'animate' not found
[39m[33mWARNING (/opt/quarto/share/filters/main.lua:22019) Shortcode 'animate' not found
[39m[33mWARNING (/opt/quarto/share/filters/main.lua:22019) Shortcode 'animate' not found
[39m[33mWARNING (/opt/quarto/share/filters/main.lua:22019) Shortcode 'animate' not found
[39m[33mWARNING (/opt/quarto/share/filters/main.lua:22019) Shortcode 'animate' not found
[39m[33mWARNING (/opt/quarto/share/filters/main.lua:22019) Shortcode 'animate' not found
[39m[33mWARNING (/opt/quarto/share/filters/main.lua:22019) Shortcode 'animate' not found
[39m[33mWARNING (/opt/quarto/share/filters/main.lua:21983) Shortcode 'animate' not found
[39m[33mWARNING (/opt/quarto/share/filters/main.lua:21983) Shortcode 'animate' not found
[39m[33mWARNING (/opt/quarto/share/filters/main.lua:21983) Shortcode 'animate' not found
[39m[33mWARNING (/opt/quarto/share/filters/main.lua:21983) Shortcode 'animate' not found
[39m[33mWARNING (/opt/quarto/share/filters/main.lua:21983) Shortcode 'animate' not found
[39m[33mWARNING (/opt/quarto/share/filters/main.lua:21983) Shortcode 'animate' not found
[39m[33mWARNING (/opt/quarto/share/filters/main.lua:21983) Shortcode 'animate' not found
[39m[33mWARNING (/opt/quarto/share/filters/main.lua:21983) Shortcode 'animate' not found
[39m[33mWARNING (/opt/quarto/share/filters/main.lua:21983) Shortcode 'animate' not found
[39m[33mWARNING (/opt/quarto/share/filters/main.lua:21983) Shortcode 'animate' not found
[39m[33mWARNING (/opt/quarto/share/filters/main.lua:21983) Shortcode 'animate' not found
[39m[33mWARNING (/opt/quarto/share/filters/main.lua:21983) Shortcode 'animate' not found
[39m[33mWARNING (/opt/quarto/share/filters/main.lua:21983) Shortcode 'animate' not found
[39m[33mWARNING (/opt/quarto/share/filters/main.lua:21983) Shortcode 'animate' not found
[39m[33mWARNING (/opt/quarto/share/filters/main.lua:21983) Shortcode 'animate' not found
[39m[33mWARNING (/opt/quarto/share/filters/main.lua:21983) Shortcode 'animate' not found
[39m[33mWARNING (/opt/quarto/share/filters/main.lua:21983) Shortcode 'animate' not found
[39m[33mWARNING (/opt/quarto/share/filters/main.lua:21983) Shortcode 'animate' not found
[39m[33mWARNING (/opt/quarto/share/filters/main.lua:21983) Shortcode 'animate' not found
[39m[33mWARNING (/opt/quarto/share/filters/main.lua:21983) Shortcode 'animate' not found
[39m[33mWARNING (/opt/quarto/share/filters/main.lua:21983) Shortcode 'animate' not found
[39m[33mWARNING (/opt/quarto/share/filters/main.lua:21983) Shortcode 'animate' not found
[39m[33mWARNING (/opt/quarto/share/filters/main.lua:21983) Shortcode 'animate' not found
[39m[33mWARNING (/opt/quarto/share/filters/main.lua:21983) Shortcode 'animate' not found
[39m[33mWARNING (/opt/quarto/share/filters/main.lua:21983) Shortcode 'animate' not found
[39m[33mWARNING (/opt/quarto/share/filters/main.lua:21983) Shortcode 'animate' not found
[39m[33mWARNING (/opt/quarto/share/filters/main.lua:21983) Shortcode 'animate' not found
[39m[33mWARNING (/opt/quarto/share/filters/main.lua:21983) Shortcode 'animate' not found
[39m[33mWARNING (/opt/quarto/share/filters/main.lua:21983) Shortcode 'animate' not found
[39m[33mWARNING (/opt/quarto/share/filters/main.lua:21983) Shortcode 'animate' not found
[39m[33mWARNING (/opt/quarto/share/filters/main.lua:21983) Shortcode 'animate' not found
[39m[33mWARNING (/opt/quarto/share/filters/main.lua:21983) Shortcode 'animate' not found
[39m[33mWARNING (/opt/quarto/share/filters/main.lua:21983) Shortcode 'animate' not found
[39m[33mWARNING (/opt/quarto/share/filters/main.lua:21983) Shortcode 'animate' not found
[39m[33mWARNING (/opt/quarto/share/filters/main.lua:21983) Shortcode 'animate' not found
[39m[33mWARNING (/opt/quarto/share/filters/main.lua:21983) Shortcode 'animate' not found
[39m[33mWARNING (/opt/quarto/share/filters/main.lua:21983) Shortcode 'animate' not found
[39m[33mWARNING (/opt/quarto/share/filters/main.lua:21983) Shortcode 'animate' not found
[39m[33mWARNING (/opt/quarto/share/filters/main.lua:21983) Shortcode 'animate' not found
[39m[33mWARNING (/opt/quarto/share/filters/main.lua:21983) Shortcode 'animate' not found
[39m[33mWARNING (/opt/quarto/share/filters/main.lua:21983) Shortcode 'animate' not found
[39m[33mWARNING (/opt/quarto/share/filters/main.lua:21983) Shortcode 'animate' not found
[39m[33mWARNING (/opt/quarto/share/filters/main.lua:21983) Shortcode 'animate' not found
[39m[33mWARNING (/opt/quarto/share/filters/main.lua:21983) Shortcode 'animate' not found
[39m[33mWARNING (/opt/quarto/share/filters/main.lua:21983) Shortcode 'animate' not found
[39m[33mWARNING (/opt/quarto/share/filters/main.lua:21983) Shortcode 'animate' not found
[39m[33mWARNING (/opt/quarto/share/filters/main.lua:21983) Shortcode 'animate' not found
[39m[33mWARNING (/opt/quarto/share/filters/main.lua:21983) Shortcode 'animate' not found
[39m[33mWARNING (/opt/quarto/share/filters/main.lua:21983) Shortcode 'animate' not found
[39m[33mWARNING (/opt/quarto/share/filters/main.lua:21983) Shortcode 'animate' not found
[39m[33mWARNING (/opt/quarto/share/filters/main.lua:21983) Shortcode 'animate' not found
[39m[33mWARNING (/opt/quarto/share/filters/main.lua:21983) Shortcode 'animate' not found
[39m[33mWARNING (/opt/quarto/share/filters/main.lua:21983) Shortcode 'animate' not found
[39m[33mWARNING (/opt/quarto/share/filters/main.lua:21983) Shortcode 'animate' not found
[39m[33mWARNING (/opt/quarto/share/filters/main.lua:21983) Shortcode 'animate' not found
[39m[33mWARNING (/opt/quarto/share/filters/main.lua:21983) Shortcode 'animate' not found
[39m[33mWARNING (/opt/quarto/share/filters/main.lua:21983) Shortcode 'animate' not found
[39m[33mWARNING (/opt/quarto/share/filters/main.lua:21983) Shortcode 'animate' not found
[39m[33mWARNING (/opt/quarto/share/filters/main.lua:21983) Shortcode 'animate' not found
[39m[33mWARNING (/opt/quarto/share/filters/main.lua:21983) Shortcode 'animate' not found
[39m[33mWARNING (/opt/quarto/share/filters/main.lua:21983) Shortcode 'animate' not found
[39m[33mWARNING (/opt/quarto/share/filters/main.lua:21983) Shortcode 'animate' not found
[39m[33mWARNING (/opt/quarto/share/filters/main.lua:21983) Shortcode 'animate' not found
[39m[33mWARNING (/opt/quarto/share/filters/main.lua:21983) Shortcode 'animate' not found
[39m[33mWARNING (/opt/quarto/share/filters/main.lua:21983) Shortcode 'animate' not found
[39m[33mWARNING (/opt/quarto/share/filters/main.lua:21983) Shortcode 'animate' not found
[39m[33mWARNING (/opt/quarto/share/filters/main.lua:21983) Shortcode 'animate' not found
[39m[33mWARNING (/opt/quarto/share/filters/main.lua:21983) Shortcode 'animate' not found
[39m[33mWARNING (/opt/quarto/share/filters/main.lua:21983) Shortcode 'animate' not found
[39m[33mWARNING (/opt/quarto/share/filters/main.lua:21983) Shortcode 'animate' not found
[39m[33mWARNING (/opt/quarto/share/filters/main.lua:21983) Shortcode 'animate' not found
[39m[33mWARNING (/opt/quarto/share/filters/main.lua:21983) Shortcode 'animate' not found
[39m[33mWARNING (/opt/quarto/share/filters/main.lua:21983) Shortcode 'animate' not found
[39m[33mWARNING (/opt/quarto/share/filters/main.lua:21983) Shortcode 'animate' not found
[39m[33mWARNING (/opt/quarto/share/filters/main.lua:21983) Shortcode 'animate' not found
[39m[33mWARNING (/opt/quarto/share/filters/main.lua:21983) Shortcode 'animate' not found
[39m[33mWARNING (/opt/quarto/share/filters/main.lua:21983) Shortcode 'animate' not found
[39m[33mWARNING (/opt/quarto/share/filters/main.lua:21983) Shortcode 'animate' not found
[39m[33mWARNING (/opt/quarto/share/filters/main.lua:21983) Shortcode 'animate' not found
[39m[33mWARNING (/opt/quarto/share/filters/main.lua:21983) Shortcode 'animate' not found
[39m[33mWARNING (/opt/quarto/share/filters/main.lua:21983) Shortcode 'animate' not found
[39m[33mWARNING (/opt/quarto/share/filters/main.lua:21983) Shortcode 'animate' not found
[39m[33mWARNING (/opt/quarto/share/filters/main.lua:21983) Shortcode 'animate' not found
[39m[33mWARNING (/opt/quarto/share/filters/main.lua:21983) Shortcode 'animate' not found
[39m[33mWARNING (/opt/quarto/share/filters/main.lua:21983) Shortcode 'animate' not found
[39m[33mWARNING (/opt/quarto/share/filters/main.lua:21983) Shortcode 'animate' not found
[39m[33mWARNING (/opt/quarto/share/filters/main.lua:21983) Shortcode 'animate' not found
[39m[33mWARNING (/opt/quarto/share/filters/main.lua:21983) Shortcode 'animate' not found
[39m[33mWARNING (/opt/quarto/share/filters/main.lua:21983) Shortcode 'animate' not found
[39m[33mWARNING (/opt/quarto/share/filters/main.lua:21983) Shortcode 'animate' not found
[39m[33mWARNING (/opt/quarto/share/filters/main.lua:21983) Shortcode 'animate' not found
[39m[33mWARNING (/opt/quarto/share/filters/main.lua:21983) Shortcode 'animate' not found
[39m[33mWARNING (/opt/quarto/share/filters/main.lua:21983) Shortcode 'animate' not found
[39m[33mWARNING (/opt/quarto/share/filters/main.lua:21983) Shortcode 'animate' not found
[39m[33mWARNING (/opt/quarto/share/filters/main.lua:21983) Shortcode 'animate' not found
[39m[33mWARNING (/opt/quarto/share/filters/main.lua:21983) Shortcode 'animate' not found
[39m[33mWARNING (/opt/quarto/share/filters/main.lua:21983) Shortcode 'animate' not found
[39m[33mWARNING (/opt/quarto/share/filters/main.lua:21983) Shortcode 'animate' not found
[39m[33mWARNING (/opt/quarto/share/filters/main.lua:21983) Shortcode 'animate' not found
[39m[33mWARNING (/opt/quarto/share/filters/main.lua:21983) Shortcode 'animate' not found
[39m[post-render] Removed changelog.qmd and _variables.yml

Output created: _site/examples.html

