Cloning into 'repo'...
Installing package into '/cache/r-lib-0'
(as 'lib' is unspecified)
trying URL 'https://packagemanager.posit.co/cran/latest/src/contrib/renv_1.2.4.tar.gz'
Content type 'binary/octet-stream' length 1435963 bytes (1.4 MB)
==================================================
downloaded 1.4 MB

* installing *source* package 'renv' ...
** this is package 'renv' version '1.2.4'
** package 'renv' successfully unpacked and MD5 sums checked
** using staged installation
** R
** inst
** byte-compile and prepare package for lazy loading
** help
*** installing help indices
*** copying figures
** building package indices
** installing vignettes
** testing if installed package can be loaded from temporary location
** checking absolute paths in shared objects and dynamic libraries
** testing if installed package can be loaded from final location
** testing if installed package keeps a record of temporary installation path
* DONE (renv)

The downloaded source packages are in
	'/tmp/RtmpgkvurO/downloaded_packages'
Installing packages into '/cache/r-lib-0'
(as 'lib' is unspecified)
also installing the dependencies 'bayestestR', 'datawizard', 'checkmate', 'insight', 'parameters', 'performance', 'tables', 'sysfonts', 'showtextdb'

trying URL 'https://packagemanager.posit.co/cran/latest/src/contrib/bayestestR_0.19.0.tar.gz'
trying URL 'https://packagemanager.posit.co/cran/latest/src/contrib/datawizard_1.4.0.tar.gz'
trying URL 'https://packagemanager.posit.co/cran/latest/src/contrib/checkmate_2.3.4.tar.gz'
trying URL 'https://packagemanager.posit.co/cran/latest/src/contrib/insight_1.5.4.tar.gz'
trying URL 'https://packagemanager.posit.co/cran/latest/src/contrib/parameters_0.29.3.tar.gz'
trying URL 'https://packagemanager.posit.co/cran/latest/src/contrib/performance_0.18.2.tar.gz'
trying URL 'https://packagemanager.posit.co/cran/latest/src/contrib/tables_0.9.35.tar.gz'
trying URL 'https://packagemanager.posit.co/cran/latest/src/contrib/sysfonts_0.8.9.tar.gz'
trying URL 'https://packagemanager.posit.co/cran/latest/src/contrib/showtextdb_3.0.tar.gz'
trying URL 'https://packagemanager.posit.co/cran/latest/src/contrib/modelsummary_2.6.0.tar.gz'
trying URL 'https://packagemanager.posit.co/cran/latest/src/contrib/showtext_0.9-8.tar.gz'
trying URL 'https://packagemanager.posit.co/cran/latest/src/contrib/tinytable_0.18.0.tar.gz'
* installing *source* package 'checkmate' ...
** this is package 'checkmate' version '2.3.4'
** package 'checkmate' successfully unpacked and MD5 sums checked
** using staged installation
** libs
using C compiler: 'gcc (Ubuntu 13.3.0-6ubuntu2~24.04.1) 13.3.0'
installing to /cache/r-lib-0/00LOCK-checkmate/00new/checkmate/libs
** R
** inst
** byte-compile and prepare package for lazy loading
** help
*** installing help indices
** building package indices
** installing vignettes
** testing if installed package can be loaded from temporary location
** checking absolute paths in shared objects and dynamic libraries
** testing if installed package can be loaded from final location
** testing if installed package keeps a record of temporary installation path
* DONE (checkmate)
* installing *source* package 'insight' ...
** this is package 'insight' version '1.5.4'
** package 'insight' successfully unpacked and MD5 sums checked
** using staged installation
** R
** data
** inst
** byte-compile and prepare package for lazy loading
** help
*** installing help indices
*** copying figures
** building package indices
** installing vignettes
** testing if installed package can be loaded from temporary location
** testing if installed package can be loaded from final location
** testing if installed package keeps a record of temporary installation path
* DONE (insight)
* installing *source* package 'tables' ...
** this is package 'tables' version '0.9.35'
** package 'tables' successfully unpacked and MD5 sums checked
** using staged installation
** R
** inst
** byte-compile and prepare package for lazy loading
** help
*** installing help indices
** building package indices
** installing vignettes
** testing if installed package can be loaded from temporary location
** testing if installed package can be loaded from final location
** testing if installed package keeps a record of temporary installation path
* DONE (tables)
* installing *source* package 'sysfonts' ...
** this is package 'sysfonts' version '0.8.9'
** package 'sysfonts' successfully unpacked and MD5 sums checked
** using staged installation
** libs
using C compiler: 'gcc (Ubuntu 13.3.0-6ubuntu2~24.04.1) 13.3.0'
installing to /cache/r-lib-0/00LOCK-sysfonts/00new/sysfonts/libs
** R
** inst
** byte-compile and prepare package for lazy loading
** help
*** installing help indices
** building package indices
** testing if installed package can be loaded from temporary location
** checking absolute paths in shared objects and dynamic libraries
** testing if installed package can be loaded from final location
** testing if installed package keeps a record of temporary installation path
* DONE (sysfonts)
* installing *source* package 'tinytable' ...
** this is package 'tinytable' version '0.18.0'
** package 'tinytable' successfully unpacked and MD5 sums checked
** using staged installation
** R
** inst
** byte-compile and prepare package for lazy loading
** help
*** installing help indices
*** copying figures
** building package indices
** testing if installed package can be loaded from temporary location
** testing if installed package can be loaded from final location
** testing if installed package keeps a record of temporary installation path
* DONE (tinytable)
* installing *source* package 'datawizard' ...
** this is package 'datawizard' version '1.4.0'
** package 'datawizard' successfully unpacked and MD5 sums checked
** using staged installation
** R
** data
** inst
** byte-compile and prepare package for lazy loading
** help
*** installing help indices
*** copying figures
** building package indices
** installing vignettes
** testing if installed package can be loaded from temporary location
** testing if installed package can be loaded from final location
** testing if installed package keeps a record of temporary installation path
* DONE (datawizard)
* installing *source* package 'showtextdb' ...
** this is package 'showtextdb' version '3.0'
** package 'showtextdb' successfully unpacked and MD5 sums checked
** using staged installation
** R
** inst
** byte-compile and prepare package for lazy loading
** help
*** installing help indices
** building package indices
** testing if installed package can be loaded from temporary location
** testing if installed package can be loaded from final location
** testing if installed package keeps a record of temporary installation path
* DONE (showtextdb)
* installing *source* package 'bayestestR' ...
** this is package 'bayestestR' version '0.19.0'
** package 'bayestestR' successfully unpacked and MD5 sums checked
** using staged installation
** R
** data
** inst
** byte-compile and prepare package for lazy loading
** help
*** installing help indices
*** copying figures
** building package indices
** installing vignettes
** testing if installed package can be loaded from temporary location
** testing if installed package can be loaded from final location
** testing if installed package keeps a record of temporary installation path
* DONE (bayestestR)
* installing *source* package 'showtext' ...
** this is package 'showtext' version '0.9-8'
** package 'showtext' successfully unpacked and MD5 sums checked
** using staged installation
** libs
using C compiler: 'gcc (Ubuntu 13.3.0-6ubuntu2~24.04.1) 13.3.0'
installing to /cache/r-lib-0/00LOCK-showtext/00new/showtext/libs
** R
** inst
** byte-compile and prepare package for lazy loading
** help
*** installing help indices
** building package indices
** installing vignettes
** testing if installed package can be loaded from temporary location
** checking absolute paths in shared objects and dynamic libraries
** testing if installed package can be loaded from final location
** testing if installed package keeps a record of temporary installation path
* DONE (showtext)
* installing *source* package 'parameters' ...
** this is package 'parameters' version '0.29.3'
** package 'parameters' successfully unpacked and MD5 sums checked
** using staged installation
** R
** data
** inst
** byte-compile and prepare package for lazy loading
** help
*** installing help indices
*** copying figures
** building package indices
** installing vignettes
** testing if installed package can be loaded from temporary location
** testing if installed package can be loaded from final location
** testing if installed package keeps a record of temporary installation path
* DONE (parameters)
* installing *source* package 'performance' ...
** this is package 'performance' version '0.18.2'
** package 'performance' successfully unpacked and MD5 sums checked
** using staged installation
** R
** inst
** byte-compile and prepare package for lazy loading
** help
*** installing help indices
*** copying figures
** building package indices
** testing if installed package can be loaded from temporary location
** testing if installed package can be loaded from final location
** testing if installed package keeps a record of temporary installation path
* DONE (performance)
* installing *source* package 'modelsummary' ...
** this is package 'modelsummary' version '2.6.0'
** package 'modelsummary' successfully unpacked and MD5 sums checked
** using staged installation
** R
** inst
** byte-compile and prepare package for lazy loading
** help
*** installing help indices
*** copying figures
** building package indices
** testing if installed package can be loaded from temporary location
** testing if installed package can be loaded from final location
** testing if installed package keeps a record of temporary installation path
* DONE (modelsummary)

The downloaded source packages are in
	'/tmp/RtmpgkvurO/downloaded_packages'
pandoc 
  to: typst
  output-file: template.typ
  standalone: true
  default-image-extension: svg
  wrap: none
  citeproc: false
  
metadata
  theme: default
  aspect-ratio: 16-9
  title: Touying for Quarto
  subtitle: A drop-in Touying base extension
  author:
    - name: Your Name
      affiliations: Your Institution
  institute: Your Institution
  date: today
  date-format: long
  
[typst]: Compiling template.typ to template.pdf...downloading @preview/touying:0.7.4

  0 B / 109.5 KiB (  0 %),   1.1 MiB/s, ETA: 0 s
109.5 KiB / 109.5 KiB (100 %),   1.1 MiB/s, ETA: 0 s
downloading @preview/uniwarn:0.1.1

  0 B /   3.6 KiB (  0 %),  36.2 KiB/s, ETA: 0 s
  3.6 KiB /   3.6 KiB (100 %),  36.2 KiB/s, ETA: 0 s
DONE

Output created: template.pdf

