Cloning into 'repo'...
Installing package into '/cache/r-lib-0'
(as 'lib' is unspecified)
trying URL 'https://packagemanager.posit.co/cran/latest/src/contrib/renv_1.2.4.tar.gz'
Content type 'binary/octet-stream' length 1435963 bytes (1.4 MB)
==================================================
downloaded 1.4 MB

* installing *source* package 'renv' ...
** this is package 'renv' version '1.2.4'
** package 'renv' successfully unpacked and MD5 sums checked
** using staged installation
** R
** inst
** byte-compile and prepare package for lazy loading
** help
*** installing help indices
*** copying figures
** building package indices
** installing vignettes
** testing if installed package can be loaded from temporary location
** checking absolute paths in shared objects and dynamic libraries
** testing if installed package can be loaded from final location
** testing if installed package keeps a record of temporary installation path
* DONE (renv)

The downloaded source packages are in
	'/tmp/RtmpzeaPHZ/downloaded_packages'


processing file: example.qmd
1/5                  
2/5 [unnamed-chunk-1]
3/5                  
4/5 [unnamed-chunk-2]
5/5                  
output file: example.knit.md

pandoc 
  to: html
  output-file: example.html
  standalone: true
  embed-resources: true
  section-divs: true
  html-math-method: mathjax
  wrap: none
  default-image-extension: png
  toc: true
  
metadata
  document-css: false
  link-citations: true
  lang: en
  title: Material-icons Example
  author: Shafayet Khan Shafee
  date: last-modified
  date-format: DD MMM, YYYY
  
Output created: example.html

