pandoc 

  to: html
  output-file: /home/runner/work/quarto-extensions/quarto-extensions/test-17/repo/index.html
  standalone: true
  section-divs: true
  html-math-method: mathjax
  wrap: none
  default-image-extension: png
  

metadata

  document-css: false
  link-citations: true
  date-format: long
  lang: en
  title: Pastel
  subtitle: Quarto Extension
  author:
    - name: Mickaël CANOUIL, _Ph.D._
      orcid: 0000-0002-3396-4549
      url: https://mickael.canouil.fr
  brand: _extensions/pastel/brand.yml
  theme:
    light:
      - brand
      - _extensions/pastel/pastel.scss
    dark:
      - brand
      - _extensions/pastel/pastel.scss
  

Output created: index.html


