Cloning into 'repo'...
pandoc 
  to: html
  output-file: /home/runner/work/quarto-extensions/quarto-extensions/test-22/repo/index.html
  standalone: true
  section-divs: true
  html-math-method: mathjax
  wrap: none
  default-image-extension: png
  
metadata
  document-css: false
  link-citations: true
  date-format: long
  lang: en
  title: Pastel
  subtitle: Quarto Extension
  author:
    - name: Mickaël CANOUIL, _Ph.D._
      orcid: 0000-0002-3396-4549
      url: https://mickael.canouil.fr
  brand: _extensions/pastel/brand.yml
  theme:
    light:
      - brand
      - _extensions/pastel/pastel.scss
    dark:
      - brand
      - _extensions/pastel/pastel.scss
  
Output created: index.html

[pre-render] warning: 0.1.1 is not tagged; the install commands name an unreleased version
[pre-render] _extension.yml -> _variables.yml (mcanouil/quarto-pastel@0.1.1)
[pre-render] CHANGELOG.md -> changelog.qmd

WARN: Theme file not found: /home/runner/work/quarto-extensions/quarto-extensions/test-22/repo/docs/_extensions/local/pastel/pastel.scss
WARN: Theme file not found: /home/runner/work/quarto-extensions/quarto-extensions/test-22/repo/docs/_extensions/local/pastel/pastel.scss
pandoc 
  to: html
  output-file: examples.html
  standalone: true
  title-prefix: Pastel
  section-divs: true
  html-math-method: mathjax
  wrap: none
  default-image-extension: png
  toc: true
  toc-depth: 3
  
metadata
  document-css: false
  link-citations: true
  lang: en-GB
  date-format: dddd[, the] Do [of] MMMM, YYYY
  code-copy: true
  respect-user-color-scheme: true
  theme:
    light:
      - _extensions/mcanouil/atelier/html/chrome.scss
      - brand
      - _extensions/mcanouil/atelier/html/theme.scss
      - _extensions/local/pastel/pastel.scss
      - assets/theme.scss
    dark:
      - _extensions/mcanouil/atelier/html/chrome.scss
      - brand
      - _extensions/mcanouil/atelier/html/theme.scss
      - _extensions/local/pastel/pastel.scss
      - assets/theme.scss
  anchor-sections: true
  grid:
    sidebar-width: 300px
    body-width: 1000px
    margin-width: 300px
  brand: _extensions/local/pastel/brand.yml
  extensions:
    atelier:
      site-url: https://m.canouil.dev/quarto-pastel
    gitlink:
      enabled: false
      widget:
        enabled: true
        extra-links:
          - text: Ideas / Feature Requests
            href: /discussions/categories/ideas
            icon: discussion
          - text: Q&A
            href: /discussions/categories/q-a
            icon: question
        sponsor: mcanouil
        style-navbar-tools: false
    code-window:
      style: macos
      auto-filename: false
  title: Examples
  subtitle: The palette, as the stylesheet spends it.
  description: The pastel brand in use across headings, code, callouts, tables, and quotes, on the site it themes.
  
[post-render] Removed changelog.qmd and _variables.yml

Output created: _site/examples.html

[pre-render] warning: 0.1.1 is not tagged; the install commands name an unreleased version
[pre-render] _extension.yml -> _variables.yml (mcanouil/quarto-pastel@0.1.1)
[pre-render] CHANGELOG.md -> changelog.qmd

WARN: Theme file not found: /home/runner/work/quarto-extensions/quarto-extensions/test-22/repo/docs/_extensions/local/pastel/pastel.scss
WARN: Theme file not found: /home/runner/work/quarto-extensions/quarto-extensions/test-22/repo/docs/_extensions/local/pastel/pastel.scss
pandoc 
  to: html
  output-file: reference.html
  standalone: true
  title-prefix: Pastel
  section-divs: true
  html-math-method: mathjax
  wrap: none
  default-image-extension: png
  toc: true
  toc-depth: 3
  
metadata
  document-css: false
  link-citations: true
  lang: en-GB
  date-format: dddd[, the] Do [of] MMMM, YYYY
  code-copy: true
  respect-user-color-scheme: true
  theme:
    light:
      - _extensions/mcanouil/atelier/html/chrome.scss
      - brand
      - _extensions/mcanouil/atelier/html/theme.scss
      - _extensions/local/pastel/pastel.scss
      - assets/theme.scss
    dark:
      - _extensions/mcanouil/atelier/html/chrome.scss
      - brand
      - _extensions/mcanouil/atelier/html/theme.scss
      - _extensions/local/pastel/pastel.scss
      - assets/theme.scss
  anchor-sections: true
  grid:
    sidebar-width: 300px
    body-width: 1000px
    margin-width: 300px
  brand: _extensions/local/pastel/brand.yml
  extensions:
    atelier:
      site-url: https://m.canouil.dev/quarto-pastel
    gitlink:
      enabled: false
      widget:
        enabled: true
        extra-links:
          - text: Ideas / Feature Requests
            href: /discussions/categories/ideas
            icon: discussion
          - text: Q&A
            href: /discussions/categories/q-a
            icon: question
        sponsor: mcanouil
        style-navbar-tools: false
    code-window:
      style: macos
      auto-filename: false
  title: Reference
  subtitle: The palette, and where each colour may be used.
  description: 'The complete pastel brand: the six sticks with their contrast measurements, the roles they fill, and what the stylesheet styles.'
  
[post-render] Removed changelog.qmd and _variables.yml

Output created: _site/reference.html

[pre-render] warning: 0.1.1 is not tagged; the install commands name an unreleased version
[pre-render] _extension.yml -> _variables.yml (mcanouil/quarto-pastel@0.1.1)
[pre-render] CHANGELOG.md -> changelog.qmd

WARN: Theme file not found: /home/runner/work/quarto-extensions/quarto-extensions/test-22/repo/docs/_extensions/local/pastel/pastel.scss
WARN: Theme file not found: /home/runner/work/quarto-extensions/quarto-extensions/test-22/repo/docs/_extensions/local/pastel/pastel.scss
pandoc 
  to: html
  output-file: 404.html
  standalone: true
  title-prefix: Pastel
  section-divs: true
  html-math-method: mathjax
  wrap: none
  default-image-extension: png
  toc: false
  toc-depth: 3
  
metadata
  document-css: false
  link-citations: true
  lang: en-GB
  date-format: dddd[, the] Do [of] MMMM, YYYY
  code-copy: true
  respect-user-color-scheme: true
  theme:
    light:
      - _extensions/mcanouil/atelier/html/chrome.scss
      - brand
      - _extensions/mcanouil/atelier/html/theme.scss
      - _extensions/local/pastel/pastel.scss
      - assets/theme.scss
    dark:
      - _extensions/mcanouil/atelier/html/chrome.scss
      - brand
      - _extensions/mcanouil/atelier/html/theme.scss
      - _extensions/local/pastel/pastel.scss
      - assets/theme.scss
  anchor-sections: true
  grid:
    sidebar-width: 300px
    body-width: 1000px
    margin-width: 300px
  brand: _extensions/local/pastel/brand.yml
  extensions:
    atelier:
      site-url: https://m.canouil.dev/quarto-pastel
    gitlink:
      enabled: false
      widget:
        enabled: true
        extra-links:
          - text: Ideas / Feature Requests
            href: /discussions/categories/ideas
            icon: discussion
          - text: Q&A
            href: /discussions/categories/q-a
            icon: question
        sponsor: mcanouil
        style-navbar-tools: false
    code-window:
      style: macos
      auto-filename: false
  title: Page not found
  description: That page does not exist or has moved.
  sidebar: false
  
[post-render] Removed changelog.qmd and _variables.yml

Output created: _site/404.html

[pre-render] warning: 0.1.1 is not tagged; the install commands name an unreleased version
[pre-render] _extension.yml -> _variables.yml (mcanouil/quarto-pastel@0.1.1)
[pre-render] CHANGELOG.md -> changelog.qmd

WARN: Theme file not found: /home/runner/work/quarto-extensions/quarto-extensions/test-22/repo/docs/_extensions/local/pastel/pastel.scss
WARN: Theme file not found: /home/runner/work/quarto-extensions/quarto-extensions/test-22/repo/docs/_extensions/local/pastel/pastel.scss
pandoc 
  to: html
  output-file: index.html
  standalone: true
  title-prefix: Pastel
  section-divs: true
  html-math-method: mathjax
  wrap: none
  default-image-extension: png
  toc: true
  toc-depth: 3
  
metadata
  document-css: false
  link-citations: true
  lang: en-GB
  date-format: dddd[, the] Do [of] MMMM, YYYY
  code-copy: true
  respect-user-color-scheme: true
  theme:
    light:
      - _extensions/mcanouil/atelier/html/chrome.scss
      - brand
      - _extensions/mcanouil/atelier/html/theme.scss
      - _extensions/local/pastel/pastel.scss
      - assets/theme.scss
    dark:
      - _extensions/mcanouil/atelier/html/chrome.scss
      - brand
      - _extensions/mcanouil/atelier/html/theme.scss
      - _extensions/local/pastel/pastel.scss
      - assets/theme.scss
  anchor-sections: true
  grid:
    sidebar-width: 300px
    body-width: 1000px
    margin-width: 300px
  brand: _extensions/local/pastel/brand.yml
  extensions:
    atelier:
      site-url: https://m.canouil.dev/quarto-pastel
    gitlink:
      enabled: false
      widget:
        enabled: true
        extra-links:
          - text: Ideas / Feature Requests
            href: /discussions/categories/ideas
            icon: discussion
          - text: Q&A
            href: /discussions/categories/q-a
            icon: question
        sponsor: mcanouil
        style-navbar-tools: false
    code-window:
      style: macos
      auto-filename: false
  title: Pastel
  subtitle: A chalk palette on toned stone paper.
  description: What the pastel brand gives a Quarto site, how to point a project at it, and where its colours may and may not be used.
  authors:
    - name: Mickaël CANOUIL, _Ph.D._
      orcid: 0000-0002-3396-4549
      url: https://mickael.canouil.fr
  
[post-render] Removed changelog.qmd and _variables.yml

Output created: _site/index.html

