Cloning into 'repo'...
[ 1/20] index.qmd
[ 2/20] CHANGELOG.md
[ 3/20] docs-src/stacked-venn.qmd
[ 4/20] docs-src/index.qmd
[ 5/20] docs-src/circle-flow.qmd
[ 6/20] docs-src/customization.qmd
[ 7/20] docs-src/process.qmd
[ 8/20] docs-src/pie.qmd
[ 9/20] docs-src/pyramid.qmd
[10/20] docs-src/hierarchy.qmd
[11/20] docs-src/font-awesome.qmd
[12/20] docs-src/colors.qmd
[13/20] docs-src/cycle.qmd
[14/20] docs-src/funnel.qmd
[15/20] docs-src/arrow-types.qmd
[16/20] docs-src/annotations.qmd
[17/20] docs-src/node-shapes.qmd
[18/20] docs-src/venn.qmd
[19/20] docs-src/matrix.qmd
[20/20] DESIGN.md

Output created: index.html

