[pre-render] warning: 1.0.1 is not tagged; the install commands name an unreleased version

[pre-render] _extension.yml -> _variables.yml (mcanouil/quarto-revealjs-social@1.0.1)

[pre-render] CHANGELOG.md -> changelog.qmd



pandoc 

  to: revealjs
  output-file: preview-without.html
  standalone: true
  title-prefix: RevealJS Social
  wrap: none
  default-image-extension: png
  html-math-method:
    method: mathjax
    url: >-
      https://cdn.jsdelivr.net/npm/mathjax@2.7.9/MathJax.js?config=TeX-AMS_HTML-full
  slide-level: 2
  

metadata

  link-citations: true
  width: 1050
  height: 700
  margin: 0.1
  center: false
  navigationMode: linear
  controlsLayout: edges
  controlsTutorial: false
  hash: true
  history: true
  hashOneBasedIndex: false
  fragmentInURL: false
  transition: none
  backgroundTransition: none
  pdfSeparateFragments: false
  lang: en-GB
  auto-stretch: true
  brand: _extensions/mcanouil/pastel/brand.yml
  extensions:
    atelier:
      site-url: https://m.canouil.dev/quarto-revealjs-social
    gitlink:
      enabled: false
      widget:
        enabled: true
        extra-links:
          - text: Ideas / Feature Requests
            href: /discussions/categories/ideas
            icon: discussion
          - text: Q&A
            href: /discussions/categories/q-a
            icon: question
        sponsor: mcanouil
        style-navbar-tools: false
    code-window:
      style: macos
      auto-filename: false
  title: The same deck, without the filter
  subtitle: The tags Quarto leaves out
  description: A slide deck carrying the Open Graph and Twitter card tags this extension emits.
  site-url: https://m.canouil.dev/quarto-revealjs-social/
  image: assets/social-card.png
  image-alt: The title slide of this deck.
  open-graph:
    image-width: 1200
    image-height: 630
    site-name: Quarto Extensions
  twitter-card:
    creator: '@mcanouil'
  theme: default
  slideNumber: true
  

[post-render] Removed changelog.qmd and _variables.yml



Output created: _site/preview-without.html


