Cloning into 'repo'...
pandoc 
  to: html
  output-file: example.html
  standalone: true
  section-divs: true
  html-math-method: mathjax
  wrap: none
  default-image-extension: png
  
metadata
  document-css: false
  link-citations: true
  date-format: long
  lang: en
  title: TikZ Example
  tikz:
    cache: false
    save-tex: true
    tex-dir: tikz-tex
  
(E) tikz: could not render figure 'stick-figure', leaving the block unrendered.
inkscape not found. Install it (it is the configured SVG converter), or set tikz.svg-engine / tikz.svg-command to one you do have.
(E) tikz: could not render figure 'my-fancy-diagram', leaving the block unrendered.
inkscape not found. Install it (it is the configured SVG converter), or set tikz.svg-engine / tikz.svg-command to one you do have.
(E) tikz: could not render figure 'acb97f704cc55fa5d0928015122705e3926e2954', leaving the block unrendered.
inkscape not found. Install it (it is the configured SVG converter), or set tikz.svg-engine / tikz.svg-command to one you do have.
(E) tikz: could not render figure '2116cda2a71248c302ed240e62e5b23aa163b8a7', leaving the block unrendered.
inkscape not found. Install it (it is the configured SVG converter), or set tikz.svg-engine / tikz.svg-command to one you do have.
Output created: example.html

