Cloning into 'repo'...
Installing package into '/cache/r-lib-0'
(as 'lib' is unspecified)
trying URL 'https://packagemanager.posit.co/cran/latest/src/contrib/renv_1.2.4.tar.gz'
Content type 'binary/octet-stream' length 1435963 bytes (1.4 MB)
==================================================
downloaded 1.4 MB

* installing *source* package 'renv' ...
** this is package 'renv' version '1.2.4'
** package 'renv' successfully unpacked and MD5 sums checked
** using staged installation
** R
** inst
** byte-compile and prepare package for lazy loading
** help
*** installing help indices
*** copying figures
** building package indices
** installing vignettes
** testing if installed package can be loaded from temporary location
** checking absolute paths in shared objects and dynamic libraries
** testing if installed package can be loaded from final location
** testing if installed package keeps a record of temporary installation path
* DONE (renv)

The downloaded source packages are in
	'/tmp/Rtmp1aq6KZ/downloaded_packages'
Warning message:
In yaml::yaml.load(string = text, eval.expr = FALSE, handlers = list(r = function(yaml) { :
  NAs introduced by coercion: . is not a real
Running script './copy_extension.sh'
> closeread extension retrieved

[ 1/18] gallery/examples/minards-map/index.qmd
[ 2/18] gallery/examples/auden-poem/index.qmd
[ 3/18] gallery/index.qmd
[ 4/18] gallery/demos/highlighting/index.qmd


processing file: index.qmd
1/3                  
2/3 [unnamed-chunk-1]
3/3                  
output file: index.knit.md

[ 5/18] gallery/demos/build-up-plots/index.qmd


processing file: index.qmd
1/11                  
2/11 [setup]          
3/11                  
4/11 [original-plot]  
5/11                  
6/11 [blank-plot]     
7/11                  
8/11 [no-species-plot]
9/11                  
10/11 [species-plot]   
11/11                  
output file: index.knit.md

[ 6/18] gallery/demos/ojs-variables/index.qmd
[ 7/18] gallery/demos/zooming/index.qmd
[ 8/18] reference/index.qmd
[ 9/18] tests/index.qmd
[10/18] tests/sticky-block-types/index.qmd


processing file: index.qmd
1/9                  
2/9 [unnamed-chunk-1]
3/9                  
4/9 [unnamed-chunk-2]
5/9                  
6/9 [unnamed-chunk-3]
7/9                  
8/9 [unnamed-chunk-4]
9/9                  
output file: index.knit.md

[11/18] tests/figure-environments/index.qmd
[12/18] index.qmd
[13/18] guide/components.qmd
[14/18] guide/styling.qmd
[15/18] guide/layouts.qmd
[16/18] guide/index.qmd
[17/18] guide/interactive-graphics.qmd
[18/18] guide/focus-effects.qmd

Output created: _site/index.html

