Cloning into 'repo'...


processing file: README.qmd
1/3                  
2/3 [unnamed-chunk-1]
Error in `quarto_render()`:
! Error running quarto CLI from R.
Caused by error:
! Could not evaluate cli `{}` expression: `orcidlink`.
Caused by error:
! object 'orcidlink' not found
Backtrace:
     x
  1. +-quarto::quarto_render(input = "template.qmd")
  2. | \-quarto:::quarto_run(args, echo = TRUE, quarto_bin = quarto_bin)
  3. |   +-base::withCallingHandlers(...)
  4. |   \-processx::run(...)
  5. |     \-throw(...)
  6. |       \-base::signalCondition(cond)
  7. +-quarto (local) `<fn>`(`<systm___>`)
  8. | \-quarto:::wrap_quarto_error(e, args, .call = .call)
  9. |   \-cli::cli_abort(msg, call = .call, parent = cnd, )
 10. |     \-cli:::vcapply(message, format_inline, .envir = .envir)
 11. |       \-base::vapply(X, FUN, FUN.VALUE = character(1), ..., USE.NAMES = USE.NAMES)
 12. |         \-cli (local) FUN(X[[i]], ...)
 13. |           +-cli::cli_fmt(...)
 14. |           | \-cli:::cli__rec(expr)
 15. |           \-cli (local) fun(..., .envir = .envir)
 16. |             +-cli:::cli__message(...)
 17. |             | \-"id" %in% names(args)
 18. |             \-cli:::glue_cmd(..., .envir = .envir, .call = sys.call(), .trim = FALSE)
 19. |               \-cli:::glue(...)
 20. +-cli (local) `<fn>`("orcidlink")
 21. | +-.transformer(expr, .envir) %||% character()
 22. | \-cli (local) .transformer(expr, .envir)
 23. |   +-eval(expr, envir = envir) %??% ...
 24. |   | \-chain_error(expr, err, srcref = utils::getSrcref(sys.call()))
 25. |   |   \-base::withCallingHandlers(...)
 26. |   \-base::eval(expr, envir = envir)
 27. |     \-base::eval(expr, envir = envir)
 28. +-base::.handleSimpleError(...)
 29. | \-h(simpleError(msg, call))
 30. |   \-throw_error(err, parent = e)
 31. |     \-base::signalCondition(cond)
 32. \-quarto (local) `<fn>`(`<rlb__3_0>`)
 33.   \-cli::cli_abort(...)
 34.     \-rlang::abort(...)

Quitting from README.qmd:7-23 [unnamed-chunk-1]
Execution halted
WARN: Error encountered when rendering files
Render failed, retrying once...


processing file: README.qmd
1/3                  
2/3 [unnamed-chunk-1]
Error in `loadNamespace()`:
! there is no package called 'pdftools'
Backtrace:
     x
  1. +-magick::image_write(...)
  2. | \-magick:::assert_image(image)
  3. +-magick::image_convert(...)
  4. | \-magick:::assert_image(image)
  5. +-magick::image_montage(...)
  6. | \-magick:::assert_image(image)
  7. +-magick::image_read_pdf("template.pdf")
  8. \-base::loadNamespace(x)
  9.   \-base::withRestarts(stop(cond), retry_loadNamespace = function() NULL)
 10.     \-base (local) withOneRestart(expr, restarts[[1L]])
 11.       \-base (local) doWithOneRestart(return(expr), restart)

Quitting from README.qmd:7-23 [unnamed-chunk-1]
Execution halted
WARN: Error encountered when rendering files
