Cloning into 'repo'...
Installing package into '/cache/r-lib-0'
(as 'lib' is unspecified)
Warning: unable to access index for repository https://packagemanager.posit.co/cran/latest/src/contrib:
  cannot open URL 'https://packagemanager.posit.co/cran/latest/src/contrib/PACKAGES'
Warning message:
package 'renv' is not available for this version of R

A version of this package for your version of R might be available elsewhere,
see the ideas at
https://cran.r-project.org/doc/manuals/r-patched/R-admin.html#Installing-packages 
Error in loadNamespace(x) : there is no package called 'renv'
Calls: unique ... loadNamespace -> withRestarts -> withOneRestart -> doWithOneRestart
Execution halted
Auto-detect R dependency install failed for mcanouil/quarto-language-cell-decorator.
Dependency install failed (exit 1) for mcanouil/quarto-language-cell-decorator; retrying once.
Installing package into '/cache/r-lib-0'
(as 'lib' is unspecified)
Warning: unable to access index for repository https://packagemanager.posit.co/cran/latest/src/contrib:
  cannot open URL 'https://packagemanager.posit.co/cran/latest/src/contrib/PACKAGES'
Warning message:
package 'renv' is not available for this version of R

A version of this package for your version of R might be available elsewhere,
see the ideas at
https://cran.r-project.org/doc/manuals/r-patched/R-admin.html#Installing-packages 
Error in loadNamespace(x) : there is no package called 'renv'
Calls: unique ... loadNamespace -> withRestarts -> withOneRestart -> doWithOneRestart
Execution halted
Auto-detect R dependency install failed for mcanouil/quarto-language-cell-decorator.
Dependency install failed (exit 1) for mcanouil/quarto-language-cell-decorator.
