Cloning into 'repo'...
[1/3] CHANGELOG.md
Error running filter '/opt/quarto/share/filters/main.lua':
Cannot get Attr from TypeNil
stack traceback:
	/opt/quarto/share/filters/main.lua:21806: in function </opt/quarto/share/filters/main.lua:21774>
	[C]: in function 'lpeg.match'
	/opt/quarto/share/pandoc/datadir/lpegshortcode.lua:308: in function 'lpegshortcode.wrap_lpeg_match'
	/opt/quarto/share/filters/main.lua:21810: in upvalue 'apply_code_shortcode'
	/opt/quarto/share/filters/main.lua:21847: in function </opt/quarto/share/filters/main.lua:21834>
	[C]: in ?
	[C]: in method 'walk'
	/opt/quarto/share/pandoc/datadir/_utils.lua:607: in function '_utils.walk'
	/opt/quarto/share/filters/main.lua:575: in function </opt/quarto/share/filters/main.lua:553>
	(...tail calls...)
	/opt/quarto/share/filters/main.lua:21863: in field 'Pandoc'
	/opt/quarto/share/filters/main.lua:589: in function 'run_emulated_filter'
	/opt/quarto/share/filters/main.lua:1318: in local 'callback'
	/opt/quarto/share/filters/main.lua:1336: in upvalue 'run_emulated_filter_chain'
	/opt/quarto/share/filters/main.lua:1372: in function </opt/quarto/share/filters/main.lua:1369>
stack traceback:
	/opt/quarto/share/pandoc/datadir/_utils.lua:607: in function '_utils.walk'
	/opt/quarto/share/filters/main.lua:575: in function </opt/quarto/share/filters/main.lua:553>
	(...tail calls...)
	/opt/quarto/share/filters/main.lua:21863: in field 'Pandoc'
	/opt/quarto/share/filters/main.lua:589: in function 'run_emulated_filter'
	/opt/quarto/share/filters/main.lua:1318: in local 'callback'
	/opt/quarto/share/filters/main.lua:1336: in upvalue 'run_emulated_filter_chain'
	/opt/quarto/share/filters/main.lua:1372: in function </opt/quarto/share/filters/main.lua:1369>
WARN: Error encountered when rendering files
Render failed, retrying once...
[1/3] CHANGELOG.md
Error running filter '/opt/quarto/share/filters/main.lua':
Cannot get Attr from TypeNil
stack traceback:
	/opt/quarto/share/filters/main.lua:21806: in function </opt/quarto/share/filters/main.lua:21774>
	[C]: in function 'lpeg.match'
	/opt/quarto/share/pandoc/datadir/lpegshortcode.lua:308: in function 'lpegshortcode.wrap_lpeg_match'
	/opt/quarto/share/filters/main.lua:21810: in upvalue 'apply_code_shortcode'
	/opt/quarto/share/filters/main.lua:21847: in function </opt/quarto/share/filters/main.lua:21834>
	[C]: in ?
	[C]: in method 'walk'
	/opt/quarto/share/pandoc/datadir/_utils.lua:607: in function '_utils.walk'
	/opt/quarto/share/filters/main.lua:575: in function </opt/quarto/share/filters/main.lua:553>
	(...tail calls...)
	/opt/quarto/share/filters/main.lua:21863: in field 'Pandoc'
	/opt/quarto/share/filters/main.lua:589: in function 'run_emulated_filter'
	/opt/quarto/share/filters/main.lua:1318: in local 'callback'
	/opt/quarto/share/filters/main.lua:1336: in upvalue 'run_emulated_filter_chain'
	/opt/quarto/share/filters/main.lua:1372: in function </opt/quarto/share/filters/main.lua:1369>
stack traceback:
	/opt/quarto/share/pandoc/datadir/_utils.lua:607: in function '_utils.walk'
	/opt/quarto/share/filters/main.lua:575: in function </opt/quarto/share/filters/main.lua:553>
	(...tail calls...)
	/opt/quarto/share/filters/main.lua:21863: in field 'Pandoc'
	/opt/quarto/share/filters/main.lua:589: in function 'run_emulated_filter'
	/opt/quarto/share/filters/main.lua:1318: in local 'callback'
	/opt/quarto/share/filters/main.lua:1336: in upvalue 'run_emulated_filter_chain'
	/opt/quarto/share/filters/main.lua:1372: in function </opt/quarto/share/filters/main.lua:1369>
WARN: Error encountered when rendering files
