Cloning into 'repo'...
Installing package into '/cache/r-lib-0'
(as 'lib' is unspecified)
trying URL 'https://packagemanager.posit.co/cran/latest/src/contrib/renv_1.2.4.tar.gz'
Content type 'binary/octet-stream' length 1435963 bytes (1.4 MB)
==================================================
downloaded 1.4 MB

* installing *source* package 'renv' ...
** this is package 'renv' version '1.2.4'
** package 'renv' successfully unpacked and MD5 sums checked
** using staged installation
** R
** inst
** byte-compile and prepare package for lazy loading
** help
*** installing help indices
*** copying figures
** building package indices
** installing vignettes
** testing if installed package can be loaded from temporary location
** checking absolute paths in shared objects and dynamic libraries
** testing if installed package can be loaded from final location
** testing if installed package keeps a record of temporary installation path
* DONE (renv)

The downloaded source packages are in
	'/tmp/RtmpFXSJi1/downloaded_packages'
Installing packages into '/cache/r-lib-0'
(as 'lib' is unspecified)
also installing the dependency 'later'

trying URL 'https://packagemanager.posit.co/cran/latest/src/contrib/later_1.4.8.tar.gz'
trying URL 'https://packagemanager.posit.co/cran/latest/src/contrib/quarto_1.5.1.tar.gz'
trying URL 'https://packagemanager.posit.co/cran/latest/src/contrib/tinytable_0.17.0.tar.gz'
* installing *source* package 'later' ...
** this is package 'later' version '1.4.8'
** package 'later' successfully unpacked and MD5 sums checked
** using staged installation
** libs
using C compiler: 'gcc (Ubuntu 13.3.0-6ubuntu2~24.04.1) 13.3.0'
using C++ compiler: 'g++ (Ubuntu 13.3.0-6ubuntu2~24.04.1) 13.3.0'
installing to /cache/r-lib-0/00LOCK-later/00new/later/libs
** R
** inst
** byte-compile and prepare package for lazy loading
** help
*** installing help indices
** building package indices
** installing vignettes
** testing if installed package can be loaded from temporary location
** checking absolute paths in shared objects and dynamic libraries
** testing if installed package can be loaded from final location
** testing if installed package keeps a record of temporary installation path
* DONE (later)
* installing *source* package 'tinytable' ...
** this is package 'tinytable' version '0.17.0'
** package 'tinytable' successfully unpacked and MD5 sums checked
** using staged installation
** R
** inst
** byte-compile and prepare package for lazy loading
** help
*** installing help indices
*** copying figures
** building package indices
** testing if installed package can be loaded from temporary location
** testing if installed package can be loaded from final location
** testing if installed package keeps a record of temporary installation path
* DONE (tinytable)
* installing *source* package 'quarto' ...
** this is package 'quarto' version '1.5.1'
** package 'quarto' successfully unpacked and MD5 sums checked
** using staged installation
** R
** inst
** byte-compile and prepare package for lazy loading
** help
*** installing help indices
*** copying figures
** building package indices
** installing vignettes
** testing if installed package can be loaded from temporary location
** testing if installed package can be loaded from final location
** testing if installed package keeps a record of temporary installation path
* DONE (quarto)

The downloaded source packages are in
	'/tmp/RtmpFXSJi1/downloaded_packages'
[1/2] shifu-custom.qmd


processing file: shifu-custom.qmd
1/5           
2/5 [tbl-cars]
3/5           
4/5 [fig-cars]
5/5           
output file: shifu-custom.knit.md

[typst]: Compiling shifu-custom.typ to shifu-custom.pdf...DONE

[2/2] shifu-default.qmd


processing file: shifu-default.qmd
1/5           
2/5 [tbl-cars]
3/5           
4/5 [fig-cars]
5/5           
output file: shifu-default.knit.md

[typst]: Compiling shifu-default.typ to shifu-default.pdf...DONE


Output created: pdf-examples/shifu-default.pdf

