Cloning into 'repo'...
pandoc 
  to: html
  output-file: /home/runner/work/quarto-extensions/quarto-extensions/test-1/repo/index.html
  standalone: true
  section-divs: true
  html-math-method: mathjax
  wrap: none
  default-image-extension: png
  toc: true
  reference-location: margin
  
metadata
  document-css: false
  link-citations: true
  date-format: long
  lang: en
  title: Iconify Quarto Extension
  subtitle: Quarto Extension
  author:
    - name: Mickaël CANOUIL, _Ph.D._
      orcid: 0000-0002-3396-4549
      url: https://mickael.canouil.fr
  extensions:
    iconify:
      style: 'color: #b22222;'
  
Output created: index.html

pandoc 
  to: typst
  output-file: example.typ
  standalone: true
  shift-heading-level-by: -1
  default-image-extension: svg
  wrap: none
  citeproc: false
  
metadata
  title: Iconify Quarto Extension
  subtitle: Quarto Extension
  author:
    - name: Mickaël CANOUIL, _Ph.D._
      orcid: 0000-0002-3396-4549
      url: https://mickael.canouil.fr
  extensions:
    iconify:
      style: 'color: #b22222;'
  papersize: a4
  margin:
    x: 2.5cm
    'y': 2.5cm
  
(W) [iconify] Could not retrieve icon "fluent-emoji:no-such-icon-9999" for Typst output; using fallback.
(W) [iconify] Could not retrieve icon "fluent-emoji:also-missing" for Typst output; using fallback.
[typst]: Compiling example.typ to example.pdf...DONE

Output created: iconify-typst.pdf

[pre-render] _extension.yml -> _variables.yml (mcanouil/quarto-iconify@4.1.2)
[pre-render] CHANGELOG.md -> changelog.qmd

pandoc 
  to: html
  output-file: 404.html
  standalone: true
  title-prefix: Iconify
  section-divs: true
  html-math-method: mathjax
  wrap: none
  default-image-extension: png
  toc: false
  toc-depth: 3
  
metadata
  document-css: false
  link-citations: true
  lang: en-GB
  date-format: dddd[, the] Do [of] MMMM, YYYY
  code-copy: true
  respect-user-color-scheme: true
  theme:
    light:
      - _extensions/mcanouil/atelier/html/chrome.scss
      - brand
      - _extensions/mcanouil/atelier/html/theme.scss
      - _extensions/mcanouil/pastel/pastel.scss
      - assets/theme.scss
    dark:
      - _extensions/mcanouil/atelier/html/chrome.scss
      - brand
      - _extensions/mcanouil/atelier/html/theme.scss
      - _extensions/mcanouil/pastel/pastel.scss
      - assets/theme.scss
  anchor-sections: true
  grid:
    sidebar-width: 300px
    body-width: 1000px
    margin-width: 300px
  brand: _extensions/mcanouil/pastel/brand.yml
  extensions:
    atelier:
      site-url: https://m.canouil.dev/quarto-iconify
    gitlink:
      enabled: false
      widget:
        enabled: true
        extra-links:
          - text: Ideas / Feature Requests
            href: /discussions/categories/ideas
            icon: discussion
          - text: Q&A
            href: /discussions/categories/q-a
            icon: question
        sponsor: mcanouil
        style-navbar-tools: false
    code-window:
      style: macos
      auto-filename: false
    iconify:
      set: octicon
  title: Page not found
  description: That page does not exist or has moved.
  sidebar: false
  
[33mWARNING (/opt/quarto/share/filters/main.lua:21983) Shortcode 'iconify' not found
[39m[33mWARNING (/opt/quarto/share/filters/main.lua:21983) Shortcode 'iconify' not found
[39m[post-render] Removed changelog.qmd and _variables.yml

Output created: _site/404.html

[pre-render] _extension.yml -> _variables.yml (mcanouil/quarto-iconify@4.1.2)
[pre-render] CHANGELOG.md -> changelog.qmd

pandoc 
  to: html
  output-file: reference.html
  standalone: true
  title-prefix: Iconify
  section-divs: true
  html-math-method: mathjax
  wrap: none
  default-image-extension: png
  toc: true
  toc-depth: 3
  
metadata
  document-css: false
  link-citations: true
  lang: en-GB
  date-format: dddd[, the] Do [of] MMMM, YYYY
  code-copy: true
  respect-user-color-scheme: true
  theme:
    light:
      - _extensions/mcanouil/atelier/html/chrome.scss
      - brand
      - _extensions/mcanouil/atelier/html/theme.scss
      - _extensions/mcanouil/pastel/pastel.scss
      - assets/theme.scss
    dark:
      - _extensions/mcanouil/atelier/html/chrome.scss
      - brand
      - _extensions/mcanouil/atelier/html/theme.scss
      - _extensions/mcanouil/pastel/pastel.scss
      - assets/theme.scss
  anchor-sections: true
  grid:
    sidebar-width: 300px
    body-width: 1000px
    margin-width: 300px
  brand: _extensions/mcanouil/pastel/brand.yml
  extensions:
    atelier:
      site-url: https://m.canouil.dev/quarto-iconify
    gitlink:
      enabled: false
      widget:
        enabled: true
        extra-links:
          - text: Ideas / Feature Requests
            href: /discussions/categories/ideas
            icon: discussion
          - text: Q&A
            href: /discussions/categories/q-a
            icon: question
        sponsor: mcanouil
        style-navbar-tools: false
    code-window:
      style: macos
      auto-filename: false
    iconify:
      set: octicon
  title: Reference
  subtitle: Every option the iconify extension accepts.
  description: 'The complete iconify configuration: the shortcode syntax, every attribute, document defaults, offline preloading, and the Typst SVG cache.'
  
[33mWARNING (/opt/quarto/share/filters/main.lua:21983) Shortcode 'quarto' not found
[39m[33mWARNING (/opt/quarto/share/filters/main.lua:21983) Shortcode 'iconify' not found
[39m[33mWARNING (/opt/quarto/share/filters/main.lua:21983) Shortcode 'iconify' not found
[39m[post-render] Removed changelog.qmd and _variables.yml

Output created: _site/reference.html

[pre-render] _extension.yml -> _variables.yml (mcanouil/quarto-iconify@4.1.2)
[pre-render] CHANGELOG.md -> changelog.qmd

pandoc 
  to: html
  output-file: index.html
  standalone: true
  title-prefix: Iconify
  section-divs: true
  html-math-method: mathjax
  wrap: none
  default-image-extension: png
  toc: true
  toc-depth: 3
  
metadata
  document-css: false
  link-citations: true
  lang: en-GB
  date-format: dddd[, the] Do [of] MMMM, YYYY
  code-copy: true
  respect-user-color-scheme: true
  theme:
    light:
      - _extensions/mcanouil/atelier/html/chrome.scss
      - brand
      - _extensions/mcanouil/atelier/html/theme.scss
      - _extensions/mcanouil/pastel/pastel.scss
      - assets/theme.scss
    dark:
      - _extensions/mcanouil/atelier/html/chrome.scss
      - brand
      - _extensions/mcanouil/atelier/html/theme.scss
      - _extensions/mcanouil/pastel/pastel.scss
      - assets/theme.scss
  anchor-sections: true
  grid:
    sidebar-width: 300px
    body-width: 1000px
    margin-width: 300px
  brand: _extensions/mcanouil/pastel/brand.yml
  extensions:
    atelier:
      site-url: https://m.canouil.dev/quarto-iconify
    gitlink:
      enabled: false
      widget:
        enabled: true
        extra-links:
          - text: Ideas / Feature Requests
            href: /discussions/categories/ideas
            icon: discussion
          - text: Q&A
            href: /discussions/categories/q-a
            icon: question
        sponsor: mcanouil
        style-navbar-tools: false
    code-window:
      style: macos
      auto-filename: false
    iconify:
      set: octicon
  title: Iconify
  subtitle: Two hundred thousand icons, as a shortcode.
  description: What the iconify extension does, how to install it, and the smallest shortcode that draws an icon.
  authors:
    - name: Mickaël CANOUIL, _Ph.D._
      orcid: 0000-0002-3396-4549
      url: https://mickael.canouil.fr
  
[33mWARNING (/opt/quarto/share/filters/main.lua:21983) Shortcode 'iconify' not found
[39m[33mWARNING (/opt/quarto/share/filters/main.lua:21983) Shortcode 'iconify' not found
[39m[33mWARNING (/opt/quarto/share/filters/main.lua:21983) Shortcode 'iconify' not found
[39m[33mWARNING (/opt/quarto/share/filters/main.lua:21983) Shortcode 'iconify' not found
[39m[33mWARNING (/opt/quarto/share/filters/main.lua:21983) Shortcode 'iconify' not found
[39m[33mWARNING (/opt/quarto/share/filters/main.lua:21983) Shortcode 'iconify' not found
[39m[post-render] Removed changelog.qmd and _variables.yml

Output created: _site/index.html

[pre-render] _extension.yml -> _variables.yml (mcanouil/quarto-iconify@4.1.2)
[pre-render] CHANGELOG.md -> changelog.qmd

pandoc 
  to: html
  output-file: examples.html
  standalone: true
  title-prefix: Iconify
  section-divs: true
  html-math-method: mathjax
  wrap: none
  default-image-extension: png
  toc: true
  toc-depth: 3
  
metadata
  document-css: false
  link-citations: true
  lang: en-GB
  date-format: dddd[, the] Do [of] MMMM, YYYY
  code-copy: true
  respect-user-color-scheme: true
  theme:
    light:
      - _extensions/mcanouil/atelier/html/chrome.scss
      - brand
      - _extensions/mcanouil/atelier/html/theme.scss
      - _extensions/mcanouil/pastel/pastel.scss
      - assets/theme.scss
    dark:
      - _extensions/mcanouil/atelier/html/chrome.scss
      - brand
      - _extensions/mcanouil/atelier/html/theme.scss
      - _extensions/mcanouil/pastel/pastel.scss
      - assets/theme.scss
  anchor-sections: true
  grid:
    sidebar-width: 300px
    body-width: 1000px
    margin-width: 300px
  brand: _extensions/mcanouil/pastel/brand.yml
  extensions:
    atelier:
      site-url: https://m.canouil.dev/quarto-iconify
    gitlink:
      enabled: false
      widget:
        enabled: true
        extra-links:
          - text: Ideas / Feature Requests
            href: /discussions/categories/ideas
            icon: discussion
          - text: Q&A
            href: /discussions/categories/q-a
            icon: question
        sponsor: mcanouil
        style-navbar-tools: false
    code-window:
      style: macos
      auto-filename: false
    iconify:
      set: octicon
  title: Examples
  subtitle: Icons, and the attributes that shape them.
  description: Iconify icons drawn by the extension, one section per attribute, with the shortcode alongside each.
  
[33mWARNING (/opt/quarto/share/filters/main.lua:22019) Shortcode 'iconify' not found
[39m[33mWARNING (/opt/quarto/share/filters/main.lua:22019) Shortcode 'iconify' not found
[39m[33mWARNING (/opt/quarto/share/filters/main.lua:22019) Shortcode 'iconify' not found
[39m[33mWARNING (/opt/quarto/share/filters/main.lua:22019) Shortcode 'iconify' not found
[39m[33mWARNING (/opt/quarto/share/filters/main.lua:22019) Shortcode 'iconify' not found
[39m[33mWARNING (/opt/quarto/share/filters/main.lua:22019) Shortcode 'iconify' not found
[39m[33mWARNING (/opt/quarto/share/filters/main.lua:22019) Shortcode 'iconify' not found
[39m[33mWARNING (/opt/quarto/share/filters/main.lua:22019) Shortcode 'iconify' not found
[39m[33mWARNING (/opt/quarto/share/filters/main.lua:22019) Shortcode 'iconify' not found
[39m[33mWARNING (/opt/quarto/share/filters/main.lua:22019) Shortcode 'iconify' not found
[39m[33mWARNING (/opt/quarto/share/filters/main.lua:22019) Shortcode 'iconify' not found
[39m[33mWARNING (/opt/quarto/share/filters/main.lua:22019) Shortcode 'iconify' not found
[39m[33mWARNING (/opt/quarto/share/filters/main.lua:22019) Shortcode 'quarto' not found
[39m[33mWARNING (/opt/quarto/share/filters/main.lua:22019) Shortcode 'quarto' not found
[39m[33mWARNING (/opt/quarto/share/filters/main.lua:21983) Shortcode 'iconify' not found
[39m[33mWARNING (/opt/quarto/share/filters/main.lua:21983) Shortcode 'iconify' not found
[39m[33mWARNING (/opt/quarto/share/filters/main.lua:21983) Shortcode 'iconify' not found
[39m[33mWARNING (/opt/quarto/share/filters/main.lua:21983) Shortcode 'iconify' not found
[39m[33mWARNING (/opt/quarto/share/filters/main.lua:21983) Shortcode 'iconify' not found
[39m[post-render] Removed changelog.qmd and _variables.yml

Output created: _site/examples.html

