pandoc 

  to: typst
  output-file: aqua.typ
  standalone: true
  default-image-extension: svg
  wrap: none
  citeproc: false
  

metadata

  theme: aqua
  aspect-ratio: 16-9
  title: aqua
  subtitle: A Touying theme for Quarto
  author:
    - name: Your Name
      orcid: 0000-0002-1825-0097
      email: you@example.org
      affiliations: Your Institution
  date: today
  date-format: long
  

[typst]: Compiling aqua.typ to aqua.pdf...
downloading @preview/touying:0.7.4

  0 B / 109.5 KiB (  0 %),   1.1 MiB/s, ETA: 0 s

109.5 KiB / 109.5 KiB (100 %),   1.1 MiB/s, ETA: 0 s

downloading @preview/uniwarn:0.1.1

  0 B /   3.6 KiB (  0 %),  36.2 KiB/s, ETA: 0 s

  3.6 KiB /   3.6 KiB (100 %),  36.2 KiB/s, ETA: 0 s

DONE


Output created: ../_site/gallery/aqua.pdf


