pandoc 

  to: typst
  output-file: default.typ
  standalone: true
  default-image-extension: svg
  wrap: none
  citeproc: false
  

metadata

  theme: default
  aspect-ratio: 16-9
  title: default
  subtitle: A Touying theme for Quarto
  author:
    - name: Your Name
      orcid: 0000-0002-1825-0097
      email: you@example.org
      affiliations: Your Institution
  date: today
  date-format: long
  

[typst]: Compiling default.typ to default.pdf...
DONE


Output created: ../_site/gallery/default.pdf


