Cloning into 'repo'...
Installing package into '/cache/r-lib-1'
(as 'lib' is unspecified)
trying URL 'https://packagemanager.posit.co/cran/latest/src/contrib/renv_1.2.3.tar.gz'
Content type 'binary/octet-stream' length 1375285 bytes (1.3 MB)
==================================================
downloaded 1.3 MB

* installing *source* package 'renv' ...
** this is package 'renv' version '1.2.3'
** package 'renv' successfully unpacked and MD5 sums checked
** using staged installation
** R
** inst
** byte-compile and prepare package for lazy loading
** help
*** installing help indices
*** copying figures
** building package indices
** installing vignettes
** testing if installed package can be loaded from temporary location
** checking absolute paths in shared objects and dynamic libraries
** testing if installed package can be loaded from final location
** testing if installed package keeps a record of temporary installation path
* DONE (renv)

The downloaded source packages are in
	'/tmp/Rtmpmqb9Cs/downloaded_packages'
Installing packages into '/cache/r-lib-1'
(as 'lib' is unspecified)
also installing the dependencies 'bayestestR', 'datawizard', 'checkmate', 'insight', 'parameters', 'performance', 'tables', 'sysfonts', 'showtextdb'

trying URL 'https://packagemanager.posit.co/cran/latest/src/contrib/bayestestR_0.18.1.tar.gz'
trying URL 'https://packagemanager.posit.co/cran/latest/src/contrib/datawizard_1.3.1.tar.gz'
trying URL 'https://packagemanager.posit.co/cran/latest/src/contrib/checkmate_2.3.4.tar.gz'
trying URL 'https://packagemanager.posit.co/cran/latest/src/contrib/insight_1.5.2.tar.gz'
trying URL 'https://packagemanager.posit.co/cran/latest/src/contrib/parameters_0.29.2.tar.gz'
trying URL 'https://packagemanager.posit.co/cran/latest/src/contrib/performance_0.17.1.tar.gz'
trying URL 'https://packagemanager.posit.co/cran/latest/src/contrib/tables_0.9.35.tar.gz'
trying URL 'https://packagemanager.posit.co/cran/latest/src/contrib/sysfonts_0.8.9.tar.gz'
trying URL 'https://packagemanager.posit.co/cran/latest/src/contrib/showtextdb_3.0.tar.gz'
trying URL 'https://packagemanager.posit.co/cran/latest/src/contrib/modelsummary_2.6.0.tar.gz'
trying URL 'https://packagemanager.posit.co/cran/latest/src/contrib/showtext_0.9-8.tar.gz'
trying URL 'https://packagemanager.posit.co/cran/latest/src/contrib/tinytable_0.17.0.tar.gz'
* installing *source* package 'checkmate' ...
** this is package 'checkmate' version '2.3.4'
** package 'checkmate' successfully unpacked and MD5 sums checked
** using staged installation
** libs
using C compiler: 'gcc (Ubuntu 13.3.0-6ubuntu2~24.04.1) 13.3.0'
installing to /cache/r-lib-1/00LOCK-checkmate/00new/checkmate/libs
** R
** inst
** byte-compile and prepare package for lazy loading
** help
*** installing help indices
** building package indices
** installing vignettes
** testing if installed package can be loaded from temporary location
** checking absolute paths in shared objects and dynamic libraries
** testing if installed package can be loaded from final location
** testing if installed package keeps a record of temporary installation path
* DONE (checkmate)
* installing *source* package 'insight' ...
** this is package 'insight' version '1.5.2'
** package 'insight' successfully unpacked and MD5 sums checked
** using staged installation
** R
** data
** inst
** byte-compile and prepare package for lazy loading
** help
*** installing help indices
*** copying figures
** building package indices
** installing vignettes
** testing if installed package can be loaded from temporary location
** testing if installed package can be loaded from final location
** testing if installed package keeps a record of temporary installation path
* DONE (insight)
* installing *source* package 'tables' ...
** this is package 'tables' version '0.9.35'
** package 'tables' successfully unpacked and MD5 sums checked
** using staged installation
** R
** inst
** byte-compile and prepare package for lazy loading
** help
*** installing help indices
** building package indices
** installing vignettes
** testing if installed package can be loaded from temporary location
** testing if installed package can be loaded from final location
** testing if installed package keeps a record of temporary installation path
* DONE (tables)
* installing *source* package 'sysfonts' ...
** this is package 'sysfonts' version '0.8.9'
** package 'sysfonts' successfully unpacked and MD5 sums checked
** using staged installation
** libs
using C compiler: 'gcc (Ubuntu 13.3.0-6ubuntu2~24.04.1) 13.3.0'
installing to /cache/r-lib-1/00LOCK-sysfonts/00new/sysfonts/libs
** R
** inst
** byte-compile and prepare package for lazy loading
** help
*** installing help indices
** building package indices
** testing if installed package can be loaded from temporary location
** checking absolute paths in shared objects and dynamic libraries
** testing if installed package can be loaded from final location
** testing if installed package keeps a record of temporary installation path
* DONE (sysfonts)
* installing *source* package 'tinytable' ...
** this is package 'tinytable' version '0.17.0'
** package 'tinytable' successfully unpacked and MD5 sums checked
** using staged installation
** R
** inst
** byte-compile and prepare package for lazy loading
** help
*** installing help indices
*** copying figures
** building package indices
** testing if installed package can be loaded from temporary location
** testing if installed package can be loaded from final location
** testing if installed package keeps a record of temporary installation path
* DONE (tinytable)
* installing *source* package 'datawizard' ...
** this is package 'datawizard' version '1.3.1'
** package 'datawizard' successfully unpacked and MD5 sums checked
** using staged installation
** R
** data
** inst
** byte-compile and prepare package for lazy loading
** help
*** installing help indices
*** copying figures
** building package indices
** installing vignettes
** testing if installed package can be loaded from temporary location
** testing if installed package can be loaded from final location
** testing if installed package keeps a record of temporary installation path
* DONE (datawizard)
* installing *source* package 'showtextdb' ...
** this is package 'showtextdb' version '3.0'
** package 'showtextdb' successfully unpacked and MD5 sums checked
** using staged installation
** R
** inst
** byte-compile and prepare package for lazy loading
** help
*** installing help indices
** building package indices
** testing if installed package can be loaded from temporary location
** testing if installed package can be loaded from final location
** testing if installed package keeps a record of temporary installation path
* DONE (showtextdb)
* installing *source* package 'bayestestR' ...
** this is package 'bayestestR' version '0.18.1'
** package 'bayestestR' successfully unpacked and MD5 sums checked
** using staged installation
** R
** data
** inst
** byte-compile and prepare package for lazy loading
** help
*** installing help indices
*** copying figures
** building package indices
** installing vignettes
** testing if installed package can be loaded from temporary location
** testing if installed package can be loaded from final location
** testing if installed package keeps a record of temporary installation path
* DONE (bayestestR)
* installing *source* package 'showtext' ...
** this is package 'showtext' version '0.9-8'
** package 'showtext' successfully unpacked and MD5 sums checked
** using staged installation
** libs
using C compiler: 'gcc (Ubuntu 13.3.0-6ubuntu2~24.04.1) 13.3.0'
installing to /cache/r-lib-1/00LOCK-showtext/00new/showtext/libs
** R
** inst
** byte-compile and prepare package for lazy loading
** help
*** installing help indices
** building package indices
** installing vignettes
** testing if installed package can be loaded from temporary location
** checking absolute paths in shared objects and dynamic libraries
** testing if installed package can be loaded from final location
** testing if installed package keeps a record of temporary installation path
* DONE (showtext)
* installing *source* package 'parameters' ...
** this is package 'parameters' version '0.29.2'
** package 'parameters' successfully unpacked and MD5 sums checked
** using staged installation
** R
** data
** inst
** byte-compile and prepare package for lazy loading
** help
*** installing help indices
*** copying figures
** building package indices
** installing vignettes
** testing if installed package can be loaded from temporary location
** testing if installed package can be loaded from final location
** testing if installed package keeps a record of temporary installation path
* DONE (parameters)
* installing *source* package 'performance' ...
** this is package 'performance' version '0.17.1'
** package 'performance' successfully unpacked and MD5 sums checked
** using staged installation
** R
** inst
** byte-compile and prepare package for lazy loading
** help
*** installing help indices
*** copying figures
** building package indices
** testing if installed package can be loaded from temporary location
** testing if installed package can be loaded from final location
** testing if installed package keeps a record of temporary installation path
* DONE (performance)
* installing *source* package 'modelsummary' ...
** this is package 'modelsummary' version '2.6.0'
** package 'modelsummary' successfully unpacked and MD5 sums checked
** using staged installation
** R
** inst
** byte-compile and prepare package for lazy loading
** help
*** installing help indices
*** copying figures
** building package indices
** testing if installed package can be loaded from temporary location
** testing if installed package can be loaded from final location
** testing if installed package keeps a record of temporary installation path
* DONE (modelsummary)

The downloaded source packages are in
	'/tmp/Rtmpmqb9Cs/downloaded_packages'
pandoc 
  to: html
  output-file: tutorial.html
  standalone: true
  title-prefix: quarto-touying-typst
  section-divs: true
  html-math-method: mathjax
  wrap: none
  default-image-extension: png
  css:
    - styles.css
  toc: true
  toc-depth: 3
  
metadata
  document-css: false
  link-citations: true
  date-format: long
  lang: en
  theme: cosmo
  lightbox: true
  title: Tutorial
  subtitle: Build a presentation with quarto-touying-typst
  
Output created: _site/tutorial.html

pandoc 
  to: html
  output-file: index.html
  standalone: true
  title-prefix: quarto-touying-typst
  section-divs: true
  html-math-method: mathjax
  wrap: none
  default-image-extension: png
  css:
    - styles.css
  toc: true
  toc-depth: 3
  
metadata
  pagetitle: quarto-touying-typst
  document-css: false
  link-citations: true
  date-format: long
  lang: en
  theme: cosmo
  lightbox: true
  
Output created: _site/index.html

pandoc 
  to: typst
  output-file: aqua.typ
  standalone: true
  default-image-extension: svg
  wrap: none
  citeproc: false
  
metadata
  theme: aqua
  aspect-ratio: 16-9
  title: aqua
  subtitle: A Touying theme for Quarto
  author:
    - name: Your Name
      orcid: 0000-0002-1825-0097
      email: you@example.org
      affiliations: Your Institution
  date: today
  date-format: long
  
[typst]: Compiling aqua.typ to aqua.pdf...downloading @preview/touying:0.7.4

  0 B / 109.5 KiB (  0 %),   1.1 MiB/s, ETA: 0 s
109.5 KiB / 109.5 KiB (100 %),   1.1 MiB/s, ETA: 0 s
downloading @preview/uniwarn:0.1.1

  0 B /   3.6 KiB (  0 %),  36.2 KiB/s, ETA: 0 s
  3.6 KiB /   3.6 KiB (100 %),  36.2 KiB/s, ETA: 0 s
DONE

Output created: ../_site/gallery/aqua.pdf

pandoc 
  to: typst
  output-file: clean.typ
  standalone: true
  default-image-extension: svg
  wrap: none
  citeproc: false
  
metadata
  theme: default
  aspect-ratio: 16-9
  title: clean
  subtitle: A Touying theme for Quarto
  author:
    - name: Your Name
      orcid: 0000-0002-1825-0097
      email: you@example.org
      affiliations: Your Institution
  date: today
  date-format: long
  brand:
    typography:
      fonts:
        - family: Roboto
          weight:
            - 100
            - 200
            - 300
            - 400
            - 500
            - 600
            - 700
          style:
            - normal
            - italic
          source: google
        - family: Fira Code
          weight:
            - 100
            - 200
            - 300
            - 400
            - 500
            - 600
            - 700
          source: google
      base: Roboto
      headings: Roboto
      monospace:
        family: Fira Code
        size: 0.9em
  theme-typst: clean-theme
  
[typst]: Compiling clean.typ to clean.pdf...downloading @preview/touying-quarto-clean:0.2.0

  0 B /   5.8 KiB (  0 %),  58.3 KiB/s, ETA: 0 s
  5.8 KiB /   5.8 KiB (100 %),  58.3 KiB/s, ETA: 0 s
DONE

Output created: ../_site/gallery/clean.pdf



processing file: full.qmd
1/15                   
2/15 [setup]           
3/15                   
4/15 [plot-facet]      
5/15                   
6/15 [plot-layout]     
7/15                   
8/15 [prep-table]      
9/15                   
10/15 [table-1]         
11/15                   
12/15 [table-2]         
13/15                   
14/15 [table-regression]
15/15                   
output file: full.knit.md

There were 50 or more warnings (use warnings() to see the first 50)
pandoc 
  to: typst
  output-file: full.typ
  standalone: true
  default-image-extension: svg
  wrap: none
  citeproc: false
  
metadata
  theme: default
  aspect-ratio: 16-9
  title: quarto-touying-typst
  subtitle: A complete feature tour
  date: today
  date-format: long
  author:
    - name: Your Name
      orcid: 0000-0002-1825-0097
      email: you@example.org
      affiliations: Your Institution
  bibliography:
    - static/references.bib
  brand:
    typography:
      fonts:
        - family: Roboto
          weight:
            - 100
            - 200
            - 300
            - 400
            - 500
            - 600
            - 700
          style:
            - normal
            - italic
          source: google
        - family: Fira Code
          weight:
            - 100
            - 200
            - 300
            - 400
            - 500
            - 600
            - 700
          source: google
      base: Roboto
      headings: Roboto
      monospace:
        family: Fira Code
        size: 0.9em
  knitr:
    opts_chunk:
      fig.align: center
      dev: svg
  theme-typst: clean-theme
  bibliographystyle: chicago-author-date
  
[typst]: Compiling full.typ to full.pdf...downloading @preview/touying:0.7.4

  0 B / 109.5 KiB (  0 %),   1.1 MiB/s, ETA: 0 s
109.5 KiB / 109.5 KiB (100 %),   1.1 MiB/s, ETA: 0 s
downloading @preview/uniwarn:0.1.1

  0 B /   3.6 KiB (  0 %),  36.2 KiB/s, ETA: 0 s
  3.6 KiB /   3.6 KiB (100 %),  36.2 KiB/s, ETA: 0 s
downloading @preview/touying-quarto-clean:0.2.0

  0 B /   5.8 KiB (  0 %),  58.3 KiB/s, ETA: 0 s
  5.8 KiB /   5.8 KiB (100 %),  58.3 KiB/s, ETA: 0 s
warning: unknown font family: times new roman
    ┌─ docs/gallery/full.typ:654:29
    │
654 │ #set text(size: 30pt , font: ("Times New Roman",));
    │                              ^^^^^^^^^^^^^^^^^^^^

DONE

Output created: ../_site/gallery/full.pdf

pandoc 
  to: typst
  output-file: university.typ
  standalone: true
  default-image-extension: svg
  wrap: none
  citeproc: false
  
metadata
  theme: university
  aspect-ratio: 16-9
  title: university
  subtitle: A Touying theme for Quarto
  author:
    - name: Your Name
      orcid: 0000-0002-1825-0097
      email: you@example.org
      affiliations: Your Institution
  date: today
  date-format: long
  
[typst]: Compiling university.typ to university.pdf...DONE

Output created: ../_site/gallery/university.pdf

pandoc 
  to: typst
  output-file: simple.typ
  standalone: true
  default-image-extension: svg
  wrap: none
  citeproc: false
  
metadata
  theme: simple
  aspect-ratio: 16-9
  title: simple
  subtitle: A Touying theme for Quarto
  author:
    - name: Your Name
      orcid: 0000-0002-1825-0097
      email: you@example.org
      affiliations: Your Institution
  date: today
  date-format: long
  
[typst]: Compiling simple.typ to simple.pdf...DONE

Output created: ../_site/gallery/simple.pdf

pandoc 
  to: html
  output-file: _slides.html
  standalone: true
  section-divs: true
  html-math-method: mathjax
  wrap: none
  default-image-extension: png
  
metadata
  document-css: false
  link-citations: true
  date-format: long
  lang: en
  
Output created: _slides.html

pandoc 
  to: typst
  output-file: metropolis.typ
  standalone: true
  default-image-extension: svg
  wrap: none
  citeproc: false
  
metadata
  theme: metropolis
  aspect-ratio: 16-9
  title: metropolis
  subtitle: A Touying theme for Quarto
  author:
    - name: Your Name
      orcid: 0000-0002-1825-0097
      email: you@example.org
      affiliations: Your Institution
  date: today
  date-format: long
  
[typst]: Compiling metropolis.typ to metropolis.pdf...DONE

Output created: ../_site/gallery/metropolis.pdf

pandoc 
  to: typst
  output-file: stargazer.typ
  standalone: true
  default-image-extension: svg
  wrap: none
  citeproc: false
  
metadata
  theme: stargazer
  aspect-ratio: 16-9
  title: stargazer
  subtitle: A Touying theme for Quarto
  author:
    - name: Your Name
      orcid: 0000-0002-1825-0097
      email: you@example.org
      affiliations: Your Institution
  date: today
  date-format: long
  
[typst]: Compiling stargazer.typ to stargazer.pdf...DONE

Output created: ../_site/gallery/stargazer.pdf

pandoc 
  to: typst
  output-file: dewdrop.typ
  standalone: true
  default-image-extension: svg
  wrap: none
  citeproc: false
  
metadata
  theme: dewdrop
  aspect-ratio: 16-9
  title: dewdrop
  subtitle: A Touying theme for Quarto
  author:
    - name: Your Name
      orcid: 0000-0002-1825-0097
      email: you@example.org
      affiliations: Your Institution
  date: today
  date-format: long
  
[typst]: Compiling dewdrop.typ to dewdrop.pdf...DONE

Output created: ../_site/gallery/dewdrop.pdf

pandoc 
  to: typst
  output-file: default.typ
  standalone: true
  default-image-extension: svg
  wrap: none
  citeproc: false
  
metadata
  theme: default
  aspect-ratio: 16-9
  title: default
  subtitle: A Touying theme for Quarto
  author:
    - name: Your Name
      orcid: 0000-0002-1825-0097
      email: you@example.org
      affiliations: Your Institution
  date: today
  date-format: long
  
[typst]: Compiling default.typ to default.pdf...DONE

Output created: ../_site/gallery/default.pdf

pandoc 
  to: typst
  output-file: bamboo.typ
  standalone: true
  default-image-extension: svg
  wrap: none
  citeproc: false
  
metadata
  theme: default
  aspect-ratio: 16-9
  title: bamboo
  subtitle: A custom Touying theme
  author:
    - name: Your Name
      affiliations: Your Institution
  date: today
  date-format: long
  theme-typst: bamboo-theme
  
[typst]: Compiling bamboo.typ to bamboo.pdf...DONE

Output created: ../_site/gallery/bamboo.pdf

pandoc 
  to: html
  output-file: gallery.html
  standalone: true
  title-prefix: quarto-touying-typst
  section-divs: true
  html-math-method: mathjax
  wrap: none
  default-image-extension: png
  css:
    - styles.css
  toc: false
  toc-depth: 3
  
metadata
  document-css: false
  link-citations: true
  date-format: long
  lang: en
  theme: cosmo
  lightbox: true
  title: Gallery
  
Output created: _site/gallery.html

pandoc 
  to: typst
  output-file: template.typ
  standalone: true
  default-image-extension: svg
  wrap: none
  citeproc: false
  
metadata
  theme: default
  aspect-ratio: 16-9
  title: Touying for Quarto
  subtitle: A drop-in Touying base extension
  author:
    - name: Your Name
      affiliations: Your Institution
  institute: Your Institution
  date: today
  date-format: long
  
[typst]: Compiling template.typ to template.pdf...DONE

Output created: template.pdf

